{
'project:angular-1.0.3.js':[
381,
746,
3810,
5696,
5700,
5910,
7193,
7720,
11246,
],
'project:backbone-0.9.2.js':[
600,
],
'project:dojo-1.8.1/dijit/Calendar.js.uncompressed.js':[
109,
],
'project:dojo-1.8.1/dijit/Editor.js.uncompressed.js':[
696,
],
'project:dojo-1.8.1/dijit/Menu.js.uncompressed.js':[
107,
118,
],
'project:dojo-1.8.1/dijit/_BidiSupport.js.uncompressed.js':[
44,
],
'project:dojo-1.8.1/dijit/_HasDropDown.js.uncompressed.js':[
212,
265,
],
'project:dojo-1.8.1/dijit/_WidgetBase.js.uncompressed.js':[
789,
1072,
],
'project:dojo-1.8.1/dijit/_base/focus.js.uncompressed.js':[
73,
],
'project:dojo-1.8.1/dijit/_editor/RichText.js.uncompressed.js':[
1239,
],
'project:dojo-1.8.1/dijit/_editor/plugins/LinkDialog.js.uncompressed.js':[
164,
],
'project:dojo-1.8.1/dijit/a11y.js.uncompressed.js':[
101,
],
'project:dojo-1.8.1/dijit/a11yclick.js.uncompressed.js':[
39,
],
'project:dojo-1.8.1/dijit/dijit-all.js.uncompressed.js':[
620,
1016,
1099,
1112,
1924,
1977,
4517,
4749,
4766,
5372,
5376,
7178,
7193,
7200,
11439,
11546,
12846,
17968,
18830,
19901,
19912,
20380,
22970,
23030,
24608,
25844,
30176,
33293,
33298,
],
'project:dojo-1.8.1/dijit/dijit.js.uncompressed.js':[
589,
1926,
2209,
3457,
3587,
4847,
4852,
5083,
5663,
6256,
],
'project:dojo-1.8.1/dijit/form/FilteringSelect.js.uncompressed.js':[
75,
],
'project:dojo-1.8.1/dijit/form/HorizontalSlider.js.uncompressed.js':[
122,
127,
],
'project:dojo-1.8.1/dijit/form/NumberSpinner.js.uncompressed.js':[
38,
55,
],
'project:dojo-1.8.1/dijit/form/RangeBoundTextBox.js.uncompressed.js':[
76,
],
'project:dojo-1.8.1/dijit/form/TextBox.js.uncompressed.js':[
33,
],
'project:dojo-1.8.1/dijit/form/ValidationTextBox.js.uncompressed.js':[
117,
177,
],
'project:dojo-1.8.1/dijit/form/_SearchMixin.js.uncompressed.js':[
103,
],
'project:dojo-1.8.1/dijit/form/_TextBoxMixin.js.uncompressed.js':[
274,
289,
296,
],
'project:dojo-1.8.1/dijit/layout/AccordionContainer.js.uncompressed.js':[
515,
519,
],
'project:dojo-1.8.1/dijit/layout/ContentPane.js.uncompressed.js':[
153,
],
'project:dojo-1.8.1/dijit/layout/ScrollingTabController.js.uncompressed.js':[
139,
222,
235,
],
'project:dojo-1.8.1/dijit/layout/_ContentPaneResizeMixin.js.uncompressed.js':[
206,
],
'project:dojo-1.8.1/dijit/typematic.js.uncompressed.js':[
126,
],
'project:dojo-1.8.1/dojo/_base/connect.js.uncompressed.js':[
95,
],
'project:dojo-1.8.1/dojo/_base/lang.js.uncompressed.js':[
271,
288,
],
'project:dojo-1.8.1/dojo/_base/url.js.uncompressed.js':[
52,
],
'project:dojo-1.8.1/dojo/_base/xhr.js.uncompressed.js':[
441,
],
'project:dojo-1.8.1/dojo/_firebug/firebug.js.uncompressed.js':[
68,
936,
1130,
],
'project:dojo-1.8.1/dojo/data/ItemFileReadStore.js.uncompressed.js':[
467,
512,
],
'project:dojo-1.8.1/dojo/date/locale.js.uncompressed.js':[
481,
],
'project:dojo-1.8.1/dojo/dojo.js.uncompressed.js':[
158,
168,
1381,
5812,
9298,
10391,
12358,
12375,
12835,
13537,
14689,
15298,
15365,
17431,
],
'project:dojo-1.8.1/dojo/dom-geometry.js.uncompressed.js':[
429,
],
'project:dojo-1.8.1/dojo/has.js.uncompressed.js':[
23,
],
'project:dojo-1.8.1/dojo/on.js.uncompressed.js':[
337,
404,
],
'project:dojo-1.8.1/dojo/parser.js.uncompressed.js':[
340,
],
'project:dojo-1.8.1/dojo/request/iframe.js.uncompressed.js':[
154,
],
'project:dojo-1.8.1/dojo/request/util.js.uncompressed.js':[
140,
],
'project:dojo-1.8.1/dojo/selector/_loader.js.uncompressed.js':[
26,
],
'project:dojo-1.8.1/dojo/selector/acme.js.uncompressed.js':[
1159,
],
'project:dojo-1.8.1/dojo/selector/lite.js.uncompressed.js':[
5,
],
'project:dojo-1.8.1/dojo/store/Observable.js.uncompressed.js':[
120,
],
'project:dojo-1.8.1/dojo/window.js.uncompressed.js':[
81,
86,
],
'project:dojo-1.8.1/dojox/app/widgets/scrollable.js.uncompressed.js':[
338,
344,
],
'project:dojo-1.8.1/dojox/calc/Standard.js.uncompressed.js':[
87,
169,
],
'project:dojo-1.8.1/dojox/calc/toFrac.js.uncompressed.js':[
110,
],
'project:dojo-1.8.1/dojox/calendar/CalendarBase.js.uncompressed.js':[
1146,
],
'project:dojo-1.8.1/dojox/calendar/HorizontalRenderer.js.uncompressed.js':[
52,
57,
],
'project:dojo-1.8.1/dojox/calendar/Keyboard.js.uncompressed.js':[
221,
],
'project:dojo-1.8.1/dojox/calendar/LabelRenderer.js.uncompressed.js':[
31,
],
'project:dojo-1.8.1/dojox/calendar/MatrixView.js.uncompressed.js':[
1436,
],
'project:dojo-1.8.1/dojox/calendar/MobileHorizontalRenderer.js.uncompressed.js':[
49,
54,
],
'project:dojo-1.8.1/dojox/calendar/Touch.js.uncompressed.js':[
355,
],
'project:dojo-1.8.1/dojox/calendar/ViewBase.js.uncompressed.js':[
1414,
],
'project:dojo-1.8.1/dojox/calendar/_RendererMixin.js.uncompressed.js':[
144,
151,
158,
],
'project:dojo-1.8.1/dojox/charting/Chart.js.uncompressed.js':[
774,
],
'project:dojo-1.8.1/dojox/charting/axis2d/Default.js.uncompressed.js':[
310,
559,
562,
564,
734,
],
'project:dojo-1.8.1/dojox/charting/axis2d/Invisible.js.uncompressed.js':[
179,
],
'project:dojo-1.8.1/dojox/charting/plot2d/CartesianBase.js.uncompressed.js':[
103,
],
'project:dojo-1.8.1/dojox/charting/plot2d/Spider.js.uncompressed.js':[
154,
156,
],
'project:dojo-1.8.1/dojox/charting/scaler/linear.js.uncompressed.js':[
213,
],
'project:dojo-1.8.1/dojox/charting/widget/Chart2D.js.uncompressed.js':[
382,
2008,
3031,
3915,
7726,
8088,
8090,
11411,
15295,
16436,
16441,
16836,
17085,
17088,
17090,
17260,
20121,
20404,
],
'project:dojo-1.8.1/dojox/data/AndOrReadStore.js.uncompressed.js':[
158,
],
'project:dojo-1.8.1/dojox/data/CsvStore.js.uncompressed.js':[
470,
],
'project:dojo-1.8.1/dojox/data/ItemExplorer.js.uncompressed.js':[
109,
193,
],
'project:dojo-1.8.1/dojox/data/RailsStore.js.uncompressed.js':[
57,
],
'project:dojo-1.8.1/dojox/data/ServiceStore.js.uncompressed.js':[
157,
],
'project:dojo-1.8.1/dojox/data/util/JsonQuery.js.uncompressed.js':[
26,
],
'project:dojo-1.8.1/dojox/dnd/Selector.js.uncompressed.js':[
204,
],
'project:dojo-1.8.1/dojox/dtl/filter/strings.js.uncompressed.js':[
299,
],
'project:dojo-1.8.1/dojox/editor/plugins/Blockquote.js.uncompressed.js':[
86,
119,
],
'project:dojo-1.8.1/dojox/editor/plugins/NormalizeIndentOutdent.js.uncompressed.js':[
165,
],
'project:dojo-1.8.1/dojox/editor/plugins/ResizeTableColumn.js.uncompressed.js':[
91,
],
'project:dojo-1.8.1/dojox/editor/plugins/SpellCheck.js.uncompressed.js':[
711,
],
'project:dojo-1.8.1/dojox/editor/plugins/_SpellCheckParser.js.uncompressed.js':[
22,
],
'project:dojo-1.8.1/dojox/form/DayTextBox.js.uncompressed.js':[
29,
],
'project:dojo-1.8.1/dojox/form/MonthTextBox.js.uncompressed.js':[
47,
],
'project:dojo-1.8.1/dojox/form/TimeSpinner.js.uncompressed.js':[
48,
],
'project:dojo-1.8.1/dojox/fx/split.js.uncompressed.js':[
176,
],
'project:dojo-1.8.1/dojox/fx/text.js.uncompressed.js':[
166,
],
'project:dojo-1.8.1/dojox/gantt/GanttTaskControl.js.uncompressed.js':[
1172,
],
'project:dojo-1.8.1/dojox/geo/charting/Map.js.uncompressed.js':[
154,
],
'project:dojo-1.8.1/dojox/gfx/VectorText.js.uncompressed.js':[
648,
],
'project:dojo-1.8.1/dojox/gfx/_gfxBidiSupport.js.uncompressed.js':[
301,
],
'project:dojo-1.8.1/dojox/gfx/canvas.js.uncompressed.js':[
115,
],
'project:dojo-1.8.1/dojox/gfx/canvasWithEvents.js.uncompressed.js':[
225,
],
'project:dojo-1.8.1/dojox/gfx/matrix.js.uncompressed.js':[
240,
],
'project:dojo-1.8.1/dojox/gfx/silverlight.js.uncompressed.js':[
265,
],
'project:dojo-1.8.1/dojox/gfx/svg.js.uncompressed.js':[
366,
],
'project:dojo-1.8.1/dojox/gfx/vml_attach.js.uncompressed.js':[
391,
],
'project:dojo-1.8.1/dojox/grid/DataGrid.js.uncompressed.js':[
268,
2258,
2541,
5088,
6438,
6443,
7484,
8253,
8272,
9508,
9614,
],
'project:dojo-1.8.1/dojox/grid/EnhancedGrid.js.uncompressed.js':[
132,
],
'project:dojo-1.8.1/dojox/grid/_Builder.js.uncompressed.js':[
150,
169,
],
'project:dojo-1.8.1/dojox/grid/_Grid.js.uncompressed.js':[
711,
],
'project:dojo-1.8.1/dojox/grid/_Layout.js.uncompressed.js':[
137,
243,
],
'project:dojo-1.8.1/dojox/grid/enhanced/plugins/CellMerge.js.uncompressed.js':[
251,
],
'project:dojo-1.8.1/dojox/grid/enhanced/plugins/Cookie.js.uncompressed.js':[
94,
],
'project:dojo-1.8.1/dojox/grid/enhanced/plugins/DnD.js.uncompressed.js':[
686,
794,
864,
],
'project:dojo-1.8.1/dojox/grid/enhanced/plugins/IndirectSelection.js.uncompressed.js':[
418,
],
'project:dojo-1.8.1/dojox/grid/enhanced/plugins/Menu.js.uncompressed.js':[
98,
107,
],
'project:dojo-1.8.1/dojox/grid/enhanced/plugins/Selector.js.uncompressed.js':[
72,
1459,
1464,
],
'project:dojo-1.8.1/dojox/grid/enhanced/plugins/filter/FilterDefDialog.js.uncompressed.js':[
122,
517,
],
'project:dojo-1.8.1/dojox/help/_base.js.uncompressed.js':[
411,
],
'project:dojo-1.8.1/dojox/io/xhrPlugins.js.uncompressed.js':[
96,
],
'project:dojo-1.8.1/dojox/io/xhrWindowNamePlugin.js.uncompressed.js':[
24,
],
'project:dojo-1.8.1/dojox/jq.js.uncompressed.js':[
262,
706,
1038,
1147,
],
'project:dojo-1.8.1/dojox/json/query.js.uncompressed.js':[
181,
],
'project:dojo-1.8.1/dojox/json/ref.js.uncompressed.js':[
178,
193,
],
'project:dojo-1.8.1/dojox/json/schema.js.uncompressed.js':[
81,
195,
],
'project:dojo-1.8.1/dojox/lang/docs.js.uncompressed.js':[
36,
],
'project:dojo-1.8.1/dojox/layout/GridContainer.js.uncompressed.js':[
510,
555,
],
'project:dojo-1.8.1/dojox/layout/dnd/PlottedDnd.js.uncompressed.js':[
327,
],
'project:dojo-1.8.1/dojox/mdnd/AreaManager.js.uncompressed.js':[
247,
],
'project:dojo-1.8.1/dojox/mobile.js.uncompressed.js':[
779,
1535,
4482,
4765,
],
'project:dojo-1.8.1/dojox/mobile/ListItem.js.uncompressed.js':[
176,
],
'project:dojo-1.8.1/dojox/mobile/Slider.js.uncompressed.js':[
144,
173,
188,
],
'project:dojo-1.8.1/dojox/mobile/_ItemBase.js.uncompressed.js':[
286,
],
'project:dojo-1.8.1/dojox/mobile/app.js.uncompressed.js':[
1105,
1818,
1833,
1840,
8124,
8329,
8650,
9203,
9632,
11968,
11973,
13246,
13529,
],
'project:dojo-1.8.1/dojox/mobile/app/ImageView.js.uncompressed.js':[
243,
],
'project:dojo-1.8.1/dojox/mobile/app/_FormWidget.js.uncompressed.js':[
150,
],
'project:dojo-1.8.1/dojox/mobile/scrollable.js.uncompressed.js':[
408,
414,
],
'project:dojo-1.8.1/dojox/mvc/EditModelRefController.js.uncompressed.js':[
177,
],
'project:dojo-1.8.1/dojox/mvc/Generate.js.uncompressed.js':[
113,
],
'project:dojo-1.8.1/dojox/mvc/ModelRefController.js.uncompressed.js':[
195,
],
'project:dojo-1.8.1/dojox/mvc/StatefulModel.js.uncompressed.js':[
470,
492,
],
'project:dojo-1.8.1/dojox/mvc/WidgetList.js.uncompressed.js':[
187,
],
'project:dojo-1.8.1/dojox/mvc/_DataBindingMixin.js.uncompressed.js':[
250,
],
'project:dojo-1.8.1/dojox/mvc/_atBindingMixin.js.uncompressed.js':[
71,
92,
],
'project:dojo-1.8.1/dojox/mvc/equals.js.uncompressed.js':[
17,
],
'project:dojo-1.8.1/dojox/mvc/sync.js.uncompressed.js':[
67,
101,
],
'project:dojo-1.8.1/dojox/robot/recorder.js.uncompressed.js':[
62,
197,
212,
238,
328,
],
'project:dojo-1.8.1/dojox/rpc/JsonRest.js.uncompressed.js':[
45,
211,
414,
],
'project:dojo-1.8.1/dojox/rpc/OfflineRest.js.uncompressed.js':[
22,
],
'project:dojo-1.8.1/dojox/rpc/Service.js.uncompressed.js':[
126,
312,
],
'project:dojo-1.8.1/dojox/string/BidiEngine.js.uncompressed.js':[
855,
],
'project:dojo-1.8.1/dojox/testing/DocTest.js.uncompressed.js':[
263,
],
'project:dojo-1.8.1/dojox/uuid/_base.js.uncompressed.js':[
60,
],
'project:dojo-1.8.1/dojox/validate/check.js.uncompressed.js':[
161,
167,
282,
],
'project:dojo-1.8.1/dojox/widget/RollingList.js.uncompressed.js':[
145,
239,
356,
],
'project:dojo-1.8.1/dojox/widget/_CalendarBase.js.uncompressed.js':[
228,
],
'project:dojo-1.8.1/dojox/widget/rotator/Pan.js.uncompressed.js':[
106,
],
'project:dojo-1.8.1/dojox/widget/rotator/PanFade.js.uncompressed.js':[
110,
],
'project:ecmascript6/Ghost/core/client/app/controllers/team/user.js':[
50,
],
'project:ecmascript6/Ghost/core/client/app/mixins/editor-base-route.js':[
53,
],
'project:ecmascript6/Ghost/core/client/app/utils/isNumber.js':[
6,
],
'project:ecmascript6/Ghost/core/server/data/migration/fixtures/index.js':[
349,
354,
],
'project:ecmascript6/Ghost/core/server/middleware/auth.js':[
54,
],
'project:ecmascript6/Ghost/core/server/models/base/index.js':[
446,
],
'project:ecmascript6/Ghost/core/server/permissions/index.js':[
69,
],
'project:ecmascript6/Ghost/core/server/update-check.js':[
97,
],
'project:ecmascript6/di.js/chrome-extension/visualize/lib/angular.js':[
259,
297,
603,
910,
932,
1043,
2536,
2660,
5577,
6468,
9601,
9606,
9882,
11753,
16010,
],
'project:ecmascript6/di.js/chrome-extension/visualize/lib/d3.v3.js':[
602,
1867,
2196,
2928,
2997,
3209,
3216,
3271,
3809,
4492,
4894,
4924,
5230,
6678,
8558,
8583,
],
'project:ecmascript6/di.js/example/angular-loader/traceur.js':[
5960,
6230,
6361,
8771,
8784,
8794,
18522,
18524,
],
'project:ecmascript6/di.js/visualize/lib/angular.js':[
259,
297,
603,
910,
932,
1043,
2536,
2660,
5577,
6468,
9601,
9606,
9882,
11753,
16010,
],
'project:ecmascript6/di.js/visualize/lib/d3.v3.js':[
602,
1867,
2196,
2928,
2997,
3209,
3216,
3271,
3809,
4492,
4894,
4924,
5230,
6678,
8558,
8583,
],
'project:ecmascript6/router/third_party/brick/brick-1.0.1.byob.js':[
179,
770,
1027,
1704,
2962,
3265,
3270,
],
'project:ecmascript6/snoode/src/models/link.es6.js':[
79,
],
'project:es5-shim-2.0.5.js':[
718,
811,
942,
],
'project:frameworks/wordpress/bookmarklet.js':[
69,
130,
],
'project:frameworks/wordpress/customize-widgets.js':[
369,
],
'project:frameworks/wordpress/edit-comments.js':[
211,
],
'project:frameworks/wordpress/editor-expand.js':[
207,
210,
493,
898,
932,
960,
968,
1060,
],
'project:frameworks/wordpress/post.js':[
371,
929,
],
'project:frameworks/wordpress/press-this.js':[
707,
],
'project:frameworks/wordpress/svg-painter.js':[
134,
],
'project:google-closure-library/async/animationdelay.js':[
245,
261,
],
'project:google-closure-library/base.js':[
695,
],
'project:google-closure-library/color/alpha.js':[
210,
390,
420,
],
'project:google-closure-library/color/color.js':[
152,
371,
],
'project:google-closure-library/cssom/cssom.js':[
160,
],
'project:google-closure-library/date/date.js':[
578,
643,
],
'project:google-closure-library/dom/annotate.js':[
262,
],
'project:google-closure-library/dom/browserfeature.js':[
43,
],
'project:google-closure-library/dom/browserrange/ierange.js':[
791,
],
'project:google-closure-library/dom/textrange.js':[
390,
],
'project:google-closure-library/editor/browserfeature.js':[
39,
57,
216,
250,
],
'project:google-closure-library/editor/clicktoeditwrapper.js':[
215,
],
'project:google-closure-library/editor/field.js':[
640,
989,
],
'project:google-closure-library/editor/plugins/basictextformatter.js':[
795,
],
'project:google-closure-library/editor/style.js':[
91,
],
'project:google-closure-library/events/browserfeature.js':[
59,
],
'project:google-closure-library/events/filedrophandler.js':[
154,
],
'project:google-closure-library/events/keycodes.js':[
167,
],
'project:google-closure-library/events/keyhandler.js':[
288,
],
'project:google-closure-library/events/pastehandler.js':[
452,
496,
],
'project:google-closure-library/fx/draglistgroup.js':[
1026,
],
'project:google-closure-library/graphics/affinetransform.js':[
78,
105,
581,
],
'project:google-closure-library/graphics/canvaselement.js':[
587,
],
'project:google-closure-library/history/history.js':[
410,
],
'project:google-closure-library/i18n/bidi.js':[
59,
],
'project:google-closure-library/i18n/bidiformatter.js':[
182,
],
'project:google-closure-library/i18n/datetimeparse.js':[
1065,
],
'project:google-closure-library/i18n/graphemebreak.js':[
83,
],
'project:google-closure-library/i18n/numberformat.js':[
819,
],
'project:google-closure-library/i18n/pluralrules.js':[
183,
202,
221,
225,
262,
266,
],
'project:google-closure-library/math/bezier.js':[
123,
],
'project:google-closure-library/math/vec3.js':[
211,
],
'project:google-closure-library/net/ipaddress.js':[
193,
],
'project:google-closure-library/net/xpc/nativemessagingtransport.js':[
326,
],
'project:google-closure-library/string/string.js':[
205,
],
'project:google-closure-library/style/style.js':[
406,
439,
467,
588,
1404,
],
'project:google-closure-library/style/transition.js':[
64,
],
'project:google-closure-library/testing/dom.js':[
182,
],
'project:google-closure-library/testing/events/events.js':[
265,
],
'project:google-closure-library/testing/testrunner.js':[
154,
],
'project:google-closure-library/tweak/tweakui.js':[
198,
],
'project:google-closure-library/ui/component.js':[
544,
],
'project:google-closure-library/ui/container.js':[
695,
],
'project:google-closure-library/ui/control.js':[
1133,
],
'project:google-closure-library/ui/datepicker.js':[
568,
],
'project:google-closure-library/ui/emoji/spriteinfo.js':[
48,
],
'project:google-closure-library/ui/filteredmenu.js':[
480,
],
'project:google-closure-library/ui/keyboardshortcuthandler.js':[
684,
],
'project:google-closure-library/ui/menubutton.js':[
299,
],
'project:google-closure-library/ui/nativebuttonrenderer.js':[
78,
],
'project:google-closure-library/ui/serverchart.js':[
856,
1686,
],
'project:google-closure-library/ui/tooltip.js':[
417,
],
'project:google-closure-library/uri/uri.js':[
677,
],
'project:google-closure-library/useragent/product.js':[
76,
],
'project:google-closure-library/useragent/useragent.js':[
72,
],
'project:google-closure-library/vec/mat3.js':[
836,
],
'project:google-closure-library/vec/mat4.js':[
1057,
],
'project:google-closure-library/vec/matrix3.js':[
636,
],
'project:google-closure-library/vec/matrix4.js':[
814,
],
'project:google-closure-library/vec/vec4.js':[
403,
],
'project:jquery-1.7.2.js':[
694,
768,
887,
1717,
1996,
2039,
2461,
2694,
2714,
2892,
2914,
3057,
3223,
3230,
3326,
3385,
3385,
3386,
3386,
3526,
3716,
4028,
4038,
4353,
4501,
4806,
5013,
5647,
5940,
6217,
6320,
6423,
6873,
6935,
7211,
7597,
7987,
8728,
9280,
9344,
],
'project:jshint-2012.06.15.js':[
1248,
2311,
2587,
2801,
2840,
2921,
3136,
3201,
3911,
],
'project:jstorage-0.3.0.js':[
38,
43,
],
'project:knockout-2.1.0.debug.js':[
642,
2202,
],
'project:mootools-core-1.4.5-full-nocompat.js':[
551,
777,
1168,
1737,
1925,
2052,
2127,
2347,
2470,
2562,
3386,
3388,
],
'project:ocanvas-2.2.2.js':[
1312,
1435,
1548,
1556,
3199,
],
'project:open-layers-2.12/OpenLayers/Animation.js':[
22,
39,
],
'project:open-layers-2.12/OpenLayers/BaseTypes/Bounds.js':[
562,
],
'project:open-layers-2.12/OpenLayers/BaseTypes/LonLat.js':[
121,
],
'project:open-layers-2.12/OpenLayers/BaseTypes/Pixel.js':[
81,
],
'project:open-layers-2.12/OpenLayers/BaseTypes/Size.js':[
82,
],
'project:open-layers-2.12/OpenLayers/Control/SLDSelect.js':[
340,
],
'project:open-layers-2.12/OpenLayers/Control/Snapping.js':[
471,
],
'project:open-layers-2.12/OpenLayers/Control/Split.js':[
319,
],
'project:open-layers-2.12/OpenLayers/Feature/Vector.js':[
222,
],
'project:open-layers-2.12/OpenLayers/Format/SLD/v1.js':[
966,
994,
],
'project:open-layers-2.12/OpenLayers/Format/WFST/v1.js':[
335,
],
'project:open-layers-2.12/OpenLayers/Format/WMC.js':[
69,
74,
],
'project:open-layers-2.12/OpenLayers/Format/WMSCapabilities/v1.js':[
271,
],
'project:open-layers-2.12/OpenLayers/Format/XML.js':[
723,
],
'project:open-layers-2.12/OpenLayers/Geometry/LineString.js':[
206,
467,
],
'project:open-layers-2.12/OpenLayers/Geometry/LinearRing.js':[
325,
338,
353,
],
'project:open-layers-2.12/OpenLayers/Geometry/Point.js':[
140,
],
'project:open-layers-2.12/OpenLayers/Request/XMLHttpRequest.js':[
369,
377,
],
'project:open-layers-2.12/OpenLayers/Strategy/BBOX.js':[
127,
],
'project:open-layers-2.12/OpenLayers/Util.js':[
475,
486,
1180,
],
'project:paper-0.22.js':[
115,
123,
278,
1136,
1486,
1524,
1648,
2123,
2473,
3182,
3188,
3412,
3418,
4442,
4546,
5868,
5901,
5965,
6262,
6489,
7633,
7633,
7633,
7633,
7633,
7633,
7633,
7633,
7633,
7633,
],
'project:processing-1.3.6.js':[
1972,
7357,
8085,
9434,
],
'project:prototype-1.7.js':[
1608,
1727,
2075,
3203,
4029,
4036,
4266,
4380,
4593,
4732,
4994,
5418,
5978,
],
'project:qunit-1.8.0.js':[
1331,
1443,
1540,
1766,
1781,
],
'project:scriptaculous-1.9.0/dragdrop.js':[
67,
307,
],
'project:sizzle-1.8.2.js':[
369,
398,
440,
617,
847,
1190,
1259,
1309,
1441,
1512,
],
'project:yui-3.7.3/autocomplete-list/autocomplete-list.js':[
663,
],
'project:yui-3.7.3/base-core/base-core.js':[
472,
],
'project:yui-3.7.3/cache-base/cache-base.js':[
372,
],
'project:yui-3.7.3/calendar-base/calendar-base.js':[
605,
],
'project:yui-3.7.3/calendar/calendar.js':[
308,
318,
],
'project:yui-3.7.3/charts-base/charts-base.js':[
4817,
7909,
],
'project:yui-3.7.3/dataschema-array/dataschema-array.js':[
165,
],
'project:yui-3.7.3/dataschema-xml/dataschema-xml.js':[
157,
],
'project:yui-3.7.3/datatable-scroll/datatable-scroll.js':[
758,
],
'project:yui-3.7.3/datatable-sort/datatable-sort.js':[
885,
],
'project:yui-3.7.3/datatype-date-math/datatype-date-math.js':[
28,
],
'project:yui-3.7.3/dd-drag/dd-drag.js':[
458,
],
'project:yui-3.7.3/event-base/event-base.js':[
430,
],
'project:yui-3.7.3/event-contextmenu/event-contextmenu.js':[
75,
79,
92,
107,
155,
],
'project:yui-3.7.3/event-custom-base/event-custom-base.js':[
1456,
1989,
],
'project:yui-3.7.3/event-key/event-key.js':[
120,
],
'project:yui-3.7.3/event-simulate/event-simulate.js':[
922,
],
'project:yui-3.7.3/features/features.js':[
218,
230,
266,
276,
],
'project:yui-3.7.3/gesture-simulate/gesture-simulate.js':[
19,
1084,
],
'project:yui-3.7.3/get/get.js':[
540,
1113,
],
'project:yui-3.7.3/history-base/history-base.js':[
137,
],
'project:yui-3.7.3/history-hash/history-hash.js':[
467,
],
'project:yui-3.7.3/json-stringify/json-stringify.js':[
87,
],
'project:yui-3.7.3/loader-base/loader-base.js':[
1624,
2055,
],
'project:yui-3.7.3/loader-yui3/loader-yui3.js':[
1433,
1449,
1491,
1505,
],
'project:yui-3.7.3/loader/loader.js':[
1624,
2055,
4302,
4318,
4360,
4374,
],
'project:yui-3.7.3/node-core/node-core.js':[
810,
],
'project:yui-3.7.3/node-focusmanager/node-focusmanager.js':[
704,
],
'project:yui-3.7.3/node-menunav/node-menunav.js':[
1449,
1925,
],
'project:yui-3.7.3/oop/oop.js':[
325,
],
'project:yui-3.7.3/querystring-parse/querystring-parse.js':[
97,
],
'project:yui-3.7.3/scrollview-base/scrollview-base.js':[
915,
],
'project:yui-3.7.3/selector-css2/selector-css2.js':[
159,
235,
],
'project:yui-3.7.3/simpleyui/simpleyui.js':[
653,
2133,
2566,
4375,
4948,
5326,
5338,
5374,
5384,
6054,
6348,
6360,
6396,
6406,
10633,
11166,
12787,
15158,
19369,
19445,
],
'project:yui-3.7.3/text-wordbreak/text-wordbreak.js':[
149,
320,
347,
],
'project:yui-3.7.3/widget-modality/widget-modality.js':[
251,
],
'project:yui-3.7.3/yui-base/yui-base.js':[
653,
2133,
2566,
4375,
4948,
5326,
5338,
5374,
5384,
],
'project:yui-3.7.3/yui-core/yui-core.js':[
653,
2133,
2566,
],
'project:yui-3.7.3/yui-nodejs/yui-nodejs.js':[
653,
2133,
2566,
4247,
4259,
4295,
4305,
6353,
6784,
9031,
9047,
9089,
9103,
],
'project:yui-3.7.3/yui/yui.js':[
653,
2133,
2566,
4375,
4948,
5326,
5338,
5374,
5384,
7352,
7783,
10030,
10046,
10088,
10102,
],
}
