{
'project:dojo-1.8.1/dijit/DropDownMenu.js.uncompressed.js':[
39,
],
'project:dojo-1.8.1/dijit/MenuBar.js.uncompressed.js':[
70,
],
'project:dojo-1.8.1/dijit/_editor/RichText.js.uncompressed.js':[
574,
],
'project:dojo-1.8.1/dijit/dijit-all.js.uncompressed.js':[
12181,
15647,
19313,
],
'project:dojo-1.8.1/dojo/_base/html.js.uncompressed.js':[
381,
],
'project:dojo-1.8.1/dojo/dnd/Manager.js.uncompressed.js':[
167,
],
'project:dojo-1.8.1/dojo/dojo.js.uncompressed.js':[
3802,
15319,
],
'project:dojo-1.8.1/dojo/on.js.uncompressed.js':[
358,
],
'project:dojo-1.8.1/dojox/calendar/HorizontalRenderer.js.uncompressed.js':[
64,
],
'project:dojo-1.8.1/dojox/calendar/LabelRenderer.js.uncompressed.js':[
28,
],
'project:dojo-1.8.1/dojox/calendar/MobileHorizontalRenderer.js.uncompressed.js':[
61,
],
'project:dojo-1.8.1/dojox/calendar/MobileVerticalRenderer.js.uncompressed.js':[
32,
],
'project:dojo-1.8.1/dojox/calendar/VerticalRenderer.js.uncompressed.js':[
23,
],
'project:dojo-1.8.1/dojox/charting/Chart.js.uncompressed.js':[
634,
],
'project:dojo-1.8.1/dojox/charting/widget/Chart2D.js.uncompressed.js':[
439,
517,
2145,
3775,
6250,
6278,
],
'project:dojo-1.8.1/dojox/data/AtomReadStore.js.uncompressed.js':[
470,
],
'project:dojo-1.8.1/dojox/data/ItemExplorer.js.uncompressed.js':[
341,
453,
],
'project:dojo-1.8.1/dojox/data/restListener.js.uncompressed.js':[
36,
],
'project:dojo-1.8.1/dojox/dgauges/GaugeBase.js.uncompressed.js':[
102,
],
'project:dojo-1.8.1/dojox/editor/plugins/NormalizeStyle.js.uncompressed.js':[
138,
],
'project:dojo-1.8.1/dojox/editor/plugins/TextColor.js.uncompressed.js':[
198,
],
'project:dojo-1.8.1/dojox/editor/plugins/UploadImage.js.uncompressed.js':[
106,
],
'project:dojo-1.8.1/dojox/encoding/base64.js.uncompressed.js':[
22,
],
'project:dojo-1.8.1/dojox/flash/_base.js.uncompressed.js':[
378,
],
'project:dojo-1.8.1/dojox/form/manager/_NodeMixin.js.uncompressed.js':[
32,
],
'project:dojo-1.8.1/dojox/gauges/_Gauge.js.uncompressed.js':[
149,
],
'project:dojo-1.8.1/dojox/gesture/tap.js.uncompressed.js':[
102,
],
'project:dojo-1.8.1/dojox/gfx/gradutils.js.uncompressed.js':[
40,
68,
],
'project:dojo-1.8.1/dojox/gfx/matrix.js.uncompressed.js':[
377,
],
'project:dojo-1.8.1/dojox/gfx/silverlight.js.uncompressed.js':[
520,
754,
],
'project:dojo-1.8.1/dojox/gfx/vml.js.uncompressed.js':[
696,
],
'project:dojo-1.8.1/dojox/gfx/vml_attach.js.uncompressed.js':[
56,
],
'project:dojo-1.8.1/dojox/grid/DataGrid.js.uncompressed.js':[
11806,
],
'project:dojo-1.8.1/dojox/grid/enhanced/_FocusManager.js.uncompressed.js':[
534,
],
'project:dojo-1.8.1/dojox/grid/enhanced/plugins/AutoScroll.js.uncompressed.js':[
105,
],
'project:dojo-1.8.1/dojox/grid/enhanced/plugins/DnD.js.uncompressed.js':[
1002,
1022,
1049,
],
'project:dojo-1.8.1/dojox/grid/enhanced/plugins/NestedSorting.js.uncompressed.js':[
578,
],
'project:dojo-1.8.1/dojox/grid/enhanced/plugins/Selector.js.uncompressed.js':[
784,
1048,
],
'project:dojo-1.8.1/dojox/lang/utils.js.uncompressed.js':[
9,
87,
],
'project:dojo-1.8.1/dojox/layout/ResizeHandle.js.uncompressed.js':[
243,
],
'project:dojo-1.8.1/dojox/layout/RotatorContainer.js.uncompressed.js':[
282,
],
'project:dojo-1.8.1/dojox/mobile/app.js.uncompressed.js':[
9086,
],
'project:dojo-1.8.1/dojox/mobile/app/ImageView.js.uncompressed.js':[
679,
],
'project:dojo-1.8.1/dojox/validate/isbn.js.uncompressed.js':[
16,
],
'project:dojo-1.8.1/dojox/widget/Pager.js.uncompressed.js':[
118,
],
'project:dojo-1.8.1/dojox/widget/WizardPane.js.uncompressed.js':[
69,
],
'project:dojo-1.8.1/dojox/widget/_CalendarMonthYearView.js.uncompressed.js':[
45,
],
'project:dojo-1.8.1/dojox/xmpp/xmppSession.js.uncompressed.js':[
347,
793,
],
'project:ecmascript6/Ghost/core/client/app/controllers/setup/three.js':[
92,
],
'project:ecmascript6/di.js/chrome-extension/visualize/lib/angular.js':[
13979,
],
'project:ecmascript6/di.js/chrome-extension/visualize/lib/d3.v3.js':[
1632,
],
'project:ecmascript6/di.js/example/angular-loader/traceur.js':[
2942,
2950,
2957,
5863,
8988,
9044,
9087,
9447,
10789,
11205,
11936,
16247,
],
'project:ecmascript6/di.js/visualize/lib/angular.js':[
13979,
],
'project:ecmascript6/di.js/visualize/lib/d3.v3.js':[
1632,
],
'project:ecmascript6/reddit-mobile/index.js':[
181,
],
'project:ecmascript6/redux/examples/async/reducers/index.js':[
8,
],
'project:ecmascript6/redux/examples/todos-with-undo/reducers.js':[
8,
],
'project:ecmascript6/redux/test/helpers/reducers.js':[
11,
26,
40,
50,
],
'project:ecmascript6/redux/test/utils/combineReducers.spec.js':[
103,
138,
],
'project:ecmascript6/snoode/src/endpoints/v1.es6.js':[
430,
498,
998,
],
'project:frameworks/wordpress/customize-controls.js':[
25,
],
'project:frameworks/wordpress/updates.js':[
531,
],
'project:google-closure-library/events/keycodes.js':[
271,
],
'project:google-closure-library/i18n/datetimeparse.js':[
780,
],
'project:google-closure-library/structs/quadtree.js':[
240,
],
'project:google-closure-library/testing/testcase.js':[
570,
],
'project:google-closure-library/ui/activitymonitor.js':[
220,
],
'project:google-closure-library/ui/offlineinstalldialog.js':[
878,
],
'project:knockout-2.1.0.debug.js':[
1383,
2042,
],
'project:mootools-core-1.4.5-full-nocompat.js':[
1294,
4612,
5324,
],
'project:open-layers-2.12/OpenLayers/Events/buttonclick.js':[
140,
],
'project:open-layers-2.12/OpenLayers/Feature/Vector.js':[
345,
],
'project:open-layers-2.12/OpenLayers/Format/OSM.js':[
452,
],
'project:open-layers-2.12/OpenLayers/Format/XML.js':[
372,
],
'project:open-layers-2.12/deprecated.js':[
1684,
1711,
1748,
],
'project:paper-0.22.js':[
3781,
7191,
7633,
7633,
],
'project:processing-1.3.6.js':[
8230,
],
'project:prototype-1.7.js':[
181,
],
'project:yui-3.7.3/dial/dial.js':[
1076,
1095,
],
'project:yui-3.7.3/editor-base/editor-base.js':[
182,
],
'project:yui-3.7.3/editor-para-ie/editor-para-ie.js':[
38,
],
'project:yui-3.7.3/frame/frame.js':[
366,
],
'project:yui-3.7.3/node-menunav/node-menunav.js':[
1532,
],
'project:yui-3.7.3/slider-base/slider-base.js':[
345,
366,
],
}
