{
'project:angular-1.0.3.js':[
3841,
4376,
5850,
5958,
5991,
5998,
9488,
9496,
13417,
],
'project:dojo-1.8.1/dijit/_PaletteMixin.js.uncompressed.js':[
151,
],
'project:dojo-1.8.1/dijit/_Templated.js.uncompressed.js':[
54,
],
'project:dojo-1.8.1/dijit/_WidgetBase.js.uncompressed.js':[
423,
],
'project:dojo-1.8.1/dijit/dijit-all.js.uncompressed.js':[
19461,
19469,
22662,
],
'project:dojo-1.8.1/dijit/dijit.js.uncompressed.js':[
293,
1560,
4973,
6520,
],
'project:dojo-1.8.1/dijit/form/_FormMixin.js.uncompressed.js':[
126,
134,
],
'project:dojo-1.8.1/dijit/form/_FormValueWidget.js.uncompressed.js':[
36,
],
'project:dojo-1.8.1/dijit/popup.js.uncompressed.js':[
291,
],
'project:dojo-1.8.1/dojo/_base/fx.js.uncompressed.js':[
584,
],
'project:dojo-1.8.1/dojo/_base/kernel.js.uncompressed.js':[
164,
],
'project:dojo-1.8.1/dojo/_firebug/firebug.js.uncompressed.js':[
55,
710,
],
'project:dojo-1.8.1/dojo/behavior.js.uncompressed.js':[
227,
],
'project:dojo-1.8.1/dojo/data/ItemFileWriteStore.js.uncompressed.js':[
261,
714,
],
'project:dojo-1.8.1/dojo/data/ObjectStore.js.uncompressed.js':[
172,
453,
459,
],
'project:dojo-1.8.1/dojo/dojo.js.uncompressed.js':[
584,
2521,
3980,
8412,
],
'project:dojo-1.8.1/dojo/parser.js.uncompressed.js':[
604,
],
'project:dojo-1.8.1/dojo/selector/acme.js.uncompressed.js':[
273,
],
'project:dojo-1.8.1/dojox/analytics/plugins/idle.js.uncompressed.js':[
20,
],
'project:dojo-1.8.1/dojox/calendar/MatrixView.js.uncompressed.js':[
610,
614,
618,
622,
],
'project:dojo-1.8.1/dojox/calendar/MonthColumnView.js.uncompressed.js':[
635,
640,
645,
650,
655,
660,
],
'project:dojo-1.8.1/dojox/calendar/SimpleColumnView.js.uncompressed.js':[
679,
684,
689,
694,
699,
704,
],
'project:dojo-1.8.1/dojox/calendar/ViewBase.js.uncompressed.js':[
978,
],
'project:dojo-1.8.1/dojox/charting/plot2d/Bars.js.uncompressed.js':[
167,
],
'project:dojo-1.8.1/dojox/charting/plot2d/Bubble.js.uncompressed.js':[
92,
102,
111,
132,
153,
181,
],
'project:dojo-1.8.1/dojox/charting/plot2d/Candlesticks.js.uncompressed.js':[
71,
],
'project:dojo-1.8.1/dojox/charting/plot2d/Columns.js.uncompressed.js':[
120,
],
'project:dojo-1.8.1/dojox/charting/plot2d/Default.js.uncompressed.js':[
259,
267,
275,
290,
331,
343,
372,
391,
],
'project:dojo-1.8.1/dojox/charting/plot2d/OHLC.js.uncompressed.js':[
71,
],
'project:dojo-1.8.1/dojox/charting/plot2d/Scatter.js.uncompressed.js':[
83,
90,
102,
153,
],
'project:dojo-1.8.1/dojox/charting/plot2d/Spider.js.uncompressed.js':[
355,
],
'project:dojo-1.8.1/dojox/charting/plot2d/common.js.uncompressed.js':[
52,
70,
],
'project:dojo-1.8.1/dojox/charting/widget/Chart2D.js.uncompressed.js':[
1554,
2465,
2472,
2484,
2535,
2850,
5854,
5864,
5873,
5894,
5915,
5943,
8289,
9067,
9409,
9427,
10241,
12408,
12416,
12424,
12439,
12480,
12492,
12521,
12540,
19755,
],
'project:dojo-1.8.1/dojox/css3/transition.js.uncompressed.js':[
388,
],
'project:dojo-1.8.1/dojox/data/AppStore.js.uncompressed.js':[
755,
761,
767,
],
'project:dojo-1.8.1/dojox/data/ClientFilter.js.uncompressed.js':[
155,
],
'project:dojo-1.8.1/dojox/data/CouchDBRestStore.js.uncompressed.js':[
16,
],
'project:dojo-1.8.1/dojox/data/ItemExplorer.js.uncompressed.js':[
197,
],
'project:dojo-1.8.1/dojox/data/PersevereStore.js.uncompressed.js':[
63,
],
'project:dojo-1.8.1/dojox/data/S3Store.js.uncompressed.js':[
17,
],
'project:dojo-1.8.1/dojox/data/WikipediaStore.js.uncompressed.js':[
101,
],
'project:dojo-1.8.1/dojox/date/timezone.js.uncompressed.js':[
435,
476,
],
'project:dojo-1.8.1/dojox/drawing/annotations/BoxShadow.js.uncompressed.js':[
152,
169,
271,
289,
],
'project:dojo-1.8.1/dojox/drawing/manager/Anchors.js.uncompressed.js':[
315,
382,
],
'project:dojo-1.8.1/dojox/drawing/tools/TextBlock.js.uncompressed.js':[
603,
],
'project:dojo-1.8.1/dojox/dtl/contrib/dijit.js.uncompressed.js':[
91,
],
'project:dojo-1.8.1/dojox/dtl/dom.js.uncompressed.js':[
73,
174,
185,
],
'project:dojo-1.8.1/dojox/editor/plugins/Breadcrumb.js.uncompressed.js':[
258,
263,
],
'project:dojo-1.8.1/dojox/editor/plugins/SpellCheck.js.uncompressed.js':[
1171,
],
'project:dojo-1.8.1/dojox/form/manager/_FormMixin.js.uncompressed.js':[
120,
137,
],
'project:dojo-1.8.1/dojox/fx/Timeline.js.uncompressed.js':[
170,
],
'project:dojo-1.8.1/dojox/fx/flip.js.uncompressed.js':[
385,
470,
499,
],
'project:dojo-1.8.1/dojox/gantt/GanttResourceItem.js.uncompressed.js':[
355,
358,
369,
385,
388,
399,
],
'project:dojo-1.8.1/dojox/geo/openlayers/JsonImport.js.uncompressed.js':[
89,
],
'project:dojo-1.8.1/dojox/gfx/canvas.js.uncompressed.js':[
706,
],
'project:dojo-1.8.1/dojox/gfx/canvasWithEvents.js.uncompressed.js':[
516,
],
'project:dojo-1.8.1/dojox/grid/DataGrid.js.uncompressed.js':[
1892,
],
'project:dojo-1.8.1/dojox/grid/LazyTreeGrid.js.uncompressed.js':[
114,
],
'project:dojo-1.8.1/dojox/grid/enhanced/plugins/Pagination.js.uncompressed.js':[
509,
512,
],
'project:dojo-1.8.1/dojox/help/_base.js.uncompressed.js':[
67,
360,
],
'project:dojo-1.8.1/dojox/io/httpParse.js.uncompressed.js':[
46,
49,
],
'project:dojo-1.8.1/dojox/io/xhrMultiPart.js.uncompressed.js':[
61,
],
'project:dojo-1.8.1/dojox/jq.js.uncompressed.js':[
1568,
],
'project:dojo-1.8.1/dojox/json/ref.js.uncompressed.js':[
136,
],
'project:dojo-1.8.1/dojox/jsonPath/query.js.uncompressed.js':[
34,
43,
130,
],
'project:dojo-1.8.1/dojox/lang/observable.js.uncompressed.js':[
188,
],
'project:dojo-1.8.1/dojox/lang/typed.js.uncompressed.js':[
87,
94,
109,
],
'project:dojo-1.8.1/dojox/layout/GridContainer.js.uncompressed.js':[
587,
],
'project:dojo-1.8.1/dojox/mobile.js.uncompressed.js':[
4116,
],
'project:dojo-1.8.1/dojox/mobile/Carousel.js.uncompressed.js':[
231,
],
'project:dojo-1.8.1/dojox/mobile/_EditableIconMixin.js.uncompressed.js':[
269,
306,
],
'project:dojo-1.8.1/dojox/mobile/app.js.uncompressed.js':[
12374,
12880,
],
'project:dojo-1.8.1/dojox/mobile/bookmarkable.js.uncompressed.js':[
102,
],
'project:dojo-1.8.1/dojox/mobile/lazyLoadUtils.js.uncompressed.js':[
25,
42,
],
'project:dojo-1.8.1/dojox/rpc/JsonRest.js.uncompressed.js':[
63,
161,
187,
],
'project:dojo-1.8.1/dojox/secure/sandbox.js.uncompressed.js':[
174,
186,
],
'project:dojo-1.8.1/dojox/sql/_base.js.uncompressed.js':[
389,
428,
512,
],
'project:dojo-1.8.1/dojox/validate/check.js.uncompressed.js':[
143,
],
'project:dojo-1.8.1/dojox/widget/DataPresentation.js.uncompressed.js':[
236,
],
'project:dojo-1.8.1/dojox/widget/Pager.js.uncompressed.js':[
308,
],
'project:dojo-1.8.1/dojox/widget/rotator/Pan.js.uncompressed.js':[
145,
],
'project:dojo-1.8.1/dojox/widget/rotator/PanFade.js.uncompressed.js':[
149,
],
'project:dojo-1.8.1/dojox/widget/rotator/ThumbnailController.js.uncompressed.js':[
59,
],
'project:ecmascript6/di.js/chrome-extension/visualize/lib/angular.js':[
9767,
9942,
9976,
9983,
10254,
14013,
14021,
19161,
19181,
19224,
],
'project:ecmascript6/di.js/example/angular-loader/traceur.js':[
187,
764,
767,
779,
784,
15205,
],
'project:ecmascript6/di.js/src/injector.js':[
162,
],
'project:ecmascript6/di.js/visualize/lib/angular.js':[
9767,
9942,
9976,
9983,
10254,
14013,
14021,
19161,
19181,
19224,
],
'project:ecmascript6/ecmascript6-today/1-let.js':[
16,
28,
],
'project:ecmascript6/react-router/modules/deprecateObjectProperties.js':[
23,
],
'project:ecmascript6/router/third_party/brick/brick-1.0.1.byob.js':[
945,
1503,
],
'project:frameworks/wordpress/inline-edit-post.js':[
160,
],
'project:google-closure-library/editor/plugins/linkbubble.js':[
366,
],
'project:google-closure-library/module/modulemanager.js':[
1103,
1162,
],
'project:google-closure-library/net/browserchannel.js':[
1515,
],
'project:google-closure-library/proto2/message.js':[
338,
],
'project:google-closure-library/testing/asynctestcase.js':[
748,
],
'project:google-closure-library/ui/ac/richremotearraymatcher.js':[
98,
105,
],
'project:google-closure-library/uri/uri.js':[
1471,
],
'project:knockout-2.1.0.debug.js':[
1432,
2085,
3264,
],
'project:mootools-core-1.4.5-full-nocompat.js':[
1296,
5924,
],
'project:ocanvas-2.2.2.js':[
798,
806,
811,
1020,
1025,
1030,
],
'project:open-layers-2.12/OpenLayers/Control/NavigationHistory.js':[
337,
],
'project:paper-0.22.js':[
4851,
6426,
],
'project:prototype-1.7.js':[
140,
5979,
],
'project:scriptaculous-1.9.0/unittest.js':[
560,
],
'project:yui-3.7.3/calendar-base/calendar-base.js':[
601,
635,
],
'project:yui-3.7.3/editor-para/editor-para.js':[
144,
],
'project:yui-3.7.3/get-nodejs/get-nodejs.js':[
168,
],
'project:yui-3.7.3/get-nodejs/get.js':[
168,
],
'project:yui-3.7.3/test/test.js':[
2959,
],
'project:yui-3.7.3/yui-nodejs/yui-nodejs.js':[
4003,
],
}
