{
'project:amplify-1.1.0.js':[
225,
],
'project:angular-1.0.3.js':[
1870,
],
'project:backbone-0.9.2.js':[
290,
472,
918,
1227,
],
'project:dojo-1.8.1/dijit/InlineEditBox.js.uncompressed.js':[
371,
],
'project:dojo-1.8.1/dijit/Tree.js.uncompressed.js':[
1780,
],
'project:dojo-1.8.1/dijit/WidgetSet.js.uncompressed.js':[
80,
112,
152,
174,
],
'project:dojo-1.8.1/dijit/_CssStateMixin.js.uncompressed.js':[
67,
188,
],
'project:dojo-1.8.1/dijit/_PaletteMixin.js.uncompressed.js':[
145,
],
'project:dojo-1.8.1/dijit/_TemplatedMixin.js.uncompressed.js':[
289,
],
'project:dojo-1.8.1/dijit/_Widget.js.uncompressed.js':[
232,
],
'project:dojo-1.8.1/dijit/_WidgetBase.js.uncompressed.js':[
416,
454,
767,
],
'project:dojo-1.8.1/dijit/_base/place.js.uncompressed.js':[
45,
],
'project:dojo-1.8.1/dijit/_base/popup.js.uncompressed.js':[
48,
],
'project:dojo-1.8.1/dijit/_editor/RichText.js.uncompressed.js':[
244,
450,
],
'project:dojo-1.8.1/dijit/_editor/_Plugin.js.uncompressed.js':[
229,
],
'project:dojo-1.8.1/dijit/dijit-all.js.uncompressed.js':[
8464,
9291,
11851,
12057,
14904,
15851,
15859,
21705,
21848,
22126,
22656,
33041,
],
'project:dojo-1.8.1/dijit/dijit.js.uncompressed.js':[
748,
780,
820,
842,
1553,
1591,
1904,
2905,
3026,
3839,
3994,
5493,
6618,
7204,
8036,
],
'project:dojo-1.8.1/dijit/layout/StackController.js.uncompressed.js':[
145,
153,
],
'project:dojo-1.8.1/dijit/registry.js.uncompressed.js':[
66,
],
'project:dojo-1.8.1/dijit/tree/ObjectStoreModel.js.uncompressed.js':[
61,
],
'project:dojo-1.8.1/dijit/tree/_dndSelector.js.uncompressed.js':[
66,
344,
],
'project:dojo-1.8.1/dijit/tree/dndSource.js.uncompressed.js':[
185,
],
'project:dojo-1.8.1/dojo/_base/config.js.uncompressed.js':[
173,
],
'project:dojo-1.8.1/dojo/_base/declare.js.uncompressed.js':[
298,
],
'project:dojo-1.8.1/dojo/_base/fx.js.uncompressed.js':[
434,
445,
],
'project:dojo-1.8.1/dojo/_base/kernel.js.uncompressed.js':[
66,
],
'project:dojo-1.8.1/dojo/_base/lang.js.uncompressed.js':[
7,
74,
],
'project:dojo-1.8.1/dojo/_base/loader.js.uncompressed.js':[
54,
125,
429,
],
'project:dojo-1.8.1/dojo/_firebug/firebug.js.uncompressed.js':[
1043,
1069,
1161,
],
'project:dojo-1.8.1/dojo/cookie.js.uncompressed.js':[
70,
],
'project:dojo-1.8.1/dojo/data/ItemFileReadStore.js.uncompressed.js':[
282,
296,
525,
659,
],
'project:dojo-1.8.1/dojo/data/ItemFileWriteStore.js.uncompressed.js':[
249,
259,
417,
542,
609,
672,
685,
691,
711,
727,
],
'project:dojo-1.8.1/dojo/data/ObjectStore.js.uncompressed.js':[
167,
],
'project:dojo-1.8.1/dojo/dojo.js.uncompressed.js':[
83,
186,
463,
491,
574,
583,
620,
1159,
1787,
1836,
1896,
2371,
2382,
3882,
4151,
6019,
6090,
6394,
6879,
7207,
9952,
10696,
10980,
12094,
12161,
12706,
12725,
15277,
15468,
16703,
],
'project:dojo-1.8.1/dojo/dom-attr.js.uncompressed.js':[
168,
],
'project:dojo-1.8.1/dojo/dom-prop.js.uncompressed.js':[
126,
],
'project:dojo-1.8.1/dojo/dom-style.js.uncompressed.js':[
299,
],
'project:dojo-1.8.1/dojo/io-query.js.uncompressed.js':[
33,
],
'project:dojo-1.8.1/dojo/json.js.uncompressed.js':[
135,
],
'project:dojo-1.8.1/dojo/on.js.uncompressed.js':[
316,
507,
],
'project:dojo-1.8.1/dojo/parser.js.uncompressed.js':[
702,
],
'project:dojo-1.8.1/dojo/request/iframe.js.uncompressed.js':[
207,
],
'project:dojo-1.8.1/dojo/request/util.js.uncompressed.js':[
11,
30,
],
'project:dojo-1.8.1/dojo/selector/lite.js.uncompressed.js':[
264,
],
'project:dojo-1.8.1/dojo/store/util/SimpleQueryEngine.js.uncompressed.js':[
57,
],
'project:dojo-1.8.1/dojox/analytics/plugins/gestureEvents.js.uncompressed.js':[
64,
],
'project:dojo-1.8.1/dojox/analytics/plugins/mouseClick.js.uncompressed.js':[
17,
],
'project:dojo-1.8.1/dojox/analytics/plugins/mouseOver.js.uncompressed.js':[
44,
],
'project:dojo-1.8.1/dojox/analytics/plugins/touchMove.js.uncompressed.js':[
59,
70,
],
'project:dojo-1.8.1/dojox/analytics/plugins/touchPress.js.uncompressed.js':[
47,
58,
],
'project:dojo-1.8.1/dojox/app/controllers/History.js.uncompressed.js':[
41,
],
'project:dojo-1.8.1/dojox/atom/io/model.js.uncompressed.js':[
227,
265,
271,
820,
840,
956,
968,
991,
],
'project:dojo-1.8.1/dojox/atom/widget/FeedEntryEditor.js.uncompressed.js':[
948,
994,
1003,
1004,
1137,
],
'project:dojo-1.8.1/dojox/atom/widget/FeedEntryViewer.js.uncompressed.js':[
320,
495,
],
'project:dojo-1.8.1/dojox/atom/widget/FeedViewer.js.uncompressed.js':[
66,
],
'project:dojo-1.8.1/dojox/calc/toFrac.js.uncompressed.js':[
16,
87,
],
'project:dojo-1.8.1/dojox/calendar/ViewBase.js.uncompressed.js':[
163,
],
'project:dojo-1.8.1/dojox/charting/DataChart.js.uncompressed.js':[
285,
415,
423,
],
'project:dojo-1.8.1/dojox/charting/SimpleTheme.js.uncompressed.js':[
461,
],
'project:dojo-1.8.1/dojox/charting/plot2d/Spider.js.uncompressed.js':[
102,
117,
282,
307,
563,
],
'project:dojo-1.8.1/dojox/charting/widget/Chart2D.js.uncompressed.js':[
6604,
8036,
8051,
8216,
8241,
8497,
9808,
10427,
12984,
16251,
18314,
19748,
19786,
20099,
],
'project:dojo-1.8.1/dojox/data/AndOrReadStore.js.uncompressed.js':[
71,
],
'project:dojo-1.8.1/dojox/data/AppStore.js.uncompressed.js':[
332,
342,
450,
456,
462,
468,
644,
653,
662,
671,
754,
760,
766,
784,
791,
802,
],
'project:dojo-1.8.1/dojox/data/AtomReadStore.js.uncompressed.js':[
145,
356,
],
'project:dojo-1.8.1/dojox/data/CdfStore.js.uncompressed.js':[
512,
],
'project:dojo-1.8.1/dojox/data/ClientFilter.js.uncompressed.js':[
249,
],
'project:dojo-1.8.1/dojox/data/CssRuleStore.js.uncompressed.js':[
110,
296,
298,
332,
340,
347,
359,
],
'project:dojo-1.8.1/dojox/data/CsvStore.js.uncompressed.js':[
315,
325,
],
'project:dojo-1.8.1/dojox/data/HtmlStore.js.uncompressed.js':[
390,
400,
],
'project:dojo-1.8.1/dojox/data/HtmlTableStore.js.uncompressed.js':[
309,
319,
],
'project:dojo-1.8.1/dojox/data/KeyValueStore.js.uncompressed.js':[
235,
245,
258,
],
'project:dojo-1.8.1/dojox/data/OpmlStore.js.uncompressed.js':[
324,
334,
],
'project:dojo-1.8.1/dojox/data/PersevereStore.js.uncompressed.js':[
58,
],
'project:dojo-1.8.1/dojox/data/QueryReadStore.js.uncompressed.js':[
137,
],
'project:dojo-1.8.1/dojox/data/ServiceStore.js.uncompressed.js':[
280,
],
'project:dojo-1.8.1/dojox/data/WikipediaStore.js.uncompressed.js':[
100,
],
'project:dojo-1.8.1/dojox/data/XmlStore.js.uncompressed.js':[
264,
453,
524,
533,
641,
],
'project:dojo-1.8.1/dojox/data/util/JsonQuery.js.uncompressed.js':[
18,
],
'project:dojo-1.8.1/dojox/date/timezone.js.uncompressed.js':[
674,
],
'project:dojo-1.8.1/dojox/drawing/Drawing.js.uncompressed.js':[
149,
153,
157,
437,
],
'project:dojo-1.8.1/dojox/drawing/manager/Anchors.js.uncompressed.js':[
314,
381,
],
'project:dojo-1.8.1/dojox/drawing/manager/Stencil.js.uncompressed.js':[
175,
342,
572,
587,
598,
608,
618,
630,
],
'project:dojo-1.8.1/dojox/drawing/plugins/drawing/GreekPalette.js.uncompressed.js':[
67,
73,
],
'project:dojo-1.8.1/dojox/drawing/plugins/tools/Iconize.js.uncompressed.js':[
18,
],
'project:dojo-1.8.1/dojox/drawing/tools/TextBlock.js.uncompressed.js':[
461,
643,
],
'project:dojo-1.8.1/dojox/drawing/ui/Toolbar.js.uncompressed.js':[
125,
190,
],
'project:dojo-1.8.1/dojox/dtl.js.uncompressed.js':[
439,
686,
1247,
1610,
1956,
],
'project:dojo-1.8.1/dojox/dtl/Context.js.uncompressed.js':[
39,
],
'project:dojo-1.8.1/dojox/dtl/_base.js.uncompressed.js':[
437,
684,
],
'project:dojo-1.8.1/dojox/dtl/contrib/dom.js.uncompressed.js':[
31,
],
'project:dojo-1.8.1/dojox/dtl/dom.js.uncompressed.js':[
218,
],
'project:dojo-1.8.1/dojox/dtl/filter/lists.js.uncompressed.js':[
25,
],
'project:dojo-1.8.1/dojox/dtl/filter/strings.js.uncompressed.js':[
134,
],
'project:dojo-1.8.1/dojox/dtl/tag/logic.js.uncompressed.js':[
138,
],
'project:dojo-1.8.1/dojox/dtl/tag/misc.js.uncompressed.js':[
265,
],
'project:dojo-1.8.1/dojox/editor/plugins/EntityPalette.js.uncompressed.js':[
101,
107,
],
'project:dojo-1.8.1/dojox/embed/Flash.js.uncompressed.js':[
49,
63,
116,
131,
],
'project:dojo-1.8.1/dojox/embed/Quicktime.js.uncompressed.js':[
75,
103,
],
'project:dojo-1.8.1/dojox/embed/flashVars.js.uncompressed.js':[
49,
],
'project:dojo-1.8.1/dojox/form/FileUploader.js.uncompressed.js':[
1178,
],
'project:dojo-1.8.1/dojox/form/ListInput.js.uncompressed.js':[
189,
256,
526,
618,
],
'project:dojo-1.8.1/dojox/form/manager/_FormMixin.js.uncompressed.js':[
118,
136,
],
'project:dojo-1.8.1/dojox/form/manager/_Mixin.js.uncompressed.js':[
163,
441,
],
'project:dojo-1.8.1/dojox/form/manager/_NodeMixin.js.uncompressed.js':[
124,
],
'project:dojo-1.8.1/dojox/form/uploader/plugins/Flash.js.uncompressed.js':[
184,
],
'project:dojo-1.8.1/dojox/form/uploader/plugins/HTML5.js.uncompressed.js':[
122,
223,
],
'project:dojo-1.8.1/dojox/fx/Timeline.js.uncompressed.js':[
163,
],
'project:dojo-1.8.1/dojox/fx/ext-dojo/complex.js.uncompressed.js':[
66,
84,
130,
],
'project:dojo-1.8.1/dojox/fx/ext-dojo/reverse.js.uncompressed.js':[
49,
],
'project:dojo-1.8.1/dojox/gantt/GanttResourceItem.js.uncompressed.js':[
56,
77,
129,
352,
382,
],
'project:dojo-1.8.1/dojox/gantt/GanttTaskControl.js.uncompressed.js':[
496,
],
'project:dojo-1.8.1/dojox/gauges/BarIndicator.js.uncompressed.js':[
39,
],
'project:dojo-1.8.1/dojox/geo/charting/Map.js.uncompressed.js':[
328,
579,
],
'project:dojo-1.8.1/dojox/geo/charting/MouseInteractionSupport.js.uncompressed.js':[
156,
],
'project:dojo-1.8.1/dojox/geo/charting/TouchInteractionSupport.js.uncompressed.js':[
282,
],
'project:dojo-1.8.1/dojox/geo/openlayers/JsonImport.js.uncompressed.js':[
82,
],
'project:dojo-1.8.1/dojox/gfx.js.uncompressed.js':[
81,
],
'project:dojo-1.8.1/dojox/gfx/_base.js.uncompressed.js':[
79,
],
'project:dojo-1.8.1/dojox/gfx/canvasWithEvents.js.uncompressed.js':[
352,
],
'project:dojo-1.8.1/dojox/grid/DataGrid.js.uncompressed.js':[
581,
1050,
1885,
1923,
2236,
3658,
3779,
5291,
6181,
7899,
7961,
10389,
],
'project:dojo-1.8.1/dojox/grid/LazyTreeGrid.js.uncompressed.js':[
197,
],
'project:dojo-1.8.1/dojox/grid/_Grid.js.uncompressed.js':[
914,
],
'project:dojo-1.8.1/dojox/grid/_TreeView.js.uncompressed.js':[
371,
383,
],
'project:dojo-1.8.1/dojox/grid/_View.js.uncompressed.js':[
84,
553,
],
'project:dojo-1.8.1/dojox/grid/enhanced/_FocusManager.js.uncompressed.js':[
192,
],
'project:dojo-1.8.1/dojox/grid/enhanced/_PluginManager.js.uncompressed.js':[
150,
],
'project:dojo-1.8.1/dojox/grid/enhanced/plugins/CellMerge.js.uncompressed.js':[
107,
],
'project:dojo-1.8.1/dojox/grid/enhanced/plugins/IndirectSelection.js.uncompressed.js':[
245,
249,
],
'project:dojo-1.8.1/dojox/grid/enhanced/plugins/NestedSorting.js.uncompressed.js':[
95,
112,
380,
],
'project:dojo-1.8.1/dojox/grid/enhanced/plugins/_RowMapLayer.js.uncompressed.js':[
63,
100,
106,
129,
],
'project:dojo-1.8.1/dojox/grid/enhanced/plugins/filter/FilterLayer.js.uncompressed.js':[
391,
],
'project:dojo-1.8.1/dojox/help/_base.js.uncompressed.js':[
352,
],
'project:dojo-1.8.1/dojox/help/console.js.uncompressed.js':[
28,
],
'project:dojo-1.8.1/dojox/highlight/_base.js.uncompressed.js':[
100,
220,
263,
],
'project:dojo-1.8.1/dojox/highlight/languages/pygments/html.js.uncompressed.js':[
6,
],
'project:dojo-1.8.1/dojox/html/_base.js.uncompressed.js':[
237,
],
'project:dojo-1.8.1/dojox/html/metrics.js.uncompressed.js':[
39,
],
'project:dojo-1.8.1/dojox/io/proxy/xip.js.uncompressed.js':[
170,
],
'project:dojo-1.8.1/dojox/io/windowName.js.uncompressed.js':[
194,
],
'project:dojo-1.8.1/dojox/io/xhrPlugins.js.uncompressed.js':[
158,
],
'project:dojo-1.8.1/dojox/jq.js.uncompressed.js':[
395,
417,
544,
819,
1242,
1343,
1358,
],
'project:dojo-1.8.1/dojox/json/query.js.uncompressed.js':[
30,
],
'project:dojo-1.8.1/dojox/json/ref.js.uncompressed.js':[
104,
344,
],
'project:dojo-1.8.1/dojox/lang/aspect.js.uncompressed.js':[
280,
],
'project:dojo-1.8.1/dojox/lang/docs.js.uncompressed.js':[
156,
205,
],
'project:dojo-1.8.1/dojox/lang/observable.js.uncompressed.js':[
106,
],
'project:dojo-1.8.1/dojox/lang/oo/mixin.js.uncompressed.js':[
67,
],
'project:dojo-1.8.1/dojox/lang/oo/rearrange.js.uncompressed.js':[
29,
],
'project:dojo-1.8.1/dojox/lang/typed.js.uncompressed.js':[
78,
103,
],
'project:dojo-1.8.1/dojox/mobile.js.uncompressed.js':[
2522,
2667,
4109,
4147,
4460,
],
'project:dojo-1.8.1/dojox/mobile/app.js.uncompressed.js':[
497,
2075,
5008,
6517,
6761,
7574,
7606,
7646,
7668,
11736,
12873,
12911,
13224,
],
'project:dojo-1.8.1/dojox/mobile/app/ImageThumbView.js.uncompressed.js':[
381,
],
'project:dojo-1.8.1/dojox/mobile/parser.js.uncompressed.js':[
54,
],
'project:dojo-1.8.1/dojox/mobile/viewRegistry.js.uncompressed.js':[
47,
],
'project:dojo-1.8.1/dojox/mvc/EditModelRefController.js.uncompressed.js':[
147,
],
'project:dojo-1.8.1/dojox/mvc/ModelRefController.js.uncompressed.js':[
167,
],
'project:dojo-1.8.1/dojox/mvc/StatefulModel.js.uncompressed.js':[
438,
],
'project:dojo-1.8.1/dojox/mvc/Templated.js.uncompressed.js':[
19,
22,
],
'project:dojo-1.8.1/dojox/mvc/_Controller.js.uncompressed.js':[
22,
],
'project:dojo-1.8.1/dojox/mvc/_atBindingMixin.js.uncompressed.js':[
102,
162,
205,
],
'project:dojo-1.8.1/dojox/rpc/JsonRest.js.uncompressed.js':[
312,
],
'project:dojo-1.8.1/dojox/rpc/OfflineRest.js.uncompressed.js':[
10,
40,
122,
],
'project:dojo-1.8.1/dojox/rpc/ProxiedPath.js.uncompressed.js':[
13,
],
'project:dojo-1.8.1/dojox/rpc/Service.js.uncompressed.js':[
30,
104,
251,
],
'project:dojo-1.8.1/dojox/secure/sandbox.js.uncompressed.js':[
67,
122,
182,
],
'project:dojo-1.8.1/dojox/sketch/Annotation.js.uncompressed.js':[
209,
221,
],
'project:dojo-1.8.1/dojox/timing/ThreadPool.js.uncompressed.js':[
133,
],
'project:dojo-1.8.1/dojox/uuid/_base.js.uncompressed.js':[
67,
],
'project:dojo-1.8.1/dojox/validate/check.js.uncompressed.js':[
190,
223,
239,
279,
],
'project:dojo-1.8.1/dojox/widget/DataPresentation.js.uncompressed.js':[
285,
],
'project:dojo-1.8.1/dojox/widget/FisheyeLite.js.uncompressed.js':[
123,
],
'project:dojo-1.8.1/dojox/widget/MultiSelectCalendar.js.uncompressed.js':[
82,
885,
],
'project:dojo-1.8.1/dojox/widget/RollingList.js.uncompressed.js':[
761,
],
'project:dojo-1.8.1/dojox/widget/Toaster.js.uncompressed.js':[
119,
],
'project:dojo-1.8.1/dojox/wire/CompositeWire.js.uncompressed.js':[
74,
93,
],
'project:dojo-1.8.1/dojox/wire/DataWire.js.uncompressed.js':[
59,
],
'project:dojo-1.8.1/dojox/wire/TableAdapter.js.uncompressed.js':[
59,
],
'project:dojo-1.8.1/dojox/wire/TextAdapter.js.uncompressed.js':[
52,
],
'project:dojo-1.8.1/dojox/wire/TreeAdapter.js.uncompressed.js':[
81,
82,
110,
165,
175,
],
'project:dojo-1.8.1/dojox/wire/ml/Action.js.uncompressed.js':[
100,
118,
],
'project:dojo-1.8.1/dojox/wire/ml/Data.js.uncompressed.js':[
38,
116,
125,
134,
],
'project:dojo-1.8.1/dojox/wire/ml/Invocation.js.uncompressed.js':[
169,
],
'project:dojo-1.8.1/dojox/wire/ml/RestHandler.js.uncompressed.js':[
92,
],
'project:dojo-1.8.1/dojox/wire/ml/Transfer.js.uncompressed.js':[
136,
325,
],
'project:dojo-1.8.1/dojox/wire/ml/util.js.uncompressed.js':[
190,
],
'project:dojo-1.8.1/dojox/xmpp/PresenceService.js.uncompressed.js':[
190,
],
'project:dojo-1.8.1/dojox/xmpp/UserService.js.uncompressed.js':[
34,
],
'project:dojo-1.8.1/dojox/xmpp/util.js.uncompressed.js':[
87,
],
'project:ecmascript6/di.js/chrome-extension/visualize/lib/angular.js':[
2546,
7590,
],
'project:ecmascript6/di.js/chrome-extension/visualize/lib/d3.v3.js':[
172,
177,
182,
223,
237,
575,
619,
661,
685,
999,
1427,
1917,
7991,
8040,
],
'project:ecmascript6/di.js/example/angular-loader/traceur.js':[
13243,
],
'project:ecmascript6/di.js/visualize/lib/angular.js':[
2546,
7590,
],
'project:ecmascript6/di.js/visualize/lib/d3.v3.js':[
172,
177,
182,
223,
237,
575,
619,
661,
685,
999,
1427,
1917,
7991,
8040,
],
'project:ecmascript6/ecmascript6-today/8-iterators.js':[
7,
17,
],
'project:ecmascript6/react-router/examples/master-detail/ContactStore.js':[
41,
],
'project:ecmascript6/reddit-mobile/index.js':[
203,
],
'project:ecmascript6/router/gulpfile.js':[
49,
],
'project:ecmascript6/router/src/activation.js':[
63,
94,
],
'project:ecmascript6/router/src/navigationContext.js':[
28,
48,
],
'project:ecmascript6/router/src/navigationPlan.js':[
14,
],
'project:ecmascript6/router/third_party/brick/brick-1.0.1.byob.js':[
941,
969,
981,
1094,
1152,
1163,
1407,
1597,
1631,
],
'project:ecmascript6/snoode/src/models/base.es6.js':[
21,
],
'project:ecmascript6/templating/src/lib/util/module_annotator.js':[
6,
],
'project:ecmascript6/watchtower.js/karma.conf.js':[
46,
],
'project:es5-shim-2.0.5.js':[
558,
],
'project:frameworks/wordpress/image-edit.js':[
141,
],
'project:google-closure-library/base.js':[
1324,
],
'project:google-closure-library/cssom/iframe/style.js':[
215,
],
'project:google-closure-library/datasource/datamanager.js':[
450,
547,
],
'project:google-closure-library/datasource/jsdatasource.js':[
171,
],
'project:google-closure-library/debug/fancywindow.js':[
323,
],
'project:google-closure-library/dom/dom_test.js':[
1097,
],
'project:google-closure-library/editor/field.js':[
466,
492,
730,
905,
2316,
],
'project:google-closure-library/editor/icontent.js':[
203,
],
'project:google-closure-library/editor/plugins/undoredo.js':[
327,
],
'project:google-closure-library/graphics/svggraphics.js':[
159,
],
'project:google-closure-library/labs/net/xhr.js':[
253,
],
'project:google-closure-library/module/modulemanager.js':[
325,
],
'project:google-closure-library/net/crossdomainrpc.js':[
402,
411,
],
'project:google-closure-library/net/xpc/crosspagechannel.js':[
787,
],
'project:google-closure-library/net/xpc/nativemessagingtransport.js':[
324,
],
'project:google-closure-library/object/object.js':[
32,
140,
156,
171,
324,
337,
],
'project:google-closure-library/proto2/objectserializer.js':[
122,
],
'project:google-closure-library/pubsub/pubsub.js':[
312,
],
'project:google-closure-library/structs/simplepool.js':[
184,
],
'project:google-closure-library/structs/stringset.js':[
389,
],
'project:google-closure-library/structs/trie.js':[
207,
251,
],
'project:google-closure-library/testing/asserts.js':[
996,
1003,
],
'project:google-closure-library/testing/benchmark.js':[
45,
],
'project:google-closure-library/testing/editor/testhelper.js':[
103,
],
'project:google-closure-library/testing/testcase.js':[
705,
],
'project:google-closure-library/tweak/registry.js':[
239,
],
'project:google-closure-library/tweak/tweak.js':[
154,
],
'project:google-closure-library/ui/datepicker.js':[
798,
],
'project:google-closure-library/ui/editor/bubble.js':[
340,
390,
454,
],
'project:google-closure-library/ui/editor/toolbarcontroller.js':[
272,
],
'project:google-closure-library/ui/formpost.js':[
83,
],
'project:google-closure-library/ui/offlineinstalldialog.js':[
380,
],
'project:google-closure-library/uri/utils.js':[
667,
],
'project:google-closure-library/window/window.js':[
93,
],
'project:jquery-1.7.2.js':[
354,
544,
782,
835,
1516,
3041,
3767,
3825,
6114,
7681,
7694,
7759,
7791,
7938,
8141,
8232,
8513,
8534,
8576,
8906,
],
'project:knockout-2.1.0.debug.js':[
50,
437,
443,
814,
1334,
1971,
1993,
2084,
],
'project:mootools-core-1.4.5-full-nocompat.js':[
78,
86,
270,
375,
848,
1292,
1354,
1421,
1450,
3264,
3789,
3814,
3941,
3948,
3954,
3982,
4232,
4235,
5023,
5037,
5942,
],
'project:ocanvas-2.2.2.js':[
646,
795,
1017,
3461,
3467,
],
'project:open-layers-2.12/OpenLayers/BaseTypes/Class.js':[
93,
],
'project:open-layers-2.12/OpenLayers/Control/GetFeature.js':[
260,
278,
562,
575,
],
'project:open-layers-2.12/OpenLayers/Control/NavigationHistory.js':[
373,
407,
],
'project:open-layers-2.12/OpenLayers/Control/SLDSelect.js':[
171,
174,
],
'project:open-layers-2.12/OpenLayers/Control/WMSGetFeatureInfo.js':[
460,
],
'project:open-layers-2.12/OpenLayers/Events.js':[
368,
],
'project:open-layers-2.12/OpenLayers/Format/GML.js':[
675,
],
'project:open-layers-2.12/OpenLayers/Format/GML/Base.js':[
566,
],
'project:open-layers-2.12/OpenLayers/Format/OSM.js':[
142,
432,
],
'project:open-layers-2.12/OpenLayers/Format/SLD/v1.js':[
678,
],
'project:open-layers-2.12/OpenLayers/Format/SLD/v1_0_0_GeoServer.js':[
130,
],
'project:open-layers-2.12/OpenLayers/Format/SOSGetObservation.js':[
212,
215,
],
'project:open-layers-2.12/OpenLayers/Format/WFS.js':[
106,
168,
],
'project:open-layers-2.12/OpenLayers/Format/WFST/v1.js':[
412,
],
'project:open-layers-2.12/OpenLayers/Format/WMC/v1.js':[
676,
1094,
],
'project:open-layers-2.12/OpenLayers/Format/WMC/v1_0_0.js':[
81,
],
'project:open-layers-2.12/OpenLayers/Format/WMC/v1_1_0.js':[
124,
],
'project:open-layers-2.12/OpenLayers/Layer/Vector.js':[
506,
],
'project:open-layers-2.12/OpenLayers/Popup/Framed.js':[
259,
],
'project:open-layers-2.12/OpenLayers/Protocol/Script.js':[
322,
],
'project:open-layers-2.12/OpenLayers/Request.js':[
201,
],
'project:open-layers-2.12/OpenLayers/Rule.js':[
218,
],
'project:open-layers-2.12/OpenLayers/Style.js':[
303,
331,
],
'project:open-layers-2.12/OpenLayers/StyleMap.js':[
89,
146,
],
'project:open-layers-2.12/OpenLayers/Tile/Image/IFrame.js':[
165,
],
'project:open-layers-2.12/OpenLayers/Tween.js':[
129,
],
'project:open-layers-2.12/OpenLayers/Util.js':[
511,
1316,
],
'project:open-layers-2.12/deprecated.js':[
544,
1462,
],
'project:paper-0.22.js':[
1733,
2528,
2531,
4605,
6421,
6434,
7633,
7633,
7633,
],
'project:prototype-1.7.js':[
298,
1233,
1578,
2081,
2276,
2903,
3002,
3046,
],
'project:qunit-1.8.0.js':[
1404,
1424,
1608,
1628,
],
'project:scriptaculous-1.9.0/builder.js':[
90,
],
'project:scriptaculous-1.9.0/unittest.js':[
549,
],
'project:yui-3.7.3/calendar-base/calendar-base.js':[
578,
],
'project:yui-3.7.3/loader-base/loader-base.js':[
2688,
],
'project:yui-3.7.3/loader/loader.js':[
2688,
],
'project:yui-3.7.3/simpleyui/simpleyui.js':[
18833,
],
'project:yui-3.7.3/swf/swf.js':[
103,
],
'project:yui-3.7.3/test/test.js':[
784,
3762,
],
'project:yui-3.7.3/transition/transition.js':[
329,
],
'project:yui-3.7.3/uploader-queue/uploader-queue.js':[
400,
],
'project:yui-3.7.3/yui-nodejs/yui-nodejs.js':[
7417,
],
'project:yui-3.7.3/yui/yui.js':[
8416,
],
}
