{
'project:angular-1.0.3.js':[
5662,
8021,
8086,
],
'project:backbone-0.9.2.js':[
131,
483,
510,
602,
629,
644,
],
'project:dojo-1.8.1/dijit/_TemplatedMixin.js.uncompressed.js':[
178,
],
'project:dojo-1.8.1/dijit/_WidgetBase.js.uncompressed.js':[
422,
],
'project:dojo-1.8.1/dijit/a11y.js.uncompressed.js':[
111,
],
'project:dojo-1.8.1/dijit/dijit-all.js.uncompressed.js':[
19448,
19454,
22418,
],
'project:dojo-1.8.1/dijit/dijit.js.uncompressed.js':[
599,
1559,
3549,
5382,
5946,
6467,
6473,
6483,
6489,
6500,
],
'project:dojo-1.8.1/dijit/form/_FormMixin.js.uncompressed.js':[
113,
119,
],
'project:dojo-1.8.1/dijit/tree/dndSource.js.uncompressed.js':[
231,
],
'project:dojo-1.8.1/dojo/_base/Deferred.js.uncompressed.js':[
190,
],
'project:dojo-1.8.1/dojo/_base/url.js.uncompressed.js':[
14,
],
'project:dojo-1.8.1/dojo/_firebug/firebug.js.uncompressed.js':[
51,
704,
858,
1093,
],
'project:dojo-1.8.1/dojo/dnd/Container.js.uncompressed.js':[
124,
],
'project:dojo-1.8.1/dojo/dnd/Selector.js.uncompressed.js':[
71,
95,
111,
131,
315,
],
'project:dojo-1.8.1/dojo/dojo.js.uncompressed.js':[
4407,
6888,
6893,
8379,
8431,
8434,
8926,
],
'project:dojo-1.8.1/dojo/html.js.uncompressed.js':[
283,
],
'project:dojo-1.8.1/dojo/json.js.uncompressed.js':[
144,
149,
],
'project:dojo-1.8.1/dojo/parser.js.uncompressed.js':[
30,
551,
557,
567,
573,
584,
],
'project:dojo-1.8.1/dojo/selector/acme.js.uncompressed.js':[
240,
292,
295,
787,
],
'project:dojo-1.8.1/dojox/app/widgets/_ScrollableMixin.js.uncompressed.js':[
71,
],
'project:dojo-1.8.1/dojox/atom/io/model.js.uncompressed.js':[
327,
335,
708,
717,
],
'project:dojo-1.8.1/dojox/calc/Grapher.js.uncompressed.js':[
429,
435,
438,
461,
],
'project:dojo-1.8.1/dojox/calc/toFrac.js.uncompressed.js':[
78,
96,
],
'project:dojo-1.8.1/dojox/calendar/ViewBase.js.uncompressed.js':[
1330,
1336,
],
'project:dojo-1.8.1/dojox/charting/plot2d/Bars.js.uncompressed.js':[
157,
],
'project:dojo-1.8.1/dojox/charting/plot2d/Bubble.js.uncompressed.js':[
77,
83,
88,
],
'project:dojo-1.8.1/dojox/charting/plot2d/Candlesticks.js.uncompressed.js':[
68,
133,
],
'project:dojo-1.8.1/dojox/charting/plot2d/Columns.js.uncompressed.js':[
110,
],
'project:dojo-1.8.1/dojox/charting/plot2d/Default.js.uncompressed.js':[
237,
247,
],
'project:dojo-1.8.1/dojox/charting/plot2d/OHLC.js.uncompressed.js':[
68,
133,
],
'project:dojo-1.8.1/dojox/charting/plot2d/Scatter.js.uncompressed.js':[
70,
76,
],
'project:dojo-1.8.1/dojox/charting/plot2d/Spider.js.uncompressed.js':[
199,
],
'project:dojo-1.8.1/dojox/charting/widget/Chart.js.uncompressed.js':[
15,
21,
],
'project:dojo-1.8.1/dojox/charting/widget/Chart2D.js.uncompressed.js':[
1551,
1616,
2452,
2458,
2847,
2912,
5839,
5845,
5850,
7736,
8133,
9057,
10231,
10471,
12386,
12396,
13028,
15459,
15465,
16140,
19754,
],
'project:dojo-1.8.1/dojox/color/Palette.js.uncompressed.js':[
254,
],
'project:dojo-1.8.1/dojox/data/AtomReadStore.js.uncompressed.js':[
411,
],
'project:dojo-1.8.1/dojox/data/CdfStore.js.uncompressed.js':[
111,
],
'project:dojo-1.8.1/dojox/data/XmlStore.js.uncompressed.js':[
511,
644,
947,
],
'project:dojo-1.8.1/dojox/date/hebrew/numerals.js.uncompressed.js':[
45,
48,
54,
],
'project:dojo-1.8.1/dojox/dgauges/MultiLinearScaler.js.uncompressed.js':[
140,
144,
],
'project:dojo-1.8.1/dojox/dgauges/RectangularGauge.js.uncompressed.js':[
136,
],
'project:dojo-1.8.1/dojox/dtl.js.uncompressed.js':[
443,
],
'project:dojo-1.8.1/dojox/dtl/_base.js.uncompressed.js':[
441,
],
'project:dojo-1.8.1/dojox/dtl/dom.js.uncompressed.js':[
61,
91,
99,
109,
132,
228,
],
'project:dojo-1.8.1/dojox/editor/plugins/Blockquote.js.uncompressed.js':[
194,
447,
],
'project:dojo-1.8.1/dojox/editor/plugins/NormalizeIndentOutdent.js.uncompressed.js':[
278,
686,
],
'project:dojo-1.8.1/dojox/encoding/ascii85.js.uncompressed.js':[
45,
],
'project:dojo-1.8.1/dojox/flash/_base.js.uncompressed.js':[
286,
],
'project:dojo-1.8.1/dojox/form/ListInput.js.uncompressed.js':[
259,
621,
673,
738,
],
'project:dojo-1.8.1/dojox/fx/Timeline.js.uncompressed.js':[
110,
],
'project:dojo-1.8.1/dojox/gantt/GanttTaskControl.js.uncompressed.js':[
486,
],
'project:dojo-1.8.1/dojox/gauges/_Gauge.js.uncompressed.js':[
146,
223,
],
'project:dojo-1.8.1/dojox/gfx.js.uncompressed.js':[
125,
],
'project:dojo-1.8.1/dojox/gfx/_base.js.uncompressed.js':[
123,
],
'project:dojo-1.8.1/dojox/gfx/canvasWithEvents.js.uncompressed.js':[
32,
45,
160,
],
'project:dojo-1.8.1/dojox/gfx/vml_attach.js.uncompressed.js':[
109,
122,
],
'project:dojo-1.8.1/dojox/gfx3d/object.js.uncompressed.js':[
26,
],
'project:dojo-1.8.1/dojox/grid/DataGrid.js.uncompressed.js':[
278,
1891,
5849,
5873,
5889,
5909,
6093,
7788,
8015,
8368,
8422,
8841,
11293,
],
'project:dojo-1.8.1/dojox/grid/EnhancedGrid.js.uncompressed.js':[
134,
],
'project:dojo-1.8.1/dojox/grid/LazyTreeGrid.js.uncompressed.js':[
108,
140,
142,
],
'project:dojo-1.8.1/dojox/grid/TreeSelection.js.uncompressed.js':[
97,
98,
],
'project:dojo-1.8.1/dojox/grid/_Builder.js.uncompressed.js':[
265,
319,
738,
],
'project:dojo-1.8.1/dojox/grid/enhanced/plugins/IndirectSelection.js.uncompressed.js':[
238,
401,
],
'project:dojo-1.8.1/dojox/help/_base.js.uncompressed.js':[
38,
43,
87,
407,
420,
429,
],
'project:dojo-1.8.1/dojox/help/console.js.uncompressed.js':[
31,
],
'project:dojo-1.8.1/dojox/highlight/_base.js.uncompressed.js':[
380,
],
'project:dojo-1.8.1/dojox/html/format.js.uncompressed.js':[
427,
433,
],
'project:dojo-1.8.1/dojox/html/metrics.js.uncompressed.js':[
93,
],
'project:dojo-1.8.1/dojox/html/styles.js.uncompressed.js':[
66,
],
'project:dojo-1.8.1/dojox/io/OAuth.js.uncompressed.js':[
46,
],
'project:dojo-1.8.1/dojox/json/ref.js.uncompressed.js':[
325,
330,
],
'project:dojo-1.8.1/dojox/lang/aspect/cflow.js.uncompressed.js':[
31,
],
'project:dojo-1.8.1/dojox/math/BigInteger-ext.js.uncompressed.js':[
69,
],
'project:dojo-1.8.1/dojox/math/BigInteger.js.uncompressed.js':[
144,
],
'project:dojo-1.8.1/dojox/math/matrix.js.uncompressed.js':[
209,
214,
],
'project:dojo-1.8.1/dojox/mobile.js.uncompressed.js':[
4115,
],
'project:dojo-1.8.1/dojox/mobile/Carousel.js.uncompressed.js':[
186,
],
'project:dojo-1.8.1/dojox/mobile/ScrollableView.js.uncompressed.js':[
113,
],
'project:dojo-1.8.1/dojox/mobile/_EditableIconMixin.js.uncompressed.js':[
266,
],
'project:dojo-1.8.1/dojox/mobile/_compat.js.uncompressed.js':[
422,
427,
430,
513,
515,
],
'project:dojo-1.8.1/dojox/mobile/app.js.uncompressed.js':[
333,
2079,
2139,
8134,
12879,
],
'project:dojo-1.8.1/dojox/mobile/app/ImageThumbView.js.uncompressed.js':[
217,
],
'project:dojo-1.8.1/dojox/mobile/bookmarkable.js.uncompressed.js':[
87,
105,
],
'project:dojo-1.8.1/dojox/mobile/dh/JsonContentHandler.js.uncompressed.js':[
162,
165,
191,
193,
],
'project:dojo-1.8.1/dojox/mobile/migrationAssist.js.uncompressed.js':[
383,
385,
],
'project:dojo-1.8.1/dojox/mobile/parser.js.uncompressed.js':[
58,
118,
],
'project:dojo-1.8.1/dojox/mvc/StatefulModel.js.uncompressed.js':[
485,
],
'project:dojo-1.8.1/dojox/mvc/_InlineTemplateMixin.js.uncompressed.js':[
19,
],
'project:dojo-1.8.1/dojox/mvc/_atBindingMixin.js.uncompressed.js':[
147,
],
'project:dojo-1.8.1/dojox/sql/_base.js.uncompressed.js':[
481,
],
'project:dojo-1.8.1/dojox/string/BidiEngine.js.uncompressed.js':[
438,
572,
578,
],
'project:dojo-1.8.1/dojox/treemap/TreeMap.js.uncompressed.js':[
734,
],
'project:dojo-1.8.1/dojox/treemap/_utils.js.uncompressed.js':[
176,
],
'project:dojo-1.8.1/dojox/validate/check.js.uncompressed.js':[
118,
126,
134,
142,
150,
158,
188,
225,
226,
227,
228,
230,
231,
241,
249,
288,
],
'project:dojo-1.8.1/dojox/widget/Pager.js.uncompressed.js':[
416,
479,
],
'project:dojo-1.8.1/dojox/wire/_base.js.uncompressed.js':[
73,
],
'project:dojo-1.8.1/dojox/xmpp/RosterService.js.uncompressed.js':[
124,
180,
],
'project:dojo-1.8.1/dojox/xmpp/TransportSession.js.uncompressed.js':[
365,
],
'project:ecmascript6/Ghost/core/server/utils/downzero.js':[
79,
87,
],
'project:ecmascript6/Ghost/core/test/utils/api.js':[
60,
],
'project:ecmascript6/di.js/chrome-extension/visualize/lib/angular.js':[
913,
6678,
7595,
9552,
12110,
12177,
20335,
],
'project:ecmascript6/di.js/chrome-extension/visualize/lib/d3.v3.js':[
1998,
2009,
2823,
4209,
4232,
4250,
4484,
5871,
6722,
],
'project:ecmascript6/di.js/example/angular-loader/loader.js':[
12,
18,
],
'project:ecmascript6/di.js/example/angular-loader/traceur.js':[
11341,
14432,
15421,
16754,
17304,
17324,
17715,
17734,
18557,
],
'project:ecmascript6/di.js/src/injector.js':[
76,
],
'project:ecmascript6/di.js/visualize/lib/angular.js':[
913,
6678,
7595,
9552,
12110,
12177,
20335,
],
'project:ecmascript6/di.js/visualize/lib/d3.v3.js':[
1998,
2009,
2823,
4209,
4232,
4250,
4484,
5871,
6722,
],
'project:ecmascript6/react-router/modules/isActive.js':[
19,
],
'project:ecmascript6/router/src/navigationPlan.js':[
86,
],
'project:ecmascript6/router/third_party/brick/brick-1.0.1.byob.js':[
162,
1989,
2240,
2337,
2342,
2502,
],
'project:ecmascript6/router/third_party/route-recognizer.js':[
340,
398,
426,
],
'project:frameworks/wordpress/bookmarklet.js':[
133,
],
'project:frameworks/wordpress/password-strength-meter.js':[
45,
],
'project:google-closure-library/cssom/iframe/style.js':[
337,
],
'project:google-closure-library/debug/debug.js':[
82,
139,
],
'project:google-closure-library/dom/browserrange/ierange.js':[
549,
660,
],
'project:google-closure-library/dom/forms.js':[
79,
],
'project:google-closure-library/editor/plugins/removeformatting.js':[
630,
643,
652,
669,
678,
694,
],
'project:google-closure-library/editor/table.js':[
323,
],
'project:google-closure-library/events/events.js':[
457,
],
'project:google-closure-library/format/emailaddress.js':[
267,
],
'project:google-closure-library/format/jsonprettyprinter.js':[
168,
],
'project:google-closure-library/fx/draglistgroup.js':[
882,
1009,
],
'project:google-closure-library/i18n/datetimeparse.js':[
338,
363,
368,
],
'project:google-closure-library/i18n/numberformat.js':[
291,
661,
],
'project:google-closure-library/iter/iter.js':[
120,
432,
],
'project:google-closure-library/math/rangeset.js':[
293,
320,
],
'project:google-closure-library/net/xpc/iframepollingtransport.js':[
316,
],
'project:google-closure-library/proto2/message.js':[
770,
777,
],
'project:google-closure-library/proto2/pbliteserializer.js':[
99,
],
'project:google-closure-library/string/path.js':[
113,
],
'project:google-closure-library/testing/asserts.js':[
627,
644,
],
'project:google-closure-library/testing/dom.js':[
486,
493,
497,
516,
],
'project:google-closure-library/tweak/registry.js':[
243,
246,
],
'project:google-closure-library/ui/combobox.js':[
807,
],
'project:google-closure-library/ui/keyboardshortcuthandler.js':[
579,
582,
585,
588,
],
'project:google-closure-library/ui/richtextspellchecker.js':[
202,
373,
535,
552,
],
'project:jquery-1.7.2.js':[
360,
2021,
3044,
4194,
4208,
6382,
6513,
],
'project:jshint-2012.06.15.js':[
2620,
],
'project:jstorage-0.3.0.js':[
585,
],
'project:mootools-core-1.4.5-full-nocompat.js':[
550,
1455,
1471,
2035,
2140,
2236,
2241,
2408,
2452,
2733,
3788,
],
'project:ocanvas-2.2.2.js':[
377,
1676,
4642,
4647,
],
'project:open-layers-2.12/OpenLayers/Control/Graticule.js':[
337,
],
'project:open-layers-2.12/OpenLayers/Control/SelectFeature.js':[
578,
],
'project:open-layers-2.12/OpenLayers/Format/ArcXML.js':[
348,
],
'project:open-layers-2.12/OpenLayers/Format/GeoRSS.js':[
328,
],
'project:open-layers-2.12/OpenLayers/Format/KML.js':[
230,
377,
],
'project:open-layers-2.12/OpenLayers/Format/OSM.js':[
150,
],
'project:open-layers-2.12/OpenLayers/Geometry/Collection.js':[
310,
],
'project:open-layers-2.12/OpenLayers/Geometry/LineString.js':[
98,
104,
108,
220,
224,
],
'project:open-layers-2.12/OpenLayers/Geometry/LinearRing.js':[
333,
347,
351,
],
'project:open-layers-2.12/OpenLayers/Layer/GeoRSS.js':[
173,
],
'project:open-layers-2.12/OpenLayers/Layer/Grid.js':[
774,
],
'project:open-layers-2.12/OpenLayers/Layer/Vector.js':[
590,
],
'project:open-layers-2.12/OpenLayers/Renderer/Canvas.js':[
855,
],
'project:open-layers-2.12/OpenLayers/Util.js':[
1581,
],
'project:paper-0.22.js':[
3496,
4877,
4881,
4886,
],
'project:processing-1.3.6.js':[
546,
7941,
9054,
9178,
9398,
9409,
9534,
9582,
9962,
9977,
],
'project:prototype-1.7.js':[
2089,
3004,
3048,
4176,
5033,
],
'project:qunit-1.8.0.js':[
808,
1183,
1751,
],
'project:scriptaculous-1.9.0/dragdrop.js':[
847,
],
'project:yui-3.7.3/array-extras/array-extras.js':[
106,
109,
],
'project:yui-3.7.3/charts-base/charts-base.js':[
3733,
4355,
4885,
6122,
6389,
6896,
7424,
10027,
10368,
11715,
13981,
15950,
],
'project:yui-3.7.3/dataschema-json/dataschema-json.js':[
378,
],
'project:yui-3.7.3/event-key/event-key.js':[
58,
],
'project:yui-3.7.3/get/get.js':[
582,
685,
],
'project:yui-3.7.3/graphics/graphics.js':[
115,
],
'project:yui-3.7.3/handlebars-compiler/handlebars-compiler.js':[
767,
],
'project:yui-3.7.3/imageloader/imageloader.js':[
348,
],
'project:yui-3.7.3/intl-base/intl-base.js':[
65,
],
'project:yui-3.7.3/loader-base/loader-base.js':[
2628,
2644,
2662,
],
'project:yui-3.7.3/loader-rollup/loader-rollup.js':[
59,
],
'project:yui-3.7.3/loader/loader.js':[
2628,
2644,
2662,
2829,
],
'project:yui-3.7.3/selector-css2/selector-css2.js':[
174,
],
'project:yui-3.7.3/simpleyui/simpleyui.js':[
671,
997,
2859,
2893,
4417,
4520,
5518,
19384,
],
'project:yui-3.7.3/view/view.js':[
213,
218,
229,
],
'project:yui-3.7.3/yui-base/yui-base.js':[
671,
997,
2859,
2893,
4417,
4520,
5518,
],
'project:yui-3.7.3/yui-core/yui-core.js':[
671,
997,
2859,
2893,
],
'project:yui-3.7.3/yui-nodejs/yui-nodejs.js':[
671,
997,
2859,
2893,
4439,
7357,
7373,
7391,
7558,
],
'project:yui-3.7.3/yui/yui.js':[
671,
997,
2859,
2893,
4417,
4520,
5518,
8356,
8372,
8390,
8557,
],
}
