{
'project:amplify-1.1.0.js':[
181,
231,
248,
547,
583,
],
'project:angular-1.0.3.js':[
762,
7225,
8977,
8978,
8979,
],
'project:dojo-1.8.1/dijit/Dialog.js.uncompressed.js':[
599,
],
'project:dojo-1.8.1/dijit/_editor/RichText.js.uncompressed.js':[
746,
],
'project:dojo-1.8.1/dijit/dijit-all.js.uncompressed.js':[
12353,
29573,
],
'project:dojo-1.8.1/dijit/dijit.js.uncompressed.js':[
4230,
6516,
6577,
],
'project:dojo-1.8.1/dijit/form/_FormWidgetMixin.js.uncompressed.js':[
138,
],
'project:dojo-1.8.1/dojo/_base/connect.js.uncompressed.js':[
10,
],
'project:dojo-1.8.1/dojo/_base/lang.js.uncompressed.js':[
29,
],
'project:dojo-1.8.1/dojo/_firebug/firebug.js.uncompressed.js':[
64,
],
'project:dojo-1.8.1/dojo/dojo.js.uncompressed.js':[
683,
1687,
1841,
3246,
10737,
11680,
12034,
12037,
12116,
14677,
14944,
14946,
15412,
15435,
17304,
17346,
],
'project:dojo-1.8.1/dojo/dom-prop.js.uncompressed.js':[
167,
],
'project:dojo-1.8.1/dojo/domReady.js.uncompressed.js':[
47,
50,
],
'project:dojo-1.8.1/dojo/i18n.js.uncompressed.js':[
484,
],
'project:dojo-1.8.1/dojo/on.js.uncompressed.js':[
451,
474,
],
'project:dojo-1.8.1/dojo/parser.js.uncompressed.js':[
600,
661,
],
'project:dojo-1.8.1/dojo/ready.js.uncompressed.js':[
107,
],
'project:dojo-1.8.1/dojo/request/watch.js.uncompressed.js':[
95,
97,
],
'project:dojo-1.8.1/dojo/request/xhr.js.uncompressed.js':[
309,
],
'project:dojo-1.8.1/dojo/selector/_loader.js.uncompressed.js':[
14,
],
'project:dojo-1.8.1/dojox/app/main.js.uncompressed.js':[
308,
],
'project:dojo-1.8.1/dojox/atom/widget/FeedViewer.js.uncompressed.js':[
237,
],
'project:dojo-1.8.1/dojox/calc/Standard.js.uncompressed.js':[
159,
180,
],
'project:dojo-1.8.1/dojox/data/CssRuleStore.js.uncompressed.js':[
59,
],
'project:dojo-1.8.1/dojox/dtl/dom.js.uncompressed.js':[
1007,
],
'project:dojo-1.8.1/dojox/dtl/filter/strings.js.uncompressed.js':[
244,
],
'project:dojo-1.8.1/dojox/editor/plugins/AutoUrlLink.js.uncompressed.js':[
119,
161,
172,
],
'project:dojo-1.8.1/dojox/editor/plugins/ResizeTableColumn.js.uncompressed.js':[
217,
],
'project:dojo-1.8.1/dojox/editor/plugins/_SpellCheckParser.js.uncompressed.js':[
35,
38,
],
'project:dojo-1.8.1/dojox/embed/Flash.js.uncompressed.js':[
76,
100,
337,
],
'project:dojo-1.8.1/dojox/embed/Quicktime.js.uncompressed.js':[
60,
],
'project:dojo-1.8.1/dojox/encoding/base64.js.uncompressed.js':[
48,
],
'project:dojo-1.8.1/dojox/form/FilePickerTextBox.js.uncompressed.js':[
264,
],
'project:dojo-1.8.1/dojox/form/ListInput.js.uncompressed.js':[
359,
],
'project:dojo-1.8.1/dojox/form/uploader/plugins/HTML5.js.uncompressed.js':[
175,
],
'project:dojo-1.8.1/dojox/gfx/VectorText.js.uncompressed.js':[
270,
],
'project:dojo-1.8.1/dojox/grid/DataGrid.js.uncompressed.js':[
3243,
8093,
8133,
8138,
12164,
12183,
],
'project:dojo-1.8.1/dojox/grid/EnhancedGrid.js.uncompressed.js':[
117,
203,
],
'project:dojo-1.8.1/dojox/grid/LazyTreeGrid.js.uncompressed.js':[
50,
],
'project:dojo-1.8.1/dojox/grid/_Builder.js.uncompressed.js':[
30,
35,
],
'project:dojo-1.8.1/dojox/grid/_FocusManager.js.uncompressed.js':[
106,
125,
],
'project:dojo-1.8.1/dojox/grid/cells/_base.js.uncompressed.js':[
352,
],
'project:dojo-1.8.1/dojox/grid/enhanced/_FocusManager.js.uncompressed.js':[
147,
565,
],
'project:dojo-1.8.1/dojox/grid/enhanced/plugins/NestedSorting.js.uncompressed.js':[
554,
631,
],
'project:dojo-1.8.1/dojox/grid/enhanced/plugins/Pagination.js.uncompressed.js':[
155,
],
'project:dojo-1.8.1/dojox/grid/enhanced/plugins/Selector.js.uncompressed.js':[
89,
97,
1468,
],
'project:dojo-1.8.1/dojox/grid/enhanced/plugins/filter/FilterBar.js.uncompressed.js':[
31,
312,
],
'project:dojo-1.8.1/dojox/grid/enhanced/plugins/filter/FilterDefDialog.js.uncompressed.js':[
602,
972,
],
'project:dojo-1.8.1/dojox/html/ellipsis.js.uncompressed.js':[
46,
],
'project:dojo-1.8.1/dojox/html/metrics.js.uncompressed.js':[
171,
],
'project:dojo-1.8.1/dojox/image/SlideShow.js.uncompressed.js':[
129,
133,
],
'project:dojo-1.8.1/dojox/io/windowName.js.uncompressed.js':[
70,
175,
],
'project:dojo-1.8.1/dojox/mobile/app.js.uncompressed.js':[
3527,
],
'project:dojo-1.8.1/dojox/mvc/_Controller.js.uncompressed.js':[
33,
],
'project:dojo-1.8.1/dojox/mvc/parserExtension.js.uncompressed.js':[
19,
20,
],
'project:dojo-1.8.1/dojox/mvc/resolve.js.uncompressed.js':[
28,
],
'project:dojo-1.8.1/dojox/rpc/JsonRest.js.uncompressed.js':[
177,
],
'project:dojo-1.8.1/dojox/sketch/Figure.js.uncompressed.js':[
436,
],
'project:dojo-1.8.1/dojox/sql/_base.js.uncompressed.js':[
283,
342,
],
'project:dojo-1.8.1/dojox/widget/FilePicker.js.uncompressed.js':[
100,
],
'project:dojo-1.8.1/dojox/widget/FisheyeListItem.js.uncompressed.js':[
34,
],
'project:dojo-1.8.1/dojox/widget/Pager.js.uncompressed.js':[
271,
],
'project:dojo-1.8.1/dojox/widget/RollingList.js.uncompressed.js':[
136,
423,
428,
1061,
1107,
],
'project:dojo-1.8.1/dojox/xmpp/util.js.uncompressed.js':[
108,
],
'project:ecmascript6/Ghost/core/client/app/components/gh-search-input.js':[
52,
],
'project:ecmascript6/di.js/chrome-extension/visualize/lib/angular.js':[
1059,
7869,
7870,
7871,
9375,
],
'project:ecmascript6/di.js/chrome-extension/visualize/lib/d3.v3.js':[
7063,
7064,
],
'project:ecmascript6/di.js/example/angular-loader/traceur.js':[
9037,
9058,
15428,
],
'project:ecmascript6/di.js/visualize/lib/angular.js':[
1059,
7869,
7870,
7871,
9375,
],
'project:ecmascript6/di.js/visualize/lib/d3.v3.js':[
7063,
7064,
],
'project:ecmascript6/react-router/modules/deprecateObjectProperties.js':[
11,
],
'project:ecmascript6/reddit-mobile/index.js':[
116,
116,
],
'project:ecmascript6/redux/test/createStore.spec.js':[
32,
193,
194,
240,
241,
256,
270,
271,
272,
],
'project:ecmascript6/redux/test/utils/applyMiddleware.spec.js':[
16,
40,
],
'project:ecmascript6/snoode/src/endpoints/v1.es6.js':[
1183,
1318,
],
'project:es5-shim-2.0.5.js':[
666,
],
'project:frameworks/wordpress/common.js':[
847,
855,
],
'project:frameworks/wordpress/editor-expand.js':[
105,
187,
],
'project:frameworks/wordpress/media-upload.js':[
32,
],
'project:frameworks/wordpress/press-this.js':[
79,
195,
589,
],
'project:frameworks/wordpress/svg-painter.js':[
211,
],
'project:frameworks/wordpress/user-profile.js':[
109,
],
'project:google-closure-library/base.js':[
906,
],
'project:google-closure-library/debug/fancywindow.js':[
64,
],
'project:google-closure-library/graphics/vmlgraphics.js':[
452,
],
'project:google-closure-library/json/json.js':[
90,
],
'project:google-closure-library/net/xpc/nixtransport.js':[
156,
],
'project:google-closure-library/reflect/reflect.js':[
75,
],
'project:google-closure-library/storage/mechanism/html5localstorage.js':[
39,
],
'project:google-closure-library/storage/mechanism/html5sessionstorage.js':[
41,
],
'project:google-closure-library/storage/mechanism/html5webstorage.js':[
66,
],
'project:google-closure-library/testing/asserts.js':[
121,
],
'project:google-closure-library/testing/testcase.js':[
807,
],
'project:google-closure-library/ui/abstractspellchecker.js':[
450,
],
'project:google-closure-library/ui/ac/remotearraymatcher.js':[
198,
],
'project:google-closure-library/ui/datepicker.js':[
839,
840,
946,
],
'project:google-closure-library/ui/drilldownrow.js':[
331,
],
'project:google-closure-library/ui/tabpane.js':[
429,
],
'project:jquery-1.7.2.js':[
481,
538,
2002,
2247,
4351,
5139,
5166,
5223,
5959,
6658,
8152,
8158,
8235,
8291,
9070,
],
'project:jstorage-0.3.0.js':[
150,
241,
245,
508,
512,
556,
],
'project:mootools-core-1.4.5-full-nocompat.js':[
748,
760,
1084,
1799,
1814,
1822,
1832,
1838,
1849,
1855,
1861,
1867,
1875,
1884,
2278,
2903,
3208,
4341,
5813,
],
'project:open-layers-2.12/OpenLayers/Map.js':[
1424,
],
'project:open-layers-2.12/OpenLayers/Request/XMLHttpRequest.js':[
383,
384,
385,
386,
],
'project:open-layers-2.12/OpenLayers/Util.js':[
332,
606,
],
'project:open-layers-2.12/deprecated.js':[
346,
3067,
3079,
4134,
4145,
],
'project:paper-0.22.js':[
80,
95,
174,
3040,
],
'project:prototype-1.7.js':[
76,
714,
1458,
2763,
4264,
4374,
4796,
5150,
],
'project:scriptaculous-1.9.0/builder.js':[
35,
60,
],
'project:scriptaculous-1.9.0/effects.js':[
62,
],
'project:sizzle-1.8.2.js':[
1600,
1623,
1645,
],
'project:yui-3.7.3/anim-base/anim-base.js':[
190,
],
'project:yui-3.7.3/cache-base/cache-base.js':[
382,
],
'project:yui-3.7.3/cache-offline/cache-offline.js':[
33,
151,
297,
300,
],
'project:yui-3.7.3/dataschema-base/dataschema-base.js':[
61,
],
'project:yui-3.7.3/dataschema-json/dataschema-json.js':[
338,
],
'project:yui-3.7.3/dataschema-xml/dataschema-xml.js':[
168,
201,
],
'project:yui-3.7.3/datasource-get/datasource-get.js':[
78,
],
'project:yui-3.7.3/datatype-xml-parse/datatype-xml-parse.js':[
47,
52,
],
'project:yui-3.7.3/dom-attrs/dom-attrs.js':[
200,
],
'project:yui-3.7.3/dom-base/dom-base.js':[
204,
],
'project:yui-3.7.3/dom-core/dom-core.js':[
30,
],
'project:yui-3.7.3/dom-screen/dom-screen.js':[
350,
],
'project:yui-3.7.3/dom-style-ie/dom-style-ie.js':[
224,
265,
275,
],
'project:yui-3.7.3/editor-base/editor-base.js':[
169,
448,
],
'project:yui-3.7.3/editor-br/editor-br.js':[
66,
],
'project:yui-3.7.3/editor-selection/editor-selection.js':[
692,
893,
],
'project:yui-3.7.3/event-base-ie/event-base-ie.js':[
41,
],
'project:yui-3.7.3/event-base/event-base.js':[
1082,
1308,
],
'project:yui-3.7.3/exec-command/exec-command.js':[
116,
120,
],
'project:yui-3.7.3/features/features.js':[
92,
],
'project:yui-3.7.3/frame/frame.js':[
91,
390,
513,
683,
707,
728,
],
'project:yui-3.7.3/get/get.js':[
594,
],
'project:yui-3.7.3/io-nodejs/io-nodejs.js':[
108,
],
'project:yui-3.7.3/loader-base/loader-base.js':[
2604,
],
'project:yui-3.7.3/loader/loader.js':[
2604,
],
'project:yui-3.7.3/node-base/node-base.js':[
947,
967,
],
'project:yui-3.7.3/node-core/node-core.js':[
225,
907,
936,
],
'project:yui-3.7.3/node-screen/node-screen.js':[
87,
106,
],
'project:yui-3.7.3/recordset-sort/recordset-sort.js':[
202,
],
'project:yui-3.7.3/resize-base/resize-base.js':[
927,
],
'project:yui-3.7.3/selector-native/selector-native.js':[
268,
],
'project:yui-3.7.3/simpleyui/simpleyui.js':[
196,
888,
2569,
4429,
5200,
6222,
6505,
7068,
8112,
8153,
8163,
8541,
9064,
12202,
12884,
12913,
14519,
14539,
15810,
16036,
16956,
16975,
],
'project:yui-3.7.3/stylesheet/stylesheet.js':[
454,
],
'project:yui-3.7.3/swf/swf.js':[
165,
],
'project:yui-3.7.3/swfdetect/swfdetect.js':[
66,
],
'project:yui-3.7.3/widget-autohide/widget-autohide.js':[
191,
],
'project:yui-3.7.3/yui-base/yui-base.js':[
196,
888,
2569,
4429,
5200,
],
'project:yui-3.7.3/yui-core/yui-core.js':[
196,
888,
2569,
],
'project:yui-3.7.3/yui-nodejs/yui-nodejs.js':[
196,
888,
2569,
4121,
7333,
],
'project:yui-3.7.3/yui/yui.js':[
196,
888,
2569,
4429,
5200,
8332,
],
}
