{
'project:dojo-1.8.1/dojox/analytics/Urchin.js.uncompressed.js':[
66,
66,
],
'project:dojo-1.8.1/dojox/atom/io/model.js.uncompressed.js':[
17,
18,
19,
20,
],
'project:dojo-1.8.1/dojox/data/FlickrRestStore.js.uncompressed.js':[
42,
410,
434,
],
'project:dojo-1.8.1/dojox/data/FlickrStore.js.uncompressed.js':[
263,
],
'project:dojo-1.8.1/dojox/data/GoogleFeedStore.js.uncompressed.js':[
25,
],
'project:dojo-1.8.1/dojox/data/GoogleSearchStore.js.uncompressed.js':[
64,
],
'project:dojo-1.8.1/dojox/data/PicasaStore.js.uncompressed.js':[
28,
],
'project:dojo-1.8.1/dojox/geo/openlayers/Map.js.uncompressed.js':[
273,
302,
],
'project:dojo-1.8.1/dojox/gfx/svg.js.uncompressed.js':[
56,
57,
],
'project:dojo-1.8.1/dojox/html/ellipsis.js.uncompressed.js':[
30,
],
'project:dojo-1.8.1/dojox/image/FlickrBadge.js.uncompressed.js':[
38,
],
'project:dojo-1.8.1/dojox/io/xhrPlugins.js.uncompressed.js':[
86,
],
'project:dojo-1.8.1/dojox/xml/parser.js.uncompressed.js':[
38,
],
'project:dojo-1.8.1/dojox/xmpp/ChatService.js.uncompressed.js':[
6,
],
'project:dojo-1.8.1/dojox/xmpp/xmppSession.js.uncompressed.js':[
13,
19,
21,
22,
],
'project:ecmascript6/Ghost/config.example.js':[
14,
34,
81,
106,
127,
],
'project:ecmascript6/Ghost/core/client/app/mirage/config.js':[
93,
],
'project:ecmascript6/Ghost/core/client/app/mirage/factories/user.js':[
24,
],
'project:ecmascript6/Ghost/core/client/app/utils/ghost-paths.js':[
31,
],
'project:ecmascript6/Ghost/core/client/tests/integration/components/gh-navigation-test.js':[
33,
],
'project:ecmascript6/Ghost/core/client/tests/integration/components/gh-navitem-test.js':[
18,
],
'project:ecmascript6/Ghost/core/client/tests/integration/components/gh-navitem-url-input-test.js':[
54,
60,
285,
286,
287,
326,
337,
420,
421,
422,
423,
],
'project:ecmascript6/Ghost/core/client/tests/integration/components/gh-tag-settings-form-test.js':[
15,
254,
],
'project:ecmascript6/Ghost/core/client/tests/unit/components/gh-navitem-url-input-test.js':[
21,
27,
33,
],
'project:ecmascript6/Ghost/core/client/tests/unit/components/gh-url-preview_test.js':[
20,
34,
],
'project:ecmascript6/Ghost/core/client/tests/unit/controllers/post-settings-menu-test.js':[
222,
226,
231,
235,
240,
244,
249,
254,
],
'project:ecmascript6/Ghost/core/client/tests/unit/controllers/settings/navigation-test.js':[
30,
31,
],
'project:ecmascript6/Ghost/core/client/tests/unit/validators/nav-item-test.js':[
74,
75,
76,
78,
79,
80,
83,
],
'project:ecmascript6/Ghost/core/server/api/authentication.js':[
276,
],
'project:ecmascript6/Ghost/core/server/config/index.js':[
449,
],
'project:ecmascript6/Ghost/core/server/data/meta/schema.js':[
20,
50,
64,
80,
],
'project:ecmascript6/Ghost/core/server/data/xml/rss/index.js':[
132,
133,
],
'project:ecmascript6/Ghost/core/server/data/xml/sitemap/base-generator.js':[
15,
16,
],
'project:ecmascript6/Ghost/core/server/data/xml/sitemap/index-generator.js':[
13,
],
'project:ecmascript6/Ghost/core/server/data/xml/xmlrpc.js':[
73,
],
'project:ecmascript6/Ghost/core/server/helpers/get.js':[
151,
],
'project:ecmascript6/Ghost/core/server/middleware/auth.js':[
90,
115,
134,
],
'project:ecmascript6/Ghost/core/server/models/plugins/filter.js':[
31,
],
'project:ecmascript6/Ghost/core/server/update-check.js':[
50,
],
'project:ecmascript6/Ghost/core/server/utils/parse-package-json.js':[
35,
44,
],
'project:ecmascript6/Ghost/core/server/utils/validate-themes.js':[
33,
45,
],
'project:ecmascript6/Ghost/core/test/functional/client/app_test.js':[
25,
92,
96,
100,
104,
],
'project:ecmascript6/Ghost/core/test/functional/client/editor_test.js':[
178,
],
'project:ecmascript6/Ghost/core/test/functional/routes/admin_spec.js':[
117,
155,
],
'project:ecmascript6/Ghost/core/test/functional/routes/api/public_api_spec.js':[
204,
],
'project:ecmascript6/Ghost/core/test/functional/routes/api/users_spec.js':[
319,
],
'project:ecmascript6/Ghost/core/test/functional/routes/frontend_spec.js':[
793,
799,
869,
875,
955,
],
'project:ecmascript6/Ghost/core/test/integration/api/api_configuration_spec.js':[
25,
],
'project:ecmascript6/Ghost/core/test/integration/model/model_users_spec.js':[
118,
126,
392,
395,
425,
],
'project:ecmascript6/Ghost/core/test/unit/config_spec.js':[
30,
51,
95,
98,
103,
106,
109,
112,
117,
120,
170,
177,
178,
178,
179,
179,
183,
192,
201,
203,
210,
212,
214,
216,
218,
220,
222,
224,
230,
232,
234,
236,
242,
244,
246,
248,
254,
256,
258,
260,
262,
264,
273,
275,
277,
279,
283,
290,
292,
294,
296,
303,
305,
307,
309,
316,
320,
322,
323,
324,
331,
340,
347,
347,
349,
350,
352,
353,
355,
356,
367,
368,
369,
371,
377,
379,
382,
434,
438,
443,
444,
448,
453,
454,
458,
463,
464,
467,
472,
473,
476,
481,
484,
489,
577,
580,
583,
586,
589,
592,
595,
598,
631,
670,
683,
696,
],
'project:ecmascript6/Ghost/core/test/unit/ghost_url_spec.js':[
13,
95,
114,
133,
],
'project:ecmascript6/Ghost/core/test/unit/importer_spec.js':[
427,
],
'project:ecmascript6/Ghost/core/test/unit/mail_spec.js':[
171,
175,
179,
218,
],
'project:ecmascript6/Ghost/core/test/unit/metadata/canonical_url_spec.js':[
36,
],
'project:ecmascript6/Ghost/core/test/unit/metadata/next_url_spec.js':[
33,
],
'project:ecmascript6/Ghost/core/test/unit/metadata/previous_url_spec.js':[
43,
],
'project:ecmascript6/Ghost/core/test/unit/metadata/rss_url_spec.js':[
17,
24,
],
'project:ecmascript6/Ghost/core/test/unit/metadata/schema_spec.js':[
11,
12,
14,
17,
25,
32,
37,
39,
40,
46,
49,
59,
61,
79,
84,
91,
100,
101,
108,
111,
113,
122,
123,
133,
136,
139,
148,
149,
155,
160,
165,
166,
],
'project:ecmascript6/Ghost/core/test/unit/metadata/structured_data_spec.js':[
13,
16,
26,
30,
33,
35,
46,
60,
63,
],
'project:ecmascript6/Ghost/core/test/unit/metadata/url_spec.js':[
24,
45,
52,
64,
70,
90,
],
'project:ecmascript6/Ghost/core/test/unit/middleware/authentication_spec.js':[
132,
378,
443,
449,
465,
471,
],
'project:ecmascript6/Ghost/core/test/unit/middleware/check-ssl_spec.js':[
20,
71,
86,
93,
107,
114,
131,
138,
151,
158,
172,
173,
179,
193,
],
'project:ecmascript6/Ghost/core/test/unit/middleware/theme-handler_spec.js':[
99,
107,
],
'project:ecmascript6/Ghost/core/test/unit/middleware/uncapitalise_spec.js':[
38,
48,
64,
74,
90,
100,
],
'project:ecmascript6/Ghost/core/test/unit/rss_spec.js':[
68,
218,
277,
349,
411,
428,
],
'project:ecmascript6/Ghost/core/test/unit/server_helpers/asset_spec.js':[
70,
],
'project:ecmascript6/Ghost/core/test/unit/server_helpers/ghost_head_spec.js':[
52,
246,
290,
334,
408,
478,
545,
654,
682,
707,
734,
],
'project:ecmascript6/Ghost/core/test/unit/server_helpers/image_spec.js':[
18,
56,
73,
101,
106,
113,
],
'project:ecmascript6/Ghost/core/test/unit/server_helpers/page_url_spec.js':[
47,
115,
],
'project:ecmascript6/Ghost/core/test/unit/server_helpers/url_spec.js':[
20,
64,
75,
86,
131,
139,
144,
147,
152,
155,
160,
164,
169,
173,
178,
181,
240,
242,
245,
249,
255,
],
'project:ecmascript6/Ghost/core/test/unit/showdown_client_integrated_spec.js':[
197,
201,
],
'project:ecmascript6/Ghost/core/test/unit/sitemap_spec.js':[
300,
303,
],
'project:ecmascript6/Ghost/core/test/unit/xmlrpc_spec.js':[
31,
32,
],
'project:ecmascript6/Ghost/core/test/utils/fixtures/data-generator.js':[
26,
],
'project:ecmascript6/Ghost/core/test/utils/fixtures/filter-param/index.js':[
54,
61,
],
'project:ecmascript6/di.js/chrome-extension/visualize/lib/d3.v3.js':[
548,
549,
550,
551,
552,
],
'project:ecmascript6/di.js/visualize/lib/d3.v3.js':[
548,
549,
550,
551,
552,
],
'project:ecmascript6/react-router/examples/master-detail/ContactStore.js':[
1,
],
'project:ecmascript6/reddit-mobile/src/config.es6.js':[
31,
35,
36,
38,
44,
],
'project:ecmascript6/redux/examples/real-world/middleware/api.js':[
20,
],
'project:ecmascript6/templating/protractor-shared.conf.js':[
4,
],
'project:ecmascript6/templating/protractor.conf.js':[
3,
],
'project:ecmascript6/templating/test/example/video.spec.js':[
22,
],
'project:frameworks/wordpress/press-this.js':[
401,
404,
],
'project:frameworks/wordpress/svg-painter.js':[
16,
],
'project:google-closure-library/demos/autocompleterichremotedata.js':[
19,
20,
25,
26,
29,
30,
31,
],
'project:google-closure-library/dom/dom_test.js':[
231,
],
'project:google-closure-library/graphics/svggraphics.js':[
102,
545,
],
'project:google-closure-library/ui/equation/imagerenderer.js':[
37,
],
'project:google-closure-library/ui/media/flickr.js':[
118,
291,
],
'project:google-closure-library/ui/media/googlevideo.js':[
254,
270,
],
'project:google-closure-library/ui/media/mp3.js':[
120,
],
'project:google-closure-library/ui/media/picasa.js':[
234,
240,
295,
],
'project:google-closure-library/ui/media/vimeo.js':[
249,
263,
],
'project:google-closure-library/ui/media/youtube.js':[
312,
330,
350,
],
'project:google-closure-library/ui/serverchart.js':[
191,
199,
],
'project:open-layers-2.12/OpenLayers/Format/Atom.js':[
30,
31,
329,
],
'project:open-layers-2.12/OpenLayers/Format/CSWGetDomain/v2_0_2.js':[
27,
28,
29,
],
'project:open-layers-2.12/OpenLayers/Format/CSWGetRecords/v2_0_2.js':[
30,
31,
32,
33,
34,
35,
36,
37,
38,
],
'project:open-layers-2.12/OpenLayers/Format/Filter/v1.js':[
25,
26,
27,
28,
],
'project:open-layers-2.12/OpenLayers/Format/Filter/v1_0_0.js':[
32,
],
'project:open-layers-2.12/OpenLayers/Format/Filter/v1_1_0.js':[
39,
],
'project:open-layers-2.12/OpenLayers/Format/GML.js':[
32,
69,
642,
],
'project:open-layers-2.12/OpenLayers/Format/GML/Base.js':[
33,
34,
35,
36,
],
'project:open-layers-2.12/OpenLayers/Format/GPX.js':[
64,
65,
],
'project:open-layers-2.12/OpenLayers/Format/GeoRSS.js':[
29,
36,
43,
50,
],
'project:open-layers-2.12/OpenLayers/Format/KML.js':[
33,
34,
41,
438,
479,
],
'project:open-layers-2.12/OpenLayers/Format/OGCExceptionReport.js':[
24,
],
'project:open-layers-2.12/OpenLayers/Format/OWSCommon/v1_0_0.js':[
24,
25,
],
'project:open-layers-2.12/OpenLayers/Format/OWSCommon/v1_1_0.js':[
24,
25,
],
'project:open-layers-2.12/OpenLayers/Format/OWSContext/v0_3_1.js':[
30,
31,
32,
33,
34,
35,
36,
37,
86,
],
'project:open-layers-2.12/OpenLayers/Format/SLD/v1.js':[
31,
32,
33,
34,
35,
],
'project:open-layers-2.12/OpenLayers/Format/SOSCapabilities/v1_0_0.js':[
27,
28,
29,
30,
],
'project:open-layers-2.12/OpenLayers/Format/SOSGetFeatureOfInterest.js':[
34,
35,
36,
37,
],
'project:open-layers-2.12/OpenLayers/Format/SOSGetObservation.js':[
26,
27,
28,
29,
30,
31,
32,
33,
],
'project:open-layers-2.12/OpenLayers/Format/WCSGetCoverage.js':[
24,
25,
26,
27,
],
'project:open-layers-2.12/OpenLayers/Format/WFS.js':[
31,
37,
],
'project:open-layers-2.12/OpenLayers/Format/WFSCapabilities/v1.js':[
25,
26,
27,
28,
],
'project:open-layers-2.12/OpenLayers/Format/WFSDescribeFeatureType.js':[
25,
],
'project:open-layers-2.12/OpenLayers/Format/WFST/v1.js':[
25,
26,
27,
28,
29,
30,
],
'project:open-layers-2.12/OpenLayers/Format/WFST/v1_0_0.js':[
42,
],
'project:open-layers-2.12/OpenLayers/Format/WFST/v1_1_0.js':[
35,
],
'project:open-layers-2.12/OpenLayers/Format/WMC/v1.js':[
25,
26,
27,
28,
29,
],
'project:open-layers-2.12/OpenLayers/Format/WMSCapabilities/v1.js':[
28,
29,
30,
],
'project:open-layers-2.12/OpenLayers/Format/WMTSCapabilities/v1_0_0.js':[
32,
33,
34,
],
'project:open-layers-2.12/OpenLayers/Format/WPSCapabilities/v1_0_0.js':[
26,
27,
28,
],
'project:open-layers-2.12/OpenLayers/Format/WPSDescribeProcess.js':[
32,
33,
34,
],
'project:open-layers-2.12/OpenLayers/Format/WPSExecute.js':[
26,
27,
28,
29,
30,
31,
32,
33,
],
'project:open-layers-2.12/OpenLayers/Format/XLS/v1.js':[
25,
26,
27,
],
'project:open-layers-2.12/OpenLayers/Lang/ca.js':[
36,
79,
],
'project:open-layers-2.12/OpenLayers/Lang/da-DK.js':[
38,
74,
],
'project:open-layers-2.12/OpenLayers/Lang/en.js':[
36,
79,
],
'project:open-layers-2.12/OpenLayers/Lang/es.js':[
36,
80,
],
'project:open-layers-2.12/OpenLayers/Lang/it.js':[
36,
72,
],
'project:open-layers-2.12/OpenLayers/Lang/nb.js':[
36,
],
'project:open-layers-2.12/OpenLayers/Lang/pl.js':[
40,
83,
],
'project:open-layers-2.12/OpenLayers/Lang/zh-CN.js':[
36,
72,
],
'project:open-layers-2.12/OpenLayers/Lang/zh-TW.js':[
37,
],
'project:open-layers-2.12/OpenLayers/Layer/Bing.js':[
148,
],
'project:open-layers-2.12/OpenLayers/Renderer/SVG.js':[
22,
28,
76,
],
'project:open-layers-2.12/deprecated.js':[
2221,
2323,
2324,
4873,
4879,
4918,
],
'project:yui-3.7.3/features/features.js':[
217,
229,
241,
254,
266,
276,
],
'project:yui-3.7.3/graphics-svg/graphics-svg.js':[
1100,
3353,
],
'project:yui-3.7.3/loader-yui3/loader-yui3.js':[
1432,
1448,
1461,
1478,
1491,
1505,
],
'project:yui-3.7.3/loader/loader.js':[
4301,
4317,
4330,
4347,
4360,
4374,
],
'project:yui-3.7.3/simpleyui/simpleyui.js':[
164,
5325,
5337,
5349,
5362,
5374,
5384,
6347,
6359,
6371,
6384,
6396,
6406,
],
'project:yui-3.7.3/slider-base/slider-base.js':[
632,
633,
],
'project:yui-3.7.3/swf/swf.js':[
26,
],
'project:yui-3.7.3/yui-base/yui-base.js':[
164,
5325,
5337,
5349,
5362,
5374,
5384,
],
'project:yui-3.7.3/yui-core/yui-core.js':[
164,
],
'project:yui-3.7.3/yui-nodejs/yui-nodejs.js':[
164,
4246,
4258,
4270,
4283,
4295,
4305,
9030,
9046,
9059,
9076,
9089,
9103,
],
'project:yui-3.7.3/yui/yui.js':[
164,
5325,
5337,
5349,
5362,
5374,
5384,
10029,
10045,
10058,
10075,
10088,
10102,
],
}
