{
'project:angular-1.0.3.js':[
940,
1479,
1513,
1537,
1541,
1548,
1569,
1583,
1598,
1624,
1629,
1641,
1651,
1662,
1666,
2154,
2190,
2847,
2921,
3253,
3282,
3424,
3580,
4583,
4653,
4676,
4693,
4773,
4971,
5026,
5264,
5332,
5515,
5971,
6009,
6133,
6148,
6175,
6443,
6585,
6860,
7325,
7387,
7457,
8153,
8209,
8296,
8683,
9001,
9113,
9174,
9334,
10588,
14185,
14210,
14241,
],
'project:dojo-1.8.1/dijit/dijit-all.js.uncompressed.js':[
25861,
25886,
],
'project:dojo-1.8.1/dijit/dijit.js.uncompressed.js':[
2399,
4411,
],
'project:dojo-1.8.1/dijit/place.js.uncompressed.js':[
15,
],
'project:dojo-1.8.1/dojo/Evented.js.uncompressed.js':[
7,
],
'project:dojo-1.8.1/dojo/_base/connect.js.uncompressed.js':[
14,
],
'project:dojo-1.8.1/dojo/_base/declare.js.uncompressed.js':[
201,
],
'project:dojo-1.8.1/dojo/_base/lang.js.uncompressed.js':[
380,
],
'project:dojo-1.8.1/dojo/date/locale.js.uncompressed.js':[
498,
523,
],
'project:dojo-1.8.1/dojo/dojo.js.uncompressed.js':[
7110,
9841,
10847,
11076,
11083,
12467,
12850,
17350,
],
'project:dojo-1.8.1/dojo/dom-attr.js.uncompressed.js':[
35,
],
'project:dojo-1.8.1/dojo/dom-construct.js.uncompressed.js':[
41,
48,
],
'project:dojo-1.8.1/dojo/dom-style.js.uncompressed.js':[
188,
],
'project:dojo-1.8.1/dojo/hash.js.uncompressed.js':[
51,
56,
60,
64,
72,
88,
],
'project:dojo-1.8.1/dojo/request/script.js.uncompressed.js':[
58,
],
'project:dojo-1.8.1/dojo/touch.js.uncompressed.js':[
92,
],
'project:dojo-1.8.1/dojox/calc/toFrac.js.uncompressed.js':[
8,
23,
],
'project:dojo-1.8.1/dojox/charting/widget/Chart2D.js.uncompressed.js':[
5002,
5009,
5017,
5025,
5033,
5045,
6080,
8592,
],
'project:dojo-1.8.1/dojox/date/buddhist/locale.js.uncompressed.js':[
277,
303,
],
'project:dojo-1.8.1/dojox/date/hebrew/locale.js.uncompressed.js':[
326,
352,
],
'project:dojo-1.8.1/dojox/date/islamic/locale.js.uncompressed.js':[
277,
303,
],
'project:dojo-1.8.1/dojox/date/relative.js.uncompressed.js':[
22,
],
'project:dojo-1.8.1/dojox/date/timezone.js.uncompressed.js':[
299,
362,
399,
],
'project:dojo-1.8.1/dojox/encoding/crypto/Blowfish.js.uncompressed.js':[
175,
],
'project:dojo-1.8.1/dojox/encoding/crypto/SimpleAES.js.uncompressed.js':[
45,
71,
79,
89,
107,
115,
143,
148,
163,
239,
],
'project:dojo-1.8.1/dojox/encoding/digests/MD5.js.uncompressed.js':[
16,
17,
18,
19,
20,
21,
],
'project:dojo-1.8.1/dojox/encoding/digests/SHA1.js.uncompressed.js':[
17,
18,
24,
79,
],
'project:dojo-1.8.1/dojox/gfx/fx.js.uncompressed.js':[
7,
14,
22,
30,
38,
50,
],
'project:dojo-1.8.1/dojox/gfx/svg.js.uncompressed.js':[
19,
31,
39,
47,
],
'project:dojo-1.8.1/dojox/gfx/svg_attach.js.uncompressed.js':[
127,
],
'project:dojo-1.8.1/dojox/grid/DataGrid.js.uncompressed.js':[
2761,
],
'project:dojo-1.8.1/dojox/io/xhrMultiPart.js.uncompressed.js':[
27,
55,
],
'project:dojo-1.8.1/dojox/jsonPath/query.js.uncompressed.js':[
22,
],
'project:dojo-1.8.1/dojox/math/BigInteger-ext.js.uncompressed.js':[
160,
164,
168,
172,
329,
369,
],
'project:dojo-1.8.1/dojox/math/BigInteger.js.uncompressed.js':[
21,
408,
452,
],
'project:dojo-1.8.1/dojox/math/matrix.js.uncompressed.js':[
242,
],
'project:dojo-1.8.1/dojox/math/random/prng4.js.uncompressed.js':[
12,
],
'project:dojo-1.8.1/dojox/mobile.js.uncompressed.js':[
119,
],
'project:dojo-1.8.1/dojox/mobile/app.js.uncompressed.js':[
5800,
10100,
],
'project:dojo-1.8.1/dojox/secure/sandbox.js.uncompressed.js':[
127,
200,
],
'project:dojo-1.8.1/dojox/socket.js.uncompressed.js':[
5,
],
'project:dojo-1.8.1/dojox/sql/_crypto.js.uncompressed.js':[
173,
199,
207,
217,
235,
243,
271,
276,
291,
359,
],
'project:dojo-1.8.1/dojox/string/BidiEngine.js.uncompressed.js':[
1011,
],
'project:dojo-1.8.1/dojox/uuid/generateRandomUuid.js.uncompressed.js':[
29,
],
'project:dojo-1.8.1/dojox/uuid/generateTimeBasedUuid.js.uncompressed.js':[
70,
85,
103,
124,
169,
184,
],
'project:dojo-1.8.1/dojox/widget/rotator/Fade.js.uncompressed.js':[
8,
],
'project:dojo-1.8.1/dojox/widget/rotator/Pan.js.uncompressed.js':[
16,
55,
],
'project:dojo-1.8.1/dojox/widget/rotator/PanFade.js.uncompressed.js':[
16,
59,
],
'project:dojo-1.8.1/dojox/widget/rotator/Slide.js.uncompressed.js':[
13,
],
'project:dojo-1.8.1/dojox/widget/rotator/Wipe.js.uncompressed.js':[
14,
33,
40,
],
'project:dojo-1.8.1/dojox/xml/DomParser.js.uncompressed.js':[
51,
80,
95,
132,
],
'project:ecmascript6/Ghost/core/client/app/components/gh-editor.js':[
61,
],
'project:ecmascript6/Ghost/core/client/app/components/gh-popover-button.js':[
8,
],
'project:ecmascript6/Ghost/core/client/app/components/gh-search-input.js':[
58,
75,
92,
115,
119,
],
'project:ecmascript6/Ghost/core/client/app/components/gh-select-native.js':[
6,
],
'project:ecmascript6/Ghost/core/client/app/components/gh-selectize.js':[
22,
38,
56,
97,
],
'project:ecmascript6/Ghost/core/client/app/components/gh-trim-focus-input.js':[
19,
27,
],
'project:ecmascript6/Ghost/core/client/app/components/modals/base.js':[
12,
29,
],
'project:ecmascript6/Ghost/core/client/app/components/modals/delete-all.js':[
17,
22,
27,
31,
],
'project:ecmascript6/Ghost/core/client/app/components/modals/delete-post.js':[
20,
30,
38,
],
'project:ecmascript6/Ghost/core/client/app/components/modals/re-authenticate.js':[
24,
],
'project:ecmascript6/Ghost/core/client/app/components/modals/upload-image.js':[
46,
54,
],
'project:ecmascript6/Ghost/core/client/app/controllers/editor/new.js':[
6,
],
'project:ecmascript6/Ghost/core/client/app/controllers/settings/tags/tag.js':[
21,
46,
56,
64,
],
'project:ecmascript6/Ghost/core/client/app/controllers/setup/three.js':[
140,
],
'project:ecmascript6/Ghost/core/client/app/controllers/setup/two.js':[
56,
66,
],
'project:ecmascript6/Ghost/core/client/app/controllers/team/user.js':[
87,
94,
100,
],
'project:ecmascript6/Ghost/core/client/app/mirage/factories/post.js':[
14,
15,
16,
17,
18,
19,
20,
21,
22,
],
'project:ecmascript6/Ghost/core/client/app/mirage/factories/role.js':[
5,
6,
9,
10,
],
'project:ecmascript6/Ghost/core/client/app/mirage/factories/setting.js':[
9,
10,
11,
12,
],
'project:ecmascript6/Ghost/core/client/app/mirage/factories/tag.js':[
5,
6,
10,
11,
15,
16,
],
'project:ecmascript6/Ghost/core/client/app/mirage/factories/user.js':[
8,
9,
13,
15,
16,
21,
22,
],
'project:ecmascript6/Ghost/core/client/app/mixins/body-event-listener.js':[
5,
28,
40,
],
'project:ecmascript6/Ghost/core/client/app/routes/application.js':[
14,
],
'project:ecmascript6/Ghost/core/client/app/serializers/setting.js':[
37,
],
'project:ecmascript6/Ghost/core/client/app/services/config.js':[
9,
],
'project:ecmascript6/Ghost/core/client/app/services/notifications.js':[
163,
184,
],
'project:ecmascript6/Ghost/core/client/tests/unit/controllers/post-settings-menu-test.js':[
10,
],
'project:ecmascript6/Ghost/core/server/apps/dependencies.js':[
9,
],
'project:ecmascript6/Ghost/core/server/apps/permissions.js':[
7,
],
'project:ecmascript6/Ghost/core/server/apps/proxy.js':[
86,
],
'project:ecmascript6/Ghost/core/server/apps/sandbox.js':[
7,
],
'project:ecmascript6/Ghost/core/server/config/index.js':[
24,
],
'project:ecmascript6/Ghost/core/server/data/importer/index.js':[
32,
],
'project:ecmascript6/Ghost/core/server/data/xml/sitemap/base-generator.js':[
20,
],
'project:ecmascript6/Ghost/core/server/data/xml/sitemap/index-generator.js':[
17,
],
'project:ecmascript6/Ghost/core/server/data/xml/sitemap/page-generator.js':[
7,
],
'project:ecmascript6/Ghost/core/server/data/xml/sitemap/post-generator.js':[
7,
],
'project:ecmascript6/Ghost/core/server/data/xml/sitemap/tag-generator.js':[
7,
],
'project:ecmascript6/Ghost/core/server/data/xml/sitemap/user-generator.js':[
8,
],
'project:ecmascript6/Ghost/core/server/errors/bad-request-error.js':[
4,
],
'project:ecmascript6/Ghost/core/server/errors/data-import-error.js':[
4,
],
'project:ecmascript6/Ghost/core/server/errors/email-error.js':[
4,
],
'project:ecmascript6/Ghost/core/server/errors/internal-server-error.js':[
4,
],
'project:ecmascript6/Ghost/core/server/errors/method-not-allowed-error.js':[
4,
],
'project:ecmascript6/Ghost/core/server/errors/no-permission-error.js':[
4,
],
'project:ecmascript6/Ghost/core/server/errors/not-found-error.js':[
4,
],
'project:ecmascript6/Ghost/core/server/errors/request-too-large-error.js':[
4,
],
'project:ecmascript6/Ghost/core/server/errors/too-many-requests-error.js':[
4,
],
'project:ecmascript6/Ghost/core/server/errors/unauthorized-error.js':[
4,
],
'project:ecmascript6/Ghost/core/server/errors/unsupported-media-type-error.js':[
4,
],
'project:ecmascript6/Ghost/core/server/errors/validation-error.js':[
4,
],
'project:ecmascript6/Ghost/core/server/filters.js':[
18,
],
'project:ecmascript6/Ghost/core/server/ghost-server.js':[
15,
],
'project:ecmascript6/Ghost/core/server/helpers/ghost_head.js':[
74,
],
'project:ecmascript6/Ghost/core/server/helpers/meta_description.js':[
11,
],
'project:ecmascript6/Ghost/core/server/helpers/meta_title.js':[
11,
],
'project:ecmascript6/Ghost/core/server/helpers/navigation.js':[
39,
44,
],
'project:ecmascript6/Ghost/core/server/mail/index.js':[
10,
],
'project:ecmascript6/Ghost/core/server/storage/base.js':[
4,
],
'project:ecmascript6/Ghost/core/server/storage/local-file-store.js':[
14,
],
'project:ecmascript6/Ghost/core/test/functional/base.js':[
522,
],
'project:ecmascript6/Ghost/core/test/utils/fixtures/app/badinstall.js':[
1,
],
'project:ecmascript6/Ghost/core/test/utils/fixtures/app/badoutside.js':[
3,
],
'project:ecmascript6/Ghost/core/test/utils/fixtures/app/badrequire.js':[
3,
],
'project:ecmascript6/Ghost/core/test/utils/fixtures/app/badtop.js':[
3,
],
'project:ecmascript6/Ghost/core/test/utils/fixtures/app/good.js':[
5,
],
'project:ecmascript6/di.js/chrome-extension/visualize/lib/angular.js':[
1324,
2131,
2894,
3773,
4074,
4434,
4479,
4680,
5180,
6695,
6784,
6822,
6913,
7491,
7893,
8065,
8150,
8267,
8462,
8611,
8679,
8775,
9053,
9271,
10520,
10823,
11237,
11292,
11588,
11657,
12236,
12432,
12966,
13398,
13475,
13703,
13783,
15232,
],
'project:ecmascript6/di.js/chrome-extension/visualize/lib/d3.v3.js':[
89,
164,
216,
221,
240,
356,
390,
396,
405,
411,
426,
449,
452,
457,
483,
524,
542,
580,
604,
624,
627,
630,
643,
669,
690,
729,
831,
853,
874,
885,
917,
950,
979,
1007,
1044,
1056,
1066,
1091,
1179,
1182,
1185,
1188,
1191,
1194,
1197,
1473,
1480,
1483,
1500,
1522,
1525,
1540,
1548,
1551,
1568,
1575,
1578,
1581,
1584,
1590,
1593,
1596,
1599,
1624,
1627,
1664,
1676,
1683,
1686,
1842,
1848,
1852,
1859,
1934,
2064,
2081,
2090,
2115,
2229,
2232,
2248,
2265,
2276,
2321,
2327,
2356,
2374,
2378,
2381,
2384,
2389,
2392,
2398,
2401,
2557,
2562,
2568,
2589,
2592,
2622,
2625,
2684,
2695,
2703,
2791,
2794,
2815,
2818,
2848,
2887,
2891,
2914,
3010,
3082,
3219,
3228,
3236,
3345,
3367,
3373,
3418,
3434,
3439,
3453,
3456,
3477,
3517,
3642,
3659,
3682,
3704,
3709,
3781,
3786,
3804,
3808,
3811,
3816,
3821,
3865,
3882,
3967,
3975,
3983,
3986,
4018,
4043,
4058,
4084,
4102,
4124,
4130,
4171,
4189,
4192,
4268,
4332,
4335,
4339,
4344,
4348,
4353,
4359,
4395,
4449,
4461,
4467,
4480,
4510,
4513,
4517,
4550,
4560,
4570,
4644,
4649,
4658,
4665,
4676,
4690,
4693,
4856,
4869,
4882,
4886,
4915,
4985,
5095,
5098,
5101,
5110,
5120,
5129,
5149,
5156,
5223,
5233,
5284,
5289,
5294,
5299,
5302,
5305,
5311,
5316,
5319,
5322,
5325,
5333,
5339,
5343,
5354,
5365,
5374,
5390,
5406,
5409,
5417,
5431,
5483,
5489,
5503,
5516,
5526,
5851,
5854,
5857,
5861,
5864,
5952,
5958,
5961,
5964,
5967,
6119,
6122,
6125,
6192,
6195,
6200,
6210,
6213,
6262,
6265,
6270,
6383,
6386,
6390,
6394,
6406,
6409,
6412,
6415,
6430,
6439,
6449,
6493,
6496,
6503,
6507,
6511,
6575,
6578,
6582,
6592,
6648,
6653,
6658,
6662,
6814,
6822,
6874,
6878,
6881,
6887,
6897,
6911,
6929,
6981,
6984,
6987,
6996,
6999,
7012,
7015,
7022,
7094,
7128,
7142,
7237,
7275,
7309,
7335,
7391,
7394,
7397,
7400,
7403,
7470,
7473,
7476,
7482,
7487,
7492,
7495,
7499,
7502,
7529,
7539,
7555,
7575,
7594,
7607,
7611,
7614,
7617,
7625,
7649,
7658,
7669,
7809,
7842,
7852,
7875,
7878,
7881,
7910,
7981,
8071,
8141,
8326,
8331,
8627,
8695,
8720,
8743,
8805,
8847,
8862,
8865,
8870,
8972,
8977,
8982,
8987,
8992,
8997,
9002,
9007,
9010,
9013,
9016,
9021,
9026,
9030,
9033,
9038,
9043,
9048,
9053,
9058,
9063,
9069,
9077,
9081,
9087,
9113,
9160,
9210,
9213,
9278,
9284,
],
'project:ecmascript6/di.js/example/angular-loader/traceur.js':[
41,
61,
523,
2687,
18235,
18390,
18621,
18840,
],
'project:ecmascript6/di.js/src/injector.js':[
56,
71,
86,
98,
111,
],
'project:ecmascript6/di.js/src/providers.js':[
49,
74,
],
'project:ecmascript6/di.js/visualize/lib/angular.js':[
1324,
2131,
2894,
3773,
4074,
4434,
4479,
4680,
5180,
6695,
6784,
6822,
6913,
7491,
7893,
8065,
8150,
8267,
8462,
8611,
8679,
8775,
9053,
9271,
10520,
10823,
11237,
11292,
11588,
11657,
12236,
12432,
12966,
13398,
13475,
13703,
13783,
15232,
],
'project:ecmascript6/di.js/visualize/lib/d3.v3.js':[
89,
164,
216,
221,
240,
356,
390,
396,
405,
411,
426,
449,
452,
457,
483,
524,
542,
580,
604,
624,
627,
630,
643,
669,
690,
729,
831,
853,
874,
885,
917,
950,
979,
1007,
1044,
1056,
1066,
1091,
1179,
1182,
1185,
1188,
1191,
1194,
1197,
1473,
1480,
1483,
1500,
1522,
1525,
1540,
1548,
1551,
1568,
1575,
1578,
1581,
1584,
1590,
1593,
1596,
1599,
1624,
1627,
1664,
1676,
1683,
1686,
1842,
1848,
1852,
1859,
1934,
2064,
2081,
2090,
2115,
2229,
2232,
2248,
2265,
2276,
2321,
2327,
2356,
2374,
2378,
2381,
2384,
2389,
2392,
2398,
2401,
2557,
2562,
2568,
2589,
2592,
2622,
2625,
2684,
2695,
2703,
2791,
2794,
2815,
2818,
2848,
2887,
2891,
2914,
3010,
3082,
3219,
3228,
3236,
3345,
3367,
3373,
3418,
3434,
3439,
3453,
3456,
3477,
3517,
3642,
3659,
3682,
3704,
3709,
3781,
3786,
3804,
3808,
3811,
3816,
3821,
3865,
3882,
3967,
3975,
3983,
3986,
4018,
4043,
4058,
4084,
4102,
4124,
4130,
4171,
4189,
4192,
4268,
4332,
4335,
4339,
4344,
4348,
4353,
4359,
4395,
4449,
4461,
4467,
4480,
4510,
4513,
4517,
4550,
4560,
4570,
4644,
4649,
4658,
4665,
4676,
4690,
4693,
4856,
4869,
4882,
4886,
4915,
4985,
5095,
5098,
5101,
5110,
5120,
5129,
5149,
5156,
5223,
5233,
5284,
5289,
5294,
5299,
5302,
5305,
5311,
5316,
5319,
5322,
5325,
5333,
5339,
5343,
5354,
5365,
5374,
5390,
5406,
5409,
5417,
5431,
5483,
5489,
5503,
5516,
5526,
5851,
5854,
5857,
5861,
5864,
5952,
5958,
5961,
5964,
5967,
6119,
6122,
6125,
6192,
6195,
6200,
6210,
6213,
6262,
6265,
6270,
6383,
6386,
6390,
6394,
6406,
6409,
6412,
6415,
6430,
6439,
6449,
6493,
6496,
6503,
6507,
6511,
6575,
6578,
6582,
6592,
6648,
6653,
6658,
6662,
6814,
6822,
6874,
6878,
6881,
6887,
6897,
6911,
6929,
6981,
6984,
6987,
6996,
6999,
7012,
7015,
7022,
7094,
7128,
7142,
7237,
7275,
7309,
7335,
7391,
7394,
7397,
7400,
7403,
7470,
7473,
7476,
7482,
7487,
7492,
7495,
7499,
7502,
7529,
7539,
7555,
7575,
7594,
7607,
7611,
7614,
7617,
7625,
7649,
7658,
7669,
7809,
7842,
7852,
7875,
7878,
7881,
7910,
7981,
8071,
8141,
8326,
8331,
8627,
8695,
8720,
8743,
8805,
8847,
8862,
8865,
8870,
8972,
8977,
8982,
8987,
8992,
8997,
9002,
9007,
9010,
9013,
9016,
9021,
9026,
9030,
9033,
9038,
9043,
9048,
9053,
9058,
9063,
9069,
9077,
9081,
9087,
9113,
9160,
9210,
9213,
9278,
9284,
],
'project:ecmascript6/react-router/modules/PatternUtils.js':[
11,
],
'project:ecmascript6/redux/test/createStore.spec.js':[
309,
],
'project:ecmascript6/redux/test/utils/isPlainObject.spec.js':[
7,
],
'project:ecmascript6/router/examples/hello/jsonp.js':[
1,
],
'project:ecmascript6/router/examples/http.js':[
1,
],
'project:ecmascript6/router/third_party/brick/brick-1.0.1.byob.js':[
9,
170,
220,
263,
685,
718,
2133,
2217,
2524,
2548,
2575,
2589,
3351,
3356,
3361,
3367,
3385,
3388,
3402,
3418,
3421,
3715,
3755,
],
'project:ecmascript6/router/third_party/route-recognizer.js':[
31,
51,
66,
81,
134,
270,
275,
528,
552,
],
'project:ecmascript6/snoode/src/endpoints/v1.es6.js':[
28,
],
'project:ecmascript6/sonar-web/src/main/js/widgets/old/base.js':[
9,
],
'project:ecmascript6/sonar-web/src/main/js/widgets/old/histogram.js':[
3,
],
'project:ecmascript6/sonar-web/src/main/js/widgets/old/tag-cloud.js':[
3,
],
'project:ecmascript6/sonar-web/src/main/js/widgets/old/treemap.js':[
6,
],
'project:ecmascript6/sonar-web/src/main/js/widgets/old/word-cloud.js':[
3,
],
'project:ecmascript6/templating/src/lib/compiler/selector_config.js':[
3,
],
'project:ecmascript6/templating/src/lib/util/global.js':[
1,
],
'project:ecmascript6/templating/test/lib/dom_mocks.js':[
1,
34,
],
'project:ecmascript6/watchtower.js/src/dirty_checking.js':[
75,
253,
320,
353,
378,
384,
400,
412,
435,
450,
522,
582,
719,
730,
759,
766,
783,
814,
818,
844,
860,
],
'project:ecmascript6/watchtower.js/src/linked_list.js':[
2,
11,
18,
32,
36,
48,
55,
69,
73,
84,
98,
102,
114,
118,
132,
136,
148,
170,
174,
],
'project:ecmascript6/watchtower.js/src/watch_record.js':[
67,
131,
146,
177,
],
'project:es5-shim-2.0.5.js':[
35,
715,
],
'project:frameworks/wordpress/press-this.js':[
44,
],
'project:frameworks/wordpress/set-post-thumbnail.js':[
4,
],
'project:frameworks/wordpress/user-profile.js':[
4,
],
'project:google-closure-library/net/crossdomainrpc.js':[
743,
],
'project:google-closure-library/testing/asserts.js':[
594,
],
'project:google-closure-library/testing/ui/rendererasserts.js':[
40,
],
'project:jshint-2012.06.15.js':[
821,
823,
2727,
3297,
],
'project:jstorage-0.3.0.js':[
185,
287,
442,
453,
500,
528,
544,
570,
611,
634,
650,
672,
690,
703,
747,
771,
783,
810,
830,
1012,
],
'project:ocanvas-2.2.2.js':[
420,
],
'project:open-layers-2.12/OpenLayers/Request/XMLHttpRequest.js':[
219,
],
'project:paper-0.22.js':[
7633,
7633,
7633,
7633,
7633,
7633,
7633,
7633,
7633,
7633,
7633,
7633,
7633,
7633,
7633,
7633,
7633,
7633,
7633,
7633,
7633,
7633,
7633,
7633,
7633,
7633,
7633,
7633,
7633,
7633,
7633,
7633,
7633,
7633,
7633,
7633,
7633,
7633,
7633,
7633,
7633,
7633,
7633,
7633,
7633,
7633,
7633,
7647,
7672,
],
'project:processing-1.3.6.js':[
302,
314,
391,
418,
447,
504,
668,
795,
1096,
3501,
3524,
3535,
4451,
4494,
6707,
6718,
6724,
6729,
6774,
6810,
6817,
7704,
7723,
8533,
8540,
8647,
8667,
8692,
8747,
8776,
8805,
8818,
8835,
8844,
8854,
8886,
8896,
8921,
8946,
8983,
9006,
9106,
9275,
9284,
9307,
9334,
9342,
9350,
9361,
9368,
9439,
9457,
],
'project:prototype-1.7.js':[
180,
215,
1066,
1075,
1222,
1232,
1389,
1400,
1818,
2722,
5372,
5377,
5381,
5495,
5549,
5608,
],
'project:qunit-1.8.0.js':[
34,
519,
],
'project:sizzle-1.8.2.js':[
217,
],
'project:yui-3.7.3/align-plugin/align-plugin.js':[
26,
],
'project:yui-3.7.3/app-content/app-content.js':[
63,
],
'project:yui-3.7.3/app-transitions-native/app-transitions-native.js':[
31,
],
'project:yui-3.7.3/app-transitions/app-transitions.js':[
46,
],
'project:yui-3.7.3/arraylist/arraylist.js':[
35,
],
'project:yui-3.7.3/attribute-core/attribute-core.js':[
229,
],
'project:yui-3.7.3/attribute-events/attribute-events.js':[
39,
],
'project:yui-3.7.3/attribute-extras/attribute-extras.js':[
43,
],
'project:yui-3.7.3/autocomplete-base/autocomplete-base.js':[
100,
],
'project:yui-3.7.3/autocomplete-list-keys/autocomplete-list-keys.js':[
24,
],
'project:yui-3.7.3/autocomplete-plugin/autocomplete-plugin.js':[
33,
],
'project:yui-3.7.3/autocomplete-sources/autocomplete-sources.js':[
82,
153,
290,
],
'project:yui-3.7.3/base-base/base-base.js':[
95,
],
'project:yui-3.7.3/base-build/base-build.js':[
136,
],
'project:yui-3.7.3/base-core/base-core.js':[
72,
],
'project:yui-3.7.3/button-core/button-core.js':[
25,
],
'project:yui-3.7.3/button-group/button-group.js':[
28,
],
'project:yui-3.7.3/button-plugin/button-plugin.js':[
21,
],
'project:yui-3.7.3/button/button.js':[
28,
158,
],
'project:yui-3.7.3/cache-offline/cache-offline.js':[
22,
],
'project:yui-3.7.3/cache-plugin/cache-plugin.js':[
22,
],
'project:yui-3.7.3/calendar-base/calendar-base.js':[
61,
],
'project:yui-3.7.3/calendar/calendar.js':[
49,
],
'project:yui-3.7.3/calendarnavigator/calendarnavigator.js':[
35,
],
'project:yui-3.7.3/charts-base/charts-base.js':[
353,
4153,
4837,
4940,
5279,
5555,
5675,
6019,
6294,
6803,
7317,
12337,
],
'project:yui-3.7.3/charts-legend/charts-legend.js':[
1687,
],
'project:yui-3.7.3/charts/charts.js':[
16,
],
'project:yui-3.7.3/clickable-rail/clickable-rail.js':[
23,
],
'project:yui-3.7.3/console-filters/console-filters.js':[
43,
],
'project:yui-3.7.3/console/console.js':[
100,
],
'project:yui-3.7.3/datasource-cache/datasource-cache.js':[
135,
],
'project:yui-3.7.3/datasource-polling/datasource-polling.js':[
21,
],
'project:yui-3.7.3/datatable-base-deprecated/datatable-base-deprecated.js':[
62,
429,
872,
],
'project:yui-3.7.3/datatable-column-widths/datatable-column-widths.js':[
123,
],
'project:yui-3.7.3/datatable-datasource-deprecated/datatable-datasource-deprecated.js':[
36,
],
'project:yui-3.7.3/datatable-datasource/datatable-datasource.js':[
21,
],
'project:yui-3.7.3/datatable-scroll-deprecated/datatable-scroll-deprecated.js':[
59,
],
'project:yui-3.7.3/datatable-sort-deprecated/datatable-sort-deprecated.js':[
47,
],
'project:yui-3.7.3/datatable-sort/datatable-sort.js':[
114,
],
'project:yui-3.7.3/dial/dial.js':[
37,
],
'project:yui-3.7.3/event-base-ie/event-base-ie.js':[
56,
67,
],
'project:yui-3.7.3/event-synthetic/event-synthetic.js':[
42,
124,
216,
],
'project:yui-3.7.3/gesture-simulate/gesture-simulate.js':[
91,
],
'project:yui-3.7.3/graphics-canvas/graphics-canvas.js':[
43,
2797,
],
'project:yui-3.7.3/graphics-svg/graphics-svg.js':[
25,
],
'project:yui-3.7.3/graphics-vml/graphics-vml.js':[
30,
],
'project:yui-3.7.3/handlebars-compiler/handlebars-compiler.js':[
504,
],
'project:yui-3.7.3/history-base/history-base.js':[
63,
89,
],
'project:yui-3.7.3/history-hash/history-hash.js':[
39,
],
'project:yui-3.7.3/history-html5/history-html5.js':[
63,
],
'project:yui-3.7.3/io-base/io-base.js':[
38,
],
'project:yui-3.7.3/io-queue/io-queue.js':[
163,
],
'project:yui-3.7.3/io-upload-iframe/io-upload-iframe.js':[
33,
51,
],
'project:yui-3.7.3/io-xdr/io-xdr.js':[
59,
84,
103,
115,
],
'project:yui-3.7.3/json-stringify/json-stringify.js':[
85,
95,
111,
126,
131,
164,
286,
],
'project:yui-3.7.3/jsonp/jsonp.js':[
48,
],
'project:yui-3.7.3/model-list/model-list.js':[
143,
],
'project:yui-3.7.3/model-sync-rest/model-sync-rest.js':[
54,
],
'project:yui-3.7.3/model/model.js':[
101,
],
'project:yui-3.7.3/node-flick/node-flick.js':[
46,
],
'project:yui-3.7.3/pjax-base/pjax-base.js':[
72,
],
'project:yui-3.7.3/pjax-content/pjax-content.js':[
41,
],
'project:yui-3.7.3/plugin/plugin.js':[
22,
],
'project:yui-3.7.3/pluginhost-base/pluginhost-base.js':[
44,
],
'project:yui-3.7.3/recordset-filter/recordset-filter.js':[
26,
],
'project:yui-3.7.3/recordset-indexer/recordset-indexer.js':[
19,
],
'project:yui-3.7.3/recordset-sort/recordset-sort.js':[
23,
],
'project:yui-3.7.3/resize-base/resize-base.js':[
171,
],
'project:yui-3.7.3/resize-constrain/resize-constrain.js':[
62,
],
'project:yui-3.7.3/resize-proxy/resize-proxy.js':[
44,
],
'project:yui-3.7.3/router/router.js':[
66,
],
'project:yui-3.7.3/scrollview-base/scrollview-base.js':[
70,
],
'project:yui-3.7.3/scrollview-list/scrollview-list.js':[
32,
],
'project:yui-3.7.3/scrollview-paginator/scrollview-paginator.js':[
41,
],
'project:yui-3.7.3/scrollview-scrollbars/scrollview-scrollbars.js':[
63,
],
'project:yui-3.7.3/shim-plugin/shim-plugin.js':[
21,
],
'project:yui-3.7.3/simpleyui/simpleyui.js':[
2325,
2590,
2958,
16140,
17312,
],
'project:yui-3.7.3/slider-base/slider-base.js':[
31,
],
'project:yui-3.7.3/slider-value-range/slider-value-range.js':[
36,
],
'project:yui-3.7.3/stylesheet/stylesheet.js':[
113,
],
'project:yui-3.7.3/swf/swf.js':[
58,
],
'project:yui-3.7.3/tabview-plugin/tabview-plugin.js':[
9,
],
'project:yui-3.7.3/test-console/test-console.js':[
39,
],
'project:yui-3.7.3/test/test.js':[
849,
934,
],
'project:yui-3.7.3/uploader-deprecated/uploader-deprecated.js':[
58,
],
'project:yui-3.7.3/uploader-flash/uploader-flash.js':[
36,
],
'project:yui-3.7.3/uploader-html5/uploader-html5.js':[
31,
],
'project:yui-3.7.3/view-node-map/view-node-map.js':[
35,
],
'project:yui-3.7.3/view/view.js':[
41,
],
'project:yui-3.7.3/widget-anim/widget-anim.js':[
44,
],
'project:yui-3.7.3/widget-autohide/widget-autohide.js':[
42,
],
'project:yui-3.7.3/widget-base/widget-base.js':[
93,
],
'project:yui-3.7.3/widget-buttons/widget-buttons.js':[
52,
],
'project:yui-3.7.3/widget-child/widget-child.js':[
24,
],
'project:yui-3.7.3/widget-modality/widget-modality.js':[
63,
],
'project:yui-3.7.3/widget-parent/widget-parent.js':[
35,
],
'project:yui-3.7.3/widget-position-align/widget-position-align.js':[
44,
],
'project:yui-3.7.3/widget-position-constrain/widget-position-constrain.js':[
47,
],
'project:yui-3.7.3/widget-position/widget-position.js':[
39,
],
'project:yui-3.7.3/widget-stack/widget-stack.js':[
62,
],
'project:yui-3.7.3/widget-stdmod/widget-stdmod.js':[
68,
],
'project:yui-3.7.3/yui-base/yui-base.js':[
2325,
2590,
2958,
],
'project:yui-3.7.3/yui-core/yui-core.js':[
2325,
2590,
2958,
],
'project:yui-3.7.3/yui-nodejs/yui-nodejs.js':[
2325,
2590,
2958,
],
'project:yui-3.7.3/yui/yui.js':[
2325,
2590,
2958,
],
}
