{
'project:angular-1.0.3.js':[
615,
7202,
],
'project:backbone-0.9.2.js':[
1343,
],
'project:dojo-1.8.1/dijit/Editor.js.uncompressed.js':[
286,
],
'project:dojo-1.8.1/dijit/Tree.js.uncompressed.js':[
1411,
],
'project:dojo-1.8.1/dijit/_HasDropDown.js.uncompressed.js':[
255,
],
'project:dojo-1.8.1/dijit/_editor/RichText.js.uncompressed.js':[
911,
912,
1460,
2458,
2459,
2677,
2683,
2738,
],
'project:dojo-1.8.1/dijit/_editor/_Plugin.js.uncompressed.js':[
147,
],
'project:dojo-1.8.1/dijit/_editor/html.js.uncompressed.js':[
66,
93,
],
'project:dojo-1.8.1/dijit/_editor/plugins/EnterKeyHandling.js.uncompressed.js':[
171,
454,
455,
493,
494,
609,
],
'project:dojo-1.8.1/dijit/_editor/plugins/FontChoice.js.uncompressed.js':[
318,
],
'project:dojo-1.8.1/dijit/_editor/plugins/LinkDialog.js.uncompressed.js':[
164,
193,
196,
287,
],
'project:dojo-1.8.1/dijit/_editor/plugins/ViewSource.js.uncompressed.js':[
531,
],
'project:dojo-1.8.1/dijit/_editor/range.js.uncompressed.js':[
143,
165,
404,
],
'project:dojo-1.8.1/dijit/_editor/selection.js.uncompressed.js':[
295,
367,
],
'project:dojo-1.8.1/dijit/dijit-all.js.uncompressed.js':[
320,
708,
1552,
1579,
1967,
2776,
3059,
3060,
3098,
3099,
3214,
3804,
5827,
7200,
12518,
12519,
13067,
14065,
14066,
14284,
14290,
14345,
16583,
17558,
18830,
18859,
18862,
18953,
20580,
21623,
26226,
27352,
27374,
27613,
30678,
30750,
32672,
],
'project:dojo-1.8.1/dijit/dijit.js.uncompressed.js':[
218,
2607,
],
'project:dojo-1.8.1/dijit/form/Button.js.uncompressed.js':[
67,
],
'project:dojo-1.8.1/dijit/form/TextBox.js.uncompressed.js':[
121,
],
'project:dojo-1.8.1/dijit/form/_FormSelectWidget.js.uncompressed.js':[
134,
],
'project:dojo-1.8.1/dijit/form/_FormValueMixin.js.uncompressed.js':[
78,
],
'project:dojo-1.8.1/dijit/form/_TextBoxMixin.js.uncompressed.js':[
296,
],
'project:dojo-1.8.1/dijit/layout/ContentPane.js.uncompressed.js':[
353,
],
'project:dojo-1.8.1/dijit/layout/SplitContainer.js.uncompressed.js':[
341,
],
'project:dojo-1.8.1/dijit/popup.js.uncompressed.js':[
216,
],
'project:dojo-1.8.1/dijit/tree/ForestStoreModel.js.uncompressed.js':[
153,
],
'project:dojo-1.8.1/dijit/tree/dndSource.js.uncompressed.js':[
439,
],
'project:dojo-1.8.1/dojo/Deferred.js.uncompressed.js':[
21,
61,
],
'project:dojo-1.8.1/dojo/_base/Deferred.js.uncompressed.js':[
180,
225,
],
'project:dojo-1.8.1/dojo/_base/kernel.js.uncompressed.js':[
235,
],
'project:dojo-1.8.1/dojo/_base/lang.js.uncompressed.js':[
84,
],
'project:dojo-1.8.1/dojo/_base/loader.js.uncompressed.js':[
105,
144,
],
'project:dojo-1.8.1/dojo/_base/window.js.uncompressed.js':[
103,
],
'project:dojo-1.8.1/dojo/_base/xhr.js.uncompressed.js':[
122,
],
'project:dojo-1.8.1/dojo/back.js.uncompressed.js':[
128,
136,
354,
],
'project:dojo-1.8.1/dojo/data/ItemFileReadStore.js.uncompressed.js':[
225,
705,
],
'project:dojo-1.8.1/dojo/data/ItemFileWriteStore.js.uncompressed.js':[
613,
],
'project:dojo-1.8.1/dojo/data/ObjectStore.js.uncompressed.js':[
454,
],
'project:dojo-1.8.1/dojo/dnd/Selector.js.uncompressed.js':[
122,
],
'project:dojo-1.8.1/dojo/dnd/Source.js.uncompressed.js':[
196,
],
'project:dojo-1.8.1/dojo/dojo.js.uncompressed.js':[
4051,
4397,
4442,
6070,
6109,
8451,
8855,
8907,
8915,
10171,
10344,
12171,
12805,
13218,
13925,
13965,
14881,
16167,
],
'project:dojo-1.8.1/dojo/dom-geometry.js.uncompressed.js':[
209,
382,
],
'project:dojo-1.8.1/dojo/request/util.js.uncompressed.js':[
110,
],
'project:dojo-1.8.1/dojo/request/watch.js.uncompressed.js':[
32,
],
'project:dojo-1.8.1/dojo/selector/acme.js.uncompressed.js':[
312,
716,
768,
776,
],
'project:dojo-1.8.1/dojox/app/widgets/scrollable.js.uncompressed.js':[
337,
737,
],
'project:dojo-1.8.1/dojox/atom/io/model.js.uncompressed.js':[
1120,
],
'project:dojo-1.8.1/dojox/atom/widget/FeedEntryEditor.js.uncompressed.js':[
89,
],
'project:dojo-1.8.1/dojox/atom/widget/FeedEntryViewer.js.uncompressed.js':[
75,
],
'project:dojo-1.8.1/dojox/atom/widget/FeedViewer.js.uncompressed.js':[
357,
688,
694,
700,
],
'project:dojo-1.8.1/dojox/calc/Grapher.js.uncompressed.js':[
260,
],
'project:dojo-1.8.1/dojox/calendar/MonthColumnView.js.uncompressed.js':[
1381,
],
'project:dojo-1.8.1/dojox/calendar/SimpleColumnView.js.uncompressed.js':[
1436,
],
'project:dojo-1.8.1/dojox/calendar/ViewBase.js.uncompressed.js':[
2199,
2625,
],
'project:dojo-1.8.1/dojox/calendar/_RendererMixin.js.uncompressed.js':[
87,
],
'project:dojo-1.8.1/dojox/charting/plot2d/Spider.js.uncompressed.js':[
508,
],
'project:dojo-1.8.1/dojox/charting/widget/BidiSupport.js.uncompressed.js':[
52,
],
'project:dojo-1.8.1/dojox/charting/widget/Chart2D.js.uncompressed.js':[
8442,
9303,
9336,
],
'project:dojo-1.8.1/dojox/data/AppStore.js.uncompressed.js':[
719,
],
'project:dojo-1.8.1/dojox/data/AtomReadStore.js.uncompressed.js':[
90,
],
'project:dojo-1.8.1/dojox/data/CssRuleStore.js.uncompressed.js':[
173,
],
'project:dojo-1.8.1/dojox/data/CsvStore.js.uncompressed.js':[
561,
],
'project:dojo-1.8.1/dojox/data/GoogleSearchStore.js.uncompressed.js':[
235,
],
'project:dojo-1.8.1/dojox/data/PersevereStore.js.uncompressed.js':[
49,
],
'project:dojo-1.8.1/dojox/data/QueryReadStore.js.uncompressed.js':[
115,
],
'project:dojo-1.8.1/dojox/data/restListener.js.uncompressed.js':[
28,
],
'project:dojo-1.8.1/dojox/drawing/manager/Stencil.js.uncompressed.js':[
377,
],
'project:dojo-1.8.1/dojox/dtl/contrib/dom.js.uncompressed.js':[
59,
],
'project:dojo-1.8.1/dojox/editor/plugins/Blockquote.js.uncompressed.js':[
189,
208,
445,
],
'project:dojo-1.8.1/dojox/editor/plugins/InsertAnchor.js.uncompressed.js':[
292,
],
'project:dojo-1.8.1/dojox/editor/plugins/LocalImage.js.uncompressed.js':[
158,
],
'project:dojo-1.8.1/dojox/editor/plugins/NormalizeIndentOutdent.js.uncompressed.js':[
273,
480,
493,
684,
],
'project:dojo-1.8.1/dojox/editor/plugins/ResizeTableColumn.js.uncompressed.js':[
157,
],
'project:dojo-1.8.1/dojox/flash/_base.js.uncompressed.js':[
325,
],
'project:dojo-1.8.1/dojox/form/DayTextBox.js.uncompressed.js':[
33,
],
'project:dojo-1.8.1/dojox/form/ListInput.js.uncompressed.js':[
421,
],
'project:dojo-1.8.1/dojox/form/MonthTextBox.js.uncompressed.js':[
51,
],
'project:dojo-1.8.1/dojox/form/YearTextBox.js.uncompressed.js':[
33,
],
'project:dojo-1.8.1/dojox/form/manager/_FormMixin.js.uncompressed.js':[
108,
],
'project:dojo-1.8.1/dojox/form/uploader/plugins/HTML5.js.uncompressed.js':[
209,
],
'project:dojo-1.8.1/dojox/gantt/GanttChart.js.uncompressed.js':[
104,
154,
161,
180,
],
'project:dojo-1.8.1/dojox/gantt/GanttProjectControl.js.uncompressed.js':[
617,
705,
],
'project:dojo-1.8.1/dojox/gantt/GanttProjectItem.js.uncompressed.js':[
34,
],
'project:dojo-1.8.1/dojox/gantt/GanttTaskControl.js.uncompressed.js':[
385,
557,
570,
580,
586,
591,
],
'project:dojo-1.8.1/dojox/gantt/contextMenuTab.js.uncompressed.js':[
279,
],
'project:dojo-1.8.1/dojox/gauges/_Gauge.js.uncompressed.js':[
605,
],
'project:dojo-1.8.1/dojox/geo/charting/KeyboardInteractionSupport.js.uncompressed.js':[
145,
151,
],
'project:dojo-1.8.1/dojox/geo/openlayers/GreatCircle.js.uncompressed.js':[
40,
],
'project:dojo-1.8.1/dojox/geo/openlayers/Map.js.uncompressed.js':[
485,
501,
],
'project:dojo-1.8.1/dojox/gfx/VectorText.js.uncompressed.js':[
646,
],
'project:dojo-1.8.1/dojox/grid/DataGrid.js.uncompressed.js':[
5900,
9605,
9844,
12469,
],
'project:dojo-1.8.1/dojox/grid/TreeGrid.js.uncompressed.js':[
277,
839,
],
'project:dojo-1.8.1/dojox/grid/_FocusManager.js.uncompressed.js':[
411,
],
'project:dojo-1.8.1/dojox/grid/_Layout.js.uncompressed.js':[
234,
],
'project:dojo-1.8.1/dojox/grid/_TreeView.js.uncompressed.js':[
159,
352,
],
'project:dojo-1.8.1/dojox/grid/enhanced/plugins/DnD.js.uncompressed.js':[
579,
],
'project:dojo-1.8.1/dojox/grid/enhanced/plugins/Rearrange.js.uncompressed.js':[
39,
],
'project:dojo-1.8.1/dojox/grid/enhanced/plugins/Selector.js.uncompressed.js':[
1194,
],
'project:dojo-1.8.1/dojox/image/Badge.js.uncompressed.js':[
184,
],
'project:dojo-1.8.1/dojox/io/OAuth.js.uncompressed.js':[
79,
],
'project:dojo-1.8.1/dojox/io/proxy/xip.js.uncompressed.js':[
225,
],
'project:dojo-1.8.1/dojox/io/windowName.js.uncompressed.js':[
139,
],
'project:dojo-1.8.1/dojox/jq.js.uncompressed.js':[
1602,
],
'project:dojo-1.8.1/dojox/json/ref.js.uncompressed.js':[
122,
133,
],
'project:dojo-1.8.1/dojox/lang/functional/array.js.uncompressed.js':[
124,
157,
],
'project:dojo-1.8.1/dojox/layout/Dock.js.uncompressed.js':[
59,
],
'project:dojo-1.8.1/dojox/layout/GridContainer.js.uncompressed.js':[
553,
],
'project:dojo-1.8.1/dojox/layout/dnd/PlottedDnd.js.uncompressed.js':[
226,
],
'project:dojo-1.8.1/dojox/mdnd/adapter/DndToDojo.js.uncompressed.js':[
447,
],
'project:dojo-1.8.1/dojox/mobile.js.uncompressed.js':[
926,
],
'project:dojo-1.8.1/dojox/mobile/Audio.js.uncompressed.js':[
76,
],
'project:dojo-1.8.1/dojox/mobile/FixedSplitter.js.uncompressed.js':[
116,
117,
],
'project:dojo-1.8.1/dojox/mobile/ListItem.js.uncompressed.js':[
323,
],
'project:dojo-1.8.1/dojox/mobile/SpinWheelSlot.js.uncompressed.js':[
363,
],
'project:dojo-1.8.1/dojox/mobile/app.js.uncompressed.js':[
102,
1840,
3824,
5363,
9779,
12299,
],
'project:dojo-1.8.1/dojox/mobile/app/List.js.uncompressed.js':[
305,
],
'project:dojo-1.8.1/dojox/mobile/app/_Widget.js.uncompressed.js':[
22,
],
'project:dojo-1.8.1/dojox/mobile/scrollable.js.uncompressed.js':[
407,
901,
],
'project:dojo-1.8.1/dojox/mvc/Group.js.uncompressed.js':[
21,
],
'project:dojo-1.8.1/dojox/mvc/Repeat.js.uncompressed.js':[
69,
],
'project:dojo-1.8.1/dojox/mvc/_DataBindingMixin.js.uncompressed.js':[
127,
291,
],
'project:dojo-1.8.1/dojox/rpc/JsonRest.js.uncompressed.js':[
178,
351,
],
'project:dojo-1.8.1/dojox/string/BidiEngine.js.uncompressed.js':[
428,
570,
576,
],
'project:dojo-1.8.1/dojox/string/sprintf.js.uncompressed.js':[
293,
],
'project:dojo-1.8.1/dojox/treemap/Keyboard.js.uncompressed.js':[
96,
],
'project:dojo-1.8.1/dojox/treemap/TreeMap.js.uncompressed.js':[
160,
],
'project:dojo-1.8.1/dojox/widget/ColorPicker.js.uncompressed.js':[
281,
333,
],
'project:dojo-1.8.1/dojox/widget/MultiSelectCalendar.js.uncompressed.js':[
257,
],
'project:dojo-1.8.1/dojox/widget/Portlet.js.uncompressed.js':[
257,
],
'project:dojo-1.8.1/dojox/widget/RollingList.js.uncompressed.js':[
808,
],
'project:dojo-1.8.1/dojox/wire/Wire.js.uncompressed.js':[
61,
143,
],
'project:dojo-1.8.1/dojox/wire/ml/Action.js.uncompressed.js':[
102,
],
'project:dojo-1.8.1/dojox/xmpp/TransportSession.js.uncompressed.js':[
393,
486,
],
'project:dojo-1.8.1/dojox/xmpp/xmppSession.js.uncompressed.js':[
296,
308,
672,
],
'project:ecmascript6/Ghost/core/client/app/adapters/base.js':[
59,
],
'project:ecmascript6/Ghost/core/client/app/controllers/post-settings-menu.js':[
260,
],
'project:ecmascript6/Ghost/core/client/app/controllers/setup/three.js':[
32,
],
'project:ecmascript6/Ghost/core/client/app/controllers/team/user.js':[
230,
],
'project:ecmascript6/Ghost/core/client/app/mixins/editor-base-route.js':[
70,
],
'project:ecmascript6/Ghost/core/client/app/validators/user.js':[
27,
47,
59,
],
'project:ecmascript6/Ghost/core/server/api/utils.js':[
279,
],
'project:ecmascript6/Ghost/core/server/data/migration/builder.js':[
59,
],
'project:ecmascript6/Ghost/core/server/data/validation/index.js':[
45,
56,
70,
],
'project:ecmascript6/Ghost/core/server/middleware/check-ssl.js':[
41,
],
'project:ecmascript6/di.js/chrome-extension/visualize/lib/angular.js':[
895,
],
'project:ecmascript6/di.js/example/angular-loader/traceur.js':[
5837,
10321,
],
'project:ecmascript6/di.js/visualize/lib/angular.js':[
895,
],
'project:ecmascript6/reddit-mobile/assets/js/client.es6.js':[
189,
],
'project:ecmascript6/reddit-mobile/src/lib/errorLog.es6.js':[
35,
],
'project:ecmascript6/router/third_party/brick/brick-1.0.1.byob.js':[
764,
],
'project:ecmascript6/router/third_party/route-recognizer.js':[
193,
],
'project:ecmascript6/templating/src/lib/load_barrier.js':[
76,
],
'project:ecmascript6/watchtower.js/src/dirty_checking.js':[
172,
],
'project:ecmascript6/watchtower.js/src/watch_record.js':[
328,
],
'project:frameworks/wordpress/nav-menu.js':[
469,
],
'project:frameworks/wordpress/post.js':[
175,
],
'project:google-closure-library/datasource/expr.js':[
82,
],
'project:google-closure-library/debug/debugwindow.js':[
444,
],
'project:google-closure-library/dom/browserrange/ierange.js':[
853,
],
'project:google-closure-library/dom/pattern/childmatches.js':[
120,
],
'project:google-closure-library/editor/field.js':[
1189,
],
'project:google-closure-library/editor/plugins/basictextformatter.js':[
1189,
],
'project:google-closure-library/editor/seamlessfield.js':[
510,
549,
],
'project:google-closure-library/events/browserevent.js':[
256,
],
'project:google-closure-library/events/events.js':[
443,
],
'project:google-closure-library/format/htmlprettyprinter.js':[
289,
],
'project:google-closure-library/gears/worker.js':[
70,
],
'project:google-closure-library/history/history.js':[
654,
],
'project:google-closure-library/net/browserchannel.js':[
1951,
1956,
],
'project:google-closure-library/net/iframeio.js':[
899,
],
'project:google-closure-library/proto2/serializer.js':[
138,
140,
],
'project:google-closure-library/structs/avltree.js':[
378,
435,
],
'project:google-closure-library/structs/linkedmap.js':[
92,
],
'project:google-closure-library/testing/mockmatchers.js':[
379,
],
'project:google-closure-library/tweak/registry.js':[
141,
],
'project:google-closure-library/ui/ac/inputhandler.js':[
870,
],
'project:google-closure-library/ui/advancedtooltip.js':[
271,
],
'project:google-closure-library/ui/offlineinstalldialog.js':[
306,
],
'project:google-closure-library/ui/popupbase.js':[
744,
],
'project:google-closure-library/ui/richtextspellchecker.js':[
211,
],
'project:google-closure-library/ui/selectionmodel.js':[
191,
],
'project:google-closure-library/ui/tablesorter.js':[
207,
],
'project:google-closure-library/ui/tooltip.js':[
625,
],
'project:google-closure-library/window/window.js':[
116,
],
'project:jquery-1.7.2.js':[
1057,
1125,
3221,
3223,
],
'project:jshint-2012.06.15.js':[
1115,
2043,
2080,
2099,
2422,
2526,
2668,
2798,
2837,
3158,
3159,
3160,
3809,
3979,
],
'project:jstorage-0.3.0.js':[
594,
],
'project:knockout-2.1.0.debug.js':[
498,
2170,
],
'project:ocanvas-2.2.2.js':[
877,
1130,
1420,
3380,
3508,
],
'project:open-layers-2.12/OpenLayers/Console.js':[
243,
],
'project:open-layers-2.12/OpenLayers/Control/Attribution.js':[
89,
],
'project:open-layers-2.12/OpenLayers/Control/ModifyFeature.js':[
602,
],
'project:open-layers-2.12/OpenLayers/Control/NavigationHistory.js':[
368,
405,
],
'project:open-layers-2.12/OpenLayers/Control/SelectFeature.js':[
581,
583,
],
'project:open-layers-2.12/OpenLayers/Control/Snapping.js':[
301,
321,
442,
447,
471,
],
'project:open-layers-2.12/OpenLayers/Control/Split.js':[
241,
],
'project:open-layers-2.12/OpenLayers/Events.js':[
315,
],
'project:open-layers-2.12/OpenLayers/Feature.js':[
88,
],
'project:open-layers-2.12/OpenLayers/Format/OSM.js':[
250,
],
'project:open-layers-2.12/OpenLayers/Format/XML.js':[
285,
],
'project:open-layers-2.12/OpenLayers/Geometry/Collection.js':[
158,
],
'project:open-layers-2.12/OpenLayers/Geometry/LineString.js':[
218,
518,
],
'project:open-layers-2.12/OpenLayers/Geometry/LinearRing.js':[
323,
336,
],
'project:open-layers-2.12/OpenLayers/Geometry/Polygon.js':[
107,
],
'project:open-layers-2.12/OpenLayers/Handler/Box.js':[
183,
],
'project:open-layers-2.12/OpenLayers/Layer/ArcGIS93Rest.js':[
152,
],
'project:open-layers-2.12/OpenLayers/Layer/Grid.js':[
537,
],
'project:open-layers-2.12/OpenLayers/Layer/Text.js':[
106,
],
'project:open-layers-2.12/OpenLayers/Layer/Vector.js':[
929,
],
'project:open-layers-2.12/OpenLayers/Map.js':[
1213,
1325,
],
'project:open-layers-2.12/OpenLayers/Popup.js':[
331,
],
'project:open-layers-2.12/OpenLayers/Popup/AnchoredBubble.js':[
111,
129,
],
'project:open-layers-2.12/OpenLayers/Protocol/HTTP.js':[
509,
],
'project:open-layers-2.12/OpenLayers/Renderer/Canvas.js':[
792,
],
'project:open-layers-2.12/OpenLayers/Renderer/SVG.js':[
776,
782,
],
'project:open-layers-2.12/OpenLayers/Request.js':[
182,
],
'project:open-layers-2.12/OpenLayers/Request/XMLHttpRequest.js':[
376,
],
'project:open-layers-2.12/OpenLayers/Strategy/Paging.js':[
208,
],
'project:open-layers-2.12/OpenLayers/Strategy/Save.js':[
83,
112,
],
'project:open-layers-2.12/OpenLayers/Util.js':[
1301,
],
'project:open-layers-2.12/deprecated.js':[
2565,
],
'project:paper-0.22.js':[
7230,
],
'project:processing-1.3.6.js':[
2363,
2389,
3961,
8388,
8595,
],
'project:prototype-1.7.js':[
905,
2546,
3866,
5417,
],
'project:qunit-1.8.0.js':[
1390,
],
'project:scriptaculous-1.9.0/controls.js':[
445,
],
'project:scriptaculous-1.9.0/dragdrop.js':[
114,
],
'project:sizzle-1.8.2.js':[
233,
1119,
1151,
1435,
1461,
],
'project:underscore-1.3.3.js':[
83,
],
'project:yui-3.7.3/anim-base/anim-base.js':[
183,
],
'project:yui-3.7.3/autocomplete-list-keys/autocomplete-list-keys.js':[
178,
],
'project:yui-3.7.3/button-group/button-group.js':[
135,
],
'project:yui-3.7.3/button-plugin/button-plugin.js':[
121,
],
'project:yui-3.7.3/calendar-base/calendar-base.js':[
315,
],
'project:yui-3.7.3/calendar/calendar.js':[
260,
284,
],
'project:yui-3.7.3/charts-base/charts-base.js':[
2484,
2545,
7907,
13520,
],
'project:yui-3.7.3/charts-legend/charts-legend.js':[
545,
],
'project:yui-3.7.3/createlink-base/createlink-base.js':[
73,
74,
],
'project:yui-3.7.3/datatable-mutable/datatable-mutable.js':[
489,
],
'project:yui-3.7.3/dd-constrain/dd-constrain.js':[
505,
549,
],
'project:yui-3.7.3/dd-ddm-drop/dd-ddm-drop.js':[
250,
],
'project:yui-3.7.3/dd-drag/dd-drag.js':[
838,
852,
855,
],
'project:yui-3.7.3/dd-drop/dd-drop.js':[
542,
],
'project:yui-3.7.3/dd-proxy/dd-proxy.js':[
118,
],
'project:yui-3.7.3/dd-scroll/dd-scroll.js':[
244,
],
'project:yui-3.7.3/dial/dial.js':[
593,
],
'project:yui-3.7.3/dom-base/dom-base.js':[
360,
],
'project:yui-3.7.3/dom-screen/dom-screen.js':[
167,
181,
392,
],
'project:yui-3.7.3/editor-base/editor-base.js':[
87,
239,
278,
831,
],
'project:yui-3.7.3/editor-br/editor-br.js':[
42,
48,
],
'project:yui-3.7.3/editor-para-ie/editor-para-ie.js':[
47,
48,
],
'project:yui-3.7.3/editor-para/editor-para.js':[
48,
49,
85,
180,
181,
222,
229,
237,
262,
],
'project:yui-3.7.3/editor-selection/editor-selection.js':[
57,
72,
],
'project:yui-3.7.3/editor-tab/editor-tab.js':[
33,
],
'project:yui-3.7.3/event-base/event-base.js':[
847,
],
'project:yui-3.7.3/event-custom-complex/event-custom-complex.js':[
146,
],
'project:yui-3.7.3/event-flick/event-flick.js':[
156,
226,
],
'project:yui-3.7.3/event-move/event-move.js':[
150,
],
'project:yui-3.7.3/event-simulate/event-simulate.js':[
803,
],
'project:yui-3.7.3/exec-command/exec-command.js':[
405,
427,
527,
629,
],
'project:yui-3.7.3/frame/frame.js':[
154,
201,
242,
507,
678,
695,
833,
834,
835,
],
'project:yui-3.7.3/graphics-canvas/graphics-canvas.js':[
2229,
3250,
],
'project:yui-3.7.3/graphics-svg/graphics-svg.js':[
1969,
3009,
],
'project:yui-3.7.3/graphics-vml/graphics-vml.js':[
2178,
3097,
],
'project:yui-3.7.3/imageloader/imageloader.js':[
379,
],
'project:yui-3.7.3/io-base/io-base.js':[
142,
],
'project:yui-3.7.3/loader-base/loader-base.js':[
685,
745,
918,
1609,
1618,
1649,
1941,
],
'project:yui-3.7.3/loader-rollup/loader-rollup.js':[
50,
],
'project:yui-3.7.3/loader/loader.js':[
685,
745,
918,
1609,
1618,
1649,
1941,
2820,
],
'project:yui-3.7.3/node-base/node-base.js':[
932,
],
'project:yui-3.7.3/node-core/node-core.js':[
1126,
],
'project:yui-3.7.3/node-screen/node-screen.js':[
183,
],
'project:yui-3.7.3/oop/oop.js':[
325,
],
'project:yui-3.7.3/pluginhost-config/pluginhost-config.js':[
55,
],
'project:yui-3.7.3/scrollview-base/scrollview-base.js':[
717,
],
'project:yui-3.7.3/simpleyui/simpleyui.js':[
612,
682,
1048,
3211,
3733,
6054,
7224,
8358,
8372,
8583,
11618,
13103,
14504,
15575,
16332,
17052,
17416,
18688,
19007,
],
'project:yui-3.7.3/swfdetect/swfdetect.js':[
40,
],
'project:yui-3.7.3/test/test.js':[
461,
509,
522,
536,
592,
609,
622,
1447,
1486,
2957,
3196,
],
'project:yui-3.7.3/transition/transition.js':[
184,
503,
],
'project:yui-3.7.3/widget-uievents/widget-uievents.js':[
110,
],
'project:yui-3.7.3/yui-base/yui-base.js':[
612,
682,
1048,
3211,
3733,
],
'project:yui-3.7.3/yui-core/yui-core.js':[
612,
682,
1048,
3211,
3733,
],
'project:yui-3.7.3/yui-log-nodejs/yui-log-nodejs.js':[
70,
],
'project:yui-3.7.3/yui-nodejs/yui-nodejs.js':[
612,
682,
1048,
3211,
3733,
4642,
5414,
5474,
5647,
6338,
6347,
6378,
6670,
7549,
],
'project:yui-3.7.3/yui/yui.js':[
612,
682,
1048,
3211,
3733,
6413,
6473,
6646,
7337,
7346,
7377,
7669,
8548,
],
}
