{
'project:angular-1.0.3.js':[
14091,
],
'project:dojo-1.8.1/dijit/dijit-all.js.uncompressed.js':[
8864,
8886,
],
'project:dojo-1.8.1/dojo/_firebug/firebug.js.uncompressed.js':[
517,
527,
],
'project:dojo-1.8.1/dojo/back.js.uncompressed.js':[
23,
],
'project:dojo-1.8.1/dojo/data/ItemFileWriteStore.js.uncompressed.js':[
609,
],
'project:dojo-1.8.1/dojo/dnd/autoscroll.js.uncompressed.js':[
110,
132,
],
'project:dojo-1.8.1/dojo/dojo.js.uncompressed.js':[
935,
],
'project:dojo-1.8.1/dojox/calendar/MatrixView.js.uncompressed.js':[
495,
],
'project:dojo-1.8.1/dojox/calendar/SimpleColumnView.js.uncompressed.js':[
814,
],
'project:dojo-1.8.1/dojox/charting/BidiSupport.js.uncompressed.js':[
225,
],
'project:dojo-1.8.1/dojox/data/FlickrRestStore.js.uncompressed.js':[
106,
112,
118,
122,
],
'project:dojo-1.8.1/dojox/date/buddhist/locale.js.uncompressed.js':[
216,
319,
321,
],
'project:dojo-1.8.1/dojox/date/hebrew/locale.js.uncompressed.js':[
367,
369,
],
'project:dojo-1.8.1/dojox/date/islamic/locale.js.uncompressed.js':[
217,
318,
320,
],
'project:dojo-1.8.1/dojox/drawing/manager/StencilUI.js.uncompressed.js':[
10,
],
'project:dojo-1.8.1/dojox/dtl.js.uncompressed.js':[
940,
1471,
],
'project:dojo-1.8.1/dojox/dtl/tag/loader.js.uncompressed.js':[
35,
],
'project:dojo-1.8.1/dojox/dtl/tag/misc.js.uncompressed.js':[
126,
],
'project:dojo-1.8.1/dojox/editor/plugins/SpellCheck.js.uncompressed.js':[
1117,
],
'project:dojo-1.8.1/dojox/grid/DataGrid.js.uncompressed.js':[
457,
479,
],
'project:dojo-1.8.1/dojox/grid/LazyTreeGrid.js.uncompressed.js':[
558,
],
'project:dojo-1.8.1/dojox/grid/enhanced/plugins/NestedSorting.js.uncompressed.js':[
295,
297,
],
'project:dojo-1.8.1/dojox/layout/ResizeHandle.js.uncompressed.js':[
178,
],
'project:dojo-1.8.1/dojox/mdnd/adapter/DndToDojo.js.uncompressed.js':[
336,
],
'project:dojo-1.8.1/dojox/mobile/app.js.uncompressed.js':[
380,
],
'project:dojo-1.8.1/dojox/mobile/app/ImageThumbView.js.uncompressed.js':[
264,
],
'project:dojo-1.8.1/dojox/sql/_base.js.uncompressed.js':[
139,
144,
276,
335,
476,
],
'project:dojo-1.8.1/dojox/widget/RollingList.js.uncompressed.js':[
537,
],
'project:dojo-1.8.1/dojox/widget/_CalendarMonthYearView.js.uncompressed.js':[
230,
235,
],
'project:ecmascript6/Ghost/core/server/middleware/auth.js':[
27,
],
'project:ecmascript6/Ghost/core/test/functional/routes/api/authentication_spec.js':[
22,
],
'project:ecmascript6/Ghost/core/test/integration/model/model_tags_spec.js':[
30,
],
'project:ecmascript6/Ghost/core/test/unit/apps_spec.js':[
27,
320,
331,
],
'project:ecmascript6/Ghost/core/test/unit/controllers/frontend/fetch-data_spec.js':[
26,
],
'project:ecmascript6/Ghost/core/test/unit/middleware/spam-prevention_spec.js':[
88,
208,
],
'project:ecmascript6/Ghost/core/test/unit/middleware/static-theme_spec.js':[
79,
],
'project:ecmascript6/Ghost/core/test/unit/server_helpers/get_spec.js':[
50,
51,
286,
],
'project:ecmascript6/di.js/chrome-extension/visualize/lib/angular.js':[
20050,
],
'project:ecmascript6/di.js/chrome-extension/visualize/lib/d3.v3.js':[
152,
3567,
4956,
5161,
],
'project:ecmascript6/di.js/example/angular-loader/traceur.js':[
118,
],
'project:ecmascript6/di.js/visualize/lib/angular.js':[
20050,
],
'project:ecmascript6/di.js/visualize/lib/d3.v3.js':[
152,
3567,
4956,
5161,
],
'project:ecmascript6/http/test/IInterceptResolution.spec.js':[
17,
],
'project:es5-shim-2.0.5.js':[
173,
174,
175,
176,
177,
],
'project:frameworks/wordpress/editor-expand.js':[
1161,
1162,
],
'project:frameworks/wordpress/gallery.js':[
7,
],
'project:frameworks/wordpress/link.js':[
44,
],
'project:google-closure-library/i18n/messageformat.js':[
443,
447,
],
'project:jquery-1.7.2.js':[
9118,
],
'project:jshint-2012.06.15.js':[
796,
4220,
4406,
],
'project:ocanvas-2.2.2.js':[
2794,
3301,
],
'project:processing-1.3.6.js':[
479,
3980,
3983,
3984,
3987,
4898,
4937,
5309,
5317,
5360,
5825,
9980,
],
'project:yui-3.7.3/anim-shape/anim-shape.js':[
121,
],
'project:yui-3.7.3/calendar/calendar.js':[
192,
196,
200,
204,
],
'project:yui-3.7.3/charts-base/charts-base.js':[
2343,
4634,
5732,
5813,
5911,
5912,
6004,
6005,
6909,
7453,
10089,
10430,
10953,
10995,
10996,
11581,
11937,
],
'project:yui-3.7.3/charts-legend/charts-legend.js':[
783,
1109,
],
'project:yui-3.7.3/datatable-sort/datatable-sort.js':[
268,
],
'project:yui-3.7.3/editor-base/editor-base.js':[
309,
],
'project:yui-3.7.3/editor-selection/editor-selection.js':[
175,
234,
299,
],
'project:yui-3.7.3/event-base/event-base.js':[
738,
],
'project:yui-3.7.3/get/get.js':[
1221,
],
'project:yui-3.7.3/graphics-svg/graphics-svg.js':[
1328,
1348,
],
'project:yui-3.7.3/graphics-vml/graphics-vml.js':[
2019,
],
'project:yui-3.7.3/loader-base/loader-base.js':[
219,
],
'project:yui-3.7.3/loader/loader.js':[
219,
],
'project:yui-3.7.3/node-core/node-core.js':[
326,
],
'project:yui-3.7.3/selector-css3/selector-css3.js':[
37,
],
'project:yui-3.7.3/simpleyui/simpleyui.js':[
5056,
12303,
15466,
18614,
19691,
],
'project:yui-3.7.3/transition/transition.js':[
110,
],
'project:yui-3.7.3/yui-base/yui-base.js':[
5056,
],
'project:yui-3.7.3/yui-log-nodejs/yui-log-nodejs.js':[
35,
],
'project:yui-3.7.3/yui-nodejs/yui-nodejs.js':[
4607,
4948,
],
'project:yui-3.7.3/yui/yui.js':[
5056,
5947,
],
}
