{
'project:amplify-1.1.0.js':[
675,
679,
679,
680,
680,
681,
681,
682,
],
'project:angular-1.0.3.js':[
37,
42,
42,
5613,
5623,
],
'project:dojo-1.8.1/dijit/Tooltip.js.uncompressed.js':[
103,
106,
169,
],
'project:dojo-1.8.1/dijit/TooltipDialog.js.uncompressed.js':[
122,
125,
],
'project:dojo-1.8.1/dijit/_TimePicker.js.uncompressed.js':[
216,
],
'project:dojo-1.8.1/dijit/_editor/RichText.js.uncompressed.js':[
967,
967,
1184,
1185,
1186,
1190,
1191,
1192,
1193,
1206,
1206,
1206,
1214,
1214,
1214,
1223,
1223,
1223,
1227,
1233,
],
'project:dojo-1.8.1/dijit/_editor/plugins/TextColor.js.uncompressed.js':[
90,
90,
90,
90,
90,
90,
90,
],
'project:dojo-1.8.1/dijit/dijit-all.js.uncompressed.js':[
7767,
10304,
10307,
10370,
12574,
12574,
12791,
12792,
12793,
12797,
12798,
12799,
12800,
12813,
12813,
12813,
12821,
12821,
12821,
12830,
12830,
12830,
12834,
12840,
14792,
14795,
15085,
22041,
],
'project:dojo-1.8.1/dijit/dijit.js.uncompressed.js':[
350,
353,
4490,
4495,
4681,
4686,
5969,
6521,
],
'project:dojo-1.8.1/dijit/form/_ExpandingTextAreaMixin.js.uncompressed.js':[
125,
],
'project:dojo-1.8.1/dijit/place.js.uncompressed.js':[
94,
99,
285,
290,
],
'project:dojo-1.8.1/dijit/tree/_dndSelector.js.uncompressed.js':[
259,
],
'project:dojo-1.8.1/dojo/_base/Color.js.uncompressed.js':[
170,
176,
177,
],
'project:dojo-1.8.1/dojo/_base/array.js.uncompressed.js':[
24,
31,
],
'project:dojo-1.8.1/dojo/dojo.js.uncompressed.js':[
12823,
12898,
12899,
12900,
12901,
14510,
14516,
14517,
15648,
15655,
],
'project:dojo-1.8.1/dojo/mouse.js.uncompressed.js':[
17,
18,
19,
20,
],
'project:dojo-1.8.1/dojo/parser.js.uncompressed.js':[
53,
605,
],
'project:dojo-1.8.1/dojo/request/registry.js.uncompressed.js':[
63,
],
'project:dojo-1.8.1/dojo/request/script.js.uncompressed.js':[
132,
],
'project:dojo-1.8.1/dojo/request/util.js.uncompressed.js':[
128,
],
'project:dojo-1.8.1/dojo/string.js.uncompressed.js':[
27,
30,
],
'project:dojo-1.8.1/dojox/calc/Grapher.js.uncompressed.js':[
410,
],
'project:dojo-1.8.1/dojox/calc/_Executor.js.uncompressed.js':[
16,
130,
],
'project:dojo-1.8.1/dojox/calc/toFrac.js.uncompressed.js':[
52,
73,
74,
75,
76,
78,
78,
131,
],
'project:dojo-1.8.1/dojox/charting/plot2d/Pie.js.uncompressed.js':[
505,
516,
],
'project:dojo-1.8.1/dojox/charting/widget/Chart2D.js.uncompressed.js':[
1059,
1070,
6385,
6388,
8671,
8676,
8862,
8867,
18530,
18533,
18596,
],
'project:dojo-1.8.1/dojox/color/MeanColorModel.js.uncompressed.js':[
31,
],
'project:dojo-1.8.1/dojox/dgauges/CircularRangeIndicator.js.uncompressed.js':[
44,
44,
45,
45,
46,
48,
48,
49,
49,
50,
52,
53,
54,
56,
56,
56,
56,
],
'project:dojo-1.8.1/dojox/editor/plugins/FindReplace.js.uncompressed.js':[
742,
],
'project:dojo-1.8.1/dojox/editor/plugins/SpellCheck.js.uncompressed.js':[
1370,
],
'project:dojo-1.8.1/dojox/editor/plugins/TextColor.js.uncompressed.js':[
172,
172,
172,
172,
172,
172,
172,
],
'project:dojo-1.8.1/dojox/encoding/ascii85.js.uncompressed.js':[
54,
55,
56,
57,
58,
58,
],
'project:dojo-1.8.1/dojox/encoding/base64.js.uncompressed.js':[
15,
15,
15,
15,
16,
16,
17,
17,
18,
18,
19,
24,
24,
24,
25,
25,
26,
26,
27,
27,
32,
33,
33,
34,
34,
50,
51,
51,
52,
52,
53,
54,
54,
55,
55,
56,
],
'project:dojo-1.8.1/dojox/encoding/bits.js.uncompressed.js':[
19,
19,
20,
20,
20,
35,
35,
52,
53,
54,
54,
54,
54,
54,
],
'project:dojo-1.8.1/dojox/encoding/compression/lzw.js.uncompressed.js':[
10,
37,
77,
],
'project:dojo-1.8.1/dojox/encoding/crypto/Blowfish.js.uncompressed.js':[
169,
169,
169,
169,
169,
169,
169,
169,
169,
169,
172,
172,
172,
172,
172,
172,
172,
172,
172,
176,
176,
177,
177,
178,
178,
179,
181,
181,
181,
181,
181,
181,
181,
181,
181,
181,
182,
182,
182,
182,
182,
182,
182,
182,
182,
183,
183,
183,
183,
183,
183,
183,
183,
183,
183,
241,
250,
251,
251,
251,
251,
251,
251,
251,
251,
251,
328,
328,
328,
329,
329,
329,
342,
345,
349,
350,
351,
353,
354,
355,
358,
358,
358,
358,
358,
358,
358,
358,
358,
359,
359,
359,
359,
359,
359,
359,
359,
359,
369,
369,
370,
370,
371,
371,
372,
373,
373,
374,
374,
375,
375,
376,
435,
438,
438,
438,
439,
439,
439,
449,
449,
449,
449,
449,
449,
449,
449,
449,
450,
450,
450,
450,
450,
450,
450,
450,
450,
455,
455,
456,
456,
457,
457,
458,
459,
459,
460,
460,
461,
461,
462,
],
'project:dojo-1.8.1/dojox/encoding/crypto/RSAKey-ext.js.uncompressed.js':[
60,
118,
],
'project:dojo-1.8.1/dojox/encoding/crypto/RSAKey.js.uncompressed.js':[
62,
],
'project:dojo-1.8.1/dojox/encoding/crypto/SimpleAES.js.uncompressed.js':[
95,
95,
95,
95,
98,
98,
98,
98,
99,
99,
99,
99,
100,
100,
100,
100,
101,
101,
101,
101,
109,
133,
137,
170,
183,
183,
184,
184,
195,
195,
196,
206,
244,
263,
263,
264,
264,
275,
],
'project:dojo-1.8.1/dojox/encoding/digests/MD5.js.uncompressed.js':[
16,
16,
16,
18,
18,
18,
18,
19,
19,
19,
19,
20,
20,
21,
21,
21,
25,
25,
25,
26,
26,
120,
121,
],
'project:dojo-1.8.1/dojox/encoding/digests/SHA1.js.uncompressed.js':[
15,
17,
17,
17,
19,
19,
19,
19,
20,
20,
21,
21,
21,
21,
21,
22,
22,
27,
27,
27,
28,
28,
35,
35,
35,
54,
55,
65,
65,
65,
65,
74,
74,
74,
74,
74,
74,
82,
82,
82,
93,
93,
93,
93,
93,
93,
93,
93,
93,
93,
93,
93,
93,
98,
98,
],
'project:dojo-1.8.1/dojox/encoding/digests/_base.js.uncompressed.js':[
16,
16,
17,
17,
17,
18,
18,
18,
25,
32,
32,
32,
32,
42,
42,
42,
52,
52,
52,
52,
52,
52,
63,
63,
63,
63,
63,
63,
63,
63,
63,
63,
63,
63,
63,
68,
68,
],
'project:dojo-1.8.1/dojox/encoding/easy64.js.uncompressed.js':[
6,
7,
7,
7,
8,
8,
8,
9,
41,
41,
42,
42,
42,
43,
43,
],
'project:dojo-1.8.1/dojox/gauges/AnalogArrowIndicator.js.uncompressed.js':[
25,
],
'project:dojo-1.8.1/dojox/grid/DataGrid.js.uncompressed.js':[
29,
32,
11049,
],
'project:dojo-1.8.1/dojox/grid/TreeSelection.js.uncompressed.js':[
96,
],
'project:dojo-1.8.1/dojox/grid/_RowManager.js.uncompressed.js':[
27,
],
'project:dojo-1.8.1/dojox/grid/enhanced/plugins/DnD.js.uncompressed.js':[
532,
532,
532,
532,
],
'project:dojo-1.8.1/dojox/grid/enhanced/plugins/Selector.js.uncompressed.js':[
390,
390,
390,
390,
],
'project:dojo-1.8.1/dojox/grid/enhanced/plugins/filter/FilterDefDialog.js.uncompressed.js':[
374,
],
'project:dojo-1.8.1/dojox/math/BigInteger-ext.js.uncompressed.js':[
25,
25,
25,
25,
29,
29,
32,
32,
104,
105,
107,
107,
118,
118,
118,
119,
119,
122,
122,
122,
123,
123,
126,
126,
129,
129,
130,
130,
146,
151,
160,
164,
168,
172,
172,
178,
178,
180,
202,
202,
203,
203,
204,
204,
205,
205,
206,
221,
227,
228,
236,
236,
260,
261,
267,
268,
276,
277,
426,
441,
441,
443,
443,
443,
444,
444,
448,
448,
460,
460,
549,
576,
],
'project:dojo-1.8.1/dojox/math/BigInteger.js.uncompressed.js':[
18,
43,
51,
51,
53,
54,
56,
56,
56,
57,
57,
57,
58,
65,
65,
67,
68,
70,
70,
71,
71,
72,
141,
150,
150,
150,
150,
151,
154,
154,
158,
160,
160,
160,
168,
182,
185,
188,
188,
188,
189,
189,
192,
192,
222,
223,
224,
225,
226,
233,
233,
256,
257,
257,
259,
259,
260,
260,
276,
277,
279,
279,
279,
280,
282,
282,
282,
292,
293,
299,
300,
308,
309,
369,
369,
370,
370,
439,
440,
441,
441,
442,
442,
443,
443,
443,
455,
456,
457,
484,
485,
485,
485,
485,
512,
521,
521,
537,
538,
],
'project:dojo-1.8.1/dojox/math/random/Secure.js.uncompressed.js':[
32,
33,
86,
86,
87,
87,
87,
88,
88,
88,
89,
89,
89,
],
'project:dojo-1.8.1/dojox/math/random/prng4.js.uncompressed.js':[
30,
41,
42,
46,
],
'project:dojo-1.8.1/dojox/mobile/Tooltip.js.uncompressed.js':[
75,
75,
76,
76,
],
'project:dojo-1.8.1/dojox/mobile/app.js.uncompressed.js':[
6266,
6269,
10179,
10184,
10370,
10375,
],
'project:dojo-1.8.1/dojox/mvc/StatefulSeries.js.uncompressed.js':[
51,
],
'project:dojo-1.8.1/dojox/mvc/sync.js.uncompressed.js':[
188,
208,
209,
],
'project:dojo-1.8.1/dojox/sql/_crypto.js.uncompressed.js':[
223,
223,
223,
223,
226,
226,
226,
226,
227,
227,
227,
227,
228,
228,
228,
228,
229,
229,
229,
229,
237,
261,
265,
298,
311,
311,
312,
312,
323,
323,
324,
334,
364,
383,
383,
384,
384,
394,
],
'project:dojo-1.8.1/dojox/string/BidiEngine.js.uncompressed.js':[
227,
228,
496,
497,
650,
651,
679,
734,
735,
],
'project:dojo-1.8.1/dojox/treemap/_utils.js.uncompressed.js':[
135,
175,
],
'project:dojo-1.8.1/dojox/uuid/_base.js.uncompressed.js':[
218,
219,
],
'project:dojo-1.8.1/dojox/uuid/generateTimeBasedUuid.js.uncompressed.js':[
76,
77,
78,
79,
80,
81,
82,
218,
227,
],
'project:ecmascript6/Ghost/core/server/models/user.js':[
688,
688,
],
'project:ecmascript6/di.js/chrome-extension/visualize/lib/angular.js':[
195,
201,
201,
2663,
9482,
9494,
17228,
17229,
19220,
],
'project:ecmascript6/di.js/chrome-extension/visualize/lib/d3.v3.js':[
116,
125,
140,
1060,
1152,
1152,
1588,
1588,
1588,
1588,
1588,
1588,
1591,
1591,
1591,
1591,
1612,
1612,
1612,
1612,
1612,
1612,
1616,
1616,
1616,
1616,
1616,
1616,
2196,
2438,
2441,
2777,
2785,
2831,
2831,
2836,
2838,
2845,
2845,
2950,
2952,
2977,
2977,
2997,
2997,
3005,
3005,
3006,
3006,
3134,
5052,
5852,
5855,
5855,
5858,
5862,
5862,
6678,
8548,
8548,
8554,
8554,
9078,
9078,
],
'project:ecmascript6/di.js/example/angular-loader/traceur.js':[
953,
982,
18308,
18312,
18312,
18315,
18316,
18324,
18325,
18327,
18345,
18346,
18347,
],
'project:ecmascript6/di.js/visualize/lib/angular.js':[
195,
201,
201,
2663,
9482,
9494,
17228,
17229,
19220,
],
'project:ecmascript6/di.js/visualize/lib/d3.v3.js':[
116,
125,
140,
1060,
1152,
1152,
1588,
1588,
1588,
1588,
1588,
1588,
1591,
1591,
1591,
1591,
1612,
1612,
1612,
1612,
1612,
1612,
1616,
1616,
1616,
1616,
1616,
1616,
2196,
2438,
2441,
2777,
2785,
2831,
2831,
2836,
2838,
2845,
2845,
2950,
2952,
2977,
2977,
2997,
2997,
3005,
3005,
3006,
3006,
3134,
5052,
5852,
5855,
5855,
5858,
5862,
5862,
6678,
8548,
8548,
8554,
8554,
9078,
9078,
],
'project:ecmascript6/router/third_party/brick/brick-1.0.1.byob.js':[
74,
1456,
1464,
],
'project:ecmascript6/templating/src/lib/load_barrier.js':[
117,
],
'project:es5-shim-2.0.5.js':[
255,
282,
308,
339,
365,
391,
440,
487,
517,
],
'project:frameworks/wordpress/image-edit.js':[
11,
],
'project:frameworks/wordpress/svg-painter.js':[
65,
70,
72,
72,
78,
],
'project:google-closure-library/array/array.js':[
943,
960,
],
'project:google-closure-library/crypt/arc4.js':[
87,
123,
124,
150,
151,
157,
157,
],
'project:google-closure-library/crypt/base64.js':[
133,
134,
134,
134,
134,
135,
135,
135,
135,
136,
231,
231,
231,
235,
235,
235,
235,
239,
239,
239,
],
'project:google-closure-library/crypt/crypt.js':[
36,
37,
84,
84,
85,
85,
87,
87,
88,
88,
88,
89,
89,
110,
110,
110,
110,
115,
115,
115,
115,
115,
115,
115,
],
'project:google-closure-library/crypt/hash32.js':[
112,
113,
113,
114,
114,
120,
120,
121,
121,
122,
126,
126,
127,
127,
128,
144,
144,
145,
145,
146,
146,
147,
147,
148,
148,
149,
149,
150,
150,
151,
151,
152,
152,
171,
171,
171,
],
'project:google-closure-library/crypt/hmac.js':[
121,
122,
],
'project:google-closure-library/crypt/md5.js':[
155,
156,
156,
157,
157,
158,
162,
163,
163,
164,
164,
165,
212,
212,
212,
212,
213,
213,
213,
213,
214,
214,
214,
214,
215,
215,
215,
215,
216,
216,
216,
216,
217,
217,
217,
217,
218,
218,
218,
218,
219,
219,
219,
219,
220,
220,
220,
220,
221,
221,
221,
221,
222,
222,
222,
222,
223,
223,
223,
223,
224,
224,
224,
224,
225,
225,
225,
225,
226,
226,
226,
226,
227,
227,
227,
227,
228,
228,
228,
228,
229,
229,
229,
229,
230,
230,
230,
230,
231,
231,
231,
231,
232,
232,
232,
232,
233,
233,
233,
233,
234,
234,
234,
234,
235,
235,
235,
235,
236,
236,
236,
236,
237,
237,
237,
237,
238,
238,
238,
238,
239,
239,
239,
239,
240,
240,
240,
240,
241,
241,
241,
241,
242,
242,
242,
242,
243,
243,
243,
243,
244,
244,
244,
244,
245,
245,
245,
245,
246,
246,
246,
246,
247,
247,
247,
247,
248,
248,
248,
248,
249,
249,
249,
249,
250,
250,
250,
250,
251,
251,
251,
251,
252,
252,
252,
252,
253,
253,
253,
253,
254,
254,
254,
254,
255,
255,
255,
255,
256,
256,
256,
256,
257,
257,
257,
257,
258,
258,
258,
258,
259,
259,
259,
259,
260,
260,
260,
260,
261,
261,
261,
261,
262,
262,
262,
262,
263,
263,
263,
263,
264,
264,
264,
264,
265,
265,
265,
265,
266,
266,
266,
266,
267,
267,
267,
267,
268,
268,
268,
268,
269,
269,
269,
269,
270,
270,
270,
270,
271,
271,
271,
271,
272,
272,
272,
272,
273,
273,
273,
273,
274,
274,
274,
274,
275,
275,
275,
275,
276,
276,
276,
277,
277,
277,
277,
278,
278,
278,
279,
279,
279,
279,
280,
280,
280,
281,
281,
281,
281,
282,
282,
282,
283,
283,
283,
283,
284,
284,
284,
285,
285,
285,
285,
286,
286,
286,
287,
287,
287,
287,
288,
288,
288,
289,
289,
289,
289,
290,
290,
290,
291,
291,
291,
291,
292,
292,
292,
293,
293,
293,
293,
294,
294,
294,
295,
295,
295,
295,
296,
296,
296,
297,
297,
297,
297,
298,
298,
298,
299,
299,
299,
299,
300,
300,
300,
301,
301,
301,
301,
302,
302,
302,
303,
303,
303,
303,
304,
304,
304,
305,
305,
305,
305,
306,
306,
306,
307,
307,
307,
307,
308,
308,
308,
308,
309,
309,
309,
309,
310,
310,
310,
310,
311,
311,
311,
311,
312,
312,
312,
312,
313,
313,
313,
313,
314,
314,
314,
314,
315,
315,
315,
315,
316,
316,
316,
316,
317,
317,
317,
317,
318,
318,
318,
318,
319,
319,
319,
319,
320,
320,
320,
320,
321,
321,
321,
321,
322,
322,
322,
322,
323,
323,
323,
323,
324,
324,
324,
324,
325,
325,
325,
325,
326,
326,
326,
326,
327,
327,
327,
327,
328,
328,
328,
328,
329,
329,
329,
329,
330,
330,
330,
330,
331,
331,
331,
331,
332,
332,
332,
332,
333,
333,
333,
333,
334,
334,
334,
334,
335,
335,
335,
335,
336,
336,
336,
336,
337,
337,
337,
337,
338,
338,
338,
338,
339,
339,
339,
339,
341,
342,
343,
344,
415,
424,
424,
],
'project:google-closure-library/crypt/sha1.js':[
111,
111,
112,
112,
113,
113,
120,
120,
120,
121,
121,
121,
121,
135,
135,
135,
138,
138,
143,
143,
143,
143,
146,
146,
151,
151,
151,
151,
154,
154,
154,
154,
159,
160,
161,
162,
163,
218,
227,
227,
],
'project:google-closure-library/dom/dom.js':[
1240,
1272,
],
'project:google-closure-library/editor/plugins/basictextformatter.js':[
259,
],
'project:google-closure-library/events/browserevent.js':[
322,
],
'project:google-closure-library/events/events.js':[
747,
841,
859,
871,
964,
978,
],
'project:google-closure-library/i18n/currency.js':[
174,
192,
199,
200,
205,
228,
],
'project:google-closure-library/i18n/mime.js':[
73,
73,
74,
77,
77,
78,
78,
79,
84,
84,
85,
85,
86,
86,
87,
],
'project:google-closure-library/locale/timezonedetection.js':[
57,
57,
],
'project:google-closure-library/math/integer.js':[
65,
99,
122,
141,
141,
194,
194,
209,
335,
427,
433,
434,
435,
435,
436,
463,
464,
466,
467,
470,
471,
472,
473,
474,
474,
526,
527,
529,
530,
545,
545,
561,
562,
563,
645,
647,
660,
662,
675,
677,
690,
692,
702,
708,
708,
709,
724,
730,
730,
731,
],
'project:google-closure-library/math/long.js':[
54,
60,
89,
114,
115,
185,
192,
249,
249,
253,
260,
361,
361,
384,
489,
490,
491,
492,
494,
495,
496,
497,
501,
502,
504,
505,
507,
508,
510,
511,
511,
511,
511,
562,
563,
564,
565,
567,
568,
569,
570,
574,
575,
577,
578,
580,
581,
583,
584,
586,
587,
589,
590,
592,
593,
593,
593,
593,
693,
693,
703,
704,
714,
715,
725,
726,
736,
744,
745,
745,
745,
747,
759,
767,
767,
767,
768,
771,
786,
794,
794,
794,
795,
799,
],
'project:google-closure-library/net/ipaddress.js':[
245,
246,
375,
376,
483,
483,
484,
],
'project:google-closure-library/positioning/anchoredviewportposition.js':[
74,
123,
128,
134,
137,
162,
166,
],
'project:google-closure-library/positioning/menuanchoredposition.js':[
67,
],
'project:google-closure-library/positioning/positioning.js':[
101,
107,
135,
136,
137,
138,
147,
156,
223,
225,
234,
236,
363,
368,
381,
418,
420,
420,
422,
424,
424,
428,
430,
436,
439,
444,
446,
451,
452,
453,
459,
461,
467,
470,
475,
477,
482,
483,
484,
504,
506,
508,
508,
518,
529,
541,
542,
],
'project:google-closure-library/positioning/viewportclientposition.js':[
86,
93,
98,
99,
104,
105,
112,
],
'project:google-closure-library/string/string.js':[
1045,
1162,
],
'project:google-closure-library/structs/heap.js':[
166,
242,
],
'project:google-closure-library/structs/inversionmap.js':[
146,
],
'project:google-closure-library/testing/asserts.js':[
558,
1165,
],
'project:google-closure-library/testing/events/events.js':[
148,
150,
173,
175,
177,
182,
184,
188,
252,
254,
487,
488,
491,
503,
507,
],
'project:google-closure-library/ui/bubble.js':[
379,
],
'project:google-closure-library/ui/buttonrenderer.js':[
198,
200,
],
'project:google-closure-library/ui/control.js':[
163,
164,
165,
530,
530,
990,
1006,
1006,
1006,
1031,
1054,
1054,
1054,
1066,
1079,
1079,
1079,
1091,
1107,
1108,
1108,
1135,
],
'project:google-closure-library/ui/controlrenderer.js':[
300,
757,
760,
760,
],
'project:google-closure-library/ui/editor/bubble.js':[
411,
414,
420,
423,
430,
432,
],
'project:google-closure-library/ui/keyboardshortcuthandler.js':[
578,
581,
584,
587,
833,
833,
833,
860,
861,
862,
928,
],
'project:google-closure-library/ui/media/youtube.js':[
174,
],
'project:google-closure-library/ui/menubutton.js':[
618,
629,
],
'project:google-closure-library/ui/popup.js':[
263,
],
'project:google-closure-library/ui/popupmenu.js':[
414,
],
'project:google-closure-library/ui/roundedpanel.js':[
307,
313,
319,
325,
581,
582,
585,
],
'project:google-closure-library/ui/tab.js':[
55,
],
'project:google-closure-library/ui/tooltip.js':[
945,
946,
949,
991,
992,
996,
],
'project:google-closure-library/uri/uri.js':[
925,
925,
925,
],
'project:jquery-1.7.2.js':[
2275,
3397,
3397,
3397,
4216,
4469,
4542,
4910,
5341,
],
'project:jstorage-0.3.0.js':[
836,
838,
838,
840,
840,
842,
],
'project:knockout-2.1.0.debug.js':[
240,
716,
],
'project:mootools-core-1.4.5-full-nocompat.js':[
435,
443,
451,
459,
467,
1931,
1944,
],
'project:ocanvas-2.2.2.js':[
169,
376,
660,
688,
943,
1687,
1763,
1768,
1871,
1938,
1939,
1940,
2000,
2271,
2273,
2398,
2508,
2578,
2581,
2608,
2608,
2612,
2645,
2737,
2737,
2742,
2742,
2747,
2747,
2752,
2752,
2800,
2812,
2817,
2823,
2828,
2839,
2857,
2860,
2894,
2939,
2953,
2988,
2991,
3035,
3041,
3065,
3089,
3089,
3090,
3090,
3109,
3113,
3117,
3121,
3254,
3414,
3417,
3542,
3930,
3961,
3965,
3977,
3979,
4011,
4039,
4041,
4237,
4245,
4254,
4613,
4641,
],
'project:open-layers-2.12/OpenLayers/BaseTypes/Date.js':[
106,
],
'project:open-layers-2.12/OpenLayers/Control/ModifyFeature.js':[
595,
598,
598,
602,
604,
749,
750,
751,
],
'project:open-layers-2.12/OpenLayers/Events/buttonclick.js':[
135,
],
'project:open-layers-2.12/OpenLayers/Geometry/LinearRing.js':[
362,
],
'project:open-layers-2.12/OpenLayers/Handler.js':[
140,
141,
],
'project:open-layers-2.12/OpenLayers/Layer/Bing.js':[
195,
196,
199,
],
'project:open-layers-2.12/OpenLayers/Layer/Grid.js':[
575,
],
'project:open-layers-2.12/OpenLayers/Map.js':[
1789,
],
'project:open-layers-2.12/OpenLayers/Renderer/Canvas.js':[
267,
268,
796,
797,
],
'project:open-layers-2.12/OpenLayers/Renderer/SVG.js':[
332,
],
'project:open-layers-2.12/OpenLayers/Renderer/VML.js':[
96,
97,
227,
228,
484,
485,
486,
487,
653,
654,
719,
720,
755,
756,
802,
803,
804,
805,
824,
825,
],
'project:open-layers-2.12/deprecated.js':[
5115,
],
'project:paper-0.22.js':[
1470,
1819,
1820,
1821,
1821,
1822,
1823,
1824,
1825,
1838,
1842,
1850,
2589,
2589,
2691,
3111,
3112,
3113,
3122,
3123,
3124,
3148,
3149,
3991,
3997,
4351,
4351,
4410,
4460,
4461,
4463,
7342,
7343,
7633,
7633,
],
'project:processing-1.3.6.js':[
133,
134,
135,
136,
137,
138,
139,
140,
141,
142,
143,
144,
145,
146,
261,
262,
274,
277,
279,
279,
320,
857,
1163,
1163,
2241,
2242,
2291,
2291,
2291,
2294,
2299,
2299,
2302,
2306,
2306,
2310,
2310,
2310,
2311,
2311,
2311,
2314,
2319,
2319,
2322,
2326,
2326,
2344,
2344,
2344,
2349,
2349,
2349,
2349,
3298,
3312,
3312,
3312,
3313,
3314,
3315,
3316,
3317,
3319,
3319,
3319,
3326,
3326,
3327,
3328,
3329,
3330,
3331,
3332,
3333,
3333,
3333,
3333,
3333,
3333,
3333,
3333,
3333,
3333,
3333,
3333,
3336,
3336,
3337,
3337,
3337,
3337,
3337,
3337,
3337,
3337,
3337,
3337,
3337,
3337,
3337,
3337,
3337,
3337,
3337,
3340,
3340,
3341,
3341,
3341,
3341,
3341,
3341,
3341,
3341,
3341,
3341,
3341,
3341,
3341,
3341,
3341,
3341,
3341,
3344,
3344,
3345,
3345,
3345,
3345,
3345,
3345,
3345,
3345,
3345,
3345,
3345,
3345,
3345,
3345,
3345,
3345,
3345,
3348,
3348,
3349,
3350,
3351,
3352,
3352,
3352,
3353,
3353,
3353,
3354,
3354,
3354,
3355,
3355,
3355,
3355,
3355,
3355,
3355,
3355,
3355,
3355,
3355,
3355,
3358,
3358,
3359,
3359,
3360,
3360,
3361,
3362,
3362,
3363,
3363,
3364,
3371,
3371,
3372,
3372,
3373,
3373,
3374,
3375,
3375,
3376,
3376,
3377,
3378,
3379,
3380,
3384,
3384,
3385,
3385,
3386,
3386,
3387,
3388,
3388,
3389,
3389,
3390,
3391,
3392,
3393,
3397,
3397,
3398,
3398,
3399,
3399,
3400,
3401,
3401,
3402,
3402,
3403,
3404,
3405,
3406,
3410,
3410,
3411,
3411,
3412,
3412,
3413,
3414,
3414,
3415,
3415,
3416,
3417,
3417,
3418,
3418,
3419,
3419,
3423,
3423,
3424,
3424,
3425,
3425,
3426,
3427,
3427,
3428,
3428,
3429,
3430,
3430,
3430,
3431,
3431,
3431,
3432,
3432,
3432,
3436,
3436,
3437,
3437,
3438,
3438,
3439,
3440,
3440,
3441,
3441,
3442,
3443,
3443,
3444,
3444,
3445,
3445,
3449,
3449,
3450,
3450,
3451,
3451,
3452,
3453,
3453,
3454,
3454,
3455,
3458,
3463,
3468,
3474,
3474,
3475,
3475,
3476,
3476,
3477,
3478,
3478,
3479,
3479,
3480,
3483,
3488,
3493,
3522,
3522,
3522,
3522,
3522,
3522,
3522,
3522,
3522,
3522,
3526,
3530,
3530,
3530,
3553,
3553,
3553,
3553,
3553,
3553,
3553,
3556,
3556,
3556,
3556,
3556,
3556,
3556,
3556,
3556,
3556,
3559,
3559,
3559,
3559,
3559,
3559,
3559,
3562,
3562,
3562,
3562,
3562,
3562,
3562,
3596,
3596,
3597,
3597,
3598,
3622,
3622,
3625,
3625,
3628,
3631,
3631,
3640,
3640,
3642,
3642,
3648,
3648,
3648,
3648,
3648,
3648,
3648,
3648,
3648,
3648,
3650,
3650,
3651,
3651,
3652,
3653,
3653,
3654,
3654,
3655,
3655,
3656,
3657,
3657,
3658,
3659,
3660,
3662,
3662,
3662,
3662,
3662,
3662,
3662,
3662,
3662,
3662,
3975,
3976,
4023,
4026,
4026,
4029,
4029,
4040,
4293,
4293,
4293,
4296,
4296,
4296,
4299,
4302,
4324,
4328,
4343,
4455,
4455,
4455,
4456,
4456,
4456,
4457,
4457,
4457,
4457,
4457,
4467,
4467,
4500,
4507,
4510,
4510,
4513,
4514,
4517,
4523,
4524,
4525,
4541,
4542,
4552,
4734,
4734,
4734,
4734,
4734,
4751,
4751,
4751,
4751,
4751,
4765,
4765,
4765,
4765,
4765,
4784,
4784,
4784,
4784,
4784,
4809,
4809,
4809,
4809,
4809,
5059,
5060,
5070,
5071,
5947,
5953,
6095,
6096,
6517,
6517,
6517,
6517,
6517,
6517,
6517,
6517,
6517,
6517,
6525,
6525,
6526,
6526,
6527,
6528,
6528,
6538,
6538,
6538,
6538,
6538,
6538,
6538,
6538,
6538,
6538,
6550,
6550,
6551,
6551,
6552,
6553,
6553,
6711,
6711,
6713,
6713,
6713,
6713,
6713,
6713,
6713,
6713,
6713,
6713,
6715,
6715,
6716,
6716,
6716,
6716,
6716,
6716,
6716,
6716,
6716,
6716,
6722,
6722,
6722,
6722,
6722,
6722,
6722,
6722,
6722,
6722,
6813,
6813,
6842,
6842,
6842,
6842,
6842,
6842,
6842,
6842,
6842,
6842,
6847,
6847,
6848,
6848,
6849,
6850,
6850,
6856,
6856,
6856,
6856,
6856,
6856,
6856,
6856,
6856,
6856,
6910,
7023,
7141,
7141,
7141,
7141,
7141,
7142,
7142,
7142,
7142,
7142,
7143,
7143,
7143,
7143,
7143,
7144,
7144,
7144,
7144,
7144,
7145,
7145,
7145,
7145,
7145,
7181,
7181,
7181,
7181,
7181,
7182,
7182,
7182,
7182,
7182,
7183,
7183,
7183,
7183,
7183,
7184,
7184,
7184,
7184,
7184,
7185,
7185,
7185,
7185,
7185,
7228,
7228,
7228,
7228,
7228,
7233,
7233,
7233,
7233,
7233,
7233,
7234,
7234,
7234,
7234,
7234,
7234,
7238,
7246,
7246,
7247,
7247,
7248,
7249,
7250,
7251,
7252,
7252,
7252,
7252,
7252,
7252,
7256,
7264,
7264,
7264,
7264,
7264,
7265,
7265,
7394,
7396,
7397,
7400,
7400,
7400,
7400,
7400,
7400,
7400,
7400,
7400,
7400,
7401,
7403,
7404,
7405,
7406,
7407,
7413,
7413,
7413,
7413,
7413,
7413,
7413,
7413,
7413,
7413,
7414,
7414,
7414,
7414,
7414,
7414,
7414,
7414,
7414,
7414,
7415,
7415,
7415,
7415,
7415,
7415,
7415,
7415,
7415,
7415,
7416,
7416,
7416,
7416,
7416,
7416,
7416,
7416,
7416,
7416,
7417,
7417,
7417,
7417,
7417,
7417,
7417,
7417,
7417,
7417,
7418,
7418,
7418,
7418,
7418,
7418,
7419,
7419,
7419,
7419,
7419,
7420,
7420,
7420,
7420,
7420,
7420,
7420,
7420,
7420,
7420,
7421,
7421,
7421,
7422,
7422,
7423,
7423,
7424,
7425,
7425,
7503,
7515,
7525,
],
'project:prototype-1.7.js':[
1090,
2348,
4184,
4359,
4409,
4677,
4911,
],
'project:scriptaculous-1.9.0/dragdrop.js':[
231,
231,
],
'project:sizzle-1.8.2.js':[
373,
924,
],
'project:underscore-1.3.3.js':[
294,
],
'project:yui-3.7.3/async-queue/async-queue.js':[
81,
],
'project:yui-3.7.3/dataschema-json/dataschema-json.js':[
64,
],
'project:yui-3.7.3/datatable-column-widths/datatable-column-widths.js':[
246,
],
'project:yui-3.7.3/datatable-scroll-deprecated/datatable-scroll-deprecated.js':[
410,
411,
],
'project:yui-3.7.3/datatable-scroll/datatable-scroll.js':[
26,
],
'project:yui-3.7.3/datatable-sort/datatable-sort.js':[
580,
589,
],
'project:yui-3.7.3/datatable-table/datatable-table.js':[
587,
588,
],
'project:yui-3.7.3/dom-core/dom-core.js':[
178,
],
'project:yui-3.7.3/jsonp-url/jsonp-url.js':[
76,
],
'project:yui-3.7.3/model-list/model-list.js':[
1048,
],
'project:yui-3.7.3/selector-native/selector-native.js':[
71,
],
'project:yui-3.7.3/simpleyui/simpleyui.js':[
6653,
8867,
],
}
