{
'project:angular-1.0.3.js':[
695,
1579,
3973,
4454,
6162,
6304,
6315,
6326,
6337,
6348,
6376,
6623,
10826,
14304,
],
'project:dojo-1.8.1/dijit/dijit-all.js.uncompressed.js':[
711,
6454,
6486,
9676,
9682,
18361,
18515,
24795,
24798,
26014,
],
'project:dojo-1.8.1/dijit/form/NumberTextBox.js.uncompressed.js':[
181,
187,
],
'project:dojo-1.8.1/dijit/form/TextBox.js.uncompressed.js':[
124,
],
'project:dojo-1.8.1/dijit/form/_AutoCompleterMixin.js.uncompressed.js':[
380,
412,
],
'project:dojo-1.8.1/dijit/layout/StackContainer.js.uncompressed.js':[
175,
329,
],
'project:dojo-1.8.1/dojo/data/ItemFileReadStore.js.uncompressed.js':[
185,
],
'project:dojo-1.8.1/dojo/data/ItemFileWriteStore.js.uncompressed.js':[
358,
519,
],
'project:dojo-1.8.1/dojo/data/util/sorter.js.uncompressed.js':[
25,
28,
],
'project:dojo-1.8.1/dojo/date/locale.js.uncompressed.js':[
651,
],
'project:dojo-1.8.1/dojox/app/widgets/scrollable.js.uncompressed.js':[
278,
],
'project:dojo-1.8.1/dojox/calc/_Executor.js.uncompressed.js':[
99,
],
'project:dojo-1.8.1/dojox/data/AppStore.js.uncompressed.js':[
217,
],
'project:dojo-1.8.1/dojox/data/CssRuleStore.js.uncompressed.js':[
199,
],
'project:dojo-1.8.1/dojox/data/CsvStore.js.uncompressed.js':[
45,
186,
],
'project:dojo-1.8.1/dojox/data/HtmlStore.js.uncompressed.js':[
254,
],
'project:dojo-1.8.1/dojox/data/HtmlTableStore.js.uncompressed.js':[
166,
],
'project:dojo-1.8.1/dojox/data/KeyValueStore.js.uncompressed.js':[
122,
],
'project:dojo-1.8.1/dojox/data/OpmlStore.js.uncompressed.js':[
216,
],
'project:dojo-1.8.1/dojox/date/buddhist/locale.js.uncompressed.js':[
403,
],
'project:dojo-1.8.1/dojox/date/hebrew/locale.js.uncompressed.js':[
483,
],
'project:dojo-1.8.1/dojox/date/islamic/locale.js.uncompressed.js':[
402,
],
'project:dojo-1.8.1/dojox/gauges/_Indicator.js.uncompressed.js':[
128,
],
'project:dojo-1.8.1/dojox/grid/DataGrid.js.uncompressed.js':[
5093,
5137,
],
'project:dojo-1.8.1/dojox/grid/_Grid.js.uncompressed.js':[
716,
760,
],
'project:dojo-1.8.1/dojox/io/xhrWindowNamePlugin.js.uncompressed.js':[
31,
],
'project:dojo-1.8.1/dojox/lang/oo/rearrange.js.uncompressed.js':[
36,
54,
],
'project:dojo-1.8.1/dojox/mobile.js.uncompressed.js':[
2270,
2288,
],
'project:dojo-1.8.1/dojox/mobile/SpinWheelSlot.js.uncompressed.js':[
262,
],
'project:dojo-1.8.1/dojox/mobile/Tooltip.js.uncompressed.js':[
86,
99,
],
'project:dojo-1.8.1/dojox/mobile/View.js.uncompressed.js':[
510,
528,
],
'project:dojo-1.8.1/dojox/mobile/_compat.js.uncompressed.js':[
546,
],
'project:dojo-1.8.1/dojox/mobile/app.js.uncompressed.js':[
7360,
7378,
],
'project:dojo-1.8.1/dojox/mobile/scrollable.js.uncompressed.js':[
342,
],
'project:dojo-1.8.1/dojox/sql/_crypto.js.uncompressed.js':[
77,
],
'project:dojo-1.8.1/dojox/widget/DataPresentation.js.uncompressed.js':[
778,
],
'project:dojo-1.8.1/dojox/wire/DataWire.js.uncompressed.js':[
119,
],
'project:dojo-1.8.1/dojox/wire/Wire.js.uncompressed.js':[
75,
111,
128,
182,
189,
261,
],
'project:dojo-1.8.1/dojox/wire/XmlWire.js.uncompressed.js':[
143,
],
'project:dojo-1.8.1/dojox/wire/ml/Service.js.uncompressed.js':[
77,
],
'project:dojo-1.8.1/dojox/wire/ml/Transfer.js.uncompressed.js':[
99,
134,
],
'project:dojo-1.8.1/dojox/wire/ml/util.js.uncompressed.js':[
27,
102,
],
'project:ecmascript6/Ghost/core/client/app/services/notifications.js':[
76,
],
'project:ecmascript6/Ghost/core/server/helpers/date.js':[
12,
],
'project:ecmascript6/Ghost/core/server/helpers/index.js':[
57,
],
'project:ecmascript6/Ghost/core/test/utils/fork.js':[
77,
125,
],
'project:ecmascript6/di.js/chrome-extension/visualize/lib/angular.js':[
990,
2207,
5844,
6226,
9520,
10127,
10315,
10327,
10339,
10351,
10363,
10421,
10861,
20268,
],
'project:ecmascript6/di.js/chrome-extension/visualize/lib/d3.v3.js':[
44,
47,
55,
58,
66,
72,
],
'project:ecmascript6/di.js/example/angular-loader/traceur.js':[
576,
807,
],
'project:ecmascript6/di.js/visualize/lib/angular.js':[
990,
2207,
5844,
6226,
9520,
10127,
10315,
10327,
10339,
10351,
10363,
10421,
10861,
20268,
],
'project:ecmascript6/di.js/visualize/lib/d3.v3.js':[
44,
47,
55,
58,
66,
72,
],
'project:ecmascript6/http/lib/gulp/karma/index.js':[
6,
],
'project:ecmascript6/http/test/mocks/Xhr.js':[
76,
],
'project:ecmascript6/reddit-mobile/src/lib/savedReply.es6.js':[
45,
],
'project:ecmascript6/reddit-mobile/src/server/oauth.es6.js':[
325,
],
'project:ecmascript6/router/third_party/brick/brick-1.0.1.byob.js':[
253,
],
'project:ecmascript6/watchtower.js/lib/gulp/karma/index.js':[
6,
],
'project:frameworks/wordpress/revisions.js':[
1065,
],
'project:google-closure-library/fx/draglistgroup.js':[
455,
456,
972,
],
'project:google-closure-library/gears/gears.js':[
118,
174,
],
'project:google-closure-library/net/websocket.js':[
121,
376,
],
'project:google-closure-library/structs/trie.js':[
60,
292,
],
'project:google-closure-library/testing/asserts.js':[
497,
],
'project:google-closure-library/testing/continuationtestcase.js':[
152,
153,
154,
],
'project:google-closure-library/testing/propertyreplacer.js':[
143,
],
'project:google-closure-library/ui/ac/remotearraymatcher.js':[
84,
],
'project:google-closure-library/ui/advancedtooltip.js':[
270,
],
'project:google-closure-library/ui/filteredmenu.js':[
215,
216,
239,
240,
],
'project:google-closure-library/ui/menubutton.js':[
725,
],
'project:google-closure-library/ui/plaintextspellchecker.js':[
173,
177,
583,
],
'project:google-closure-library/ui/tooltip.js':[
524,
554,
557,
624,
801,
862,
886,
],
'project:google-closure-library/uri/utils.js':[
574,
],
'project:google-closure-library/useragent/picasa.js':[
73,
],
'project:jquery-1.7.2.js':[
595,
1166,
1175,
2008,
2182,
2245,
3168,
3242,
3765,
3776,
3781,
3786,
3833,
7090,
7150,
7242,
7356,
7471,
7545,
7937,
8113,
8260,
8633,
8698,
],
'project:jshint-2012.06.15.js':[
2763,
3815,
4248,
],
'project:jstorage-0.3.0.js':[
398,
],
'project:knockout-2.1.0.debug.js':[
1189,
],
'project:ocanvas-2.2.2.js':[
4239,
5997,
],
'project:open-layers-2.12/OpenLayers/Kinetic.js':[
68,
],
'project:open-layers-2.12/OpenLayers/Layer/Bing.js':[
306,
],
'project:paper-0.22.js':[
4171,
],
'project:processing-1.3.6.js':[
9876,
],
'project:prototype-1.7.js':[
1797,
2424,
],
'project:qunit-1.8.0.js':[
261,
],
'project:yui-3.7.3/align-plugin/align-plugin.js':[
17,
],
'project:yui-3.7.3/dataschema-json/dataschema-json.js':[
101,
],
'project:yui-3.7.3/datatype-date-format/datatype-date-format.js':[
294,
],
'project:yui-3.7.3/dom-style-ie/dom-style-ie.js':[
27,
],
'project:yui-3.7.3/dom-style/dom-style.js':[
30,
],
'project:yui-3.7.3/json-stringify/json-stringify.js':[
146,
],
'project:yui-3.7.3/simpleyui/simpleyui.js':[
7578,
7915,
],
'project:yui-3.7.3/widget-stdmod/widget-stdmod.js':[
574,
],
}
