{
'project:dojo-1.8.1/dojox/editor/plugins/NormalizeIndentOutdent.js.uncompressed.js':[
85,
],
'project:dojo-1.8.1/dojox/flash/_base.js.uncompressed.js':[
257,
],
'project:dojo-1.8.1/dojox/mdnd/adapter/DndFromDojo.js.uncompressed.js':[
235,
],
'project:ecmascript6/Ghost/core/server/middleware/auth.js':[
54,
],
'project:ocanvas-2.2.2.js':[
1474,
1556,
1579,
1593,
3199,
],
'project:open-layers-2.12/OpenLayers/Control/UTFGrid.js':[
130,
],
'project:yui-3.7.3/datatype-date-math/datatype-date-math.js':[
28,
],
'project:yui-3.7.3/dom-screen/dom-screen.js':[
547,
],
'project:yui-3.7.3/selector-css3/selector-css3.js':[
49,
],
'project:yui-3.7.3/simpleyui/simpleyui.js':[
8738,
19703,
],
}
