{
'project:ecmascript6/Ghost/core/client/tests/acceptance/settings/navigation-test.js':[
83,
],
'project:ecmascript6/Ghost/core/test/functional/routes/frontend_spec.js':[
144,
145,
146,
198,
199,
200,
201,
331,
332,
],
'project:frameworks/wordpress/common.js':[
176,
485,
550,
],
'project:frameworks/wordpress/edit-comments.js':[
131,
178,
183,
543,
585,
],
'project:frameworks/wordpress/gallery.js':[
57,
59,
64,
66,
],
'project:frameworks/wordpress/inline-edit-post.js':[
10,
42,
214,
],
'project:frameworks/wordpress/media-upload.js':[
58,
],
'project:frameworks/wordpress/nav-menu.js':[
971,
],
'project:frameworks/wordpress/plugin-install.js':[
26,
],
'project:frameworks/wordpress/press-this.js':[
144,
290,
356,
389,
731,
739,
],
'project:frameworks/wordpress/set-post-thumbnail.js':[
16,
],
'project:frameworks/wordpress/tags-box.js':[
156,
186,
],
'project:frameworks/wordpress/theme.js':[
501,
825,
1526,
1531,
1670,
],
'project:frameworks/wordpress/widgets.js':[
13,
244,
253,
331,
],
'project:frameworks/wordpress/xfn.js':[
5,
],
}
