{
'project:ecmascript6/react-router/examples/active-links/app.js':[
10,
],
'project:ecmascript6/react-router/examples/animations/app.js':[
10,
],
'project:ecmascript6/react-router/examples/auth-flow/app.js':[
26,
],
'project:ecmascript6/react-router/examples/auth-with-shared-root/app.js':[
6,
],
'project:ecmascript6/react-router/examples/auth-with-shared-root/components/About.js':[
5,
],
'project:ecmascript6/react-router/examples/auth-with-shared-root/components/App.js':[
26,
],
'project:ecmascript6/react-router/examples/auth-with-shared-root/components/Dashboard.js':[
9,
],
'project:ecmascript6/react-router/examples/auth-with-shared-root/components/Landing.js':[
7,
],
'project:ecmascript6/react-router/examples/auth-with-shared-root/components/Login.js':[
38,
],
'project:ecmascript6/react-router/examples/auth-with-shared-root/components/Logout.js':[
10,
],
'project:ecmascript6/react-router/examples/auth-with-shared-root/components/PageOne.js':[
5,
],
'project:ecmascript6/react-router/examples/auth-with-shared-root/components/PageTwo.js':[
5,
],
'project:ecmascript6/react-router/examples/auth-with-shared-root/components/User.js':[
5,
],
'project:ecmascript6/react-router/examples/breadcrumbs/app.js':[
11,
],
'project:ecmascript6/react-router/examples/confirming-navigation/app.js':[
8,
],
'project:ecmascript6/react-router/examples/dynamic-segments/app.js':[
8,
],
'project:ecmascript6/react-router/examples/huge-apps/app.js':[
23,
],
'project:ecmascript6/react-router/examples/huge-apps/components/App.js':[
9,
],
'project:ecmascript6/react-router/examples/huge-apps/components/Dashboard.js':[
9,
],
'project:ecmascript6/react-router/examples/huge-apps/components/GlobalNav.js':[
22,
],
'project:ecmascript6/react-router/examples/huge-apps/routes/Calendar/components/Calendar.js':[
10,
],
'project:ecmascript6/react-router/examples/huge-apps/routes/Course/components/Course.js':[
24,
],
'project:ecmascript6/react-router/examples/huge-apps/routes/Course/components/Dashboard.js':[
6,
],
'project:ecmascript6/react-router/examples/huge-apps/routes/Course/components/Nav.js':[
17,
],
'project:ecmascript6/react-router/examples/huge-apps/routes/Course/routes/Announcements/components/Announcements.js':[
6,
],
'project:ecmascript6/react-router/examples/huge-apps/routes/Course/routes/Announcements/components/Sidebar.js':[
10,
],
'project:ecmascript6/react-router/examples/huge-apps/routes/Course/routes/Announcements/routes/Announcement/components/Announcement.js':[
10,
],
'project:ecmascript6/react-router/examples/huge-apps/routes/Course/routes/Assignments/components/Assignments.js':[
6,
],
'project:ecmascript6/react-router/examples/huge-apps/routes/Course/routes/Assignments/components/Sidebar.js':[
10,
],
'project:ecmascript6/react-router/examples/huge-apps/routes/Course/routes/Assignments/routes/Assignment/components/Assignment.js':[
10,
],
'project:ecmascript6/react-router/examples/huge-apps/routes/Course/routes/Grades/components/Grades.js':[
9,
],
'project:ecmascript6/react-router/examples/huge-apps/routes/Grades/components/Grades.js':[
7,
],
'project:ecmascript6/react-router/examples/huge-apps/routes/Messages/components/Messages.js':[
7,
],
'project:ecmascript6/react-router/examples/huge-apps/routes/Profile/components/Profile.js':[
6,
],
'project:ecmascript6/react-router/examples/master-detail/app.js':[
39,
],
'project:ecmascript6/react-router/examples/nested-animations/app.js':[
15,
],
'project:ecmascript6/react-router/examples/passing-props-to-children/app.js':[
42,
],
'project:ecmascript6/react-router/examples/pinterest/app.js':[
26,
],
'project:ecmascript6/react-router/examples/query-params/app.js':[
12,
],
'project:ecmascript6/react-router/examples/sidebar/app.js':[
12,
],
'project:ecmascript6/react-router/modules/IndexLink.js':[
10,
],
'project:ecmascript6/react-router/modules/Link.js':[
105,
],
'project:ecmascript6/react-router/modules/RouteUtils.js':[
27,
],
'project:ecmascript6/react-router/modules/Router.js':[
41,
],
'project:ecmascript6/react-router/modules/RouterContext.js':[
45,
],
'project:ecmascript6/react-router/modules/RouterUtils.js':[
5,
],
'project:ecmascript6/react-router/modules/RoutingContext.js':[
11,
],
'project:ecmascript6/react-router/modules/__tests__/IndexLink-test.js':[
16,
],
'project:ecmascript6/react-router/modules/__tests__/IndexRedirect-test.js':[
22,
],
'project:ecmascript6/react-router/modules/__tests__/IndexRoute-test.js':[
13,
],
'project:ecmascript6/react-router/modules/__tests__/Link-test.js':[
17,
],
'project:ecmascript6/react-router/modules/__tests__/Redirect-test.js':[
22,
],
'project:ecmascript6/react-router/modules/__tests__/RouteComponent-test.js':[
39,
],
'project:ecmascript6/react-router/modules/__tests__/Router-test.js':[
12,
],
'project:ecmascript6/react-router/modules/__tests__/RouterContext-test.js':[
54,
],
'project:ecmascript6/react-router/modules/__tests__/_bc-History-test.js':[
34,
],
'project:ecmascript6/react-router/modules/__tests__/_bc-Link-test.js':[
17,
],
'project:ecmascript6/react-router/modules/__tests__/_bc-Router-test.js':[
12,
],
'project:ecmascript6/react-router/modules/__tests__/_bc-isActive-test.js':[
25,
],
'project:ecmascript6/react-router/modules/__tests__/_bc-serverRendering-test.js':[
14,
],
'project:ecmascript6/react-router/modules/__tests__/_bc-transitionHooks-test.js':[
14,
],
'project:ecmascript6/react-router/modules/__tests__/createRoutesFromReactChildren-test.js':[
12,
],
'project:ecmascript6/react-router/modules/__tests__/isActive-test.js':[
26,
],
'project:ecmascript6/react-router/modules/__tests__/matchRoutes-test.js':[
298,
],
'project:ecmascript6/react-router/modules/__tests__/push-test.js':[
14,
],
'project:ecmascript6/react-router/modules/__tests__/serverRendering-test.js':[
16,
],
'project:ecmascript6/react-router/modules/__tests__/transitionHooks-test.js':[
22,
],
'project:ecmascript6/react-router/modules/__tests__/useRouterHistory-test.js':[
51,
],
'project:ecmascript6/react-router/modules/createTransitionManager.js':[
61,
],
'project:ecmascript6/react-router/modules/index.js':[
2,
],
'project:ecmascript6/react-router/modules/match.js':[
17,
],
'project:ecmascript6/react-router/modules/useRoutes.js':[
23,
],
'project:ecmascript6/redux/examples/async/components/Picker.js':[
8,
],
'project:ecmascript6/redux/examples/async/components/Posts.js':[
6,
],
'project:ecmascript6/redux/examples/async/containers/App.js':[
41,
],
'project:ecmascript6/redux/examples/async/index.js':[
11,
],
'project:ecmascript6/redux/examples/counter/components/Counter.js':[
7,
],
'project:ecmascript6/redux/examples/counter/index.js':[
10,
],
'project:ecmascript6/redux/examples/counter/test/components/Counter.spec.js':[
13,
],
'project:ecmascript6/redux/examples/counter/test/containers/App.spec.js':[
11,
],
'project:ecmascript6/redux/examples/real-world/components/Explore.js':[
41,
],
'project:ecmascript6/redux/examples/real-world/components/List.js':[
7,
],
'project:ecmascript6/redux/examples/real-world/components/Repo.js':[
12,
],
'project:ecmascript6/redux/examples/real-world/components/User.js':[
9,
],
'project:ecmascript6/redux/examples/real-world/containers/App.js':[
30,
],
'project:ecmascript6/redux/examples/real-world/containers/DevTools.js':[
7,
],
'project:ecmascript6/redux/examples/real-world/containers/RepoPage.js':[
37,
],
'project:ecmascript6/redux/examples/real-world/containers/Root.dev.js':[
10,
],
'project:ecmascript6/redux/examples/real-world/containers/Root.prod.js':[
9,
],
'project:ecmascript6/redux/examples/real-world/containers/UserPage.js':[
38,
],
'project:ecmascript6/redux/examples/real-world/index.js':[
10,
],
'project:ecmascript6/redux/examples/real-world/routes.js':[
8,
],
'project:ecmascript6/redux/examples/shopping-cart/components/Cart.js':[
10,
],
'project:ecmascript6/redux/examples/shopping-cart/components/Product.js':[
6,
],
'project:ecmascript6/redux/examples/shopping-cart/components/ProductItem.js':[
9,
],
'project:ecmascript6/redux/examples/shopping-cart/components/ProductsList.js':[
6,
],
'project:ecmascript6/redux/examples/shopping-cart/containers/App.js':[
8,
],
'project:ecmascript6/redux/examples/shopping-cart/containers/CartContainer.js':[
12,
],
'project:ecmascript6/redux/examples/shopping-cart/containers/ProductsContainer.js':[
12,
],
'project:ecmascript6/redux/examples/shopping-cart/index.js':[
21,
],
'project:ecmascript6/redux/examples/shopping-cart/reducers/cart.js':[
29,
],
'project:ecmascript6/redux/examples/shopping-cart/reducers/index.js':[
14,
],
'project:ecmascript6/redux/examples/shopping-cart/reducers/products.js':[
8,
],
'project:ecmascript6/redux/examples/todomvc/components/Footer.js':[
17,
],
'project:ecmascript6/redux/examples/todomvc/components/Header.js':[
13,
],
'project:ecmascript6/redux/examples/todomvc/components/MainSection.js':[
33,
],
'project:ecmascript6/redux/examples/todomvc/components/TodoItem.js':[
32,
],
'project:ecmascript6/redux/examples/todomvc/components/TodoTextInput.js':[
34,
],
'project:ecmascript6/redux/examples/todomvc/containers/App.js':[
12,
],
'project:ecmascript6/redux/examples/todomvc/index.js':[
12,
],
'project:ecmascript6/redux/examples/todomvc/test/components/Footer.spec.js':[
17,
],
'project:ecmascript6/redux/examples/todomvc/test/components/Header.spec.js':[
13,
],
'project:ecmascript6/redux/examples/todomvc/test/components/MainSection.spec.js':[
32,
],
'project:ecmascript6/redux/examples/todomvc/test/components/TodoItem.spec.js':[
22,
],
'project:ecmascript6/redux/examples/todomvc/test/components/TodoTextInput.spec.js':[
18,
],
'project:ecmascript6/redux/examples/todos-with-undo/components/AddTodo.js':[
16,
],
'project:ecmascript6/redux/examples/todos-with-undo/components/Footer.js':[
10,
],
'project:ecmascript6/redux/examples/todos-with-undo/components/Todo.js':[
6,
],
'project:ecmascript6/redux/examples/todos-with-undo/components/TodoList.js':[
7,
],
'project:ecmascript6/redux/examples/todos-with-undo/containers/App.js':[
13,
],
'project:ecmascript6/redux/examples/todos-with-undo/index.js':[
12,
],
'project:ecmascript6/redux/examples/universal/client/index.js':[
13,
],
'project:ecmascript6/redux/examples/universal/common/components/Counter.js':[
7,
],
'project:ecmascript6/redux/examples/universal/server/server.js':[
46,
],
'project:ecmascript6/redux/src/utils/applyMiddleware.js':[
33,
],
'project:ecmascript6/sonar-web/src/main/js/apps/background-tasks/app.js':[
7,
],
'project:ecmascript6/sonar-web/src/main/js/apps/background-tasks/header.js':[
6,
],
'project:ecmascript6/sonar-web/src/main/js/apps/background-tasks/main.js':[
184,
],
'project:ecmascript6/sonar-web/src/main/js/apps/background-tasks/search.js':[
80,
],
'project:ecmascript6/sonar-web/src/main/js/apps/background-tasks/stats.js':[
20,
],
'project:ecmascript6/sonar-web/src/main/js/apps/background-tasks/tasks.js':[
23,
],
'project:ecmascript6/sonar-web/src/main/js/apps/global-permissions/app.js':[
8,
],
'project:ecmascript6/sonar-web/src/main/js/apps/global-permissions/main.js':[
25,
],
'project:ecmascript6/sonar-web/src/main/js/apps/global-permissions/permission-groups.js':[
10,
],
'project:ecmascript6/sonar-web/src/main/js/apps/global-permissions/permission-users-groups-mixin.js':[
14,
],
'project:ecmascript6/sonar-web/src/main/js/apps/global-permissions/permission-users.js':[
10,
],
'project:ecmascript6/sonar-web/src/main/js/apps/global-permissions/permission.js':[
43,
],
'project:ecmascript6/sonar-web/src/main/js/apps/global-permissions/permissions-list.js':[
14,
],
'project:ecmascript6/sonar-web/src/main/js/apps/overview/app.js':[
22,
],
'project:ecmascript6/sonar-web/src/main/js/apps/overview/components/complexity-distribution.js':[
25,
],
'project:ecmascript6/sonar-web/src/main/js/apps/overview/components/coverage-measure.js':[
14,
],
'project:ecmascript6/sonar-web/src/main/js/apps/overview/components/coverage-measures-list.js':[
37,
],
'project:ecmascript6/sonar-web/src/main/js/apps/overview/components/detailed-measure.js':[
14,
],
'project:ecmascript6/sonar-web/src/main/js/apps/overview/components/domain-bubble-chart.js':[
76,
],
'project:ecmascript6/sonar-web/src/main/js/apps/overview/components/domain-timeline.js':[
92,
],
'project:ecmascript6/sonar-web/src/main/js/apps/overview/components/domain-treemap.js':[
58,
],
'project:ecmascript6/sonar-web/src/main/js/apps/overview/components/issue-measure.js':[
21,
],
'project:ecmascript6/sonar-web/src/main/js/apps/overview/components/issues-assignees.js':[
17,
],
'project:ecmascript6/sonar-web/src/main/js/apps/overview/components/issues-tags.js':[
15,
],
'project:ecmascript6/sonar-web/src/main/js/apps/overview/components/language-distribution.js':[
44,
],
'project:ecmascript6/sonar-web/src/main/js/apps/overview/components/legend.js':[
11,
],
'project:ecmascript6/sonar-web/src/main/js/apps/overview/components/timeline-chart.js':[
67,
],
'project:ecmascript6/sonar-web/src/main/js/apps/overview/domains/coverage-domain.js':[
65,
],
'project:ecmascript6/sonar-web/src/main/js/apps/overview/domains/debt-domain.js':[
90,
],
'project:ecmascript6/sonar-web/src/main/js/apps/overview/domains/duplications-domain.js':[
62,
],
'project:ecmascript6/sonar-web/src/main/js/apps/overview/domains/size-domain.js':[
61,
],
'project:ecmascript6/sonar-web/src/main/js/apps/overview/gate/gate-condition.js':[
14,
],
'project:ecmascript6/sonar-web/src/main/js/apps/overview/gate/gate-conditions.js':[
13,
],
'project:ecmascript6/sonar-web/src/main/js/apps/overview/gate/gate-empty.js':[
8,
],
'project:ecmascript6/sonar-web/src/main/js/apps/overview/gate/gate.js':[
10,
],
'project:ecmascript6/sonar-web/src/main/js/apps/overview/main/components.js':[
11,
],
'project:ecmascript6/sonar-web/src/main/js/apps/overview/main/coverage.js':[
43,
],
'project:ecmascript6/sonar-web/src/main/js/apps/overview/main/duplications.js':[
22,
],
'project:ecmascript6/sonar-web/src/main/js/apps/overview/main/issues.js':[
29,
],
'project:ecmascript6/sonar-web/src/main/js/apps/overview/main/main.js':[
152,
],
'project:ecmascript6/sonar-web/src/main/js/apps/overview/main/size.js':[
24,
],
'project:ecmascript6/sonar-web/src/main/js/apps/overview/main/timeline.js':[
32,
],
'project:ecmascript6/sonar-web/src/main/js/apps/overview/meta.js':[
11,
],
'project:ecmascript6/sonar-web/src/main/js/apps/overview/overview.js':[
31,
],
'project:ecmascript6/sonar-web/src/main/js/apps/permission-templates/app.js':[
8,
],
'project:ecmascript6/sonar-web/src/main/js/apps/permission-templates/header.js':[
16,
],
'project:ecmascript6/sonar-web/src/main/js/apps/permission-templates/main.js':[
65,
],
'project:ecmascript6/sonar-web/src/main/js/apps/permission-templates/permission-template-defaults.js':[
13,
],
'project:ecmascript6/sonar-web/src/main/js/apps/permission-templates/permission-template-set-defaults.js':[
25,
],
'project:ecmascript6/sonar-web/src/main/js/apps/permission-templates/permission-template.js':[
57,
],
'project:ecmascript6/sonar-web/src/main/js/apps/permission-templates/permission-templates.js':[
18,
],
'project:ecmascript6/sonar-web/src/main/js/apps/permission-templates/permissions-header.js':[
12,
],
'project:ecmascript6/sonar-web/src/main/js/apps/project-permissions/app.js':[
14,
],
'project:ecmascript6/sonar-web/src/main/js/apps/project-permissions/main.js':[
90,
],
'project:ecmascript6/sonar-web/src/main/js/apps/project-permissions/permissions-footer.js':[
17,
],
'project:ecmascript6/sonar-web/src/main/js/apps/project-permissions/permissions-header.js':[
12,
],
'project:ecmascript6/sonar-web/src/main/js/apps/project-permissions/permissions.js':[
18,
],
'project:ecmascript6/sonar-web/src/main/js/apps/project-permissions/project.js':[
47,
],
'project:ecmascript6/sonar-web/src/main/js/apps/project-permissions/search.js':[
28,
],
'project:ecmascript6/sonar-web/src/main/js/apps/projects/app.js':[
12,
],
'project:ecmascript6/sonar-web/src/main/js/apps/projects/header.js':[
19,
],
'project:ecmascript6/sonar-web/src/main/js/apps/projects/main.js':[
167,
],
'project:ecmascript6/sonar-web/src/main/js/apps/projects/projects.js':[
28,
],
'project:ecmascript6/sonar-web/src/main/js/apps/projects/search.js':[
47,
],
'project:ecmascript6/sonar-web/src/main/js/apps/system/app.js':[
7,
],
'project:ecmascript6/sonar-web/src/main/js/apps/system/item-boolean.js':[
6,
],
'project:ecmascript6/sonar-web/src/main/js/apps/system/item-log-level.js':[
20,
],
'project:ecmascript6/sonar-web/src/main/js/apps/system/item-object.js':[
7,
],
'project:ecmascript6/sonar-web/src/main/js/apps/system/item-value.js':[
9,
],
'project:ecmascript6/sonar-web/src/main/js/apps/system/main.js':[
40,
],
'project:ecmascript6/sonar-web/src/main/js/apps/system/section.js':[
7,
],
'project:ecmascript6/sonar-web/src/main/js/components/charts/bar-chart.js':[
40,
],
'project:ecmascript6/sonar-web/src/main/js/components/charts/bubble-chart.js':[
32,
],
'project:ecmascript6/sonar-web/src/main/js/components/charts/donut-chart.js':[
13,
],
'project:ecmascript6/sonar-web/src/main/js/components/charts/histogram.js':[
41,
],
'project:ecmascript6/sonar-web/src/main/js/components/charts/line-chart.js':[
56,
],
'project:ecmascript6/sonar-web/src/main/js/components/charts/treemap.js':[
59,
],
'project:ecmascript6/sonar-web/src/main/js/components/charts/word-cloud.js':[
23,
],
'project:ecmascript6/sonar-web/src/main/js/components/shared/assignee-helper.js':[
7,
],
'project:ecmascript6/sonar-web/src/main/js/components/shared/avatar.js':[
19,
],
'project:ecmascript6/sonar-web/src/main/js/components/shared/checkbox.js':[
35,
],
'project:ecmascript6/sonar-web/src/main/js/components/shared/drilldown-link.js':[
78,
],
'project:ecmascript6/sonar-web/src/main/js/components/shared/favorite.js':[
36,
],
'project:ecmascript6/sonar-web/src/main/js/components/shared/issues-link.js':[
9,
],
'project:ecmascript6/sonar-web/src/main/js/components/shared/list-footer.js':[
24,
],
'project:ecmascript6/sonar-web/src/main/js/components/shared/pending-icon.js':[
6,
],
'project:ecmascript6/sonar-web/src/main/js/components/shared/qualifier-icon.js':[
9,
],
'project:ecmascript6/sonar-web/src/main/js/components/shared/quality-gate-link.js':[
7,
],
'project:ecmascript6/sonar-web/src/main/js/components/shared/quality-profile-link.js':[
7,
],
'project:ecmascript6/sonar-web/src/main/js/components/shared/radio-toggle.js':[
24,
],
'project:ecmascript6/sonar-web/src/main/js/components/shared/rating.js':[
13,
],
'project:ecmascript6/sonar-web/src/main/js/components/shared/severity-helper.js':[
9,
],
'project:ecmascript6/sonar-web/src/main/js/components/shared/severity-icon.js':[
9,
],
'project:ecmascript6/sonar-web/src/main/js/components/shared/status-helper.js':[
14,
],
'project:ecmascript6/sonar-web/src/main/js/components/shared/status-icon.js':[
9,
],
'project:ecmascript6/sonar-web/src/main/js/main/nav/app.js':[
40,
],
'project:ecmascript6/sonar-web/src/main/js/main/nav/component/component-nav-breadcrumbs.js':[
12,
],
'project:ecmascript6/sonar-web/src/main/js/main/nav/component/component-nav-favorite.js':[
10,
],
'project:ecmascript6/sonar-web/src/main/js/main/nav/component/component-nav-menu.js':[
56,
],
'project:ecmascript6/sonar-web/src/main/js/main/nav/component/component-nav-meta.js':[
16,
],
'project:ecmascript6/sonar-web/src/main/js/main/nav/component/component-nav.js':[
47,
],
'project:ecmascript6/sonar-web/src/main/js/main/nav/global/global-nav-branding.js':[
9,
],
'project:ecmascript6/sonar-web/src/main/js/main/nav/global/global-nav-menu.js':[
16,
],
'project:ecmascript6/sonar-web/src/main/js/main/nav/global/global-nav-search.js':[
76,
],
'project:ecmascript6/sonar-web/src/main/js/main/nav/global/global-nav-user.js':[
8,
],
'project:ecmascript6/sonar-web/src/main/js/main/nav/global/global-nav.js':[
36,
],
'project:ecmascript6/sonar-web/src/main/js/main/nav/links-mixin.js':[
14,
],
'project:ecmascript6/sonar-web/src/main/js/main/nav/settings/settings-nav.js':[
13,
],
'project:ecmascript6/sonar-web/tests/apps/background-tasks-test.js':[
33,
],
'project:ecmascript6/sonar-web/tests/apps/overview/components/complexity-distribution-test.js':[
16,
],
'project:ecmascript6/sonar-web/tests/apps/overview/components/issues-tags-test.js':[
21,
],
'project:ecmascript6/sonar-web/tests/apps/overview/components/language-distribution-test.js':[
17,
],
'project:ecmascript6/sonar-web/tests/apps/overview/components/legend-test.js':[
15,
],
'project:ecmascript6/sonar-web/tests/apps/overview/components/timeline-chart-test.js':[
34,
],
'project:ecmascript6/sonar-web/tests/apps/overview/main/coverage-test.js':[
32,
],
'project:ecmascript6/sonar-web/tests/apps/overview/overview-test.js':[
14,
],
'project:ecmascript6/sonar-web/tests/apps/permission-templates-test.js':[
17,
],
'project:ecmascript6/sonar-web/tests/apps/projects-test.js':[
18,
],
'project:ecmascript6/sonar-web/tests/apps/system-test.js':[
14,
],
'project:ecmascript6/sonar-web/tests/components/charts/bar-chart-test.js':[
16,
],
'project:ecmascript6/sonar-web/tests/components/charts/bubble-chart-test.js':[
16,
],
'project:ecmascript6/sonar-web/tests/components/charts/line-chart-test.js':[
16,
],
'project:ecmascript6/sonar-web/tests/components/charts/treemap-test.js':[
16,
],
'project:ecmascript6/sonar-web/tests/components/charts/work-cloud-test.js':[
16,
],
'project:highlight-2012.06.15.js':[
6,
],
}
