{
'project:dojo-1.8.1/dojo/_base/declare.js.uncompressed.js':[
349,
],
'project:dojo-1.8.1/dojo/dojo.js.uncompressed.js':[
7258,
],
'project:dojo-1.8.1/dojox/charting/DataChart.js.uncompressed.js':[
389,
],
'project:dojo-1.8.1/dojox/charting/plot2d/Bars.js.uncompressed.js':[
165,
],
'project:dojo-1.8.1/dojox/charting/plot2d/Bubble.js.uncompressed.js':[
180,
],
'project:dojo-1.8.1/dojox/charting/plot2d/Candlesticks.js.uncompressed.js':[
137,
],
'project:dojo-1.8.1/dojox/charting/plot2d/Columns.js.uncompressed.js':[
118,
],
'project:dojo-1.8.1/dojox/charting/plot2d/Default.js.uncompressed.js':[
254,
365,
366,
],
'project:dojo-1.8.1/dojox/charting/plot2d/OHLC.js.uncompressed.js':[
137,
],
'project:dojo-1.8.1/dojox/charting/plot2d/Pie.js.uncompressed.js':[
262,
],
'project:dojo-1.8.1/dojox/charting/plot2d/Scatter.js.uncompressed.js':[
98,
99,
100,
152,
],
'project:dojo-1.8.1/dojox/charting/widget/Chart2D.js.uncompressed.js':[
520,
816,
1447,
1620,
2302,
2330,
2361,
2373,
2480,
2481,
2482,
2534,
2916,
5942,
6284,
9065,
9262,
10239,
12403,
12514,
12515,
],
'project:dojo-1.8.1/dojox/data/AndOrReadStore.js.uncompressed.js':[
203,
],
'project:dojo-1.8.1/dojox/encoding/compression/lzw.js.uncompressed.js':[
62,
],
'project:dojo-1.8.1/dojox/encoding/compression/splay.js.uncompressed.js':[
8,
9,
10,
],
'project:dojo-1.8.1/dojox/encoding/crypto/RSAKey.js.uncompressed.js':[
21,
],
'project:dojo-1.8.1/dojox/encoding/crypto/SimpleAES.js.uncompressed.js':[
65,
80,
91,
92,
120,
121,
129,
169,
179,
190,
243,
255,
259,
],
'project:dojo-1.8.1/dojox/encoding/digests/SHA1.js.uncompressed.js':[
30,
52,
52,
],
'project:dojo-1.8.1/dojox/flash/_base.js.uncompressed.js':[
579,
],
'project:dojo-1.8.1/dojox/geo/openlayers/GeometryFeature.js.uncompressed.js':[
271,
],
'project:dojo-1.8.1/dojox/geo/openlayers/JsonImport.js.uncompressed.js':[
88,
],
'project:dojo-1.8.1/dojox/geo/openlayers/Map.js.uncompressed.js':[
415,
],
'project:dojo-1.8.1/dojox/gfx/gradutils.js.uncompressed.js':[
74,
],
'project:dojo-1.8.1/dojox/gfx/vml.js.uncompressed.js':[
836,
865,
],
'project:dojo-1.8.1/dojox/lang/aspect.js.uncompressed.js':[
251,
],
'project:dojo-1.8.1/dojox/lang/async.js.uncompressed.js':[
27,
87,
],
'project:dojo-1.8.1/dojox/lang/functional/array.js.uncompressed.js':[
83,
],
'project:dojo-1.8.1/dojox/lang/functional/curry.js.uncompressed.js':[
52,
78,
92,
],
'project:dojo-1.8.1/dojox/lang/functional/reversed.js.uncompressed.js':[
44,
],
'project:dojo-1.8.1/dojox/lang/functional/scan.js.uncompressed.js':[
30,
58,
89,
101,
],
'project:dojo-1.8.1/dojox/lang/functional/sequence.js.uncompressed.js':[
19,
],
'project:dojo-1.8.1/dojox/lang/functional/util.js.uncompressed.js':[
34,
],
'project:dojo-1.8.1/dojox/lang/functional/zip.js.uncompressed.js':[
25,
28,
],
'project:dojo-1.8.1/dojox/lang/utils.js.uncompressed.js':[
90,
],
'project:dojo-1.8.1/dojox/math/curves.js.uncompressed.js':[
17,
33,
74,
94,
99,
120,
],
'project:dojo-1.8.1/dojox/math/random/Secure.js.uncompressed.js':[
28,
],
'project:dojo-1.8.1/dojox/math/random/prng4.js.uncompressed.js':[
15,
],
'project:dojo-1.8.1/dojox/mvc/StatefulArray.js.uncompressed.js':[
78,
172,
],
'project:dojo-1.8.1/dojox/sql/_crypto.js.uncompressed.js':[
193,
208,
219,
220,
248,
249,
257,
297,
307,
318,
363,
375,
379,
],
'project:dojo-1.8.1/dojox/timing/ThreadPool.js.uncompressed.js':[
58,
],
'project:dojo-1.8.1/dojox/uuid/generateTimeBasedUuid.js.uncompressed.js':[
89,
115,
145,
],
'project:ecmascript6/Ghost/core/client/app/mixins/ed-editor-shortcuts.js':[
95,
],
'project:ecmascript6/Ghost/core/client/tests/acceptance/team-test.js':[
263,
299,
315,
],
'project:ecmascript6/Ghost/core/client/tests/integration/components/gh-tag-settings-form-test.js':[
244,
257,
275,
],
'project:ecmascript6/Ghost/core/client/tests/unit/controllers/post-settings-menu-test.js':[
166,
201,
255,
],
'project:ecmascript6/Ghost/core/client/tests/unit/validators/tag-settings-test.js':[
59,
123,
145,
162,
184,
201,
231,
248,
272,
289,
],
'project:ecmascript6/Ghost/core/test/functional/client/editor_test.js':[
532,
577,
],
'project:ecmascript6/Ghost/core/test/functional/client/settings_test.js':[
87,
96,
],
'project:ecmascript6/Ghost/core/test/functional/client/team_test.js':[
269,
307,
],
'project:ecmascript6/Ghost/core/test/integration/import_spec.js':[
241,
405,
],
'project:ecmascript6/di.js/chrome-extension/visualize/lib/angular.js':[
5598,
],
'project:ecmascript6/di.js/chrome-extension/visualize/lib/d3.v3.js':[
16,
146,
151,
157,
158,
191,
752,
761,
761,
761,
2192,
4889,
4922,
5818,
5899,
8872,
],
'project:ecmascript6/di.js/visualize/lib/angular.js':[
5598,
],
'project:ecmascript6/di.js/visualize/lib/d3.v3.js':[
16,
146,
151,
157,
158,
191,
752,
761,
761,
761,
2192,
4889,
4922,
5818,
5899,
8872,
],
'project:ecmascript6/router/third_party/brick/brick-1.0.1.byob.js':[
922,
1930,
],
'project:ecmascript6/watchtower.js/src/watch_record.js':[
205,
],
'project:ecmascript6/watchtower.js/test/watchgroup.spec.js':[
575,
576,
600,
607,
614,
],
'project:google-closure-library/array/array.js':[
276,
702,
],
'project:google-closure-library/crypt/hmac.js':[
67,
75,
],
'project:google-closure-library/crypt/md5.js':[
54,
61,
150,
405,
420,
],
'project:google-closure-library/debug/logbuffer.js':[
123,
],
'project:google-closure-library/dom/annotate.js':[
243,
],
'project:google-closure-library/fx/animation.js':[
421,
],
'project:google-closure-library/gears/database.js':[
186,
],
'project:google-closure-library/string/string.js':[
975,
],
'project:google-closure-library/testing/asserts.js':[
98,
],
'project:google-closure-library/vec/mat3.js':[
72,
124,
],
'project:google-closure-library/vec/mat4.js':[
73,
126,
],
'project:google-closure-library/vec/vec2.js':[
58,
],
'project:google-closure-library/vec/vec3.js':[
65,
],
'project:google-closure-library/vec/vec4.js':[
65,
],
'project:jquery-1.7.2.js':[
1318,
],
'project:mootools-core-1.4.5-full-nocompat.js':[
352,
1102,
],
'project:open-layers-2.12/OpenLayers.js':[
402,
],
'project:open-layers-2.12/OpenLayers/BaseTypes.js':[
288,
],
'project:open-layers-2.12/OpenLayers/Control/LayerSwitcher.js':[
297,
],
'project:open-layers-2.12/OpenLayers/Control/TransformFeature.js':[
474,
475,
],
'project:open-layers-2.12/OpenLayers/Control/WMSGetFeatureInfo.js':[
404,
],
'project:open-layers-2.12/OpenLayers/Events.js':[
288,
],
'project:open-layers-2.12/OpenLayers/Format/Atom.js':[
493,
],
'project:open-layers-2.12/OpenLayers/Format/GML/Base.js':[
276,
],
'project:open-layers-2.12/OpenLayers/Format/GML/v2.js':[
124,
],
'project:open-layers-2.12/OpenLayers/Format/GML/v3.js':[
141,
213,
318,
],
'project:open-layers-2.12/OpenLayers/Format/GeoJSON.js':[
226,
456,
702,
],
'project:open-layers-2.12/OpenLayers/Format/GeoRSS.js':[
275,
397,
],
'project:open-layers-2.12/OpenLayers/Format/KML.js':[
926,
972,
1439,
],
'project:open-layers-2.12/OpenLayers/Format/OSM.js':[
104,
109,
216,
],
'project:open-layers-2.12/OpenLayers/Geometry.js':[
293,
],
'project:open-layers-2.12/OpenLayers/Geometry/LineString.js':[
133,
],
'project:open-layers-2.12/OpenLayers/Handler/Click.js':[
493,
],
'project:open-layers-2.12/OpenLayers/Layer.js':[
925,
960,
1041,
],
'project:open-layers-2.12/OpenLayers/Layer/PointGrid.js':[
266,
],
'project:open-layers-2.12/OpenLayers/Layer/PointTrack.js':[
67,
],
'project:open-layers-2.12/OpenLayers/Layer/Vector.js':[
328,
],
'project:open-layers-2.12/OpenLayers/Layer/WMTS.js':[
252,
],
'project:open-layers-2.12/OpenLayers/Popup/Anchored.js':[
113,
],
'project:open-layers-2.12/OpenLayers/Protocol/HTTP.js':[
497,
],
'project:open-layers-2.12/OpenLayers/Renderer/VML.js':[
714,
],
'project:open-layers-2.12/OpenLayers/Rule.js':[
210,
],
'project:open-layers-2.12/OpenLayers/Strategy/Save.js':[
165,
],
'project:open-layers-2.12/deprecated.js':[
2290,
3778,
5499,
],
'project:paper-0.22.js':[
2894,
4032,
4072,
4833,
4834,
5031,
5150,
5189,
5205,
5841,
6101,
],
'project:prototype-1.7.js':[
655,
1069,
],
'project:qunit-1.8.0.js':[
1488,
1561,
1644,
],
'project:scriptaculous-1.9.0/controls.js':[
79,
],
'project:underscore-1.3.3.js':[
416,
460,
],
'project:yui-3.7.3/handlebars-compiler/handlebars-compiler.js':[
360,
],
'project:yui-3.7.3/json-stringify/json-stringify.js':[
161,
],
'project:yui-3.7.3/test/test.js':[
674,
715,
],
}
