{
'project:angular-1.0.3.js':[
2880,
2883,
5730,
6092,
],
'project:dojo-1.8.1/dijit/_editor/RichText.js.uncompressed.js':[
1522,
1534,
],
'project:dojo-1.8.1/dijit/dijit-all.js.uncompressed.js':[
4354,
13129,
13141,
],
'project:dojo-1.8.1/dijit/form/_ComboBoxMenuMixin.js.uncompressed.js':[
132,
],
'project:dojo-1.8.1/dijit/tree/dndSource.js.uncompressed.js':[
178,
198,
],
'project:dojo-1.8.1/dojox/app/widgets/scrollable.js.uncompressed.js':[
427,
],
'project:dojo-1.8.1/dojox/charting/action2d/Tooltip.js.uncompressed.js':[
92,
],
'project:dojo-1.8.1/dojox/charting/widget/Chart2D.js.uncompressed.js':[
12798,
],
'project:dojo-1.8.1/dojox/data/AtomReadStore.js.uncompressed.js':[
494,
],
'project:dojo-1.8.1/dojox/data/FlickrRestStore.js.uncompressed.js':[
403,
],
'project:dojo-1.8.1/dojox/drawing/manager/Canvas.js.uncompressed.js':[
31,
],
'project:dojo-1.8.1/dojox/drawing/tools/TextBlock.js.uncompressed.js':[
742,
],
'project:dojo-1.8.1/dojox/dtl.js.uncompressed.js':[
428,
],
'project:dojo-1.8.1/dojox/dtl/_base.js.uncompressed.js':[
426,
],
'project:dojo-1.8.1/dojox/editor/plugins/Blockquote.js.uncompressed.js':[
403,
],
'project:dojo-1.8.1/dojox/editor/plugins/NormalizeIndentOutdent.js.uncompressed.js':[
827,
],
'project:dojo-1.8.1/dojox/editor/plugins/NormalizeStyle.js.uncompressed.js':[
53,
59,
],
'project:dojo-1.8.1/dojox/editor/plugins/TablePlugins.js.uncompressed.js':[
593,
],
'project:dojo-1.8.1/dojox/gantt/GanttTaskControl.js.uncompressed.js':[
1243,
],
'project:dojo-1.8.1/dojox/html/ellipsis.js.uncompressed.js':[
91,
],
'project:dojo-1.8.1/dojox/html/styles.js.uncompressed.js':[
279,
],
'project:dojo-1.8.1/dojox/jq.js.uncompressed.js':[
160,
],
'project:dojo-1.8.1/dojox/mobile/scrollable.js.uncompressed.js':[
499,
],
'project:dojo-1.8.1/dojox/secure/fromJson.js.uncompressed.js':[
186,
],
'project:dojo-1.8.1/dojox/string/BidiEngine.js.uncompressed.js':[
918,
],
'project:dojo-1.8.1/dojox/validate/check.js.uncompressed.js':[
169,
],
'project:dojo-1.8.1/dojox/widget/FilePicker.js.uncompressed.js':[
93,
],
'project:dojo-1.8.1/dojox/widget/RollingList.js.uncompressed.js':[
1111,
],
'project:dojo-1.8.1/dojox/xml/DomParser.js.uncompressed.js':[
84,
99,
115,
126,
],
'project:ecmascript6/Ghost/core/client/app/routes/posts.js':[
49,
],
'project:ecmascript6/Ghost/core/client/app/routes/settings/tags.js':[
58,
],
'project:ecmascript6/Ghost/core/client/tests/unit/helpers/gh-user-can-admin-test.js':[
48,
],
'project:ecmascript6/Ghost/core/server/data/migration/fixtures/permissions/index.js':[
36,
],
'project:ecmascript6/di.js/chrome-extension/visualize/lib/angular.js':[
3625,
3806,
3809,
9637,
10092,
],
'project:ecmascript6/di.js/example/angular-loader/traceur.js':[
837,
4920,
15104,
18524,
],
'project:ecmascript6/di.js/visualize/lib/angular.js':[
3625,
3806,
3809,
9637,
10092,
],
'project:ecmascript6/expressionist.js/test/parser.spec.js':[
406,
407,
408,
411,
429,
],
'project:ecmascript6/http/src/IResponse.js':[
29,
],
'project:ecmascript6/react-router/modules/isActive.js':[
28,
],
'project:ecmascript6/router/third_party/brick/brick-1.0.1.byob.js':[
883,
],
'project:ecmascript6/templating/test/lib/dom_mocks.js':[
28,
],
'project:ecmascript6/watchtower.js/src/dirty_checking.js':[
155,
],
'project:frameworks/wordpress/editor-expand.js':[
210,
],
'project:google-closure-library/cssom/iframe/style.js':[
485,
488,
],
'project:google-closure-library/editor/plugins/tagonenterhandler.js':[
434,
],
'project:google-closure-library/format/htmlprettyprinter.js':[
272,
],
'project:google-closure-library/i18n/bidi.js':[
764,
],
'project:google-closure-library/i18n/datetimesymbols.js':[
3408,
3424,
3502,
3540,
3548,
],
'project:google-closure-library/math/integer.js':[
498,
],
'project:google-closure-library/math/long.js':[
533,
],
'project:google-closure-library/style/bidi.js':[
150,
],
'project:google-closure-library/testing/asserts.js':[
78,
80,
],
'project:google-closure-library/testing/fs/filereader.js':[
159,
],
'project:jshint-2012.06.15.js':[
3473,
],
'project:mootools-core-1.4.5-full-nocompat.js':[
1977,
2111,
],
'project:ocanvas-2.2.2.js':[
1465,
1502,
1546,
1548,
3990,
4048,
],
'project:open-layers-2.12/OpenLayers/Feature/Vector.js':[
357,
],
'project:open-layers-2.12/OpenLayers/Format/Atom.js':[
152,
155,
472,
],
'project:open-layers-2.12/OpenLayers/Format/GML/Base.js':[
394,
],
'project:open-layers-2.12/OpenLayers/Geometry/Collection.js':[
482,
],
'project:paper-0.22.js':[
532,
839,
],
'project:processing-1.3.6.js':[
1501,
1904,
],
'project:prototype-1.7.js':[
3351,
],
'project:qunit-1.8.0.js':[
491,
494,
],
'project:yui-3.7.3/calendar-base/calendar-base.js':[
269,
],
'project:yui-3.7.3/charts-base/charts-base.js':[
1873,
1877,
7289,
],
'project:yui-3.7.3/charts-legend/charts-legend.js':[
559,
563,
],
'project:yui-3.7.3/datatype-date-math/datatype-date-math.js':[
198,
201,
],
'project:yui-3.7.3/dom-style-ie/dom-style-ie.js':[
60,
],
'project:yui-3.7.3/handlebars-compiler/handlebars-compiler.js':[
51,
59,
63,
81,
83,
85,
95,
97,
111,
459,
463,
473,
481,
487,
491,
],
'project:yui-3.7.3/matrix/matrix.js':[
417,
420,
],
'project:yui-3.7.3/node-menunav/node-menunav.js':[
796,
],
'project:yui-3.7.3/oop/oop.js':[
300,
],
'project:yui-3.7.3/simpleyui/simpleyui.js':[
6029,
7948,
],
}
