{
'project:dojo-1.8.1/dojox/date/posix.js.uncompressed.js':[
49,
49,
109,
109,
112,
],
'project:ecmascript6/Ghost/core/client/app/assets/lib/uploader.js':[
63,
],
'project:ecmascript6/sonar-web/src/main/js/components/workspace/views/viewer-header-view.js':[
83,
],
'project:frameworks/wordpress/comment.js':[
8,
],
'project:frameworks/wordpress/dashboard.js':[
70,
],
'project:frameworks/wordpress/edit-comments.js':[
402,
421,
],
'project:frameworks/wordpress/editor.js':[
296,
313,
],
'project:frameworks/wordpress/gallery.js':[
157,
],
'project:frameworks/wordpress/image-edit.js':[
269,
],
'project:frameworks/wordpress/inline-edit-post.js':[
86,
],
'project:frameworks/wordpress/inline-edit-tax.js':[
10,
],
'project:frameworks/wordpress/link.js':[
57,
],
'project:frameworks/wordpress/media-upload.js':[
46,
],
'project:frameworks/wordpress/media.js':[
64,
],
'project:frameworks/wordpress/plugin-install.js':[
63,
],
'project:frameworks/wordpress/post.js':[
41,
47,
316,
509,
514,
527,
540,
542,
551,
572,
587,
625,
],
'project:frameworks/wordpress/postbox.js':[
115,
],
'project:frameworks/wordpress/press-this.js':[
679,
],
'project:frameworks/wordpress/tags.js':[
13,
],
'project:frameworks/wordpress/theme.js':[
414,
1378,
1507,
1508,
1542,
1711,
],
'project:frameworks/wordpress/user-profile.js':[
7,
],
'project:frameworks/wordpress/widgets.js':[
276,
],
'project:google-closure-library/dom/dom_test.js':[
428,
428,
983,
],
}
