{
'project:angular-1.0.3.js':[
2787,
8308,
],
'project:dojo-1.8.1/dojo/dojo.js.uncompressed.js':[
17221,
17240,
],
'project:dojo-1.8.1/dojo/ready.js.uncompressed.js':[
24,
43,
],
'project:dojo-1.8.1/dojox/data/CdfStore.js.uncompressed.js':[
354,
],
'project:dojo-1.8.1/dojox/date/timezone.js.uncompressed.js':[
510,
],
'project:dojo-1.8.1/dojox/drawing/plugins/tools/Pan.js.uncompressed.js':[
167,
176,
181,
186,
188,
194,
],
'project:dojo-1.8.1/dojox/drawing/ui/dom/Pan.js.uncompressed.js':[
135,
144,
153,
155,
161,
],
'project:dojo-1.8.1/dojox/secure/sandbox.js.uncompressed.js':[
265,
],
'project:dojo-1.8.1/dojox/widget/DataPresentation.js.uncompressed.js':[
797,
],
'project:ecmascript6/Ghost/core/server/api/mail.js':[
74,
131,
],
'project:ecmascript6/router/third_party/brick/brick-1.0.1.byob.js':[
596,
],
'project:ecmascript6/sonar-web/src/main/js/widgets/old/pie-chart.js':[
292,
303,
],
'project:frameworks/wordpress/updates.js':[
553,
],
'project:jshint-2012.06.15.js':[
1276,
2928,
2929,
2930,
2931,
2932,
2935,
2936,
2937,
2938,
2939,
2940,
2941,
3257,
4486,
],
'project:mootools-core-1.4.5-full-nocompat.js':[
4195,
],
'project:paper-0.22.js':[
7633,
],
'project:processing-1.3.6.js':[
7933,
],
'project:yui-3.7.3/event-move/event-move.js':[
385,
],
}
