{
'project:ecmascript6/Ghost/core/client/app/mirage/factories/tag.js':[
22,
],
'project:ecmascript6/expressionist.js/gulpfile.js':[
8,
],
'project:ecmascript6/http/karma.conf.js':[
25,
],
'project:ecmascript6/reddit-mobile/assets/js/client.es6.js':[
14,
113,
192,
201,
433,
],
'project:ecmascript6/reddit-mobile/buildTasks/clean.js':[
9,
],
'project:ecmascript6/reddit-mobile/buildTasks/icons.js':[
16,
23,
42,
],
'project:ecmascript6/reddit-mobile/buildTasks/js.js':[
44,
45,
75,
77,
80,
82,
95,
120,
128,
],
'project:ecmascript6/reddit-mobile/buildTasks/less.js':[
19,
38,
41,
],
'project:ecmascript6/reddit-mobile/buildTasks/utils/notify.js':[
16,
27,
],
'project:ecmascript6/reddit-mobile/gulpfile.js':[
7,
26,
27,
],
'project:ecmascript6/reddit-mobile/index.js':[
47,
79,
81,
256,
],
'project:ecmascript6/reddit-mobile/src/EUCountries.es6.js':[
32,
],
'project:ecmascript6/reddit-mobile/src/config.es6.js':[
53,
],
'project:ecmascript6/reddit-mobile/src/constants.es6.js':[
22,
23,
],
'project:ecmascript6/reddit-mobile/src/lib/errorLog.es6.js':[
52,
],
'project:ecmascript6/reddit-mobile/src/lib/loid.es6.js':[
11,
20,
],
'project:ecmascript6/reddit-mobile/src/lib/savedReply.es6.js':[
14,
51,
],
'project:ecmascript6/reddit-mobile/src/propTypes.es6.js':[
6,
12,
18,
37,
44,
47,
59,
68,
78,
79,
86,
90,
98,
104,
110,
118,
119,
],
'project:ecmascript6/reddit-mobile/src/server/config.es6.js':[
50,
61,
],
'project:ecmascript6/reddit-mobile/src/server/console.es6.js':[
105,
140,
169,
222,
],
'project:ecmascript6/reddit-mobile/src/server/oauth.es6.js':[
27,
52,
82,
114,
119,
161,
206,
234,
246,
280,
299,
311,
335,
384,
390,
453,
475,
],
'project:ecmascript6/reddit-mobile/src/server/routes.es6.js':[
70,
78,
119,
],
'project:ecmascript6/reddit-mobile/src/sideNavAboutMenuItems.es6.js':[
14,
],
'project:ecmascript6/reddit-mobile/test/helpers/buildProps.es6.js':[
17,
],
'project:ecmascript6/router/karma.conf.js':[
34,
],
'project:ecmascript6/router/test-main.js':[
32,
],
'project:ecmascript6/snoode/src/api.es6.js':[
28,
],
'project:ecmascript6/snoode/src/endpoints/v1.es6.js':[
44,
104,
142,
143,
149,
150,
156,
157,
163,
164,
200,
301,
340,
377,
453,
471,
521,
539,
647,
686,
733,
786,
888,
930,
955,
1030,
1047,
1073,
1081,
1179,
1220,
1283,
1298,
1313,
],
'project:ecmascript6/snoode/src/models/account.es6.js':[
15,
],
'project:ecmascript6/snoode/src/models/base.es6.js':[
119,
],
'project:ecmascript6/snoode/src/models/comment.es6.js':[
20,
],
'project:ecmascript6/snoode/src/models/link.es6.js':[
15,
24,
31,
32,
50,
],
'project:ecmascript6/snoode/src/models/message.es6.js':[
21,
],
'project:ecmascript6/snoode/src/models/report.es6.js':[
43,
],
'project:ecmascript6/snoode/test/models/account.js':[
18,
],
'project:ecmascript6/snoode/test/models/base.js':[
24,
87,
],
'project:ecmascript6/snoode/test/models/comment.js':[
19,
],
'project:ecmascript6/snoode/test/models/link.js':[
18,
],
'project:ecmascript6/templating/protractor-shared.conf.js':[
8,
],
'project:ecmascript6/templating/protractor.conf.js':[
5,
],
'project:ecmascript6/templating/src/lib/compiler/selector_config.js':[
7,
],
'project:ocanvas-2.2.2.js':[
5883,
],
}
