{
'project:angular-1.0.3.js':[
14350,
],
'project:dojo-1.8.1/dijit/_editor/range.js.uncompressed.js':[
423,
],
'project:dojo-1.8.1/dijit/dijit-all.js.uncompressed.js':[
16763,
16768,
16773,
27632,
],
'project:dojo-1.8.1/dijit/dijit.js.uncompressed.js':[
4669,
],
'project:dojo-1.8.1/dijit/place.js.uncompressed.js':[
273,
],
'project:dojo-1.8.1/dojo/_base/declare.js.uncompressed.js':[
53,
],
'project:dojo-1.8.1/dojo/dnd/move.js.uncompressed.js':[
122,
127,
132,
],
'project:dojo-1.8.1/dojo/dojo.js.uncompressed.js':[
1604,
6962,
8373,
16856,
],
'project:dojo-1.8.1/dojo/selector/acme.js.uncompressed.js':[
234,
],
'project:dojo-1.8.1/dojo/sniff.js.uncompressed.js':[
19,
],
'project:dojo-1.8.1/dojox/charting/Chart.js.uncompressed.js':[
937,
],
'project:dojo-1.8.1/dojox/charting/Chart3D.js.uncompressed.js':[
75,
],
'project:dojo-1.8.1/dojox/charting/plot2d/Bars.js.uncompressed.js':[
101,
102,
],
'project:dojo-1.8.1/dojox/charting/plot2d/CartesianBase.js.uncompressed.js':[
17,
],
'project:dojo-1.8.1/dojox/charting/plot2d/Spider.js.uncompressed.js':[
207,
212,
],
'project:dojo-1.8.1/dojox/charting/plot2d/StackedBars.js.uncompressed.js':[
15,
16,
],
'project:dojo-1.8.1/dojox/charting/scaler/linear.js.uncompressed.js':[
202,
204,
206,
],
'project:dojo-1.8.1/dojox/charting/widget/Chart2D.js.uncompressed.js':[
2605,
2607,
2609,
2621,
2623,
2625,
2639,
2641,
2651,
2653,
2655,
2662,
2678,
2680,
2689,
2696,
2697,
2698,
2699,
2700,
2701,
4078,
5003,
5010,
5018,
8141,
8146,
8550,
8551,
8850,
10175,
10176,
11325,
15284,
15286,
15288,
],
'project:dojo-1.8.1/dojox/color/_base.js.uncompressed.js':[
25,
27,
29,
41,
43,
45,
59,
61,
71,
73,
75,
82,
98,
100,
109,
116,
117,
118,
119,
120,
121,
],
'project:dojo-1.8.1/dojox/drawing/tools/custom/Axes.js.uncompressed.js':[
365,
],
'project:dojo-1.8.1/dojox/embed/Object.js.uncompressed.js':[
65,
],
'project:dojo-1.8.1/dojox/encoding/crypto/Blowfish.js.uncompressed.js':[
262,
267,
],
'project:dojo-1.8.1/dojox/geo/charting/_base.js.uncompressed.js':[
42,
],
'project:dojo-1.8.1/dojox/gfx/decompose.js.uncompressed.js':[
44,
47,
49,
51,
56,
58,
60,
],
'project:dojo-1.8.1/dojox/gfx/fx.js.uncompressed.js':[
8,
15,
23,
],
'project:dojo-1.8.1/dojox/gfx/vml.js.uncompressed.js':[
140,
],
'project:dojo-1.8.1/dojox/gfx/vml_attach.js.uncompressed.js':[
101,
113,
],
'project:dojo-1.8.1/dojox/gfx3d/object.js.uncompressed.js':[
856,
],
'project:dojo-1.8.1/dojox/lang/async.js.uncompressed.js':[
94,
],
'project:dojo-1.8.1/dojox/math/_base.js.uncompressed.js':[
122,
],
'project:dojo-1.8.1/dojox/math/stats.js.uncompressed.js':[
32,
127,
],
'project:dojo-1.8.1/dojox/mobile/app.js.uncompressed.js':[
10358,
],
'project:dojo-1.8.1/dojox/storage/AirEncryptedLocalStorageProvider.js.uncompressed.js':[
14,
],
'project:dojo-1.8.1/dojox/string/BidiEngine.js.uncompressed.js':[
640,
],
'project:ecmascript6/Ghost/core/client/tests/integration/components/gh-profile-image-test.js':[
55,
],
'project:ecmascript6/Ghost/core/test/unit/middleware/private-blogging_spec.js':[
38,
],
'project:ecmascript6/di.js/chrome-extension/visualize/lib/angular.js':[
6748,
8404,
20330,
],
'project:ecmascript6/di.js/chrome-extension/visualize/lib/d3.v3.js':[
141,
212,
954,
1011,
1109,
1109,
1408,
1439,
1468,
1470,
1472,
1854,
1914,
1942,
1973,
1997,
2181,
2300,
2324,
2360,
2368,
2422,
2423,
2441,
2469,
2475,
2483,
2494,
2525,
2537,
2538,
2595,
2842,
2970,
2994,
2996,
3076,
3171,
3204,
3221,
3224,
3266,
3266,
3349,
3353,
3567,
3633,
3730,
3772,
3796,
3800,
3813,
3840,
3928,
3929,
3930,
3931,
3936,
3937,
3938,
3939,
3948,
3953,
4002,
4007,
4046,
4055,
4180,
4183,
4261,
4264,
4489,
4490,
4898,
4907,
4968,
4971,
5006,
5009,
5045,
5077,
5080,
5084,
5090,
5158,
5210,
5328,
5347,
5348,
5358,
5359,
5542,
5544,
5565,
5567,
5846,
5859,
6315,
6787,
6890,
6891,
7072,
7072,
7360,
7361,
7496,
7654,
7655,
7749,
7750,
7751,
7752,
7753,
7754,
7985,
8002,
8004,
8010,
8012,
8049,
8051,
8095,
8103,
8200,
8559,
8567,
8569,
8570,
8571,
8576,
8578,
8579,
8580,
8586,
8587,
8589,
8590,
8594,
8595,
8597,
8598,
8605,
8716,
8975,
8980,
8985,
8990,
8995,
9000,
9005,
9019,
9024,
9027,
9036,
9041,
9046,
9051,
9056,
9061,
9066,
9071,
9180,
9199,
],
'project:ecmascript6/di.js/example/angular-loader/traceur.js':[
6714,
17277,
],
'project:ecmascript6/di.js/visualize/lib/angular.js':[
6748,
8404,
20330,
],
'project:ecmascript6/di.js/visualize/lib/d3.v3.js':[
141,
212,
954,
1011,
1109,
1109,
1408,
1439,
1468,
1470,
1472,
1854,
1914,
1942,
1973,
1997,
2181,
2300,
2324,
2360,
2368,
2422,
2423,
2441,
2469,
2475,
2483,
2494,
2525,
2537,
2538,
2595,
2842,
2970,
2994,
2996,
3076,
3171,
3204,
3221,
3224,
3266,
3266,
3349,
3353,
3567,
3633,
3730,
3772,
3796,
3800,
3813,
3840,
3928,
3929,
3930,
3931,
3936,
3937,
3938,
3939,
3948,
3953,
4002,
4007,
4046,
4055,
4180,
4183,
4261,
4264,
4489,
4490,
4898,
4907,
4968,
4971,
5006,
5009,
5045,
5077,
5080,
5084,
5090,
5158,
5210,
5328,
5347,
5348,
5358,
5359,
5542,
5544,
5565,
5567,
5846,
5859,
6315,
6787,
6890,
6891,
7072,
7072,
7360,
7361,
7496,
7654,
7655,
7749,
7750,
7751,
7752,
7753,
7754,
7985,
8002,
8004,
8010,
8012,
8049,
8051,
8095,
8103,
8200,
8559,
8567,
8569,
8570,
8571,
8576,
8578,
8579,
8580,
8586,
8587,
8589,
8590,
8594,
8595,
8597,
8598,
8605,
8716,
8975,
8980,
8985,
8990,
8995,
9000,
9005,
9019,
9024,
9027,
9036,
9041,
9046,
9051,
9056,
9061,
9066,
9071,
9180,
9199,
],
'project:ecmascript6/http/lib/gulp/karma/index.js':[
6,
],
'project:ecmascript6/router/third_party/brick/brick-1.0.1.byob.js':[
2915,
],
'project:ecmascript6/watchtower.js/lib/gulp/karma/index.js':[
6,
],
'project:frameworks/wordpress/customize-widgets.js':[
1937,
],
'project:frameworks/wordpress/image-edit.js':[
215,
],
'project:frameworks/wordpress/inline-edit-tax.js':[
56,
],
'project:frameworks/wordpress/nav-menu.js':[
323,
464,
471,
478,
485,
],
'project:frameworks/wordpress/updates.js':[
404,
497,
],
'project:frameworks/wordpress/widgets.js':[
43,
],
'project:google-closure-library/editor/table.js':[
470,
],
'project:google-closure-library/ui/dialog.js':[
546,
],
'project:knockout-2.1.0.debug.js':[
65,
],
'project:ocanvas-2.2.2.js':[
1458,
3450,
5585,
],
'project:paper-0.22.js':[
5100,
7633,
7633,
7633,
7633,
7633,
7633,
7633,
7633,
7633,
7633,
7633,
7633,
7633,
7633,
7633,
7633,
7633,
7633,
7633,
7633,
7633,
7633,
7633,
7633,
7633,
7633,
7633,
7633,
7633,
7633,
7633,
7633,
7633,
7633,
7633,
7633,
7633,
7633,
7633,
7633,
7633,
7633,
7633,
7633,
7633,
7633,
7633,
7633,
7633,
7633,
7633,
7633,
7633,
7633,
7633,
],
'project:prototype-1.7.js':[
563,
2210,
2222,
2345,
4000,
5073,
5769,
],
'project:yui-3.7.3/exec-command/exec-command.js':[
535,
],
'project:yui-3.7.3/handlebars-compiler/handlebars-compiler.js':[
443,
],
}
