{
'project:angular-1.0.3.js':[
996,
1002,
2625,
2921,
3580,
3642,
3953,
5630,
5864,
6603,
6860,
6955,
7387,
7398,
8296,
8332,
14070,
14135,
14241,
],
'project:backbone-0.9.2.js':[
8,
],
'project:dojo-1.8.1/dijit/_editor/RichText.js.uncompressed.js':[
2371,
],
'project:dojo-1.8.1/dijit/_editor/plugins/EnterKeyHandling.js.uncompressed.js':[
206,
],
'project:dojo-1.8.1/dijit/_editor/plugins/FullScreen.js.uncompressed.js':[
180,
],
'project:dojo-1.8.1/dijit/dijit-all.js.uncompressed.js':[
2,
880,
1486,
1712,
2223,
2605,
2811,
3230,
3651,
3953,
4414,
4857,
5486,
6074,
6904,
7553,
8095,
9495,
10203,
10884,
11233,
11607,
13978,
15706,
17272,
18186,
18666,
19335,
19794,
20227,
20877,
21476,
21782,
22135,
22511,
22855,
23188,
23738,
24533,
24959,
25363,
25657,
26092,
26802,
27209,
28106,
28974,
29754,
30067,
30383,
30769,
31264,
33173,
],
'project:dojo-1.8.1/dijit/dijit.js.uncompressed.js':[
2,
668,
1137,
2307,
2622,
2838,
3331,
4092,
4396,
5204,
5590,
5916,
6103,
6365,
6972,
7407,
],
'project:dojo-1.8.1/dojo/Deferred.js.uncompressed.js':[
90,
],
'project:dojo-1.8.1/dojo/_base/Deferred.js.uncompressed.js':[
16,
],
'project:dojo-1.8.1/dojo/_base/declare.js.uncompressed.js':[
512,
],
'project:dojo-1.8.1/dojo/behavior.js.uncompressed.js':[
9,
],
'project:dojo-1.8.1/dojo/data/ItemFileReadStore.js.uncompressed.js':[
484,
],
'project:dojo-1.8.1/dojo/data/api/Read.js.uncompressed.js':[
191,
],
'project:dojo-1.8.1/dojo/date/locale.js.uncompressed.js':[
294,
],
'project:dojo-1.8.1/dojo/dojo.js.uncompressed.js':[
1937,
2762,
3421,
3816,
4217,
4233,
4569,
5081,
5965,
6909,
7421,
8139,
8214,
9653,
9962,
10812,
11035,
11371,
11690,
12087,
13096,
13904,
13994,
14340,
14961,
15624,
16201,
16975,
17336,
],
'project:dojo-1.8.1/dojo/parser.js.uncompressed.js':[
187,
449,
],
'project:dojo-1.8.1/dojo/selector/acme.js.uncompressed.js':[
75,
],
'project:dojo-1.8.1/dojox/app/widgets/scrollable.js.uncompressed.js':[
77,
],
'project:dojo-1.8.1/dojox/calc/Grapher.js.uncompressed.js':[
389,
],
'project:dojo-1.8.1/dojox/charting/axis2d/Default.js.uncompressed.js':[
542,
],
'project:dojo-1.8.1/dojox/charting/plot2d/Default.js.uncompressed.js':[
204,
],
'project:dojo-1.8.1/dojox/charting/plot2d/Pie.js.uncompressed.js':[
151,
],
'project:dojo-1.8.1/dojox/charting/plot2d/Spider.js.uncompressed.js':[
130,
],
'project:dojo-1.8.1/dojox/charting/widget/Chart2D.js.uncompressed.js':[
203,
554,
705,
1483,
1768,
2779,
3141,
4419,
4995,
5531,
5762,
5988,
6867,
7363,
7934,
8064,
8577,
8947,
9357,
9576,
10074,
10348,
11498,
12149,
12353,
12903,
12905,
13967,
15082,
15444,
15962,
16526,
17068,
17618,
17853,
18427,
18972,
19332,
],
'project:dojo-1.8.1/dojox/collections/BinaryTree.js.uncompressed.js':[
3,
],
'project:dojo-1.8.1/dojox/data/FlickrRestStore.js.uncompressed.js':[
76,
],
'project:dojo-1.8.1/dojox/data/GoogleSearchStore.js.uncompressed.js':[
222,
],
'project:dojo-1.8.1/dojox/date/posix.js.uncompressed.js':[
6,
],
'project:dojo-1.8.1/dojox/dtl.js.uncompressed.js':[
2,
905,
1345,
1818,
2098,
2447,
2796,
],
'project:dojo-1.8.1/dojox/editor/plugins/Blockquote.js.uncompressed.js':[
52,
],
'project:dojo-1.8.1/dojox/editor/plugins/NormalizeIndentOutdent.js.uncompressed.js':[
135,
],
'project:dojo-1.8.1/dojox/editor/plugins/ResizeTableColumn.js.uncompressed.js':[
20,
],
'project:dojo-1.8.1/dojox/editor/plugins/SpellCheck.js.uncompressed.js':[
1034,
],
'project:dojo-1.8.1/dojox/fx/flip.js.uncompressed.js':[
29,
],
'project:dojo-1.8.1/dojox/gfx.js.uncompressed.js':[
2,
],
'project:dojo-1.8.1/dojox/grid/DataGrid.js.uncompressed.js':[
499,
1469,
2669,
2891,
3375,
3591,
4106,
4377,
5778,
6656,
6999,
7610,
8103,
8863,
9371,
9648,
10157,
10592,
11169,
11639,
12058,
12701,
],
'project:dojo-1.8.1/dojox/html/ext-dojo/style.js.uncompressed.js':[
131,
],
'project:dojo-1.8.1/dojox/html/format.js.uncompressed.js':[
5,
],
'project:dojo-1.8.1/dojox/layout/GridContainerLite.js.uncompressed.js':[
579,
],
'project:dojo-1.8.1/dojox/mobile.js.uncompressed.js':[
27,
249,
268,
603,
1249,
1760,
2717,
3372,
3693,
4849,
5138,
5393,
],
'project:dojo-1.8.1/dojox/mobile/app.js.uncompressed.js':[
116,
564,
819,
1544,
2454,
2723,
3389,
3839,
4128,
4147,
4369,
4745,
5058,
5708,
5940,
6850,
7494,
7744,
8203,
8407,
9130,
9456,
10085,
10704,
10979,
12083,
12457,
],
'project:dojo-1.8.1/dojox/mobile/deviceTheme.js.uncompressed.js':[
6,
13,
],
'project:dojo-1.8.1/dojox/mobile/iconUtils.js.uncompressed.js':[
19,
],
'project:dojo-1.8.1/dojox/mobile/pageTurningUtils.js.uncompressed.js':[
15,
112,
],
'project:dojo-1.8.1/dojox/secure/DOM.js.uncompressed.js':[
6,
],
'project:dojo-1.8.1/dojox/secure/sandbox.js.uncompressed.js':[
41,
],
'project:dojo-1.8.1/dojox/sketch/Figure.js.uncompressed.js':[
15,
],
'project:dojo-1.8.1/dojox/sql/_crypto.js.uncompressed.js':[
126,
],
'project:dojo-1.8.1/dojox/storage/manager.js.uncompressed.js':[
7,
],
'project:dojo-1.8.1/dojox/validate/check.js.uncompressed.js':[
72,
],
'project:dojo-1.8.1/dojox/widget/Standby.js.uncompressed.js':[
269,
],
'project:ecmascript6/Ghost/Gruntfile.js':[
26,
],
'project:ecmascript6/Ghost/core/client/app/assets/lib/uploader.js':[
8,
],
'project:ecmascript6/Ghost/core/client/app/mirage/config.js':[
50,
],
'project:ecmascript6/Ghost/core/client/tests/acceptance/settings/tags-test.js':[
46,
78,
],
'project:ecmascript6/Ghost/core/client/tests/acceptance/setup-test.js':[
15,
66,
],
'project:ecmascript6/Ghost/core/client/tests/acceptance/team-test.js':[
16,
64,
],
'project:ecmascript6/Ghost/core/client/tests/integration/components/gh-navitem-url-input-test.js':[
21,
],
'project:ecmascript6/Ghost/core/client/tests/integration/components/gh-tag-settings-form-test.js':[
28,
],
'project:ecmascript6/Ghost/core/client/tests/unit/controllers/post-settings-menu-test.js':[
21,
],
'project:ecmascript6/Ghost/core/client/tests/unit/controllers/settings/navigation-test.js':[
27,
],
'project:ecmascript6/Ghost/core/client/tests/unit/services/notifications-test.js':[
21,
],
'project:ecmascript6/Ghost/core/client/tests/unit/validators/tag-settings-test.js':[
30,
],
'project:ecmascript6/Ghost/core/test/functional/routes/api/posts_spec.js':[
12,
462,
],
'project:ecmascript6/Ghost/core/test/functional/routes/api/public_api_spec.js':[
12,
],
'project:ecmascript6/Ghost/core/test/functional/routes/api/users_spec.js':[
11,
105,
],
'project:ecmascript6/Ghost/core/test/functional/routes/frontend_spec.js':[
16,
54,
],
'project:ecmascript6/Ghost/core/test/integration/api/advanced_browse_spec.js':[
12,
22,
321,
523,
],
'project:ecmascript6/Ghost/core/test/integration/api/api_authentication_spec.js':[
16,
],
'project:ecmascript6/Ghost/core/test/integration/api/api_posts_spec.js':[
10,
22,
],
'project:ecmascript6/Ghost/core/test/integration/api/api_tags_spec.js':[
20,
],
'project:ecmascript6/Ghost/core/test/integration/api/api_users_spec.js':[
19,
494,
844,
],
'project:ecmascript6/Ghost/core/test/integration/import_spec.js':[
24,
120,
658,
661,
886,
1111,
],
'project:ecmascript6/Ghost/core/test/integration/model/model_posts_spec.js':[
20,
23,
331,
562,
],
'project:ecmascript6/Ghost/core/test/integration/model/model_tags_spec.js':[
18,
319,
],
'project:ecmascript6/Ghost/core/test/integration/model/model_users_spec.js':[
18,
181,
],
'project:ecmascript6/Ghost/core/test/unit/api_utils_spec.js':[
13,
],
'project:ecmascript6/Ghost/core/test/unit/apps_spec.js':[
20,
],
'project:ecmascript6/Ghost/core/test/unit/config_spec.js':[
22,
167,
497,
],
'project:ecmascript6/Ghost/core/test/unit/controllers/frontend/context_spec.js':[
7,
],
'project:ecmascript6/Ghost/core/test/unit/controllers/frontend/index_spec.js':[
20,
208,
484,
],
'project:ecmascript6/Ghost/core/test/unit/error_handling_spec.js':[
17,
],
'project:ecmascript6/Ghost/core/test/unit/importer_spec.js':[
28,
34,
],
'project:ecmascript6/Ghost/core/test/unit/middleware/authentication_spec.js':[
89,
239,
],
'project:ecmascript6/Ghost/core/test/unit/middleware/oauth_spec.js':[
13,
],
'project:ecmascript6/Ghost/core/test/unit/middleware/private-blogging_spec.js':[
22,
34,
],
'project:ecmascript6/Ghost/core/test/unit/middleware/spam-prevention_spec.js':[
7,
],
'project:ecmascript6/Ghost/core/test/unit/models_plugins/filter_spec.js':[
17,
229,
230,
351,
],
'project:ecmascript6/Ghost/core/test/unit/models_plugins/pagination_spec.js':[
14,
],
'project:ecmascript6/Ghost/core/test/unit/permissions_spec.js':[
17,
],
'project:ecmascript6/Ghost/core/test/unit/rss_spec.js':[
30,
],
'project:ecmascript6/Ghost/core/test/unit/server_helpers/foreach_spec.js':[
13,
24,
],
'project:ecmascript6/Ghost/core/test/unit/server_helpers/get_spec.js':[
18,
],
'project:ecmascript6/Ghost/core/test/unit/server_helpers/ghost_head_spec.js':[
21,
49,
],
'project:ecmascript6/Ghost/core/test/unit/server_helpers/url_spec.js':[
15,
],
'project:ecmascript6/Ghost/core/test/unit/server_utils_spec.js':[
17,
],
'project:ecmascript6/Ghost/core/test/unit/showdown_client_integrated_spec.js':[
18,
],
'project:ecmascript6/Ghost/core/test/unit/sitemap_spec.js':[
20,
56,
297,
],
'project:ecmascript6/di.js/chrome-extension/visualize/injectors/app.js':[
12,
327,
],
'project:ecmascript6/di.js/chrome-extension/visualize/lib/angular.js':[
1445,
1459,
1513,
1524,
3521,
3840,
4074,
5180,
5309,
5812,
6913,
6963,
8065,
10841,
11237,
11250,
12432,
12966,
13035,
16520,
20028,
20095,
20193,
],
'project:ecmascript6/di.js/chrome-extension/visualize/lib/d3.v3.js':[
1215,
5649,
8336,
],
'project:ecmascript6/di.js/example/angular-loader/traceur.js':[
1233,
1746,
2070,
2294,
2715,
3036,
5101,
6107,
6825,
7622,
8618,
9507,
11962,
13136,
13803,
14184,
14985,
17444,
18080,
],
'project:ecmascript6/di.js/visualize/injectors/app.js':[
12,
327,
],
'project:ecmascript6/di.js/visualize/lib/angular.js':[
1445,
1459,
1513,
1524,
3521,
3840,
4074,
5180,
5309,
5812,
6913,
6963,
8065,
10841,
11237,
11250,
12432,
12966,
13035,
16520,
20028,
20095,
20193,
],
'project:ecmascript6/di.js/visualize/lib/d3.v3.js':[
1215,
5649,
8336,
],
'project:ecmascript6/http/test/Http.spec.js':[
10,
],
'project:ecmascript6/http/test/XHRConnection.spec.js':[
7,
],
'project:ecmascript6/reddit-mobile/assets/js/client.es6.js':[
223,
],
'project:ecmascript6/reddit-mobile/src/server/oauth.es6.js':[
18,
],
'project:ecmascript6/sonar-web/test/medium/coding-rules.spec.js':[
5,
],
'project:ecmascript6/sonar-web/test/medium/issues.spec.js':[
5,
],
'project:ecmascript6/sonar-web/test/medium/quality-gates.spec.js':[
5,
],
'project:ecmascript6/sonar-web/test/medium/quality-profiles.spec.js':[
5,
],
'project:ecmascript6/sonar-web/test/medium/update-center.spec.js':[
5,
],
'project:ecmascript6/sonar-web/tests/helpers/measures-test.js':[
6,
],
'project:ecmascript6/watchtower.js/test/dirtychecking.spec.js':[
9,
190,
],
'project:ecmascript6/watchtower.js/test/watchgroup.spec.js':[
26,
74,
701,
],
'project:es5-shim-2.0.5.js':[
16,
],
'project:frameworks/wordpress/common.js':[
173,
],
'project:frameworks/wordpress/customize-controls.js':[
2691,
],
'project:frameworks/wordpress/edit-comments.js':[
7,
],
'project:frameworks/wordpress/editor-expand.js':[
10,
317,
772,
],
'project:frameworks/wordpress/farbtastic.js':[
19,
],
'project:frameworks/wordpress/nav-menu.js':[
64,
],
'project:frameworks/wordpress/post.js':[
203,
],
'project:frameworks/wordpress/press-this.js':[
6,
],
'project:frameworks/wordpress/widgets.js':[
8,
],
'project:google-closure-library/crypt/md5.js':[
144,
],
'project:google-closure-library/i18n/uchar.js':[
144,
],
'project:google-closure-library/labs/net/xhr.js':[
42,
],
'project:jquery-1.7.2.js':[
7351,
],
'project:jshint-2012.06.15.js':[
1205,
],
'project:jstorage-0.3.0.js':[
287,
],
'project:knockout-2.1.0.debug.js':[
20,
],
'project:mootools-core-1.4.5-full-nocompat.js':[
1491,
1724,
1741,
1971,
],
'project:ocanvas-2.2.2.js':[
747,
963,
1209,
1299,
1638,
2480,
2776,
3217,
3854,
4997,
],
'project:open-layers-2.12/OpenLayers/Format/ArcXML.js':[
253,
],
'project:paper-0.22.js':[
46,
48,
4826,
5809,
7424,
],
'project:processing-1.3.6.js':[
391,
1221,
1934,
5651,
8394,
],
'project:underscore-1.3.3.js':[
9,
],
'project:yui-3.7.3/anim-base/anim-base.js':[
7,
],
'project:yui-3.7.3/anim-easing/anim-easing.js':[
7,
],
'project:yui-3.7.3/app-base/app-base.js':[
7,
],
'project:yui-3.7.3/app-content/app-content.js':[
7,
],
'project:yui-3.7.3/app-transitions-native/app-transitions-native.js':[
7,
],
'project:yui-3.7.3/app-transitions/app-transitions.js':[
7,
],
'project:yui-3.7.3/array-extras/array-extras.js':[
7,
],
'project:yui-3.7.3/arraylist/arraylist.js':[
7,
],
'project:yui-3.7.3/async-queue/async-queue.js':[
7,
],
'project:yui-3.7.3/attribute-core/attribute-core.js':[
7,
],
'project:yui-3.7.3/autocomplete-base/autocomplete-base.js':[
7,
],
'project:yui-3.7.3/autocomplete-filters/autocomplete-filters.js':[
7,
],
'project:yui-3.7.3/autocomplete-list/autocomplete-list.js':[
7,
],
'project:yui-3.7.3/autocomplete-sources/autocomplete-sources.js':[
7,
],
'project:yui-3.7.3/base-base/base-base.js':[
7,
],
'project:yui-3.7.3/base-build/base-build.js':[
7,
],
'project:yui-3.7.3/base-core/base-core.js':[
7,
],
'project:yui-3.7.3/button-core/button-core.js':[
7,
],
'project:yui-3.7.3/button/button.js':[
7,
],
'project:yui-3.7.3/cache-base/cache-base.js':[
7,
],
'project:yui-3.7.3/cache-offline/cache-offline.js':[
7,
],
'project:yui-3.7.3/calendar-base/calendar-base.js':[
7,
],
'project:yui-3.7.3/calendar/calendar.js':[
7,
],
'project:yui-3.7.3/calendarnavigator/calendarnavigator.js':[
7,
],
'project:yui-3.7.3/charts-base/charts-base.js':[
7,
4399,
14873,
],
'project:yui-3.7.3/charts-legend/charts-legend.js':[
7,
384,
],
'project:yui-3.7.3/clickable-rail/clickable-rail.js':[
7,
],
'project:yui-3.7.3/console-filters/console-filters.js':[
7,
],
'project:yui-3.7.3/console/console.js':[
7,
],
'project:yui-3.7.3/cookie/cookie.js':[
7,
],
'project:yui-3.7.3/dataschema-json/dataschema-json.js':[
7,
],
'project:yui-3.7.3/dataschema-xml/dataschema-xml.js':[
7,
],
'project:yui-3.7.3/datasource-get/datasource-get.js':[
7,
],
'project:yui-3.7.3/datasource-io/datasource-io.js':[
7,
],
'project:yui-3.7.3/datasource-local/datasource-local.js':[
7,
],
'project:yui-3.7.3/datatable-base-deprecated/datatable-base-deprecated.js':[
7,
],
'project:yui-3.7.3/datatable-base/datatable-base.js':[
7,
],
'project:yui-3.7.3/datatable-body/datatable-body.js':[
7,
],
'project:yui-3.7.3/datatable-column-widths/datatable-column-widths.js':[
7,
],
'project:yui-3.7.3/datatable-core/datatable-core.js':[
7,
],
'project:yui-3.7.3/datatable-head/datatable-head.js':[
7,
],
'project:yui-3.7.3/datatable-message/datatable-message.js':[
7,
],
'project:yui-3.7.3/datatable-mutable/datatable-mutable.js':[
7,
],
'project:yui-3.7.3/datatable-scroll-deprecated/datatable-scroll-deprecated.js':[
7,
],
'project:yui-3.7.3/datatable-scroll/datatable-scroll.js':[
7,
],
'project:yui-3.7.3/datatable-sort-deprecated/datatable-sort-deprecated.js':[
7,
],
'project:yui-3.7.3/datatable-sort/datatable-sort.js':[
7,
],
'project:yui-3.7.3/datatable-table/datatable-table.js':[
7,
],
'project:yui-3.7.3/datatype-date-format/datatype-date-format.js':[
7,
],
'project:yui-3.7.3/datatype-date-math/datatype-date-math.js':[
7,
],
'project:yui-3.7.3/dd-constrain/dd-constrain.js':[
7,
],
'project:yui-3.7.3/dd-ddm-base/dd-ddm-base.js':[
7,
],
'project:yui-3.7.3/dd-ddm-drop/dd-ddm-drop.js':[
7,
],
'project:yui-3.7.3/dd-delegate/dd-delegate.js':[
7,
],
'project:yui-3.7.3/dd-drag/dd-drag.js':[
7,
],
'project:yui-3.7.3/dd-drop/dd-drop.js':[
7,
],
'project:yui-3.7.3/dd-proxy/dd-proxy.js':[
7,
],
'project:yui-3.7.3/dd-scroll/dd-scroll.js':[
7,
],
'project:yui-3.7.3/dial/dial.js':[
7,
],
'project:yui-3.7.3/dom-attrs/dom-attrs.js':[
7,
],
'project:yui-3.7.3/dom-base/dom-base.js':[
7,
],
'project:yui-3.7.3/dom-core/dom-core.js':[
7,
],
'project:yui-3.7.3/dom-create/dom-create.js':[
7,
],
'project:yui-3.7.3/dom-screen/dom-screen.js':[
7,
],
'project:yui-3.7.3/dom-style-ie/dom-style-ie.js':[
7,
],
'project:yui-3.7.3/dom-style/dom-style.js':[
7,
],
'project:yui-3.7.3/editor-base/editor-base.js':[
7,
],
'project:yui-3.7.3/editor-bidi/editor-bidi.js':[
7,
],
'project:yui-3.7.3/editor-para/editor-para.js':[
7,
32,
],
'project:yui-3.7.3/editor-selection/editor-selection.js':[
7,
],
'project:yui-3.7.3/event-base-ie/event-base-ie.js':[
47,
],
'project:yui-3.7.3/event-base/event-base.js':[
19,
],
'project:yui-3.7.3/event-custom-base/event-custom-base.js':[
7,
466,
],
'project:yui-3.7.3/event-custom-complex/event-custom-complex.js':[
7,
],
'project:yui-3.7.3/event-delegate/event-delegate.js':[
7,
],
'project:yui-3.7.3/event-flick/event-flick.js':[
7,
],
'project:yui-3.7.3/event-focus/event-focus.js':[
7,
45,
],
'project:yui-3.7.3/event-move/event-move.js':[
7,
],
'project:yui-3.7.3/event-simulate/event-simulate.js':[
7,
],
'project:yui-3.7.3/event-synthetic/event-synthetic.js':[
7,
],
'project:yui-3.7.3/event-tap/event-tap.js':[
7,
],
'project:yui-3.7.3/event-valuechange/event-valuechange.js':[
7,
],
'project:yui-3.7.3/exec-command/exec-command.js':[
7,
],
'project:yui-3.7.3/features/features.js':[
7,
],
'project:yui-3.7.3/file-flash/file-flash.js':[
7,
],
'project:yui-3.7.3/file-html5/file-html5.js':[
7,
],
'project:yui-3.7.3/frame/frame.js':[
7,
],
'project:yui-3.7.3/gesture-simulate/gesture-simulate.js':[
7,
257,
],
'project:yui-3.7.3/get/get.js':[
7,
],
'project:yui-3.7.3/graphics-canvas/graphics-canvas.js':[
7,
],
'project:yui-3.7.3/graphics-svg/graphics-svg.js':[
7,
],
'project:yui-3.7.3/graphics-vml/graphics-vml.js':[
7,
],
'project:yui-3.7.3/graphics/graphics.js':[
7,
],
'project:yui-3.7.3/handlebars-base/handlebars-base.js':[
7,
],
'project:yui-3.7.3/handlebars-compiler/handlebars-compiler.js':[
7,
],
'project:yui-3.7.3/highlight-base/highlight-base.js':[
7,
],
'project:yui-3.7.3/history-base/history-base.js':[
7,
],
'project:yui-3.7.3/history-hash/history-hash.js':[
7,
],
'project:yui-3.7.3/imageloader/imageloader.js':[
7,
],
'project:yui-3.7.3/io-base/io-base.js':[
7,
],
'project:yui-3.7.3/io-upload-iframe/io-upload-iframe.js':[
7,
],
'project:yui-3.7.3/io-xdr/io-xdr.js':[
7,
],
'project:yui-3.7.3/json-parse/json-parse.js':[
7,
],
'project:yui-3.7.3/json-stringify/json-stringify.js':[
7,
],
'project:yui-3.7.3/jsonp/jsonp.js':[
7,
],
'project:yui-3.7.3/lazy-model-list/lazy-model-list.js':[
7,
],
'project:yui-3.7.3/loader-base/loader-base.js':[
7,
212,
1106,
1477,
],
'project:yui-3.7.3/loader-yui3/loader-yui3.js':[
7,
],
'project:yui-3.7.3/loader/loader.js':[
7,
212,
1106,
1477,
2876,
],
'project:yui-3.7.3/matrix/matrix.js':[
7,
],
'project:yui-3.7.3/model-list/model-list.js':[
7,
],
'project:yui-3.7.3/model-sync-rest/model-sync-rest.js':[
7,
],
'project:yui-3.7.3/model/model.js':[
7,
],
'project:yui-3.7.3/node-base/node-base.js':[
7,
],
'project:yui-3.7.3/node-core/node-core.js':[
7,
],
'project:yui-3.7.3/node-flick/node-flick.js':[
7,
],
'project:yui-3.7.3/node-focusmanager/node-focusmanager.js':[
7,
],
'project:yui-3.7.3/node-menunav/node-menunav.js':[
7,
],
'project:yui-3.7.3/node-screen/node-screen.js':[
7,
],
'project:yui-3.7.3/node-scroll-info/node-scroll-info.js':[
7,
],
'project:yui-3.7.3/oop/oop.js':[
7,
],
'project:yui-3.7.3/pjax-base/pjax-base.js':[
7,
],
'project:yui-3.7.3/pjax-content/pjax-content.js':[
7,
],
'project:yui-3.7.3/plugin/plugin.js':[
7,
],
'project:yui-3.7.3/profiler/profiler.js':[
7,
],
'project:yui-3.7.3/recordset-base/recordset-base.js':[
7,
],
'project:yui-3.7.3/recordset-indexer/recordset-indexer.js':[
7,
],
'project:yui-3.7.3/recordset-sort/recordset-sort.js':[
7,
],
'project:yui-3.7.3/resize-base/resize-base.js':[
7,
],
'project:yui-3.7.3/resize-constrain/resize-constrain.js':[
7,
],
'project:yui-3.7.3/resize-plugin/resize-plugin.js':[
7,
],
'project:yui-3.7.3/router/router.js':[
7,
],
'project:yui-3.7.3/scrollview-base/scrollview-base.js':[
7,
],
'project:yui-3.7.3/scrollview-paginator/scrollview-paginator.js':[
7,
],
'project:yui-3.7.3/scrollview-scrollbars/scrollview-scrollbars.js':[
7,
],
'project:yui-3.7.3/selector-css2/selector-css2.js':[
7,
],
'project:yui-3.7.3/selector-native/selector-native.js':[
7,
],
'project:yui-3.7.3/simpleyui/simpleyui.js':[
944,
1956,
3330,
3842,
5115,
5736,
6137,
6482,
6871,
7555,
7895,
8198,
8803,
9178,
9637,
11479,
11984,
13579,
14747,
16414,
16876,
17281,
18280,
18511,
19217,
20028,
],
'project:yui-3.7.3/slider-base/slider-base.js':[
7,
],
'project:yui-3.7.3/slider-value-range/slider-value-range.js':[
7,
],
'project:yui-3.7.3/sortable/sortable.js':[
7,
],
'project:yui-3.7.3/stylesheet/stylesheet.js':[
7,
113,
],
'project:yui-3.7.3/swf/swf.js':[
7,
],
'project:yui-3.7.3/tabview/tabview.js':[
7,
],
'project:yui-3.7.3/test-console/test-console.js':[
7,
],
'project:yui-3.7.3/test/test.js':[
7,
],
'project:yui-3.7.3/text-wordbreak/text-wordbreak.js':[
7,
],
'project:yui-3.7.3/transition-timer/transition-timer.js':[
7,
],
'project:yui-3.7.3/transition/transition.js':[
7,
],
'project:yui-3.7.3/uploader-deprecated/uploader-deprecated.js':[
7,
],
'project:yui-3.7.3/uploader-flash/uploader-flash.js':[
7,
],
'project:yui-3.7.3/uploader-html5/uploader-html5.js':[
7,
],
'project:yui-3.7.3/uploader-queue/uploader-queue.js':[
7,
],
'project:yui-3.7.3/view/view.js':[
7,
],
'project:yui-3.7.3/widget-anim/widget-anim.js':[
7,
],
'project:yui-3.7.3/widget-autohide/widget-autohide.js':[
7,
],
'project:yui-3.7.3/widget-base/widget-base.js':[
7,
],
'project:yui-3.7.3/widget-buttons/widget-buttons.js':[
7,
],
'project:yui-3.7.3/widget-child/widget-child.js':[
7,
],
'project:yui-3.7.3/widget-modality/widget-modality.js':[
7,
],
'project:yui-3.7.3/widget-parent/widget-parent.js':[
7,
],
'project:yui-3.7.3/widget-position-align/widget-position-align.js':[
7,
],
'project:yui-3.7.3/widget-position-constrain/widget-position-constrain.js':[
7,
],
'project:yui-3.7.3/widget-position/widget-position.js':[
7,
],
'project:yui-3.7.3/widget-stack/widget-stack.js':[
7,
],
'project:yui-3.7.3/widget-stdmod/widget-stdmod.js':[
7,
],
'project:yui-3.7.3/widget-uievents/widget-uievents.js':[
7,
],
'project:yui-3.7.3/yui-base/yui-base.js':[
944,
1956,
3330,
3842,
5115,
],
'project:yui-3.7.3/yui-core/yui-core.js':[
944,
1956,
3330,
],
'project:yui-3.7.3/yui-nodejs/yui-nodejs.js':[
944,
1956,
3330,
4036,
4736,
4941,
5835,
6206,
7605,
],
'project:yui-3.7.3/yui/yui.js':[
944,
1956,
3330,
3842,
5115,
5735,
5940,
6834,
7205,
8604,
],
}
