{
'project:amplify-1.1.0.js':[
124,
],
'project:angular-1.0.3.js':[
5766,
],
'project:backbone-0.9.2.js':[
472,
482,
],
'project:dojo-1.8.1/dijit/_editor/RichText.js.uncompressed.js':[
2616,
2625,
2644,
],
'project:dojo-1.8.1/dijit/_editor/plugins/EnterKeyHandling.js.uncompressed.js':[
325,
326,
],
'project:dojo-1.8.1/dijit/dijit-all.js.uncompressed.js':[
2930,
2931,
14223,
14232,
14251,
16046,
16047,
16048,
],
'project:dojo-1.8.1/dijit/layout/StackController.js.uncompressed.js':[
340,
341,
342,
],
'project:dojo-1.8.1/dojo/data/ItemFileWriteStore.js.uncompressed.js':[
391,
429,
430,
],
'project:dojo-1.8.1/dojo/dojo.js.uncompressed.js':[
285,
649,
15439,
],
'project:dojo-1.8.1/dojo/on.js.uncompressed.js':[
478,
],
'project:dojo-1.8.1/dojo/selector/lite.js.uncompressed.js':[
59,
],
'project:dojo-1.8.1/dojo/store/DataStore.js.uncompressed.js':[
77,
],
'project:dojo-1.8.1/dojox/app/controllers/HistoryHash.js.uncompressed.js':[
189,
],
'project:dojo-1.8.1/dojox/app/controllers/Transition.js.uncompressed.js':[
163,
],
'project:dojo-1.8.1/dojox/calendar/CalendarBase.js.uncompressed.js':[
548,
],
'project:dojo-1.8.1/dojox/calendar/MatrixView.js.uncompressed.js':[
499,
631,
738,
752,
757,
891,
1497,
1851,
2100,
],
'project:dojo-1.8.1/dojox/calendar/MonthColumnView.js.uncompressed.js':[
672,
786,
800,
805,
944,
984,
],
'project:dojo-1.8.1/dojox/calendar/SimpleColumnView.js.uncompressed.js':[
716,
819,
926,
940,
944,
1082,
1122,
],
'project:dojo-1.8.1/dojox/charting/BidiSupport.js.uncompressed.js':[
220,
],
'project:dojo-1.8.1/dojox/charting/plot2d/Bubble.js.uncompressed.js':[
91,
],
'project:dojo-1.8.1/dojox/charting/plot2d/Candlesticks.js.uncompressed.js':[
136,
],
'project:dojo-1.8.1/dojox/charting/plot2d/OHLC.js.uncompressed.js':[
136,
],
'project:dojo-1.8.1/dojox/charting/plot2d/Scatter.js.uncompressed.js':[
79,
],
'project:dojo-1.8.1/dojox/charting/plot2d/Spider.js.uncompressed.js':[
117,
227,
249,
250,
266,
275,
281,
285,
286,
288,
289,
302,
303,
303,
306,
307,
308,
308,
308,
308,
309,
310,
496,
592,
],
'project:dojo-1.8.1/dojox/charting/plot2d/common.js.uncompressed.js':[
68,
68,
],
'project:dojo-1.8.1/dojox/charting/themes/Claro.js.uncompressed.js':[
88,
91,
],
'project:dojo-1.8.1/dojox/charting/widget/Chart2D.js.uncompressed.js':[
1619,
2461,
2915,
5853,
8051,
8161,
8183,
8184,
8200,
8209,
8215,
8219,
8220,
8222,
8223,
8236,
8237,
8237,
8240,
8241,
8242,
8242,
8242,
8242,
8243,
8244,
8430,
8526,
9425,
9425,
],
'project:dojo-1.8.1/dojox/color/Colorspace.js.uncompressed.js':[
81,
81,
124,
125,
126,
180,
369,
528,
528,
528,
545,
545,
545,
],
'project:dojo-1.8.1/dojox/data/AndOrReadStore.js.uncompressed.js':[
168,
209,
248,
],
'project:dojo-1.8.1/dojox/data/KeyValueStore.js.uncompressed.js':[
245,
246,
258,
],
'project:dojo-1.8.1/dojox/data/OpmlStore.js.uncompressed.js':[
334,
335,
479,
484,
],
'project:dojo-1.8.1/dojox/data/SnapLogicStore.js.uncompressed.js':[
193,
308,
312,
],
'project:dojo-1.8.1/dojox/drawing/Drawing.js.uncompressed.js':[
437,
],
'project:dojo-1.8.1/dojox/drawing/annotations/BoxShadow.js.uncompressed.js':[
241,
],
'project:dojo-1.8.1/dojox/drawing/plugins/drawing/Silverlight.js.uncompressed.js':[
169,
],
'project:dojo-1.8.1/dojox/drawing/tools/TextBlock.js.uncompressed.js':[
603,
],
'project:dojo-1.8.1/dojox/drawing/tools/custom/Axes.js.uncompressed.js':[
209,
316,
317,
],
'project:dojo-1.8.1/dojox/drawing/tools/custom/Vector.js.uncompressed.js':[
270,
],
'project:dojo-1.8.1/dojox/drawing/ui/Toolbar.js.uncompressed.js':[
162,
190,
],
'project:dojo-1.8.1/dojox/dtl.js.uncompressed.js':[
1119,
1966,
2046,
2061,
2961,
],
'project:dojo-1.8.1/dojox/dtl/contrib/dom.js.uncompressed.js':[
23,
],
'project:dojo-1.8.1/dojox/dtl/dom.js.uncompressed.js':[
85,
105,
125,
138,
184,
323,
729,
729,
1011,
1030,
],
'project:dojo-1.8.1/dojox/dtl/filter/lists.js.uncompressed.js':[
24,
],
'project:dojo-1.8.1/dojox/dtl/filter/strings.js.uncompressed.js':[
329,
],
'project:dojo-1.8.1/dojox/dtl/tag/loader.js.uncompressed.js':[
214,
],
'project:dojo-1.8.1/dojox/dtl/tag/logic.js.uncompressed.js':[
148,
228,
243,
],
'project:dojo-1.8.1/dojox/dtl/tag/loop.js.uncompressed.js':[
165,
],
'project:dojo-1.8.1/dojox/encoding/base64.js.uncompressed.js':[
24,
32,
],
'project:dojo-1.8.1/dojox/encoding/compression/splay.js.uncompressed.js':[
17,
],
'project:dojo-1.8.1/dojox/encoding/crypto/Blowfish.js.uncompressed.js':[
347,
437,
],
'project:dojo-1.8.1/dojox/encoding/crypto/SimpleAES.js.uncompressed.js':[
66,
83,
128,
133,
137,
183,
184,
196,
204,
217,
264,
272,
],
'project:dojo-1.8.1/dojox/form/manager/_Mixin.js.uncompressed.js':[
451,
],
'project:dojo-1.8.1/dojox/form/manager/_NodeMixin.js.uncompressed.js':[
284,
],
'project:dojo-1.8.1/dojox/fx/text.js.uncompressed.js':[
414,
418,
419,
421,
],
'project:dojo-1.8.1/dojox/gantt/GanttChart.js.uncompressed.js':[
229,
254,
382,
383,
392,
393,
785,
786,
798,
800,
801,
813,
818,
840,
854,
855,
867,
869,
870,
881,
885,
1171,
1172,
1186,
1188,
],
'project:dojo-1.8.1/dojox/gantt/GanttProjectControl.js.uncompressed.js':[
68,
70,
77,
79,
160,
224,
300,
304,
313,
317,
514,
589,
610,
632,
640,
781,
793,
795,
824,
],
'project:dojo-1.8.1/dojox/gantt/GanttProjectItem.js.uncompressed.js':[
76,
],
'project:dojo-1.8.1/dojox/gantt/GanttTaskControl.js.uncompressed.js':[
160,
189,
359,
483,
547,
611,
612,
641,
696,
918,
1043,
1054,
1204,
],
'project:dojo-1.8.1/dojox/gfx/svg.js.uncompressed.js':[
214,
218,
],
'project:dojo-1.8.1/dojox/gfx3d/lighting.js.uncompressed.js':[
202,
],
'project:dojo-1.8.1/dojox/grid/_TreeView.js.uncompressed.js':[
381,
384,
],
'project:dojo-1.8.1/dojox/grid/cells/dijit.js.uncompressed.js':[
146,
177,
196,
216,
],
'project:dojo-1.8.1/dojox/help/_base.js.uncompressed.js':[
65,
65,
400,
],
'project:dojo-1.8.1/dojox/io/OAuth.js.uncompressed.js':[
172,
],
'project:dojo-1.8.1/dojox/jq.js.uncompressed.js':[
651,
1077,
1287,
1297,
1358,
1644,
1758,
],
'project:dojo-1.8.1/dojox/lang/aspect/memoizer.js.uncompressed.js':[
14,
29,
],
'project:dojo-1.8.1/dojox/math/curves.js.uncompressed.js':[
13,
],
'project:dojo-1.8.1/dojox/math/matrix.js.uncompressed.js':[
145,
],
'project:dojo-1.8.1/dojox/math/random/Secure.js.uncompressed.js':[
71,
71,
],
'project:dojo-1.8.1/dojox/mdnd/dropMode/DefaultDropMode.js.uncompressed.js':[
248,
],
'project:dojo-1.8.1/dojox/mdnd/dropMode/OverDropMode.js.uncompressed.js':[
231,
],
'project:dojo-1.8.1/dojox/mdnd/dropMode/VerticalDropMode.js.uncompressed.js':[
259,
],
'project:dojo-1.8.1/dojox/mobile/Audio.js.uncompressed.js':[
66,
66,
78,
78,
],
'project:dojo-1.8.1/dojox/mobile/SimpleDialog.js.uncompressed.js':[
159,
],
'project:dojo-1.8.1/dojox/mobile/app.js.uncompressed.js':[
13758,
],
'project:dojo-1.8.1/dojox/mobile/app/AlertDialog.js.uncompressed.js':[
161,
],
'project:dojo-1.8.1/dojox/mvc/EditStoreRefController.js.uncompressed.js':[
117,
],
'project:dojo-1.8.1/dojox/mvc/ListController.js.uncompressed.js':[
81,
],
'project:dojo-1.8.1/dojox/mvc/Repeat.js.uncompressed.js':[
157,
],
'project:dojo-1.8.1/dojox/mvc/StatefulArray.js.uncompressed.js':[
125,
],
'project:dojo-1.8.1/dojox/secure/DOM.js.uncompressed.js':[
162,
],
'project:dojo-1.8.1/dojox/sql/_crypto.js.uncompressed.js':[
194,
211,
256,
261,
265,
311,
312,
324,
332,
344,
377,
384,
391,
438,
439,
],
'project:dojo-1.8.1/dojox/string/sprintf.js.uncompressed.js':[
127,
],
'project:dojo-1.8.1/dojox/timing/ThreadPool.js.uncompressed.js':[
111,
112,
],
'project:dojo-1.8.1/dojox/treemap/_utils.js.uncompressed.js':[
178,
190,
227,
],
'project:dojo-1.8.1/dojox/validate/check.js.uncompressed.js':[
124,
125,
132,
133,
140,
141,
148,
149,
157,
159,
187,
189,
196,
197,
207,
224,
240,
260,
280,
281,
],
'project:dojo-1.8.1/dojox/validate/isbn.js.uncompressed.js':[
30,
],
'project:dojo-1.8.1/dojox/widget/Pager.js.uncompressed.js':[
162,
197,
211,
325,
326,
346,
347,
353,
365,
424,
437,
439,
440,
446,
453,
487,
501,
503,
504,
511,
514,
521,
],
'project:dojo-1.8.1/dojox/widget/Rotator.js.uncompressed.js':[
115,
],
'project:dojo-1.8.1/dojox/wire/ml/Data.js.uncompressed.js':[
124,
125,
126,
133,
134,
135,
],
'project:dojo-1.8.1/dojox/wire/ml/Invocation.js.uncompressed.js':[
64,
],
'project:dojo-1.8.1/dojox/wire/ml/Transfer.js.uncompressed.js':[
136,
],
'project:dojo-1.8.1/dojox/xml/DomParser.js.uncompressed.js':[
237,
283,
293,
328,
329,
346,
348,
375,
384,
],
'project:dojo-1.8.1/dojox/xmpp/xmppSession.js.uncompressed.js':[
203,
285,
294,
295,
319,
418,
],
'project:ecmascript6/Ghost/core/server/helpers/ghost_head.js':[
20,
],
'project:ecmascript6/di.js/chrome-extension/visualize/lib/d3.v3.js':[
1398,
1994,
2442,
2523,
2523,
2523,
2523,
2663,
2663,
2671,
2779,
4525,
5662,
6219,
7061,
7964,
8130,
],
'project:ecmascript6/di.js/example/angular-loader/traceur.js':[
255,
2723,
5113,
6151,
6176,
6832,
6844,
6853,
8629,
8741,
8742,
8770,
8783,
8790,
9512,
9517,
9534,
9548,
9551,
9554,
9616,
9643,
9662,
10231,
10329,
11322,
11445,
11490,
11814,
11976,
11984,
12236,
12562,
12567,
12578,
12834,
12872,
12876,
13027,
13030,
13094,
13110,
13143,
13147,
13151,
13573,
13596,
13675,
13683,
13688,
13821,
13829,
13840,
14133,
14136,
14139,
14191,
14208,
14215,
14221,
14444,
14943,
14994,
15007,
15020,
15023,
15027,
15098,
15307,
15308,
15309,
15409,
15512,
15591,
15681,
15685,
15691,
15793,
15820,
15826,
15924,
15929,
15932,
15945,
15950,
16168,
16171,
16174,
16415,
16420,
16448,
16477,
16478,
16529,
16573,
16577,
16583,
16589,
17328,
17329,
17731,
17732,
17864,
18096,
18231,
18279,
18303,
18358,
18384,
18614,
18835,
18876,
18883,
18884,
18990,
18991,
],
'project:ecmascript6/di.js/visualize/lib/d3.v3.js':[
1398,
1994,
2442,
2523,
2523,
2523,
2523,
2663,
2663,
2671,
2779,
4525,
5662,
6219,
7061,
7964,
8130,
],
'project:ecmascript6/ecmascript6-today/1-let.js':[
25,
],
'project:ecmascript6/ecmascript6-today/2-const.js':[
12,
16,
],
'project:ecmascript6/ecmascript6-today/8-iterators.js':[
23,
36,
],
'project:ecmascript6/http/src/IConnection.js':[
4,
],
'project:ecmascript6/http/src/IRequest.js':[
4,
],
'project:ecmascript6/http/src/IResponse.js':[
4,
],
'project:ecmascript6/router/gulpfile.js':[
82,
],
'project:ecmascript6/router/src/navigationPlan.js':[
57,
],
'project:ecmascript6/router/src/pipeline.js':[
40,
],
'project:ecmascript6/router/third_party/brick/brick-1.0.1.byob.js':[
349,
350,
351,
363,
375,
469,
2914,
],
'project:ecmascript6/snoode/src/endpoints/v1.es6.js':[
222,
365,
574,
625,
667,
684,
747,
820,
862,
944,
968,
990,
1130,
1148,
],
'project:ecmascript6/templating/src/util/ng_polymer.js':[
32,
],
'project:ecmascript6/watchtower.js/test/watchgroup.spec.js':[
593,
],
'project:es5-shim-2.0.5.js':[
571,
],
'project:frameworks/wordpress/farbtastic.js':[
15,
],
'project:google-closure-library/array/array.js':[
1018,
],
'project:google-closure-library/crypt/arc4.js':[
86,
],
'project:google-closure-library/crypt/basen.js':[
130,
134,
148,
155,
161,
164,
200,
],
'project:google-closure-library/crypt/crypt.js':[
112,
],
'project:google-closure-library/crypt/md5.js':[
161,
414,
422,
],
'project:google-closure-library/crypt/sha1.js':[
119,
132,
151,
225,
],
'project:google-closure-library/cssom/cssom.js':[
134,
134,
148,
148,
],
'project:google-closure-library/cssom/iframe/style.js':[
792,
],
'project:google-closure-library/datasource/jsdatasource.js':[
171,
298,
],
'project:google-closure-library/datasource/xmldatasource.js':[
201,
],
'project:google-closure-library/debug/devcss/devcss.js':[
118,
118,
428,
428,
],
'project:google-closure-library/debug/tracer.js':[
366,
423,
657,
],
'project:google-closure-library/dom/annotate.js':[
281,
288,
289,
295,
320,
],
'project:google-closure-library/dom/dom.js':[
261,
264,
265,
266,
266,
],
'project:google-closure-library/dom/forms.js':[
100,
109,
],
'project:google-closure-library/dom/textrange.js':[
124,
],
'project:google-closure-library/dom/xml.js':[
120,
145,
],
'project:google-closure-library/editor/plugins/linkdialogplugin.js':[
337,
],
'project:google-closure-library/editor/plugins/removeformatting.js':[
256,
284,
289,
398,
],
'project:google-closure-library/editor/plugins/tableeditor.js':[
197,
241,
243,
],
'project:google-closure-library/editor/table.js':[
319,
],
'project:google-closure-library/events/events.js':[
180,
335,
855,
973,
],
'project:google-closure-library/format/htmlprettyprinter.js':[
268,
269,
],
'project:google-closure-library/fx/draglistgroup.js':[
485,
485,
705,
705,
],
'project:google-closure-library/gears/database.js':[
218,
523,
562,
],
'project:google-closure-library/graphics/canvaselement.js':[
414,
],
'project:google-closure-library/i18n/messageformat.js':[
241,
245,
465,
],
'project:google-closure-library/i18n/numberformat.js':[
409,
435,
],
'project:google-closure-library/labs/structs/map_perf.js':[
90,
],
'project:google-closure-library/math/bezier.js':[
290,
],
'project:google-closure-library/math/integer.js':[
524,
544,
547,
],
'project:google-closure-library/math/long.js':[
308,
647,
651,
],
'project:google-closure-library/math/math.js':[
268,
268,
],
'project:google-closure-library/math/matrix.js':[
353,
],
'project:google-closure-library/module/modulemanager.js':[
648,
1114,
1119,
1130,
1132,
1140,
],
'project:google-closure-library/net/crossdomainrpc.js':[
263,
411,
412,
],
'project:google-closure-library/net/iframeio.js':[
884,
884,
898,
898,
],
'project:google-closure-library/net/xpc/iframepollingtransport.js':[
523,
],
'project:google-closure-library/net/xpc/iframerelaytransport.js':[
225,
335,
],
'project:google-closure-library/proto2/textformatserializer.js':[
699,
],
'project:google-closure-library/storage/mechanism/prefixedmechanism_test.js':[
49,
64,
103,
112,
121,
],
'project:google-closure-library/structs/avltree.js':[
175,
],
'project:google-closure-library/structs/heap.js':[
103,
],
'project:google-closure-library/structs/map.js':[
271,
272,
274,
],
'project:google-closure-library/structs/structs.js':[
227,
274,
],
'project:google-closure-library/structs/trie.js':[
324,
],
'project:google-closure-library/style/bidi.js':[
107,
],
'project:google-closure-library/style/style.js':[
1344,
1347,
1347,
1547,
1549,
1551,
1553,
1631,
1633,
1635,
1637,
],
'project:google-closure-library/testing/asserts.js':[
641,
1003,
],
'project:google-closure-library/testing/dom.js':[
513,
],
'project:google-closure-library/testing/events/events.js':[
568,
],
'project:google-closure-library/testing/mockclassfactory.js':[
515,
517,
521,
],
'project:google-closure-library/testing/mockclock.js':[
192,
],
'project:google-closure-library/testing/multitestrunner.js':[
872,
881,
],
'project:google-closure-library/testing/stacktrace.js':[
462,
],
'project:google-closure-library/ui/attachablemenu.js':[
247,
],
'project:google-closure-library/ui/dialog.js':[
1023,
],
'project:google-closure-library/ui/equation/texpane.js':[
391,
],
'project:google-closure-library/ui/filteredmenu.js':[
432,
],
'project:google-closure-library/ui/gauge.js':[
731,
735,
949,
],
'project:google-closure-library/ui/hsvpalette.js':[
414,
],
'project:google-closure-library/ui/modalpopup.js':[
528,
529,
],
'project:google-closure-library/ui/paletterenderer.js':[
244,
],
'project:google-closure-library/ui/richtextspellchecker.js':[
558,
],
'project:google-closure-library/ui/sliderbase.js':[
502,
940,
1112,
1114,
1117,
],
'project:google-closure-library/ui/tabpane.js':[
457,
],
'project:google-closure-library/ui/tooltip.js':[
291,
],
'project:google-closure-library/ui/tree/basenode.js':[
1338,
],
'project:google-closure-library/useragent/flash.js':[
91,
99,
],
'project:google-closure-library/useragent/platform.js':[
42,
],
'project:knockout-2.1.0.debug.js':[
191,
191,
443,
444,
481,
1497,
1498,
1518,
1520,
1993,
1994,
2291,
2319,
2319,
3098,
3102,
3102,
3315,
3319,
3325,
],
'project:ocanvas-2.2.2.js':[
118,
1272,
1325,
1374,
1375,
1382,
1383,
1389,
1400,
1405,
1437,
1438,
1439,
1442,
1442,
1486,
1486,
1486,
1486,
1567,
1616,
1619,
1620,
1621,
3099,
3183,
3732,
3740,
3748,
],
'project:open-layers-2.12/OpenLayers/Control/Graticule.js':[
297,
334,
339,
343,
344,
345,
346,
359,
360,
369,
],
'project:open-layers-2.12/OpenLayers/Control/LayerSwitcher.js':[
310,
310,
311,
403,
403,
404,
534,
],
'project:open-layers-2.12/OpenLayers/Control/OverviewMap.js':[
253,
],
'project:open-layers-2.12/OpenLayers/Control/PanPanel.js':[
60,
],
'project:open-layers-2.12/OpenLayers/Control/PanZoomBar.js':[
216,
220,
],
'project:open-layers-2.12/OpenLayers/Control/Panel.js':[
191,
],
'project:open-layers-2.12/OpenLayers/Control/SLDSelect.js':[
174,
],
'project:open-layers-2.12/OpenLayers/Control/Split.js':[
432,
432,
442,
442,
],
'project:open-layers-2.12/OpenLayers/Control/WMSGetFeatureInfo.js':[
459,
460,
462,
],
'project:open-layers-2.12/OpenLayers/Format/ArcXML.js':[
387,
626,
685,
686,
686,
687,
],
'project:open-layers-2.12/OpenLayers/Format/Atom.js':[
201,
201,
224,
224,
248,
248,
496,
496,
600,
600,
618,
618,
635,
636,
637,
638,
638,
643,
643,
656,
656,
],
'project:open-layers-2.12/OpenLayers/Format/CQL.js':[
251,
280,
281,
288,
289,
296,
297,
305,
306,
],
'project:open-layers-2.12/OpenLayers/Format/GML.js':[
242,
372,
507,
513,
527,
],
'project:open-layers-2.12/OpenLayers/Format/GML/Base.js':[
185,
],
'project:open-layers-2.12/OpenLayers/Format/GPX.js':[
135,
146,
147,
],
'project:open-layers-2.12/OpenLayers/Format/GeoRSS.js':[
134,
141,
142,
143,
144,
144,
156,
157,
158,
],
'project:open-layers-2.12/OpenLayers/Format/KML.js':[
397,
398,
422,
495,
496,
534,
535,
721,
721,
791,
1010,
1048,
1110,
],
'project:open-layers-2.12/OpenLayers/Format/OSM.js':[
74,
143,
157,
],
'project:open-layers-2.12/OpenLayers/Format/SLD/v1.js':[
714,
714,
786,
786,
858,
869,
],
'project:open-layers-2.12/OpenLayers/Format/WFSDescribeFeatureType.js':[
73,
73,
127,
],
'project:open-layers-2.12/OpenLayers/Format/WMC.js':[
106,
106,
],
'project:open-layers-2.12/OpenLayers/Format/WMSGetFeatureInfo.js':[
114,
],
'project:open-layers-2.12/OpenLayers/Format/WMTSCapabilities.js':[
108,
108,
],
'project:open-layers-2.12/OpenLayers/Geometry.js':[
382,
382,
406,
407,
407,
410,
413,
],
'project:open-layers-2.12/OpenLayers/Geometry/Collection.js':[
321,
328,
334,
334,
335,
],
'project:open-layers-2.12/OpenLayers/Geometry/LineString.js':[
487,
487,
],
'project:open-layers-2.12/OpenLayers/Handler/Polygon.js':[
189,
],
'project:open-layers-2.12/OpenLayers/Layer/FixedZoomLevels.js':[
173,
],
'project:open-layers-2.12/OpenLayers/Layer/GeoRSS.js':[
215,
],
'project:open-layers-2.12/OpenLayers/Layer/Grid.js':[
1319,
1320,
],
'project:open-layers-2.12/OpenLayers/Layer/Markers.js':[
176,
],
'project:open-layers-2.12/OpenLayers/Layer/Vector.js':[
514,
515,
],
'project:open-layers-2.12/OpenLayers/Layer/WMTS.js':[
446,
],
'project:open-layers-2.12/OpenLayers/Layer/Zoomify.js':[
229,
232,
],
'project:open-layers-2.12/OpenLayers/Map.js':[
643,
643,
761,
1964,
],
'project:open-layers-2.12/OpenLayers/Popup.js':[
262,
],
'project:open-layers-2.12/OpenLayers/Protocol/HTTP.js':[
529,
537,
],
'project:open-layers-2.12/OpenLayers/Renderer.js':[
143,
],
'project:open-layers-2.12/OpenLayers/Renderer/Canvas.js':[
730,
735,
737,
],
'project:open-layers-2.12/OpenLayers/Renderer/Elements.js':[
511,
597,
],
'project:open-layers-2.12/OpenLayers/Renderer/VML.js':[
354,
],
'project:open-layers-2.12/OpenLayers/Strategy/Cluster.js':[
178,
],
'project:open-layers-2.12/OpenLayers/Style.js':[
184,
184,
],
'project:open-layers-2.12/OpenLayers/Util.js':[
1309,
1316,
],
'project:open-layers-2.12/Rico/Color.js':[
109,
],
'project:open-layers-2.12/deprecated.js':[
538,
1235,
1236,
1328,
1725,
1726,
],
'project:paper-0.22.js':[
58,
111,
169,
317,
318,
353,
355,
355,
447,
449,
1906,
2061,
2061,
2461,
2886,
3119,
3712,
3765,
3771,
3803,
3806,
4090,
4108,
4173,
4300,
4590,
4631,
4640,
4646,
4653,
4665,
4683,
4753,
5375,
5534,
5563,
5883,
5920,
5921,
5922,
6035,
6570,
7277,
7447,
],
'project:prototype-1.7.js':[
253,
253,
260,
260,
261,
261,
4036,
4085,
4132,
4290,
4290,
4291,
4520,
4656,
5224,
],
'project:scriptaculous-1.9.0/controls.js':[
639,
],
'project:scriptaculous-1.9.0/dragdrop.js':[
771,
],
'project:scriptaculous-1.9.0/effects.js':[
21,
81,
],
'project:scriptaculous-1.9.0/slider.js':[
217,
230,
],
'project:yui-3.7.3/calendar-base/calendar-base.js':[
615,
875,
906,
1163,
1174,
1185,
1196,
],
'project:yui-3.7.3/calendar/calendar.js':[
332,
],
'project:yui-3.7.3/dom-base/dom-base.js':[
301,
303,
304,
],
'project:yui-3.7.3/gesture-simulate/gesture-simulate.js':[
16,
],
'project:yui-3.7.3/node-base/node-base.js':[
374,
375,
491,
786,
1065,
],
'project:yui-3.7.3/selector-css2/selector-css2.js':[
407,
],
'project:yui-3.7.3/selector-css3/selector-css3.js':[
67,
67,
],
'project:yui-3.7.3/selector-native/selector-native.js':[
200,
],
'project:yui-3.7.3/simpleyui/simpleyui.js':[
640,
2672,
2933,
2934,
7165,
7167,
7168,
8996,
13946,
13947,
14063,
14358,
14637,
19617,
19721,
19721,
],
'project:yui-3.7.3/swf/swf.js':[
66,
],
'project:yui-3.7.3/tabview/tabview.js':[
194,
195,
196,
],
'project:yui-3.7.3/test/test.js':[
521,
535,
608,
621,
3613,
],
'project:yui-3.7.3/uploader-queue/uploader-queue.js':[
116,
117,
],
'project:yui-3.7.3/yui-base/yui-base.js':[
640,
2672,
2933,
2934,
],
'project:yui-3.7.3/yui-core/yui-core.js':[
640,
2672,
2933,
2934,
],
'project:yui-3.7.3/yui-nodejs/yui-nodejs.js':[
640,
2672,
2933,
2934,
],
'project:yui-3.7.3/yui/yui.js':[
640,
2672,
2933,
2934,
],
}
