{
'project:ecmascript6/Ghost/core/server/controllers/frontend/index.js':[
213,
],
'project:ecmascript6/Ghost/core/server/middleware/spam-prevention.js':[
119,
],
'project:file-for-rules/FutureReservedWords.js':[
3,
4,
5,
],
}
