{
'project:amplify-1.1.0.js':[
168,
290,
679,
680,
681,
682,
],
'project:angular-1.0.3.js':[
1452,
3828,
3829,
4881,
6373,
6373,
6373,
6373,
6373,
6830,
7715,
7754,
9015,
11865,
12962,
],
'project:backbone-0.9.2.js':[
609,
],
'project:dojo-1.8.1/dijit/CalendarLite.js.uncompressed.js':[
263,
307,
],
'project:dojo-1.8.1/dijit/WidgetSet.js.uncompressed.js':[
81,
114,
208,
229,
],
'project:dojo-1.8.1/dijit/_base/focus.js.uncompressed.js':[
107,
],
'project:dojo-1.8.1/dijit/_editor/RichText.js.uncompressed.js':[
288,
435,
658,
],
'project:dojo-1.8.1/dijit/_editor/html.js.uncompressed.js':[
58,
142,
210,
],
'project:dojo-1.8.1/dijit/_editor/range.js.uncompressed.js':[
26,
],
'project:dojo-1.8.1/dijit/dijit-all.js.uncompressed.js':[
1544,
1628,
1696,
2394,
10936,
11895,
12042,
12265,
22262,
24859,
27235,
28082,
28367,
28411,
30833,
30970,
],
'project:dojo-1.8.1/dijit/dijit.js.uncompressed.js':[
196,
749,
782,
876,
897,
3355,
4008,
5697,
6179,
],
'project:dojo-1.8.1/dijit/popup.js.uncompressed.js':[
194,
],
'project:dojo-1.8.1/dijit/registry.js.uncompressed.js':[
80,
],
'project:dojo-1.8.1/dijit/tree/TreeStoreModel.js.uncompressed.js':[
171,
],
'project:dojo-1.8.1/dijit/tree/dndSource.js.uncompressed.js':[
228,
],
'project:dojo-1.8.1/dijit/typematic.js.uncompressed.js':[
24,
],
'project:dojo-1.8.1/dojo/NodeList-data.js.uncompressed.js':[
23,
],
'project:dojo-1.8.1/dojo/_base/connect.js.uncompressed.js':[
272,
272,
275,
275,
],
'project:dojo-1.8.1/dojo/_base/declare.js.uncompressed.js':[
29,
55,
67,
128,
133,
146,
163,
173,
229,
310,
372,
],
'project:dojo-1.8.1/dojo/_base/kernel.js.uncompressed.js':[
162,
],
'project:dojo-1.8.1/dojo/_base/lang.js.uncompressed.js':[
26,
33,
],
'project:dojo-1.8.1/dojo/_firebug/firebug.js.uncompressed.js':[
661,
689,
],
'project:dojo-1.8.1/dojo/aspect.js.uncompressed.js':[
45,
],
'project:dojo-1.8.1/dojo/behavior.js.uncompressed.js':[
159,
],
'project:dojo-1.8.1/dojo/data/ObjectStore.js.uncompressed.js':[
452,
454,
],
'project:dojo-1.8.1/dojo/data/util/sorter.js.uncompressed.js':[
89,
],
'project:dojo-1.8.1/dojo/date.js.uncompressed.js':[
52,
],
'project:dojo-1.8.1/dojo/dnd/Selector.js.uncompressed.js':[
221,
],
'project:dojo-1.8.1/dojo/dnd/common.js.uncompressed.js':[
20,
],
'project:dojo-1.8.1/dojo/dojo.js.uncompressed.js':[
106,
126,
174,
287,
652,
779,
1053,
1056,
1168,
1223,
1706,
3033,
3246,
3978,
5919,
5925,
6938,
6964,
6976,
7037,
7042,
7055,
7072,
7082,
7138,
7219,
7281,
8000,
8690,
8692,
8963,
9094,
9108,
9126,
9364,
9381,
9388,
10724,
11119,
11892,
12058,
12113,
12120,
14875,
14878,
14884,
15056,
17020,
17608,
17608,
17611,
17611,
],
'project:dojo-1.8.1/dojo/dom-construct.js.uncompressed.js':[
84,
],
'project:dojo-1.8.1/dojo/dom-prop.js.uncompressed.js':[
154,
],
'project:dojo-1.8.1/dojo/dom.js.uncompressed.js':[
43,
],
'project:dojo-1.8.1/dojo/domReady.js.uncompressed.js':[
71,
],
'project:dojo-1.8.1/dojo/fx.js.uncompressed.js':[
64,
201,
],
'project:dojo-1.8.1/dojo/fx/easing.js.uncompressed.js':[
52,
],
'project:dojo-1.8.1/dojo/has.js.uncompressed.js':[
130,
136,
],
'project:dojo-1.8.1/dojo/html.js.uncompressed.js':[
127,
],
'project:dojo-1.8.1/dojo/i18n.js.uncompressed.js':[
271,
484,
],
'project:dojo-1.8.1/dojo/io/script.js.uncompressed.js':[
92,
],
'project:dojo-1.8.1/dojo/on.js.uncompressed.js':[
95,
],
'project:dojo-1.8.1/dojo/parser.js.uncompressed.js':[
263,
],
'project:dojo-1.8.1/dojo/promise/all.js.uncompressed.js':[
67,
],
'project:dojo-1.8.1/dojo/request/notify.js.uncompressed.js':[
36,
],
'project:dojo-1.8.1/dojo/request/registry.js.uncompressed.js':[
14,
],
'project:dojo-1.8.1/dojo/request/script.js.uncompressed.js':[
127,
],
'project:dojo-1.8.1/dojo/request/watch.js.uncompressed.js':[
26,
29,
35,
],
'project:dojo-1.8.1/dojo/rpc/JsonService.js.uncompressed.js':[
61,
],
'project:dojo-1.8.1/dojo/selector/acme.js.uncompressed.js':[
551,
553,
824,
955,
969,
987,
1225,
1242,
1249,
],
'project:dojo-1.8.1/dojo/store/Observable.js.uncompressed.js':[
68,
],
'project:dojo-1.8.1/dojo/text.js.uncompressed.js':[
202,
],
'project:dojo-1.8.1/dojox/analytics/_base.js.uncompressed.js':[
84,
100,
],
'project:dojo-1.8.1/dojox/atom/io/model.js.uncompressed.js':[
1072,
1118,
],
'project:dojo-1.8.1/dojox/calc/Grapher.js.uncompressed.js':[
241,
452,
478,
507,
],
'project:dojo-1.8.1/dojox/calendar/Keyboard.js.uncompressed.js':[
171,
171,
],
'project:dojo-1.8.1/dojox/charting/Chart3D.js.uncompressed.js':[
90,
],
'project:dojo-1.8.1/dojox/charting/plot2d/Pie.js.uncompressed.js':[
472,
],
'project:dojo-1.8.1/dojox/charting/plot3d/Bars.js.uncompressed.js':[
11,
],
'project:dojo-1.8.1/dojox/charting/plot3d/Cylinders.js.uncompressed.js':[
11,
],
'project:dojo-1.8.1/dojox/charting/widget/Chart2D.js.uncompressed.js':[
1026,
1304,
1448,
2304,
2308,
2337,
4483,
4620,
6618,
6919,
7843,
7869,
9218,
9242,
9267,
9296,
9329,
10498,
11987,
13055,
13994,
],
'project:dojo-1.8.1/dojox/charting/widget/Legend.js.uncompressed.js':[
122,
],
'project:dojo-1.8.1/dojox/collections/_base.js.uncompressed.js':[
39,
83,
],
'project:dojo-1.8.1/dojox/data/ClientFilter.js.uncompressed.js':[
86,
],
'project:dojo-1.8.1/dojox/data/FlickrRestStore.js.uncompressed.js':[
28,
],
'project:dojo-1.8.1/dojox/data/GoogleSearchStore.js.uncompressed.js':[
50,
262,
],
'project:dojo-1.8.1/dojox/data/ItemExplorer.js.uncompressed.js':[
78,
94,
],
'project:dojo-1.8.1/dojox/data/JsonRestStore.js.uncompressed.js':[
231,
244,
],
'project:dojo-1.8.1/dojox/data/PersevereStore.js.uncompressed.js':[
71,
],
'project:dojo-1.8.1/dojox/data/ServiceStore.js.uncompressed.js':[
275,
],
'project:dojo-1.8.1/dojox/data/StoreExplorer.js.uncompressed.js':[
136,
138,
140,
170,
],
'project:dojo-1.8.1/dojox/date/hebrew/numerals.js.uncompressed.js':[
29,
31,
33,
],
'project:dojo-1.8.1/dojox/date/posix.js.uncompressed.js':[
182,
185,
203,
],
'project:dojo-1.8.1/dojox/drawing/manager/Mouse.js.uncompressed.js':[
192,
],
'project:dojo-1.8.1/dojox/drawing/stencil/Text.js.uncompressed.js':[
209,
],
'project:dojo-1.8.1/dojox/drawing/stencil/_Base.js.uncompressed.js':[
443,
],
'project:dojo-1.8.1/dojox/dtl.js.uncompressed.js':[
99,
120,
583,
618,
626,
1700,
1994,
2499,
],
'project:dojo-1.8.1/dojox/dtl/_base.js.uncompressed.js':[
97,
118,
581,
616,
624,
],
'project:dojo-1.8.1/dojox/dtl/contrib/dom.js.uncompressed.js':[
139,
],
'project:dojo-1.8.1/dojox/dtl/dom.js.uncompressed.js':[
125,
150,
985,
1051,
],
'project:dojo-1.8.1/dojox/dtl/tag/logic.js.uncompressed.js':[
176,
],
'project:dojo-1.8.1/dojox/editor/plugins/SpellCheck.js.uncompressed.js':[
404,
793,
973,
],
'project:dojo-1.8.1/dojox/editor/plugins/_SpellCheckParser.js.uncompressed.js':[
35,
38,
],
'project:dojo-1.8.1/dojox/embed/Flash.js.uncompressed.js':[
35,
75,
323,
],
'project:dojo-1.8.1/dojox/embed/Quicktime.js.uncompressed.js':[
40,
232,
],
'project:dojo-1.8.1/dojox/encoding/ascii85.js.uncompressed.js':[
12,
50,
],
'project:dojo-1.8.1/dojox/encoding/base64.js.uncompressed.js':[
15,
15,
15,
24,
24,
32,
48,
50,
51,
52,
53,
],
'project:dojo-1.8.1/dojox/encoding/compression/lzw.js.uncompressed.js':[
38,
38,
41,
],
'project:dojo-1.8.1/dojox/encoding/crypto/Blowfish.js.uncompressed.js':[
250,
262,
262,
267,
267,
],
'project:dojo-1.8.1/dojox/encoding/crypto/RSAKey-ext.js.uncompressed.js':[
17,
18,
23,
],
'project:dojo-1.8.1/dojox/encoding/crypto/RSAKey.js.uncompressed.js':[
23,
23,
24,
30,
32,
33,
],
'project:dojo-1.8.1/dojox/encoding/easy64.js.uncompressed.js':[
39,
],
'project:dojo-1.8.1/dojox/form/Uploader.js.uncompressed.js':[
136,
],
'project:dojo-1.8.1/dojox/gantt/GanttChart.js.uncompressed.js':[
1045,
],
'project:dojo-1.8.1/dojox/geo/openlayers/GreatCircle.js.uncompressed.js':[
61,
],
'project:dojo-1.8.1/dojox/gesture/Base.js.uncompressed.js':[
226,
],
'project:dojo-1.8.1/dojox/gfx.js.uncompressed.js':[
152,
],
'project:dojo-1.8.1/dojox/gfx/_base.js.uncompressed.js':[
150,
],
'project:dojo-1.8.1/dojox/gfx/canvas.js.uncompressed.js':[
822,
832,
],
'project:dojo-1.8.1/dojox/gfx/shape.js.uncompressed.js':[
27,
],
'project:dojo-1.8.1/dojox/gfx/svg.js.uncompressed.js':[
389,
],
'project:dojo-1.8.1/dojox/grid/DataGrid.js.uncompressed.js':[
2629,
5999,
6195,
8874,
12493,
12493,
12498,
12498,
],
'project:dojo-1.8.1/dojox/grid/LazyTreeGrid.js.uncompressed.js':[
173,
],
'project:dojo-1.8.1/dojox/grid/_FocusManager.js.uncompressed.js':[
435,
435,
440,
440,
],
'project:dojo-1.8.1/dojox/grid/_Scroller.js.uncompressed.js':[
11,
],
'project:dojo-1.8.1/dojox/grid/enhanced/_FocusManager.js.uncompressed.js':[
393,
565,
],
'project:dojo-1.8.1/dojox/grid/enhanced/plugins/DnD.js.uncompressed.js':[
30,
733,
817,
],
'project:dojo-1.8.1/dojox/grid/enhanced/plugins/_RowMapLayer.js.uncompressed.js':[
18,
182,
],
'project:dojo-1.8.1/dojox/grid/enhanced/plugins/filter/FilterDefDialog.js.uncompressed.js':[
1209,
],
'project:dojo-1.8.1/dojox/grid/enhanced/plugins/filter/FilterStatusTip.js.uncompressed.js':[
96,
100,
],
'project:dojo-1.8.1/dojox/image/Badge.js.uncompressed.js':[
90,
],
'project:dojo-1.8.1/dojox/image/ThumbnailPicker.js.uncompressed.js':[
461,
],
'project:dojo-1.8.1/dojox/io/OAuth.js.uncompressed.js':[
73,
],
'project:dojo-1.8.1/dojox/io/proxy/xip.js.uncompressed.js':[
97,
296,
],
'project:dojo-1.8.1/dojox/io/windowName.js.uncompressed.js':[
90,
],
'project:dojo-1.8.1/dojox/jq.js.uncompressed.js':[
369,
1185,
1198,
1235,
],
'project:dojo-1.8.1/dojox/lang/aspect.js.uncompressed.js':[
98,
112,
338,
],
'project:dojo-1.8.1/dojox/lang/aspect/profiler.js.uncompressed.js':[
15,
20,
],
'project:dojo-1.8.1/dojox/lang/aspect/timer.js.uncompressed.js':[
10,
15,
20,
],
'project:dojo-1.8.1/dojox/lang/async.js.uncompressed.js':[
60,
],
'project:dojo-1.8.1/dojox/lang/functional/array.js.uncompressed.js':[
39,
63,
88,
117,
150,
],
'project:dojo-1.8.1/dojox/lang/functional/fold.js.uncompressed.js':[
37,
63,
],
'project:dojo-1.8.1/dojox/lang/functional/lambda.js.uncompressed.js':[
75,
],
'project:dojo-1.8.1/dojox/lang/functional/listcomp.js.uncompressed.js':[
19,
],
'project:dojo-1.8.1/dojox/lang/functional/reversed.js.uncompressed.js':[
45,
],
'project:dojo-1.8.1/dojox/lang/functional/scan.js.uncompressed.js':[
32,
36,
65,
],
'project:dojo-1.8.1/dojox/lang/functional/util.js.uncompressed.js':[
36,
37,
38,
39,
42,
43,
],
'project:dojo-1.8.1/dojox/lang/functional/zip.js.uncompressed.js':[
26,
],
'project:dojo-1.8.1/dojox/lang/observable.js.uncompressed.js':[
119,
],
'project:dojo-1.8.1/dojox/math/BigInteger-ext.js.uncompressed.js':[
72,
117,
119,
123,
131,
260,
267,
276,
282,
283,
319,
323,
323,
348,
361,
462,
563,
565,
584,
],
'project:dojo-1.8.1/dojox/math/BigInteger.js.uncompressed.js':[
40,
41,
43,
52,
54,
58,
66,
68,
72,
96,
98,
100,
140,
148,
151,
184,
189,
215,
292,
299,
308,
314,
315,
326,
337,
374,
379,
380,
382,
386,
481,
490,
519,
],
'project:dojo-1.8.1/dojox/math/_base.js.uncompressed.js':[
34,
],
'project:dojo-1.8.1/dojox/math/random/Secure.js.uncompressed.js':[
32,
33,
66,
86,
87,
88,
89,
],
'project:dojo-1.8.1/dojox/math/stats.js.uncompressed.js':[
121,
],
'project:dojo-1.8.1/dojox/mobile.js.uncompressed.js':[
2536,
],
'project:dojo-1.8.1/dojox/mobile/_EditableIconMixin.js.uncompressed.js':[
56,
],
'project:dojo-1.8.1/dojox/mobile/app.js.uncompressed.js':[
465,
2787,
2924,
6531,
7575,
7608,
7702,
7723,
7796,
8227,
9237,
12277,
],
'project:dojo-1.8.1/dojox/mobile/app/ImageThumbView.js.uncompressed.js':[
349,
],
'project:dojo-1.8.1/dojox/mvc/Generate.js.uncompressed.js':[
147,
165,
186,
],
'project:dojo-1.8.1/dojox/robot/recorder.js.uncompressed.js':[
300,
],
'project:dojo-1.8.1/dojox/rpc/JsonRPC.js.uncompressed.js':[
10,
],
'project:dojo-1.8.1/dojox/rpc/JsonRest.js.uncompressed.js':[
103,
178,
],
'project:dojo-1.8.1/dojox/rpc/OfflineRest.js.uncompressed.js':[
137,
],
'project:dojo-1.8.1/dojox/rpc/Service.js.uncompressed.js':[
80,
],
'project:dojo-1.8.1/dojox/secure/DOM.js.uncompressed.js':[
156,
],
'project:dojo-1.8.1/dojox/secure/fromJson.js.uncompressed.js':[
229,
],
'project:dojo-1.8.1/dojox/sketch/Anchor.js.uncompressed.js':[
17,
],
'project:dojo-1.8.1/dojox/sketch/Annotation.js.uncompressed.js':[
243,
],
'project:dojo-1.8.1/dojox/sketch/Figure.js.uncompressed.js':[
315,
],
'project:dojo-1.8.1/dojox/string/Builder.js.uncompressed.js':[
59,
],
'project:dojo-1.8.1/dojox/string/sprintf.js.uncompressed.js':[
132,
143,
206,
221,
],
'project:dojo-1.8.1/dojox/widget/Iterator.js.uncompressed.js':[
67,
],
'project:dojo-1.8.1/dojox/widget/MultiSelectCalendar.js.uncompressed.js':[
306,
],
'project:dojo-1.8.1/dojox/widget/PlaceholderMenuItem.js.uncompressed.js':[
40,
],
'project:dojo-1.8.1/dojox/widget/SortList.js.uncompressed.js':[
103,
],
'project:dojo-1.8.1/dojox/widget/rotator/Pan.js.uncompressed.js':[
117,
128,
132,
141,
],
'project:dojo-1.8.1/dojox/widget/rotator/PanFade.js.uncompressed.js':[
121,
132,
136,
145,
],
'project:dojo-1.8.1/dojox/xmpp/PresenceService.js.uncompressed.js':[
194,
],
'project:dojo-1.8.1/dojox/xmpp/TransportSession.js.uncompressed.js':[
80,
99,
139,
228,
244,
394,
],
'project:dojo-1.8.1/dojox/xmpp/xmppSession.js.uncompressed.js':[
593,
],
'project:ecmascript6/di.js/chrome-extension/visualize/lib/angular.js':[
2067,
5605,
5606,
6555,
7909,
8409,
8539,
10418,
10418,
10418,
10418,
10419,
11147,
11747,
11798,
16711,
18290,
18499,
19225,
],
'project:ecmascript6/di.js/chrome-extension/visualize/lib/d3.v3.js':[
17,
44,
45,
47,
48,
55,
56,
58,
59,
66,
67,
72,
73,
83,
85,
95,
95,
97,
97,
140,
147,
152,
157,
158,
190,
192,
195,
196,
213,
213,
292,
293,
316,
387,
408,
430,
459,
510,
513,
532,
533,
612,
615,
635,
639,
753,
764,
773,
784,
790,
815,
819,
859,
860,
871,
931,
935,
956,
961,
967,
969,
1067,
1977,
1994,
1997,
1997,
2009,
2287,
2300,
2307,
2314,
2318,
2324,
2330,
2687,
2781,
2841,
3579,
4254,
4288,
4298,
4309,
4315,
4473,
4482,
4490,
4562,
4955,
5061,
5068,
5225,
5479,
5499,
5543,
5545,
5566,
5568,
5587,
5589,
5699,
5708,
5715,
5829,
5869,
5900,
5919,
5988,
5998,
6197,
6220,
6227,
6267,
6281,
6307,
6398,
6420,
6432,
6589,
6670,
6721,
6734,
6747,
6917,
7061,
7157,
7242,
7410,
7478,
7484,
7489,
7531,
7543,
7558,
7565,
7577,
7584,
7598,
7619,
7627,
7643,
7660,
7680,
7927,
7929,
7944,
7945,
7950,
8127,
8179,
8187,
8809,
8812,
8812,
8851,
8853,
8854,
8856,
8867,
9216,
],
'project:ecmascript6/di.js/example/angular-loader/traceur.js':[
28,
172,
209,
441,
766,
923,
960,
973,
6723,
8798,
8799,
9013,
9058,
9357,
11733,
11780,
11783,
11938,
12071,
14930,
16653,
16656,
16668,
16669,
16673,
16676,
16679,
16682,
16685,
16688,
16691,
16694,
16697,
16700,
16841,
17838,
18344,
],
'project:ecmascript6/di.js/src/profiler.js':[
20,
],
'project:ecmascript6/di.js/visualize/lib/angular.js':[
2067,
5605,
5606,
6555,
7909,
8409,
8539,
10418,
10418,
10418,
10418,
10419,
11147,
11747,
11798,
16711,
18290,
18499,
19225,
],
'project:ecmascript6/di.js/visualize/lib/d3.v3.js':[
17,
44,
45,
47,
48,
55,
56,
58,
59,
66,
67,
72,
73,
83,
85,
95,
95,
97,
97,
140,
147,
152,
157,
158,
190,
192,
195,
196,
213,
213,
292,
293,
316,
387,
408,
430,
459,
510,
513,
532,
533,
612,
615,
635,
639,
753,
764,
773,
784,
790,
815,
819,
859,
860,
871,
931,
935,
956,
961,
967,
969,
1067,
1977,
1994,
1997,
1997,
2009,
2287,
2300,
2307,
2314,
2318,
2324,
2330,
2687,
2781,
2841,
3579,
4254,
4288,
4298,
4309,
4315,
4473,
4482,
4490,
4562,
4955,
5061,
5068,
5225,
5479,
5499,
5543,
5545,
5566,
5568,
5587,
5589,
5699,
5708,
5715,
5829,
5869,
5900,
5919,
5988,
5998,
6197,
6220,
6227,
6267,
6281,
6307,
6398,
6420,
6432,
6589,
6670,
6721,
6734,
6747,
6917,
7061,
7157,
7242,
7410,
7478,
7484,
7489,
7531,
7543,
7558,
7565,
7577,
7584,
7598,
7619,
7627,
7643,
7660,
7680,
7927,
7929,
7944,
7945,
7950,
8127,
8179,
8187,
8809,
8812,
8812,
8851,
8853,
8854,
8856,
8867,
9216,
],
'project:ecmascript6/ecmascript6-today/7-rest-params/js/rest-spread.js':[
9,
],
'project:ecmascript6/http/gulpfile.js':[
62,
],
'project:ecmascript6/react-router/modules/AsyncUtils.js':[
31,
70,
],
'project:ecmascript6/react-router/modules/PatternUtils.js':[
178,
],
'project:ecmascript6/react-router/modules/__tests__/execSteps.js':[
9,
],
'project:ecmascript6/router/src/activation.js':[
44,
],
'project:ecmascript6/router/src/router.js':[
168,
],
'project:ecmascript6/router/third_party/brick/brick-1.0.1.byob.js':[
74,
174,
923,
974,
1059,
1489,
1502,
],
'project:ecmascript6/router/third_party/route-recognizer.js':[
295,
],
'project:ecmascript6/router/utils/requirejs_module_ce.js':[
38,
],
'project:ecmascript6/sonar-web/src/main/js/components/navigator/filters/choice-filters.js':[
211,
],
'project:ecmascript6/sonar-web/src/main/js/components/source-viewer/source.js':[
31,
35,
],
'project:ecmascript6/watchtower.js/gulpfile.js':[
47,
],
'project:ecmascript6/watchtower.js/test/matchers.js':[
107,
120,
],
'project:ecmascript6/watchtower.js/test/watchgroup.spec.js':[
739,
757,
777,
786,
805,
816,
],
'project:es5-shim-2.0.5.js':[
262,
410,
415,
458,
463,
473,
632,
],
'project:file-for-rules/S2123.js':[
2,
],
'project:frameworks/wordpress/customize-controls.js':[
2398,
],
'project:frameworks/wordpress/nav-menu.js':[
230,
],
'project:google-closure-library/array/array.js':[
245,
834,
844,
],
'project:google-closure-library/base.js':[
885,
],
'project:google-closure-library/crypt/base64.js':[
212,
],
'project:google-closure-library/crypt/crypt.js':[
36,
39,
82,
84,
85,
87,
88,
89,
105,
107,
109,
110,
112,
113,
114,
],
'project:google-closure-library/crypt/md5.js':[
155,
156,
157,
158,
162,
163,
164,
165,
375,
375,
385,
385,
424,
],
'project:google-closure-library/crypt/sha1.js':[
183,
183,
191,
191,
227,
],
'project:google-closure-library/debug/formatter.js':[
181,
],
'project:google-closure-library/debug/logger.js':[
669,
],
'project:google-closure-library/debug/logrecord.js':[
130,
],
'project:google-closure-library/debug/tracer.js':[
141,
],
'project:google-closure-library/demos/xpc/xpcdemo.js':[
302,
],
'project:google-closure-library/dom/classes.js':[
131,
],
'project:google-closure-library/dom/dom.js':[
250,
271,
],
'project:google-closure-library/editor/plugins/removeformatting.js':[
624,
656,
663,
732,
733,
],
'project:google-closure-library/events/events.js':[
1073,
],
'project:google-closure-library/events/listener.js':[
166,
],
'project:google-closure-library/gears/loggerserver.js':[
118,
125,
128,
129,
],
'project:google-closure-library/graphics/affinetransform.js':[
416,
417,
418,
419,
],
'project:google-closure-library/graphics/svggraphics.js':[
733,
],
'project:google-closure-library/iter/iter.js':[
122,
],
'project:google-closure-library/math/rangeset.js':[
89,
390,
],
'project:google-closure-library/messaging/respondingchannel.js':[
136,
],
'project:google-closure-library/net/browserchannel.js':[
915,
1132,
1398,
1439,
],
'project:google-closure-library/net/crossdomainrpc.js':[
377,
744,
],
'project:google-closure-library/net/iframeio.js':[
310,
1108,
],
'project:google-closure-library/net/jsonp.js':[
177,
],
'project:google-closure-library/net/xpc/iframepollingtransport.js':[
279,
831,
],
'project:google-closure-library/net/xpc/xpc.js':[
271,
],
'project:google-closure-library/object/object.js':[
200,
216,
],
'project:google-closure-library/storage/mechanism/html5webstorage.js':[
120,
],
'project:google-closure-library/storage/mechanism/ieuserdata.js':[
202,
],
'project:google-closure-library/string/string.js':[
1171,
],
'project:google-closure-library/structs/map.js':[
257,
276,
431,
],
'project:google-closure-library/structs/queue.js':[
60,
],
'project:google-closure-library/testing/multitestrunner.js':[
740,
],
'project:google-closure-library/testing/pseudorandom.js':[
42,
],
'project:google-closure-library/testing/testcase.js':[
330,
],
'project:google-closure-library/ui/abstractspellchecker.js':[
716,
],
'project:google-closure-library/ui/emoji/emojipaletterenderer.js':[
181,
],
'project:google-closure-library/ui/idgenerator.js':[
46,
],
'project:google-closure-library/ui/paletterenderer.js':[
112,
163,
218,
232,
],
'project:google-closure-library/uri/uri.js':[
863,
],
'project:jquery-1.7.2.js':[
420,
430,
644,
660,
732,
737,
737,
820,
1134,
1328,
1725,
2194,
2198,
2340,
2927,
3006,
3061,
3418,
3741,
3746,
3803,
3881,
3898,
4122,
4401,
4415,
4513,
4762,
5438,
5661,
6414,
7558,
7627,
7978,
8334,
8666,
8958,
],
'project:knockout-2.1.0.debug.js':[
65,
512,
657,
2424,
],
'project:mootools-core-1.4.5-full-nocompat.js':[
87,
353,
407,
535,
1103,
1457,
1611,
1621,
1989,
2008,
2027,
2033,
2090,
2092,
2187,
2194,
2237,
2242,
2297,
2323,
2327,
2331,
2353,
2373,
2381,
2816,
2842,
2872,
2889,
3038,
3448,
3458,
3469,
3577,
3617,
4107,
4691,
5174,
5792,
],
'project:ocanvas-2.2.2.js':[
1711,
3646,
3712,
4664,
4765,
],
'project:open-layers-2.12/OpenLayers/Animation.js':[
74,
],
'project:open-layers-2.12/OpenLayers/Control/Graticule.js':[
270,
276,
286,
292,
],
'project:open-layers-2.12/OpenLayers/Events/buttonclick.js':[
121,
],
'project:open-layers-2.12/OpenLayers/Format/SLD/v1.js':[
634,
],
'project:open-layers-2.12/OpenLayers/Layer/FixedZoomLevels.js':[
174,
],
'project:open-layers-2.12/OpenLayers/Layer/Grid.js':[
1014,
1038,
],
'project:open-layers-2.12/OpenLayers/Protocol/Script.js':[
360,
],
'project:open-layers-2.12/OpenLayers/Tween.js':[
278,
335,
],
'project:open-layers-2.12/OpenLayers/Util.js':[
761,
],
'project:open-layers-2.12/deprecated.js':[
3951,
],
'project:paper-0.22.js':[
406,
1447,
1448,
1449,
1450,
1830,
2458,
2463,
3221,
3222,
3225,
3226,
3238,
3239,
3242,
3243,
3247,
3248,
3251,
3252,
3624,
3626,
4112,
4530,
4532,
5358,
6584,
6755,
7343,
7346,
7387,
7389,
7633,
7633,
7633,
7633,
7633,
7633,
7633,
7633,
7633,
],
'project:processing-1.3.6.js':[
294,
308,
346,
1022,
1082,
1085,
1193,
2222,
3963,
4029,
4037,
4739,
4755,
4789,
4816,
5017,
5020,
5075,
6473,
6744,
6744,
6745,
6745,
6746,
6746,
6747,
6747,
6814,
6959,
6960,
6961,
6962,
6967,
6968,
6969,
6970,
7162,
7202,
8498,
8861,
9712,
9713,
9730,
9790,
],
'project:prototype-1.7.js':[
370,
574,
825,
1070,
2010,
2250,
2819,
3115,
3156,
3172,
3941,
4111,
4305,
4315,
4387,
4558,
5684,
6071,
],
'project:qunit-1.8.0.js':[
37,
60,
1035,
1490,
1645,
],
'project:scriptaculous-1.9.0/effects.js':[
18,
989,
],
'project:sizzle-1.8.2.js':[
311,
712,
742,
882,
889,
1003,
1080,
1133,
1213,
1224,
1275,
1329,
1357,
1406,
1587,
],
'project:underscore-1.3.3.js':[
444,
463,
607,
724,
739,
759,
910,
],
'project:yui-3.7.3/anim-easing/anim-easing.js':[
87,
],
'project:yui-3.7.3/calendar-base/calendar-base.js':[
264,
806,
864,
876,
993,
],
'project:yui-3.7.3/charts-base/charts-base.js':[
6114,
6199,
6382,
6444,
6512,
6530,
],
'project:yui-3.7.3/dataschema-json/dataschema-json.js':[
62,
64,
],
'project:yui-3.7.3/datasource-local/datasource-local.js':[
381,
],
'project:yui-3.7.3/datatable-core/datatable-core.js':[
748,
],
'project:yui-3.7.3/dom-attrs/dom-attrs.js':[
158,
],
'project:yui-3.7.3/dom-base/dom-base.js':[
162,
359,
479,
],
'project:yui-3.7.3/dom-core/dom-core.js':[
243,
367,
],
'project:yui-3.7.3/dom-create/dom-create.js':[
158,
],
'project:yui-3.7.3/event-synthetic/event-synthetic.js':[
196,
],
'project:yui-3.7.3/gesture-simulate/gesture-simulate.js':[
349,
351,
415,
417,
472,
474,
816,
844,
],
'project:yui-3.7.3/get/get.js':[
1202,
],
'project:yui-3.7.3/handlebars-compiler/handlebars-compiler.js':[
758,
972,
],
'project:yui-3.7.3/io-base/io-base.js':[
41,
116,
],
'project:yui-3.7.3/io-form/io-form.js':[
62,
70,
78,
92,
],
'project:yui-3.7.3/io-queue/io-queue.js':[
70,
],
'project:yui-3.7.3/json-stringify/json-stringify.js':[
102,
226,
],
'project:yui-3.7.3/jsonp-url/jsonp-url.js':[
72,
77,
],
'project:yui-3.7.3/node-core/node-core.js':[
1356,
],
'project:yui-3.7.3/selector-css2/selector-css2.js':[
132,
142,
343,
],
'project:yui-3.7.3/selector-native/selector-native.js':[
106,
113,
148,
263,
311,
315,
],
'project:yui-3.7.3/simpleyui/simpleyui.js':[
432,
880,
1264,
3335,
5037,
6718,
6842,
7026,
7223,
7343,
8902,
8909,
8944,
9059,
9107,
9111,
13333,
17315,
17390,
19111,
19151,
19342,
19352,
19553,
],
'project:yui-3.7.3/test/test.js':[
575,
],
'project:yui-3.7.3/transition/transition.js':[
607,
647,
],
'project:yui-3.7.3/yui-base/yui-base.js':[
432,
880,
1264,
3335,
5037,
],
'project:yui-3.7.3/yui-core/yui-core.js':[
432,
880,
1264,
3335,
],
'project:yui-3.7.3/yui-nodejs/yui-nodejs.js':[
432,
880,
1264,
3335,
],
'project:yui-3.7.3/yui/yui.js':[
432,
880,
1264,
3335,
5037,
],
}
