{
'project:dojo-1.8.1/dojo/_base/kernel.js.uncompressed.js':[
153,
],
'project:dojo-1.8.1/dojo/dojo.js.uncompressed.js':[
1889,
3969,
15371,
],
'project:dojo-1.8.1/dojo/jaxer.js.uncompressed.js':[
14,
],
'project:dojo-1.8.1/dojo/on.js.uncompressed.js':[
410,
],
'project:dojo-1.8.1/dojox/analytics/plugins/consoleMessages.js.uncompressed.js':[
12,
],
'project:dojo-1.8.1/dojox/analytics/profiles/analytics.profile.js.uncompressed.js':[
1,
],
'project:dojo-1.8.1/dojox/analytics/profiles/analyticsInBase.profile.js.uncompressed.js':[
1,
],
'project:dojo-1.8.1/dojox/app/main.js.uncompressed.js':[
288,
],
'project:dojo-1.8.1/dojox/app/widgets/Container.js.uncompressed.js':[
118,
],
'project:dojo-1.8.1/dojox/app/widgets/scrollable.js.uncompressed.js':[
221,
],
'project:dojo-1.8.1/dojox/calendar/MatrixView.js.uncompressed.js':[
1621,
],
'project:dojo-1.8.1/dojox/calendar/Mouse.js.uncompressed.js':[
312,
],
'project:dojo-1.8.1/dojox/calendar/ViewBase.js.uncompressed.js':[
163,
1682,
],
'project:dojo-1.8.1/dojox/charting/plot2d/commonStacked.js.uncompressed.js':[
51,
],
'project:dojo-1.8.1/dojox/charting/widget/Chart.js.uncompressed.js':[
183,
],
'project:dojo-1.8.1/dojox/charting/widget/Chart2D.js.uncompressed.js':[
4970,
15627,
],
'project:dojo-1.8.1/dojox/data/JsonRestStore.js.uncompressed.js':[
268,
],
'project:dojo-1.8.1/dojox/data/util/JsonQuery.js.uncompressed.js':[
53,
],
'project:dojo-1.8.1/dojox/drawing/tools/custom/Axes.js.uncompressed.js':[
365,
366,
367,
],
'project:dojo-1.8.1/dojox/dtl.js.uncompressed.js':[
527,
],
'project:dojo-1.8.1/dojox/dtl/_base.js.uncompressed.js':[
525,
],
'project:dojo-1.8.1/dojox/editor/plugins/TablePlugins.js.uncompressed.js':[
394,
],
'project:dojo-1.8.1/dojox/form/RangeSlider.js.uncompressed.js':[
348,
],
'project:dojo-1.8.1/dojox/geo/charting/Map.js.uncompressed.js':[
289,
290,
291,
],
'project:dojo-1.8.1/dojox/geo/charting/MouseInteractionSupport.js.uncompressed.js':[
104,
105,
],
'project:dojo-1.8.1/dojox/geo/charting/_Marker.js.uncompressed.js':[
18,
],
'project:dojo-1.8.1/dojox/geo/openlayers/GeometryFeature.js.uncompressed.js':[
71,
],
'project:dojo-1.8.1/dojox/geo/openlayers/GreatCircle.js.uncompressed.js':[
54,
],
'project:dojo-1.8.1/dojox/gfx/canvasWithEvents.js.uncompressed.js':[
588,
],
'project:dojo-1.8.1/dojox/gfx/silverlight.js.uncompressed.js':[
749,
],
'project:dojo-1.8.1/dojox/gfx/vml_attach.js.uncompressed.js':[
102,
114,
114,
],
'project:dojo-1.8.1/dojox/grid/DataGrid.js.uncompressed.js':[
8470,
12447,
],
'project:dojo-1.8.1/dojox/grid/TreeGrid.js.uncompressed.js':[
680,
681,
],
'project:dojo-1.8.1/dojox/grid/_Builder.js.uncompressed.js':[
367,
],
'project:dojo-1.8.1/dojox/grid/_FocusManager.js.uncompressed.js':[
389,
],
'project:dojo-1.8.1/dojox/grid/enhanced/plugins/GridSource.js.uncompressed.js':[
32,
],
'project:dojo-1.8.1/dojox/html/ellipsis.js.uncompressed.js':[
158,
],
'project:dojo-1.8.1/dojox/jq.js.uncompressed.js':[
1082,
],
'project:dojo-1.8.1/dojox/lang/async.js.uncompressed.js':[
88,
],
'project:dojo-1.8.1/dojox/lang/docs.js.uncompressed.js':[
205,
],
'project:dojo-1.8.1/dojox/lang/typed.js.uncompressed.js':[
149,
],
'project:dojo-1.8.1/dojox/layout/dnd/PlottedDnd.js.uncompressed.js':[
523,
],
'project:dojo-1.8.1/dojox/mobile/Carousel.js.uncompressed.js':[
271,
],
'project:dojo-1.8.1/dojox/mobile/SpinWheelSlot.js.uncompressed.js':[
94,
107,
],
'project:dojo-1.8.1/dojox/mobile/ValuePickerSlot.js.uncompressed.js':[
82,
],
'project:dojo-1.8.1/dojox/mobile/_EditableIconMixin.js.uncompressed.js':[
299,
],
'project:dojo-1.8.1/dojox/mobile/dh/HtmlContentHandler.js.uncompressed.js':[
45,
45,
],
'project:dojo-1.8.1/dojox/mobile/migrationAssist.js.uncompressed.js':[
316,
],
'project:dojo-1.8.1/dojox/mobile/pageTurningUtils.js.uncompressed.js':[
128,
],
'project:dojo-1.8.1/dojox/mvc/parserExtension.js.uncompressed.js':[
61,
],
'project:dojo-1.8.1/dojox/secure/DOM.js.uncompressed.js':[
82,
],
'project:dojo-1.8.1/dojox/storage/CookieStorageProvider.js.uncompressed.js':[
41,
],
'project:dojo-1.8.1/dojox/string/BidiEngine.js.uncompressed.js':[
468,
906,
],
'project:dojo-1.8.1/dojox/treemap/_utils.js.uncompressed.js':[
100,
],
'project:dojo-1.8.1/dojox/validate/br.js.uncompressed.js':[
243,
244,
245,
],
'project:dojo-1.8.1/dojox/widget/MultiSelectCalendar.js.uncompressed.js':[
83,
93,
149,
174,
502,
690,
794,
909,
918,
],
'project:ecmascript6/di.js/chrome-extension/visualize/lib/d3.v3.js':[
1,
],
'project:ecmascript6/di.js/visualize/lib/d3.v3.js':[
1,
],
'project:ecmascript6/ecmascript6-today/8-iterators.js':[
7,
],
'project:ecmascript6/http/lib/gulp/karma/index.js':[
5,
],
'project:ecmascript6/http/src/Utils.js':[
9,
],
'project:ecmascript6/http/test/mocks/Xhr.js':[
81,
],
'project:ecmascript6/router/third_party/brick/brick-1.0.1.byob.js':[
1362,
2912,
],
'project:ecmascript6/router/utils/requirejs_module_ce.js':[
52,
],
'project:ecmascript6/watchtower.js/lib/gulp/karma/index.js':[
5,
],
'project:es5-shim-2.0.5.js':[
712,
],
'project:file-for-rules/S2251.js':[
1,
],
'project:file-for-rules/S2508.js':[
3,
],
'project:file-for-rules/S2550.js':[
3,
],
'project:frameworks/wordpress/dashboard.js':[
120,
],
'project:frameworks/wordpress/post.js':[
43,
43,
],
'project:google-closure-library/dom/dom_test.js':[
1338,
],
'project:google-closure-library/testing/asynctestcase.js':[
557,
566,
],
'project:jstorage-0.3.0.js':[
302,
754,
],
'project:mootools-core-1.4.5-full-nocompat.js':[
2034,
2286,
],
'project:ocanvas-2.2.2.js':[
5808,
5809,
],
'project:open-layers-2.12/deprecated.js':[
3393,
],
'project:paper-0.22.js':[
3003,
3446,
3768,
3872,
5100,
5101,
5102,
],
'project:scriptaculous-1.9.0/builder.js':[
65,
90,
],
'project:scriptaculous-1.9.0/dragdrop.js':[
46,
48,
307,
],
'project:scriptaculous-1.9.0/effects.js':[
302,
],
'project:scriptaculous-1.9.0/sound.js':[
10,
],
'project:scriptaculous-1.9.0/unittest.js':[
549,
],
'project:underscore-1.3.3.js':[
57,
],
'project:yui-3.7.3/editor-bidi/editor-bidi.js':[
181,
],
'project:yui-3.7.3/exec-command/exec-command.js':[
536,
],
'project:yui-3.7.3/get-nodejs/get-nodejs.js':[
75,
],
'project:yui-3.7.3/get-nodejs/get.js':[
75,
],
'project:yui-3.7.3/test/test.js':[
27,
],
}
