{
'project:angular-1.0.3.js':[
1625,
5792,
],
'project:dojo-1.8.1/dijit/_TemplatedMixin.js.uncompressed.js':[
275,
282,
],
'project:dojo-1.8.1/dijit/_WidgetBase.js.uncompressed.js':[
812,
],
'project:dojo-1.8.1/dijit/_editor/RichText.js.uncompressed.js':[
1174,
2307,
],
'project:dojo-1.8.1/dijit/_editor/_Plugin.js.uncompressed.js':[
284,
],
'project:dojo-1.8.1/dijit/dijit-all.js.uncompressed.js':[
6146,
10858,
12781,
13914,
16885,
21439,
21760,
26284,
27104,
],
'project:dojo-1.8.1/dijit/dijit.js.uncompressed.js':[
319,
1949,
2660,
4862,
5479,
5486,
],
'project:dojo-1.8.1/dijit/form/CheckBox.js.uncompressed.js':[
82,
],
'project:dojo-1.8.1/dijit/form/DropDownButton.js.uncompressed.js':[
77,
],
'project:dojo-1.8.1/dijit/form/Select.js.uncompressed.js':[
304,
],
'project:dojo-1.8.1/dijit/form/_AutoCompleterMixin.js.uncompressed.js':[
72,
],
'project:dojo-1.8.1/dijit/form/_FormSelectWidget.js.uncompressed.js':[
192,
],
'project:dojo-1.8.1/dijit/layout/_TabContainerBase.js.uncompressed.js':[
96,
],
'project:dojo-1.8.1/dijit/popup.js.uncompressed.js':[
317,
],
'project:dojo-1.8.1/dojo/Stateful.js.uncompressed.js':[
38,
],
'project:dojo-1.8.1/dojo/_base/connect.js.uncompressed.js':[
84,
],
'project:dojo-1.8.1/dojo/_base/lang.js.uncompressed.js':[
245,
372,
],
'project:dojo-1.8.1/dojo/_firebug/firebug.js.uncompressed.js':[
651,
677,
1089,
],
'project:dojo-1.8.1/dojo/back.js.uncompressed.js':[
26,
27,
],
'project:dojo-1.8.1/dojo/data/ItemFileReadStore.js.uncompressed.js':[
177,
],
'project:dojo-1.8.1/dojo/dojo.js.uncompressed.js':[
8559,
8583,
8591,
8614,
8633,
8715,
8761,
8775,
8821,
8830,
8834,
8858,
8910,
9381,
9388,
12332,
12459,
16323,
17420,
],
'project:dojo-1.8.1/dojo/dom-class.js.uncompressed.js':[
122,
],
'project:dojo-1.8.1/dojo/fx/easing.js.uncompressed.js':[
241,
],
'project:dojo-1.8.1/dojo/selector/acme.js.uncompressed.js':[
420,
444,
452,
475,
494,
576,
622,
636,
682,
691,
695,
719,
771,
1242,
1249,
],
'project:dojo-1.8.1/dojo/window.js.uncompressed.js':[
96,
],
'project:dojo-1.8.1/dojox/analytics/plugins/dojo.js.uncompressed.js':[
5,
],
'project:dojo-1.8.1/dojox/analytics/plugins/gestureEvents.js.uncompressed.js':[
7,
],
'project:dojo-1.8.1/dojox/analytics/plugins/idle.js.uncompressed.js':[
6,
],
'project:dojo-1.8.1/dojox/analytics/plugins/mouseClick.js.uncompressed.js':[
5,
],
'project:dojo-1.8.1/dojox/analytics/plugins/mouseOver.js.uncompressed.js':[
4,
],
'project:dojo-1.8.1/dojox/analytics/plugins/touchMove.js.uncompressed.js':[
5,
],
'project:dojo-1.8.1/dojox/analytics/plugins/touchPress.js.uncompressed.js':[
5,
],
'project:dojo-1.8.1/dojox/analytics/plugins/window.js.uncompressed.js':[
5,
],
'project:dojo-1.8.1/dojox/app/utils/mvcModel.js.uncompressed.js':[
29,
],
'project:dojo-1.8.1/dojox/app/widgets/scrollable.js.uncompressed.js':[
289,
],
'project:dojo-1.8.1/dojox/atom/io/Connection.js.uncompressed.js':[
113,
123,
382,
],
'project:dojo-1.8.1/dojox/atom/io/model.js.uncompressed.js':[
221,
1053,
1069,
],
'project:dojo-1.8.1/dojox/calendar/time.js.uncompressed.js':[
23,
],
'project:dojo-1.8.1/dojox/charting/widget/Chart2D.js.uncompressed.js':[
2018,
2018,
5569,
7108,
14250,
14475,
16237,
16244,
16451,
20144,
],
'project:dojo-1.8.1/dojox/collections/Dictionary.js.uncompressed.js':[
38,
],
'project:dojo-1.8.1/dojox/collections/SortedList.js.uncompressed.js':[
53,
],
'project:dojo-1.8.1/dojox/collections/_base.js.uncompressed.js':[
31,
75,
],
'project:dojo-1.8.1/dojox/color/Colorspace.js.uncompressed.js':[
501,
504,
],
'project:dojo-1.8.1/dojox/color/SimpleColorModel.js.uncompressed.js':[
41,
],
'project:dojo-1.8.1/dojox/data/AppStore.js.uncompressed.js':[
253,
816,
],
'project:dojo-1.8.1/dojox/data/AtomReadStore.js.uncompressed.js':[
121,
160,
307,
],
'project:dojo-1.8.1/dojox/data/CdfStore.js.uncompressed.js':[
96,
],
'project:dojo-1.8.1/dojox/data/CsvStore.js.uncompressed.js':[
146,
175,
218,
],
'project:dojo-1.8.1/dojox/data/FileStore.js.uncompressed.js':[
146,
],
'project:dojo-1.8.1/dojox/data/FlickrRestStore.js.uncompressed.js':[
479,
],
'project:dojo-1.8.1/dojox/data/GoogleSearchStore.js.uncompressed.js':[
270,
],
'project:dojo-1.8.1/dojox/data/HtmlStore.js.uncompressed.js':[
284,
],
'project:dojo-1.8.1/dojox/data/HtmlTableStore.js.uncompressed.js':[
196,
384,
],
'project:dojo-1.8.1/dojox/data/KeyValueStore.js.uncompressed.js':[
99,
114,
152,
],
'project:dojo-1.8.1/dojox/data/OpmlStore.js.uncompressed.js':[
163,
208,
246,
265,
],
'project:dojo-1.8.1/dojox/data/PersevereStore.js.uncompressed.js':[
98,
],
'project:dojo-1.8.1/dojox/data/XmlStore.js.uncompressed.js':[
289,
984,
988,
],
'project:dojo-1.8.1/dojox/date/buddhist/locale.js.uncompressed.js':[
160,
],
'project:dojo-1.8.1/dojox/date/islamic/locale.js.uncompressed.js':[
160,
],
'project:dojo-1.8.1/dojox/date/timezone.js.uncompressed.js':[
478,
],
'project:dojo-1.8.1/dojox/drawing/defaults.js.uncompressed.js':[
256,
270,
],
'project:dojo-1.8.1/dojox/drawing/manager/Stencil.js.uncompressed.js':[
354,
],
'project:dojo-1.8.1/dojox/drawing/stencil/_Base.js.uncompressed.js':[
514,
1109,
],
'project:dojo-1.8.1/dojox/drawing/tools/TextBlock.js.uncompressed.js':[
185,
],
'project:dojo-1.8.1/dojox/drawing/ui/Button.js.uncompressed.js':[
104,
],
'project:dojo-1.8.1/dojox/drawing/util/common.js.uncompressed.js':[
134,
],
'project:dojo-1.8.1/dojox/dtl.js.uncompressed.js':[
1460,
],
'project:dojo-1.8.1/dojox/dtl/_DomTemplated.js.uncompressed.js':[
89,
],
'project:dojo-1.8.1/dojox/dtl/filter/integers.js.uncompressed.js':[
31,
],
'project:dojo-1.8.1/dojox/dtl/tag/misc.js.uncompressed.js':[
115,
],
'project:dojo-1.8.1/dojox/form/FilePickerTextBox.js.uncompressed.js':[
233,
],
'project:dojo-1.8.1/dojox/form/FileUploader.js.uncompressed.js':[
772,
],
'project:dojo-1.8.1/dojox/form/ListInput.js.uncompressed.js':[
914,
],
'project:dojo-1.8.1/dojox/form/PasswordValidator.js.uncompressed.js':[
174,
],
'project:dojo-1.8.1/dojox/form/uploader/plugins/HTML5.js.uncompressed.js':[
175,
],
'project:dojo-1.8.1/dojox/fx/ext-dojo/complex.js.uncompressed.js':[
86,
],
'project:dojo-1.8.1/dojox/fx/split.js.uncompressed.js':[
220,
364,
],
'project:dojo-1.8.1/dojox/fx/text.js.uncompressed.js':[
33,
142,
145,
212,
402,
],
'project:dojo-1.8.1/dojox/gantt/GanttChart.js.uncompressed.js':[
826,
],
'project:dojo-1.8.1/dojox/gauges/AnalogGauge.js.uncompressed.js':[
189,
],
'project:dojo-1.8.1/dojox/geo/openlayers/WidgetFeature.js.uncompressed.js':[
76,
90,
],
'project:dojo-1.8.1/dojox/gfx/VectorText.js.uncompressed.js':[
309,
],
'project:dojo-1.8.1/dojox/gfx/canvas.js.uncompressed.js':[
190,
],
'project:dojo-1.8.1/dojox/gfx/matrix.js.uncompressed.js':[
250,
250,
],
'project:dojo-1.8.1/dojox/gfx/shape.js.uncompressed.js':[
283,
508,
],
'project:dojo-1.8.1/dojox/gfx/silverlight.js.uncompressed.js':[
75,
579,
],
'project:dojo-1.8.1/dojox/gfx/svg.js.uncompressed.js':[
141,
602,
],
'project:dojo-1.8.1/dojox/gfx/vml.js.uncompressed.js':[
1254,
1258,
],
'project:dojo-1.8.1/dojox/gfx3d/matrix.js.uncompressed.js':[
280,
280,
],
'project:dojo-1.8.1/dojox/gfx3d/object.js.uncompressed.js':[
432,
434,
456,
],
'project:dojo-1.8.1/dojox/grid/DataGrid.js.uncompressed.js':[
694,
2281,
3413,
5180,
6453,
7420,
7885,
7892,
8284,
8895,
9197,
9259,
9320,
9601,
9614,
11082,
12140,
12313,
13591,
13908,
13926,
13930,
13978,
],
'project:dojo-1.8.1/dojox/grid/TreeGrid.js.uncompressed.js':[
200,
211,
805,
],
'project:dojo-1.8.1/dojox/grid/_Builder.js.uncompressed.js':[
181,
],
'project:dojo-1.8.1/dojox/grid/_FocusManager.js.uncompressed.js':[
82,
255,
],
'project:dojo-1.8.1/dojox/grid/_Grid.js.uncompressed.js':[
803,
],
'project:dojo-1.8.1/dojox/grid/_Layout.js.uncompressed.js':[
230,
243,
],
'project:dojo-1.8.1/dojox/grid/_RowManager.js.uncompressed.js':[
60,
],
'project:dojo-1.8.1/dojox/grid/_Scroller.js.uncompressed.js':[
32,
334,
396,
457,
],
'project:dojo-1.8.1/dojox/grid/_View.js.uncompressed.js':[
197,
],
'project:dojo-1.8.1/dojox/grid/enhanced/plugins/CellMerge.js.uncompressed.js':[
251,
],
'project:dojo-1.8.1/dojox/grid/enhanced/plugins/Cookie.js.uncompressed.js':[
91,
94,
],
'project:dojo-1.8.1/dojox/grid/util.js.uncompressed.js':[
57,
],
'project:dojo-1.8.1/dojox/help/_base.js.uncompressed.js':[
71,
172,
],
'project:dojo-1.8.1/dojox/highlight/widget/Code.js.uncompressed.js':[
98,
],
'project:dojo-1.8.1/dojox/image/SlideShow.js.uncompressed.js':[
668,
673,
],
'project:dojo-1.8.1/dojox/image/ThumbnailPicker.js.uncompressed.js':[
279,
],
'project:dojo-1.8.1/dojox/jq.js.uncompressed.js':[
682,
1932,
],
'project:dojo-1.8.1/dojox/layout/GridContainerLite.js.uncompressed.js':[
457,
],
'project:dojo-1.8.1/dojox/layout/dnd/PlottedDnd.js.uncompressed.js':[
92,
468,
],
'project:dojo-1.8.1/dojox/math/BigInteger-ext.js.uncompressed.js':[
137,
235,
236,
],
'project:dojo-1.8.1/dojox/math/stats.js.uncompressed.js':[
33,
],
'project:dojo-1.8.1/dojox/mobile.js.uncompressed.js':[
768,
1650,
1979,
2037,
2077,
2311,
2313,
4505,
4925,
5431,
],
'project:dojo-1.8.1/dojox/mobile/Carousel.js.uncompressed.js':[
389,
],
'project:dojo-1.8.1/dojox/mobile/CheckBox.js.uncompressed.js':[
35,
],
'project:dojo-1.8.1/dojox/mobile/ListItem.js.uncompressed.js':[
165,
],
'project:dojo-1.8.1/dojox/mobile/PageIndicator.js.uncompressed.js':[
87,
],
'project:dojo-1.8.1/dojox/mobile/ScrollablePane.js.uncompressed.js':[
82,
],
'project:dojo-1.8.1/dojox/mobile/ScrollableView.js.uncompressed.js':[
76,
],
'project:dojo-1.8.1/dojox/mobile/SpinWheelSlot.js.uncompressed.js':[
243,
250,
],
'project:dojo-1.8.1/dojox/mobile/SwapView.js.uncompressed.js':[
119,
],
'project:dojo-1.8.1/dojox/mobile/View.js.uncompressed.js':[
219,
277,
317,
551,
553,
],
'project:dojo-1.8.1/dojox/mobile/_ItemBase.js.uncompressed.js':[
401,
],
'project:dojo-1.8.1/dojox/mobile/app.js.uncompressed.js':[
1220,
2048,
2348,
3915,
4783,
7069,
7127,
7167,
7401,
7403,
7985,
9621,
11983,
12400,
13269,
],
'project:dojo-1.8.1/dojox/mobile/app/SceneController.js.uncompressed.js':[
70,
],
'project:dojo-1.8.1/dojox/mobile/common.js.uncompressed.js':[
76,
],
'project:dojo-1.8.1/dojox/mobile/parser.js.uncompressed.js':[
27,
],
'project:dojo-1.8.1/dojox/mobile/scrollable.js.uncompressed.js':[
355,
],
'project:dojo-1.8.1/dojox/mvc/Output.js.uncompressed.js':[
93,
],
'project:dojo-1.8.1/dojox/mvc/_TextBoxExtensions.js.uncompressed.js':[
12,
19,
],
'project:dojo-1.8.1/dojox/mvc/_base.js.uncompressed.js':[
53,
],
'project:dojo-1.8.1/dojox/sketch/Annotation.js.uncompressed.js':[
154,
],
'project:dojo-1.8.1/dojox/storage/CookieStorageProvider.js.uncompressed.js':[
95,
],
'project:dojo-1.8.1/dojox/storage/FlashStorageProvider.js.uncompressed.js':[
79,
],
'project:dojo-1.8.1/dojox/timing/Streamer.js.uncompressed.js':[
43,
50,
71,
71,
],
'project:dojo-1.8.1/dojox/timing/ThreadPool.js.uncompressed.js':[
65,
],
'project:dojo-1.8.1/dojox/treemap/_utils.js.uncompressed.js':[
26,
],
'project:dojo-1.8.1/dojox/uuid/Uuid.js.uncompressed.js':[
94,
],
'project:dojo-1.8.1/dojox/validate/check.js.uncompressed.js':[
90,
91,
99,
110,
],
'project:dojo-1.8.1/dojox/validate/creditCard.js.uncompressed.js':[
60,
],
'project:dojo-1.8.1/dojox/widget/FilePicker.js.uncompressed.js':[
103,
],
'project:dojo-1.8.1/dojox/widget/FisheyeList.js.uncompressed.js':[
264,
],
'project:dojo-1.8.1/dojox/widget/MultiSelectCalendar.js.uncompressed.js':[
476,
],
'project:dojo-1.8.1/dojox/widget/RollingList.js.uncompressed.js':[
254,
522,
687,
],
'project:dojo-1.8.1/dojox/widget/_CalendarDayView.js.uncompressed.js':[
70,
],
'project:dojo-1.8.1/dojox/wire/XmlWire.js.uncompressed.js':[
239,
],
'project:dojo-1.8.1/dojox/wire/_base.js.uncompressed.js':[
104,
],
'project:dojo-1.8.1/dojox/wire/ml/RestHandler.js.uncompressed.js':[
128,
],
'project:dojo-1.8.1/dojox/wire/ml/util.js.uncompressed.js':[
291,
],
'project:dojo-1.8.1/dojox/xml/DomParser.js.uncompressed.js':[
63,
],
'project:ecmascript6/Ghost/core/client/app/validators/user.js':[
7,
],
'project:ecmascript6/Ghost/core/server/data/validation/index.js':[
28,
],
'project:ecmascript6/Ghost/core/server/helpers/navigation.js':[
26,
33,
],
'project:ecmascript6/Ghost/core/server/middleware/spam-prevention.js':[
40,
71,
86,
140,
161,
],
'project:ecmascript6/di.js/chrome-extension/visualize/lib/angular.js':[
2254,
9596,
9601,
9606,
9612,
9709,
13659,
13944,
14022,
],
'project:ecmascript6/di.js/example/angular-loader/traceur.js':[
418,
11758,
16841,
17426,
],
'project:ecmascript6/di.js/visualize/lib/angular.js':[
2254,
9596,
9601,
9606,
9612,
9709,
13659,
13944,
14022,
],
'project:ecmascript6/react-router/npm-scripts/postinstall.js':[
24,
],
'project:ecmascript6/reddit-mobile/version.js':[
5,
],
'project:ecmascript6/snoode/src/endpoints/v1.es6.js':[
448,
466,
516,
534,
1309,
],
'project:ecmascript6/snoode/src/models/vote.es6.js':[
12,
],
'project:ecmascript6/watchtower.js/src/linked_list.js':[
167,
],
'project:frameworks/wordpress/common.js':[
424,
],
'project:frameworks/wordpress/customize-controls.js':[
123,
558,
1175,
1871,
],
'project:frameworks/wordpress/edit-comments.js':[
474,
],
'project:frameworks/wordpress/editor.js':[
50,
293,
310,
],
'project:frameworks/wordpress/inline-edit-post.js':[
123,
249,
],
'project:frameworks/wordpress/inline-edit-tax.js':[
52,
80,
],
'project:frameworks/wordpress/post.js':[
792,
],
'project:frameworks/wordpress/tags-box.js':[
116,
130,
],
'project:google-closure-library/asserts/asserts.js':[
165,
183,
202,
220,
238,
257,
280,
],
'project:google-closure-library/base.js':[
994,
],
'project:google-closure-library/color/color.js':[
245,
249,
],
'project:google-closure-library/crypt/base64.js':[
101,
],
'project:google-closure-library/cssom/cssom.js':[
58,
],
'project:google-closure-library/datasource/expr.js':[
232,
247,
],
'project:google-closure-library/datasource/fastdatanode.js':[
263,
303,
589,
738,
811,
],
'project:google-closure-library/datasource/xmldatasource.js':[
184,
],
'project:google-closure-library/date/date.js':[
796,
822,
855,
872,
1352,
],
'project:google-closure-library/db/transaction.js':[
127,
],
'project:google-closure-library/debug/logger.js':[
765,
],
'project:google-closure-library/debug/tracer.js':[
608,
],
'project:google-closure-library/dom/browserrange/ierange.js':[
363,
],
'project:google-closure-library/dom/browserrange/webkitrange.js':[
81,
],
'project:google-closure-library/dom/controlrange.js':[
179,
],
'project:google-closure-library/dom/dom.js':[
776,
808,
1026,
1034,
1126,
1842,
],
'project:google-closure-library/dom/iframe.js':[
62,
],
'project:google-closure-library/editor/field.js':[
911,
1458,
],
'project:google-closure-library/editor/node.js':[
133,
148,
376,
],
'project:google-closure-library/editor/plugins/basictextformatter.js':[
1657,
1689,
],
'project:google-closure-library/editor/plugins/linkbubble.js':[
278,
],
'project:google-closure-library/editor/plugins/tableeditor.js':[
148,
],
'project:google-closure-library/editor/plugins/tagonenterhandler.js':[
529,
],
'project:google-closure-library/format/emailaddress.js':[
330,
],
'project:google-closure-library/fs/filereader.js':[
135,
],
'project:google-closure-library/fs/filesaver.js':[
140,
],
'project:google-closure-library/fs/fs.js':[
147,
151,
154,
],
'project:google-closure-library/gears/database.js':[
413,
428,
445,
462,
478,
493,
],
'project:google-closure-library/json/json.js':[
89,
105,
],
'project:google-closure-library/math/box.js':[
262,
276,
],
'project:google-closure-library/math/math.js':[
294,
],
'project:google-closure-library/math/rangeset.js':[
337,
],
'project:google-closure-library/math/rect.js':[
196,
],
'project:google-closure-library/messaging/portchannel.js':[
375,
],
'project:google-closure-library/net/iframeio.js':[
1230,
1244,
],
'project:google-closure-library/net/ipaddress.js':[
80,
89,
494,
],
'project:google-closure-library/net/xmlhttp.js':[
223,
],
'project:google-closure-library/net/xpc/crosspagechannel.js':[
440,
],
'project:google-closure-library/net/xpc/nixtransport.js':[
462,
],
'project:google-closure-library/positioning/positioning.js':[
518,
529,
541,
],
'project:google-closure-library/proto2/message.js':[
452,
],
'project:google-closure-library/proto2/package_test.pb.js':[
53,
62,
104,
113,
],
'project:google-closure-library/proto2/test.pb.js':[
55,
64,
106,
115,
157,
166,
208,
217,
259,
268,
310,
319,
361,
370,
412,
421,
463,
472,
514,
523,
565,
574,
616,
625,
667,
676,
718,
727,
769,
778,
820,
829,
871,
880,
922,
931,
973,
982,
1024,
1033,
1076,
1086,
1104,
1138,
1148,
1166,
1200,
1210,
1228,
1262,
1272,
1290,
1324,
1334,
1352,
1386,
1396,
1414,
1448,
1458,
1476,
1510,
1520,
1538,
1572,
1582,
1600,
1634,
1644,
1662,
1696,
1706,
1724,
1758,
1768,
1786,
1820,
1830,
1848,
1882,
1892,
1910,
1944,
1954,
1972,
2006,
2016,
2034,
2068,
2078,
2096,
2130,
2140,
2158,
2192,
2202,
2220,
2254,
2264,
2282,
2346,
2355,
2397,
2406,
2468,
2477,
2540,
2550,
2568,
],
'project:google-closure-library/soy/soy.js':[
94,
],
'project:google-closure-library/structs/map.js':[
130,
],
'project:google-closure-library/style/style.js':[
380,
411,
],
'project:google-closure-library/testing/dom.js':[
402,
],
'project:google-closure-library/testing/editor/dom.js':[
138,
],
'project:google-closure-library/testing/fs/entry.js':[
392,
424,
],
'project:google-closure-library/testing/functionmock.js':[
56,
],
'project:google-closure-library/testing/mockclassfactory.js':[
441,
457,
551,
566,
],
'project:google-closure-library/testing/net/xhriopool.js':[
50,
],
'project:google-closure-library/testing/style/style.js':[
69,
],
'project:google-closure-library/tweak/registry.js':[
196,
210,
224,
],
'project:google-closure-library/tweak/tweakui.js':[
441,
482,
],
'project:google-closure-library/ui/ac/remotearraymatcher.js':[
201,
],
'project:google-closure-library/ui/charpicker.js':[
778,
],
'project:google-closure-library/ui/colormenubutton.js':[
137,
],
'project:google-closure-library/ui/combobox.js':[
369,
],
'project:google-closure-library/ui/component.js':[
1053,
1208,
],
'project:google-closure-library/ui/controlrenderer.js':[
796,
],
'project:google-closure-library/ui/css3buttonrenderer.js':[
77,
],
'project:google-closure-library/ui/dialog.js':[
960,
],
'project:google-closure-library/ui/dimensionpickerrenderer.js':[
92,
237,
],
'project:google-closure-library/ui/drilldownrow.js':[
470,
],
'project:google-closure-library/ui/editor/bubble.js':[
520,
],
'project:google-closure-library/ui/emoji/emojipaletterenderer.js':[
100,
160,
],
'project:google-closure-library/ui/hovercard.js':[
333,
],
'project:google-closure-library/ui/imagelessbuttonrenderer.js':[
91,
],
'project:google-closure-library/ui/media/flashobject.js':[
594,
],
'project:google-closure-library/ui/media/mediamodel.js':[
431,
466,
],
'project:google-closure-library/ui/menu.js':[
242,
],
'project:google-closure-library/ui/menuitemrenderer.js':[
135,
],
'project:google-closure-library/ui/progressbar.js':[
125,
],
'project:google-closure-library/ui/slider.js':[
125,
],
'project:google-closure-library/ui/tree/basenode.js':[
1409,
],
'project:google-closure-library/ui/twothumbslider.js':[
117,
],
'project:google-closure-library/window/window.js':[
188,
],
'project:jquery-1.7.2.js':[
2674,
2764,
2818,
2863,
4775,
8694,
],
'project:jshint-2012.06.15.js':[
884,
],
'project:jstorage-0.3.0.js':[
912,
],
'project:knockout-2.1.0.debug.js':[
958,
2958,
2985,
3016,
3367,
],
'project:mootools-core-1.4.5-full-nocompat.js':[
169,
193,
630,
2223,
2566,
2793,
2844,
3232,
3405,
4017,
5271,
5826,
],
'project:ocanvas-2.2.2.js':[
1320,
1377,
1384,
1395,
1623,
],
'project:open-layers-2.12/OpenLayers.js':[
81,
],
'project:open-layers-2.12/OpenLayers/BaseTypes.js':[
33,
48,
],
'project:open-layers-2.12/OpenLayers/BaseTypes/Bounds.js':[
210,
220,
],
'project:open-layers-2.12/OpenLayers/BaseTypes/Element.js':[
84,
],
'project:open-layers-2.12/OpenLayers/BaseTypes/LonLat.js':[
62,
73,
],
'project:open-layers-2.12/OpenLayers/BaseTypes/Pixel.js':[
52,
],
'project:open-layers-2.12/OpenLayers/BaseTypes/Size.js':[
51,
],
'project:open-layers-2.12/OpenLayers/Control/DragFeature.js':[
212,
],
'project:open-layers-2.12/OpenLayers/Control/ModifyFeature.js':[
307,
],
'project:open-layers-2.12/OpenLayers/Control/OverviewMap.js':[
443,
],
'project:open-layers-2.12/OpenLayers/Events.js':[
138,
153,
],
'project:open-layers-2.12/OpenLayers/Filter/Logical.js':[
92,
],
'project:open-layers-2.12/OpenLayers/Format/ArcXML.js':[
792,
],
'project:open-layers-2.12/OpenLayers/Format/GeoJSON.js':[
81,
],
'project:open-layers-2.12/OpenLayers/Format/WMC.js':[
160,
],
'project:open-layers-2.12/OpenLayers/Geometry/LineString.js':[
573,
],
'project:open-layers-2.12/OpenLayers/Geometry/Point.js':[
154,
],
'project:open-layers-2.12/OpenLayers/Handler.js':[
146,
],
'project:open-layers-2.12/OpenLayers/Handler/Drag.js':[
482,
],
'project:open-layers-2.12/OpenLayers/Layer.js':[
674,
905,
],
'project:open-layers-2.12/OpenLayers/Layer/Google.js':[
545,
],
'project:open-layers-2.12/OpenLayers/Layer/Zoomify.js':[
234,
],
'project:open-layers-2.12/OpenLayers/Map.js':[
2010,
],
'project:open-layers-2.12/OpenLayers/Renderer/Canvas.js':[
183,
],
'project:open-layers-2.12/OpenLayers/Renderer/Elements.js':[
159,
],
'project:open-layers-2.12/OpenLayers/Renderer/SVG.js':[
77,
100,
439,
544,
566,
872,
],
'project:open-layers-2.12/OpenLayers/Renderer/VML.js':[
587,
],
'project:open-layers-2.12/OpenLayers/SingleFile.js':[
41,
],
'project:open-layers-2.12/OpenLayers/Strategy/Cluster.js':[
240,
],
'project:open-layers-2.12/OpenLayers/Util.js':[
74,
657,
],
'project:open-layers-2.12/deprecated.js':[
3923,
4919,
5225,
],
'project:paper-0.22.js':[
254,
7841,
],
'project:prototype-1.7.js':[
793,
2304,
3183,
4568,
5629,
5901,
5914,
],
'project:qunit-1.8.0.js':[
1440,
],
'project:scriptaculous-1.9.0/builder.js':[
113,
],
'project:scriptaculous-1.9.0/controls.js':[
40,
78,
333,
785,
],
'project:scriptaculous-1.9.0/dragdrop.js':[
9,
296,
316,
473,
969,
],
'project:scriptaculous-1.9.0/effects.js':[
25,
32,
39,
352,
370,
404,
478,
918,
],
'project:scriptaculous-1.9.0/scriptaculous.js':[
53,
],
'project:scriptaculous-1.9.0/slider.js':[
107,
108,
158,
167,
170,
177,
],
'project:sizzle-1.8.2.js':[
61,
],
'project:yui-3.7.3/cache-base/cache-base.js':[
323,
],
'project:yui-3.7.3/calendar-base/calendar-base.js':[
345,
712,
1612,
],
'project:yui-3.7.3/charts-base/charts-base.js':[
4963,
4981,
15401,
],
'project:yui-3.7.3/datatype-date-format/datatype-date-format.js':[
267,
],
'project:yui-3.7.3/datatype-date-math/datatype-date-math.js':[
46,
58,
72,
86,
],
'project:yui-3.7.3/dial/dial.js':[
1298,
],
'project:yui-3.7.3/dom-attrs/dom-attrs.js':[
151,
],
'project:yui-3.7.3/dom-base/dom-base.js':[
155,
570,
],
'project:yui-3.7.3/dom-create/dom-create.js':[
207,
],
'project:yui-3.7.3/event-base/event-base.js':[
430,
],
'project:yui-3.7.3/event-custom-base/event-custom-base.js':[
750,
1283,
1285,
],
'project:yui-3.7.3/event-focus/event-focus.js':[
42,
],
'project:yui-3.7.3/features/features.js':[
131,
206,
266,
276,
],
'project:yui-3.7.3/file-html5/file-html5.js':[
484,
495,
],
'project:yui-3.7.3/get/get.js':[
519,
1017,
1028,
1033,
],
'project:yui-3.7.3/loader-base/loader-base.js':[
1920,
1970,
],
'project:yui-3.7.3/loader-yui3/loader-yui3.js':[
129,
1249,
1491,
1505,
],
'project:yui-3.7.3/loader/loader.js':[
1920,
1970,
2998,
4118,
4360,
4374,
],
'project:yui-3.7.3/node-core/node-core.js':[
817,
],
'project:yui-3.7.3/node-focusmanager/node-focusmanager.js':[
407,
],
'project:yui-3.7.3/pluginhost-base/pluginhost-base.js':[
153,
],
'project:yui-3.7.3/recordset-base/recordset-base.js':[
604,
],
'project:yui-3.7.3/recordset-filter/recordset-filter.js':[
63,
],
'project:yui-3.7.3/recordset-sort/recordset-sort.js':[
48,
],
'project:yui-3.7.3/resize-base/resize-base.js':[
102,
],
'project:yui-3.7.3/resize-constrain/resize-constrain.js':[
16,
289,
292,
],
'project:yui-3.7.3/router/router.js':[
806,
],
'project:yui-3.7.3/selector-css3/selector-css3.js':[
135,
139,
143,
],
'project:yui-3.7.3/simpleyui/simpleyui.js':[
66,
1249,
4354,
4852,
4863,
4868,
5239,
5314,
5374,
5384,
6261,
6336,
6396,
6406,
7019,
7434,
9922,
10460,
10462,
12794,
15158,
16249,
19789,
19793,
19797,
],
'project:yui-3.7.3/swf/swf.js':[
185,
],
'project:yui-3.7.3/swfdetect/swfdetect.js':[
89,
],
'project:yui-3.7.3/test/test.js':[
452,
],
'project:yui-3.7.3/uploader-flash/uploader-flash.js':[
837,
965,
985,
],
'project:yui-3.7.3/uploader-html5/uploader-html5.js':[
801,
930,
],
'project:yui-3.7.3/uploader-queue/uploader-queue.js':[
513,
532,
],
'project:yui-3.7.3/widget-base/widget-base.js':[
1169,
],
'project:yui-3.7.3/widget-child/widget-child.js':[
147,
283,
],
'project:yui-3.7.3/widget-parent/widget-parent.js':[
629,
679,
],
'project:yui-3.7.3/widget-position/widget-position.js':[
201,
],
'project:yui-3.7.3/widget-uievents/widget-uievents.js':[
148,
],
'project:yui-3.7.3/yui-base/yui-base.js':[
66,
1249,
4354,
4852,
4863,
4868,
5239,
5314,
5374,
5384,
],
'project:yui-3.7.3/yui-core/yui-core.js':[
66,
1249,
],
'project:yui-3.7.3/yui-nodejs/yui-nodejs.js':[
66,
1249,
4160,
4235,
4295,
4305,
6649,
6699,
7727,
8847,
9089,
9103,
],
'project:yui-3.7.3/yui/yui.js':[
66,
1249,
4354,
4852,
4863,
4868,
5239,
5314,
5374,
5384,
7648,
7698,
8726,
9846,
10088,
10102,
],
}
