{
'project:dojo-1.8.1/dijit/_editor/plugins/AlwaysShowToolbar.js.uncompressed.js':[
85,
156,
],
'project:dojo-1.8.1/dijit/_editor/range.js.uncompressed.js':[
467,
482,
],
'project:dojo-1.8.1/dijit/dijit-all.js.uncompressed.js':[
5574,
6028,
6172,
7445,
11030,
11124,
11136,
11204,
15062,
27676,
27691,
31162,
31163,
],
'project:dojo-1.8.1/dijit/form/SimpleTextarea.js.uncompressed.js':[
64,
],
'project:dojo-1.8.1/dijit/form/_AutoCompleterMixin.js.uncompressed.js':[
98,
],
'project:dojo-1.8.1/dijit/form/_ExpandingTextAreaMixin.js.uncompressed.js':[
102,
],
'project:dojo-1.8.1/dijit/layout/SplitContainer.js.uncompressed.js':[
88,
542,
],
'project:dojo-1.8.1/dojo/_firebug/firebug.js.uncompressed.js':[
733,
],
'project:dojo-1.8.1/dojo/date.js.uncompressed.js':[
146,
240,
252,
320,
],
'project:dojo-1.8.1/dojo/fx.js.uncompressed.js':[
393,
394,
],
'project:dojo-1.8.1/dojox/app/widgets/scrollable.js.uncompressed.js':[
661,
661,
666,
],
'project:dojo-1.8.1/dojox/calc/GraphPro.js.uncompressed.js':[
141,
142,
],
'project:dojo-1.8.1/dojox/calc/Grapher.js.uncompressed.js':[
53,
54,
70,
71,
],
'project:dojo-1.8.1/dojox/calendar/CalendarBase.js.uncompressed.js':[
383,
],
'project:dojo-1.8.1/dojox/charting/widget/Chart2D.js.uncompressed.js':[
4812,
4813,
],
'project:dojo-1.8.1/dojox/css3/fx.js.uncompressed.js':[
170,
],
'project:dojo-1.8.1/dojox/data/PicasaStore.js.uncompressed.js':[
21,
],
'project:dojo-1.8.1/dojox/date/buddhist.js.uncompressed.js':[
50,
123,
135,
222,
],
'project:dojo-1.8.1/dojox/date/buddhist/Date.js.uncompressed.js':[
72,
81,
91,
124,
161,
181,
185,
189,
193,
212,
219,
226,
],
'project:dojo-1.8.1/dojox/date/hebrew.js.uncompressed.js':[
70,
130,
142,
230,
],
'project:dojo-1.8.1/dojox/date/hebrew/Date.js.uncompressed.js':[
433,
440,
447,
],
'project:dojo-1.8.1/dojox/date/islamic.js.uncompressed.js':[
73,
131,
143,
230,
],
'project:dojo-1.8.1/dojox/date/islamic/Date.js.uncompressed.js':[
140,
201,
205,
209,
213,
232,
239,
246,
],
'project:dojo-1.8.1/dojox/date/php.js.uncompressed.js':[
121,
],
'project:dojo-1.8.1/dojox/dtl.js.uncompressed.js':[
411,
412,
2219,
2593,
2687,
2699,
2767,
],
'project:dojo-1.8.1/dojox/dtl/_base.js.uncompressed.js':[
409,
410,
],
'project:dojo-1.8.1/dojox/dtl/filter/lists.js.uncompressed.js':[
69,
91,
],
'project:dojo-1.8.1/dojox/dtl/filter/strings.js.uncompressed.js':[
276,
315,
],
'project:dojo-1.8.1/dojox/editor/plugins/NormalizeStyle.js.uncompressed.js':[
172,
190,
],
'project:dojo-1.8.1/dojox/embed/Flash.js.uncompressed.js':[
81,
82,
83,
144,
145,
146,
],
'project:dojo-1.8.1/dojox/embed/Quicktime.js.uncompressed.js':[
226,
226,
226,
],
'project:dojo-1.8.1/dojox/fx/Timeline.js.uncompressed.js':[
132,
],
'project:dojo-1.8.1/dojox/fx/_base.js.uncompressed.js':[
102,
103,
104,
105,
171,
172,
],
'project:dojo-1.8.1/dojox/fx/split.js.uncompressed.js':[
165,
166,
185,
186,
292,
293,
299,
398,
399,
516,
517,
],
'project:dojo-1.8.1/dojox/fx/style.js.uncompressed.js':[
45,
],
'project:dojo-1.8.1/dojox/gantt/GanttChart.js.uncompressed.js':[
108,
108,
434,
449,
477,
826,
826,
931,
946,
985,
989,
1000,
1067,
1237,
1272,
],
'project:dojo-1.8.1/dojox/gantt/GanttProjectControl.js.uncompressed.js':[
124,
126,
173,
176,
177,
177,
197,
203,
203,
231,
236,
414,
455,
462,
464,
673,
843,
844,
845,
854,
856,
859,
860,
862,
863,
865,
866,
867,
],
'project:dojo-1.8.1/dojox/gantt/GanttResourceItem.js.uncompressed.js':[
168,
254,
435,
],
'project:dojo-1.8.1/dojox/gantt/GanttTaskControl.js.uncompressed.js':[
93,
209,
211,
214,
214,
216,
218,
220,
222,
223,
225,
225,
228,
230,
232,
233,
283,
309,
323,
327,
328,
342,
345,
348,
362,
363,
364,
371,
371,
383,
421,
422,
433,
435,
441,
441,
442,
442,
443,
443,
466,
517,
521,
522,
523,
524,
524,
525,
533,
534,
542,
543,
550,
550,
551,
551,
612,
612,
622,
626,
627,
628,
634,
635,
643,
643,
644,
644,
968,
1029,
1033,
1217,
1246,
1260,
1316,
],
'project:dojo-1.8.1/dojox/gantt/contextMenuTab.js.uncompressed.js':[
52,
],
'project:dojo-1.8.1/dojox/geo/openlayers/GfxLayer.js.uncompressed.js':[
108,
109,
],
'project:dojo-1.8.1/dojox/gfx/svg.js.uncompressed.js':[
582,
],
'project:dojo-1.8.1/dojox/gfx/vml.js.uncompressed.js':[
41,
642,
642,
1402,
1402,
],
'project:dojo-1.8.1/dojox/gfx/vml_attach.js.uncompressed.js':[
198,
199,
212,
213,
215,
216,
227,
229,
230,
244,
245,
246,
247,
260,
260,
265,
266,
314,
318,
318,
322,
326,
382,
],
'project:dojo-1.8.1/dojox/gfx3d/object.js.uncompressed.js':[
1027,
1028,
],
'project:dojo-1.8.1/dojox/grid/DataGrid.js.uncompressed.js':[
9167,
9452,
],
'project:dojo-1.8.1/dojox/grid/_Layout.js.uncompressed.js':[
81,
],
'project:dojo-1.8.1/dojox/grid/_Scroller.js.uncompressed.js':[
304,
],
'project:dojo-1.8.1/dojox/html/ext-dojo/style.js.uncompressed.js':[
325,
334,
349,
350,
406,
407,
415,
416,
418,
420,
424,
426,
431,
431,
431,
431,
432,
432,
432,
432,
],
'project:dojo-1.8.1/dojox/image/LightboxNano.js.uncompressed.js':[
126,
127,
157,
158,
],
'project:dojo-1.8.1/dojox/jsonPath/query.js.uncompressed.js':[
83,
83,
83,
],
'project:dojo-1.8.1/dojox/layout/GridContainer.js.uncompressed.js':[
275,
278,
279,
351,
],
'project:dojo-1.8.1/dojox/layout/dnd/PlottedDnd.js.uncompressed.js':[
317,
342,
],
'project:dojo-1.8.1/dojox/mdnd/AutoScroll.js.uncompressed.js':[
121,
139,
157,
175,
],
'project:dojo-1.8.1/dojox/mobile/Accordion.js.uncompressed.js':[
361,
],
'project:dojo-1.8.1/dojox/mobile/ComboBox.js.uncompressed.js':[
268,
268,
],
'project:dojo-1.8.1/dojox/mobile/Opener.js.uncompressed.js':[
80,
80,
],
'project:dojo-1.8.1/dojox/mobile/ScrollablePane.js.uncompressed.js':[
101,
],
'project:dojo-1.8.1/dojox/mobile/app.js.uncompressed.js':[
3116,
3117,
],
'project:dojo-1.8.1/dojox/mobile/scrollable.js.uncompressed.js':[
809,
809,
814,
],
'project:dojo-1.8.1/dojox/rpc/OfflineRest.js.uncompressed.js':[
223,
],
'project:dojo-1.8.1/dojox/rpc/Rest.js.uncompressed.js':[
41,
],
'project:dojo-1.8.1/dojox/string/BidiEngine.js.uncompressed.js':[
597,
599,
],
'project:dojo-1.8.1/dojox/string/sprintf.js.uncompressed.js':[
71,
127,
168,
177,
206,
221,
255,
],
'project:dojo-1.8.1/dojox/treemap/ScaledLabel.js.uncompressed.js':[
14,
],
'project:dojo-1.8.1/dojox/treemap/TreeMap.js.uncompressed.js':[
756,
765,
766,
767,
768,
],
'project:dojo-1.8.1/dojox/validate/_base.js.uncompressed.js':[
121,
],
'project:dojo-1.8.1/dojox/validate/isbn.js.uncompressed.js':[
21,
25,
31,
],
'project:dojo-1.8.1/dojox/widget/FisheyeLite.js.uncompressed.js':[
126,
],
'project:dojo-1.8.1/dojox/widget/_CalendarBase.js.uncompressed.js':[
82,
],
'project:dojo-1.8.1/dojox/widget/rotator/Wipe.js.uncompressed.js':[
58,
],
'project:dojo-1.8.1/dojox/wire/ml/Data.js.uncompressed.js':[
110,
],
'project:dojo-1.8.1/dojox/xml/DomParser.js.uncompressed.js':[
274,
283,
],
'project:dojo-1.8.1/dojox/xmpp/TransportSession.js.uncompressed.js':[
401,
],
'project:dojo-1.8.1/dojox/xmpp/xmppSession.js.uncompressed.js':[
484,
],
'project:ecmascript6/Ghost/core/client/app/components/gh-profile-image.js':[
57,
],
'project:ecmascript6/Ghost/core/client/app/controllers/posts.js':[
29,
29,
],
'project:ecmascript6/Ghost/core/server/controllers/frontend/fetch-data.js':[
36,
],
'project:ecmascript6/Ghost/core/test/utils/fork.js':[
13,
],
'project:ecmascript6/reddit-mobile/assets/js/client.es6.js':[
102,
445,
],
'project:ecmascript6/reddit-mobile/src/server/console.es6.js':[
297,
303,
],
'project:ecmascript6/reddit-mobile/src/server/routes.es6.js':[
77,
],
'project:ecmascript6/snoode/src/models/base.es6.js':[
88,
],
'project:file-for-rules/S2688.js':[
5,
],
'project:frameworks/wordpress/farbtastic.js':[
214,
215,
216,
219,
220,
221,
],
'project:ocanvas-2.2.2.js':[
2511,
2541,
2553,
3124,
3125,
3135,
3136,
3141,
],
'project:open-layers-2.12/OpenLayers/Control/MousePosition.js':[
199,
],
'project:open-layers-2.12/OpenLayers/Control/OverviewMap.js':[
495,
497,
500,
502,
],
'project:open-layers-2.12/OpenLayers/Control/PanZoomBar.js':[
239,
342,
343,
],
'project:open-layers-2.12/OpenLayers/Control/ScaleLine.js':[
132,
136,
],
'project:open-layers-2.12/OpenLayers/Control/WMSGetFeatureInfo.js':[
356,
357,
361,
362,
],
'project:open-layers-2.12/OpenLayers/Format/ArcXML.js':[
163,
],
'project:open-layers-2.12/OpenLayers/Format/CSWGetRecords/v2_0_2.js':[
212,
],
'project:open-layers-2.12/OpenLayers/Format/Filter/v1.js':[
209,
],
'project:open-layers-2.12/OpenLayers/Format/GML.js':[
346,
],
'project:open-layers-2.12/OpenLayers/Format/GML/v3.js':[
138,
],
'project:open-layers-2.12/OpenLayers/Format/GeoJSON.js':[
495,
],
'project:open-layers-2.12/OpenLayers/Format/KML.js':[
452,
456,
],
'project:open-layers-2.12/OpenLayers/Format/OSM.js':[
118,
138,
164,
],
'project:open-layers-2.12/OpenLayers/Format/WFST/v1_1_0.js':[
98,
],
'project:open-layers-2.12/OpenLayers/Format/WMC/v1.js':[
217,
],
'project:open-layers-2.12/OpenLayers/Format/WMSCapabilities/v1.js':[
274,
283,
285,
],
'project:open-layers-2.12/OpenLayers/Format/WMSCapabilities/v1_1.js':[
56,
57,
58,
59,
],
'project:open-layers-2.12/OpenLayers/Format/WMSCapabilities/v1_1_1_WMSC.js':[
69,
72,
],
'project:open-layers-2.12/OpenLayers/Format/WMSCapabilities/v1_3.js':[
36,
39,
42,
114,
115,
],
'project:open-layers-2.12/OpenLayers/Format/WMTSCapabilities/v1_0_0.js':[
185,
188,
191,
194,
],
'project:open-layers-2.12/OpenLayers/Format/WPSDescribeProcess.js':[
132,
133,
],
'project:open-layers-2.12/OpenLayers/Format/XLS/v1.js':[
111,
],
'project:open-layers-2.12/OpenLayers/Handler/Box.js':[
223,
225,
227,
229,
],
'project:open-layers-2.12/OpenLayers/Layer/EventPane.js':[
107,
218,
],
'project:open-layers-2.12/OpenLayers/Layer/Grid.js':[
828,
829,
1009,
1010,
1202,
1205,
],
'project:open-layers-2.12/OpenLayers/Layer/TileCache.js':[
138,
139,
140,
141,
142,
143,
],
'project:open-layers-2.12/OpenLayers/Map.js':[
1511,
1512,
1752,
1758,
1984,
1985,
2550,
2551,
2570,
2571,
],
'project:open-layers-2.12/OpenLayers/Popup.js':[
473,
752,
910,
911,
],
'project:open-layers-2.12/OpenLayers/Renderer/Elements.js':[
93,
],
'project:open-layers-2.12/OpenLayers/Renderer/VML.js':[
435,
437,
876,
877,
],
'project:open-layers-2.12/OpenLayers/Util.js':[
1598,
1605,
],
'project:open-layers-2.12/Rico/Color.js':[
143,
144,
145,
163,
174,
208,
208,
208,
],
'project:open-layers-2.12/deprecated.js':[
1621,
1622,
1635,
1636,
],
'project:paper-0.22.js':[
6562,
6563,
],
'project:scriptaculous-1.9.0/dragdrop.js':[
297,
298,
329,
],
'project:scriptaculous-1.9.0/effects.js':[
18,
],
'project:scriptaculous-1.9.0/scriptaculous.js':[
44,
],
'project:scriptaculous-1.9.0/slider.js':[
31,
46,
47,
],
}
