{
'project:amplify-1.1.0.js':[
24,
524,
],
'project:angular-1.0.3.js':[
1490,
1490,
],
'project:dojo-1.8.1/dijit/dijit-all.js.uncompressed.js':[
1180,
],
'project:dojo-1.8.1/dijit/layout/ScrollingTabController.js.uncompressed.js':[
303,
],
'project:dojo-1.8.1/dojo/_base/lang.js.uncompressed.js':[
7,
],
'project:dojo-1.8.1/dojo/_base/xhr.js.uncompressed.js':[
494,
512,
],
'project:dojo-1.8.1/dojo/_firebug/firebug.js.uncompressed.js':[
118,
300,
1043,
],
'project:dojo-1.8.1/dojo/dojo.js.uncompressed.js':[
83,
934,
2843,
12094,
13590,
13608,
15278,
],
'project:dojo-1.8.1/dojo/i18n.js.uncompressed.js':[
81,
],
'project:dojo-1.8.1/dojo/on.js.uncompressed.js':[
317,
],
'project:dojo-1.8.1/dojox/app/controllers/Layout.js.uncompressed.js':[
62,
],
'project:dojo-1.8.1/dojox/atom/io/Connection.js.uncompressed.js':[
263,
],
'project:dojo-1.8.1/dojox/atom/widget/FeedEntryViewer.js.uncompressed.js':[
607,
679,
],
'project:dojo-1.8.1/dojox/av/widget/Player.js.uncompressed.js':[
64,
],
'project:dojo-1.8.1/dojox/calc/Grapher.js.uncompressed.js':[
509,
],
'project:dojo-1.8.1/dojox/calendar/MatrixView.js.uncompressed.js':[
1228,
1490,
1533,
1534,
1535,
1536,
1728,
1797,
1799,
1813,
1931,
],
'project:dojo-1.8.1/dojox/calendar/MonthColumnView.js.uncompressed.js':[
867,
],
'project:dojo-1.8.1/dojox/calendar/ViewBase.js.uncompressed.js':[
841,
],
'project:dojo-1.8.1/dojox/calendar/_RendererMixin.js.uncompressed.js':[
227,
],
'project:dojo-1.8.1/dojox/charting/StoreSeries.js.uncompressed.js':[
72,
],
'project:dojo-1.8.1/dojox/charting/action2d/Highlight.js.uncompressed.js':[
82,
82,
],
'project:dojo-1.8.1/dojox/charting/action2d/Shake.js.uncompressed.js':[
58,
59,
],
'project:dojo-1.8.1/dojox/charting/axis2d/Default.js.uncompressed.js':[
386,
386,
386,
386,
387,
388,
388,
388,
570,
880,
],
'project:dojo-1.8.1/dojox/charting/plot2d/Candlesticks.js.uncompressed.js':[
123,
],
'project:dojo-1.8.1/dojox/charting/plot2d/Default.js.uncompressed.js':[
230,
],
'project:dojo-1.8.1/dojox/charting/plot2d/OHLC.js.uncompressed.js':[
123,
],
'project:dojo-1.8.1/dojox/charting/plot2d/Pie.js.uncompressed.js':[
178,
324,
],
'project:dojo-1.8.1/dojox/charting/plot2d/Spider.js.uncompressed.js':[
10,
100,
165,
165,
165,
271,
301,
356,
563,
],
'project:dojo-1.8.1/dojox/charting/plot2d/common.js.uncompressed.js':[
30,
30,
],
'project:dojo-1.8.1/dojox/charting/themes/ThreeD.js.uncompressed.js':[
12,
],
'project:dojo-1.8.1/dojox/charting/widget/Chart2D.js.uncompressed.js':[
732,
878,
1174,
1175,
1606,
2902,
5150,
5200,
5225,
7228,
7228,
7944,
8034,
8099,
8099,
8099,
8205,
8235,
8290,
8497,
9387,
9387,
12379,
16912,
16912,
16912,
16912,
16913,
16914,
16914,
16914,
17096,
17406,
],
'project:dojo-1.8.1/dojox/color/Colorspace.js.uncompressed.js':[
364,
],
'project:dojo-1.8.1/dojox/data/AndOrReadStore.js.uncompressed.js':[
132,
],
'project:dojo-1.8.1/dojox/data/AtomReadStore.js.uncompressed.js':[
395,
435,
436,
436,
],
'project:dojo-1.8.1/dojox/data/CdfStore.js.uncompressed.js':[
512,
],
'project:dojo-1.8.1/dojox/data/CouchDBRestStore.js.uncompressed.js':[
45,
],
'project:dojo-1.8.1/dojox/data/CssRuleStore.js.uncompressed.js':[
121,
226,
],
'project:dojo-1.8.1/dojox/data/ItemExplorer.js.uncompressed.js':[
252,
263,
280,
286,
306,
315,
334,
],
'project:dojo-1.8.1/dojox/data/OpenSearchStore.js.uncompressed.js':[
188,
355,
],
'project:dojo-1.8.1/dojox/data/SnapLogicStore.js.uncompressed.js':[
289,
],
'project:dojo-1.8.1/dojox/data/StoreExplorer.js.uncompressed.js':[
175,
],
'project:dojo-1.8.1/dojox/date/buddhist/locale.js.uncompressed.js':[
185,
189,
189,
195,
308,
],
'project:dojo-1.8.1/dojox/date/hebrew/locale.js.uncompressed.js':[
212,
212,
219,
],
'project:dojo-1.8.1/dojox/date/islamic/locale.js.uncompressed.js':[
186,
190,
190,
196,
307,
],
'project:dojo-1.8.1/dojox/date/timezone.js.uncompressed.js':[
46,
510,
537,
],
'project:dojo-1.8.1/dojox/dgauges/MultiLinearScaler.js.uncompressed.js':[
118,
119,
],
'project:dojo-1.8.1/dojox/drawing/manager/Anchors.js.uncompressed.js':[
97,
],
'project:dojo-1.8.1/dojox/drawing/manager/Stencil.js.uncompressed.js':[
4,
210,
630,
],
'project:dojo-1.8.1/dojox/drawing/manager/StencilUI.js.uncompressed.js':[
3,
],
'project:dojo-1.8.1/dojox/drawing/plugins/drawing/GreekPalette.js.uncompressed.js':[
249,
],
'project:dojo-1.8.1/dojox/drawing/plugins/drawing/Silverlight.js.uncompressed.js':[
125,
],
'project:dojo-1.8.1/dojox/drawing/plugins/tools/Pan.js.uncompressed.js':[
98,
99,
153,
154,
],
'project:dojo-1.8.1/dojox/drawing/stencil/_Base.js.uncompressed.js':[
420,
422,
],
'project:dojo-1.8.1/dojox/drawing/ui/Toolbar.js.uncompressed.js':[
64,
],
'project:dojo-1.8.1/dojox/drawing/ui/dom/Pan.js.uncompressed.js':[
77,
78,
121,
122,
],
'project:dojo-1.8.1/dojox/drawing/ui/dom/Toolbar.js.uncompressed.js':[
149,
],
'project:dojo-1.8.1/dojox/drawing/ui/dom/Zoom.js.uncompressed.js':[
22,
23,
],
'project:dojo-1.8.1/dojox/dtl.js.uncompressed.js':[
1114,
1390,
1464,
1784,
1826,
],
'project:dojo-1.8.1/dojox/dtl/dom.js.uncompressed.js':[
164,
],
'project:dojo-1.8.1/dojox/dtl/ext-dojo/NodeList.js.uncompressed.js':[
6,
],
'project:dojo-1.8.1/dojox/dtl/filter/strings.js.uncompressed.js':[
243,
282,
284,
],
'project:dojo-1.8.1/dojox/dtl/tag/loader.js.uncompressed.js':[
209,
],
'project:dojo-1.8.1/dojox/dtl/tag/logic.js.uncompressed.js':[
8,
],
'project:dojo-1.8.1/dojox/dtl/tag/misc.js.uncompressed.js':[
45,
119,
],
'project:dojo-1.8.1/dojox/editor/plugins/Breadcrumb.js.uncompressed.js':[
78,
],
'project:dojo-1.8.1/dojox/editor/plugins/FindReplace.js.uncompressed.js':[
433,
],
'project:dojo-1.8.1/dojox/editor/plugins/NormalizeStyle.js.uncompressed.js':[
258,
],
'project:dojo-1.8.1/dojox/editor/plugins/SpellCheck.js.uncompressed.js':[
1230,
],
'project:dojo-1.8.1/dojox/editor/plugins/TablePlugins.js.uncompressed.js':[
803,
],
'project:dojo-1.8.1/dojox/embed/Flash.js.uncompressed.js':[
92,
298,
],
'project:dojo-1.8.1/dojox/embed/Quicktime.js.uncompressed.js':[
27,
],
'project:dojo-1.8.1/dojox/encoding/crypto/Blowfish.js.uncompressed.js':[
16,
17,
18,
],
'project:dojo-1.8.1/dojox/encoding/crypto/SimpleAES.js.uncompressed.js':[
274,
],
'project:dojo-1.8.1/dojox/form/FileUploader.js.uncompressed.js':[
969,
],
'project:dojo-1.8.1/dojox/form/ListInput.js.uncompressed.js':[
262,
286,
376,
968,
],
'project:dojo-1.8.1/dojox/form/RangeSlider.js.uncompressed.js':[
269,
270,
271,
272,
],
'project:dojo-1.8.1/dojox/form/Uploader.js.uncompressed.js':[
135,
],
'project:dojo-1.8.1/dojox/form/manager/_Mixin.js.uncompressed.js':[
38,
],
'project:dojo-1.8.1/dojox/form/uploader/plugins/IFrame.js.uncompressed.js':[
54,
],
'project:dojo-1.8.1/dojox/fx/_base.js.uncompressed.js':[
210,
],
'project:dojo-1.8.1/dojox/fx/ext-dojo/complex.js.uncompressed.js':[
83,
],
'project:dojo-1.8.1/dojox/fx/text.js.uncompressed.js':[
137,
246,
258,
259,
329,
388,
],
'project:dojo-1.8.1/dojox/gantt/GanttChart.js.uncompressed.js':[
596,
],
'project:dojo-1.8.1/dojox/gantt/GanttTaskControl.js.uncompressed.js':[
718,
],
'project:dojo-1.8.1/dojox/gauges/BarLineIndicator.js.uncompressed.js':[
49,
],
'project:dojo-1.8.1/dojox/gauges/_Gauge.js.uncompressed.js':[
8,
],
'project:dojo-1.8.1/dojox/geo/charting/Feature.js.uncompressed.js':[
122,
],
'project:dojo-1.8.1/dojox/geo/charting/Map.js.uncompressed.js':[
95,
135,
],
'project:dojo-1.8.1/dojox/gfx/VectorText.js.uncompressed.js':[
131,
132,
],
'project:dojo-1.8.1/dojox/gfx/canvas.js.uncompressed.js':[
728,
],
'project:dojo-1.8.1/dojox/gfx/canvasWithEvents.js.uncompressed.js':[
28,
582,
],
'project:dojo-1.8.1/dojox/gfx/fx.js.uncompressed.js':[
155,
205,
230,
],
'project:dojo-1.8.1/dojox/gfx/gradient.js.uncompressed.js':[
147,
],
'project:dojo-1.8.1/dojox/gfx/silverlight.js.uncompressed.js':[
68,
],
'project:dojo-1.8.1/dojox/gfx/vml_attach.js.uncompressed.js':[
176,
],
'project:dojo-1.8.1/dojox/gfx3d/object.js.uncompressed.js':[
19,
],
'project:dojo-1.8.1/dojox/grid/DataGrid.js.uncompressed.js':[
652,
2996,
5726,
8467,
9227,
12526,
14026,
14027,
14068,
],
'project:dojo-1.8.1/dojox/grid/TreeGrid.js.uncompressed.js':[
434,
495,
905,
958,
],
'project:dojo-1.8.1/dojox/grid/TreeSelection.js.uncompressed.js':[
186,
187,
],
'project:dojo-1.8.1/dojox/grid/_Builder.js.uncompressed.js':[
364,
],
'project:dojo-1.8.1/dojox/grid/_FocusManager.js.uncompressed.js':[
468,
],
'project:dojo-1.8.1/dojox/grid/_Grid.js.uncompressed.js':[
1349,
],
'project:dojo-1.8.1/dojox/grid/_Scroller.js.uncompressed.js':[
364,
],
'project:dojo-1.8.1/dojox/grid/_View.js.uncompressed.js':[
155,
],
'project:dojo-1.8.1/dojox/grid/cells/_base.js.uncompressed.js':[
105,
],
'project:dojo-1.8.1/dojox/grid/cells/tree.js.uncompressed.js':[
10,
10,
15,
],
'project:dojo-1.8.1/dojox/grid/enhanced/plugins/Pagination.js.uncompressed.js':[
163,
170,
325,
],
'project:dojo-1.8.1/dojox/grid/enhanced/plugins/Rearrange.js.uncompressed.js':[
201,
251,
295,
331,
],
'project:dojo-1.8.1/dojox/highlight/_base.js.uncompressed.js':[
377,
],
'project:dojo-1.8.1/dojox/highlight/languages/xml.js.uncompressed.js':[
19,
],
'project:dojo-1.8.1/dojox/html/_base.js.uncompressed.js':[
269,
],
'project:dojo-1.8.1/dojox/html/ellipsis.js.uncompressed.js':[
112,
],
'project:dojo-1.8.1/dojox/html/ext-dojo/style.js.uncompressed.js':[
5,
],
'project:dojo-1.8.1/dojox/image/Badge.js.uncompressed.js':[
168,
],
'project:dojo-1.8.1/dojox/image/LightboxNano.js.uncompressed.js':[
168,
],
'project:dojo-1.8.1/dojox/image/SlideShow.js.uncompressed.js':[
140,
495,
619,
],
'project:dojo-1.8.1/dojox/image/ThumbnailPicker.js.uncompressed.js':[
144,
318,
334,
339,
],
'project:dojo-1.8.1/dojox/io/OAuth.js.uncompressed.js':[
39,
45,
],
'project:dojo-1.8.1/dojox/jq.js.uncompressed.js':[
395,
417,
604,
1241,
],
'project:dojo-1.8.1/dojox/json/ref.js.uncompressed.js':[
269,
],
'project:dojo-1.8.1/dojox/jsonPath/query.js.uncompressed.js':[
18,
24,
],
'project:dojo-1.8.1/dojox/lang/aspect.js.uncompressed.js':[
62,
],
'project:dojo-1.8.1/dojox/lang/aspect/profiler.js.uncompressed.js':[
7,
],
'project:dojo-1.8.1/dojox/lang/oo/mixin.js.uncompressed.js':[
15,
],
'project:dojo-1.8.1/dojox/lang/oo/rearrange.js.uncompressed.js':[
27,
],
'project:dojo-1.8.1/dojox/layout/FloatingPane.js.uncompressed.js':[
206,
],
'project:dojo-1.8.1/dojox/layout/GridContainer.js.uncompressed.js':[
501,
578,
],
'project:dojo-1.8.1/dojox/layout/TableContainer.js.uncompressed.js':[
154,
],
'project:dojo-1.8.1/dojox/layout/ToggleSplitter.js.uncompressed.js':[
58,
],
'project:dojo-1.8.1/dojox/mdnd/Moveable.js.uncompressed.js':[
139,
],
'project:dojo-1.8.1/dojox/mdnd/PureSource.js.uncompressed.js':[
39,
],
'project:dojo-1.8.1/dojox/mdnd/dropMode/DefaultDropMode.js.uncompressed.js':[
309,
],
'project:dojo-1.8.1/dojox/mdnd/dropMode/OverDropMode.js.uncompressed.js':[
286,
],
'project:dojo-1.8.1/dojox/mdnd/dropMode/VerticalDropMode.js.uncompressed.js':[
319,
],
'project:dojo-1.8.1/dojox/mobile.js.uncompressed.js':[
1788,
2740,
],
'project:dojo-1.8.1/dojox/mobile/Heading.js.uncompressed.js':[
23,
],
'project:dojo-1.8.1/dojox/mobile/Slider.js.uncompressed.js':[
76,
83,
],
'project:dojo-1.8.1/dojox/mobile/SpinWheelSlot.js.uncompressed.js':[
334,
],
'project:dojo-1.8.1/dojox/mobile/TreeView.js.uncompressed.js':[
40,
],
'project:dojo-1.8.1/dojox/mobile/View.js.uncompressed.js':[
28,
],
'project:dojo-1.8.1/dojox/mobile/app.js.uncompressed.js':[
181,
2347,
2427,
2483,
2489,
2562,
4392,
5310,
5396,
6012,
6878,
10492,
],
'project:dojo-1.8.1/dojox/mobile/app/ImageThumbView.js.uncompressed.js':[
65,
],
'project:dojo-1.8.1/dojox/mobile/app/List.js.uncompressed.js':[
252,
338,
],
'project:dojo-1.8.1/dojox/mobile/app/ListSelector.js.uncompressed.js':[
72,
],
'project:dojo-1.8.1/dojox/mobile/app/SceneController.js.uncompressed.js':[
69,
149,
],
'project:dojo-1.8.1/dojox/mobile/app/_FormWidget.js.uncompressed.js':[
206,
],
'project:dojo-1.8.1/dojox/mobile/app/_base.js.uncompressed.js':[
29,
35,
108,
],
'project:dojo-1.8.1/dojox/mobile/app/_event.js.uncompressed.js':[
37,
],
'project:dojo-1.8.1/dojox/mobile/lazyLoadUtils.js.uncompressed.js':[
23,
],
'project:dojo-1.8.1/dojox/mobile/pageTurningUtils.js.uncompressed.js':[
482,
],
'project:dojo-1.8.1/dojox/mvc/Group.js.uncompressed.js':[
20,
],
'project:dojo-1.8.1/dojox/mvc/Repeat.js.uncompressed.js':[
68,
],
'project:dojo-1.8.1/dojox/mvc/_DataBindingMixin.js.uncompressed.js':[
194,
],
'project:dojo-1.8.1/dojox/mvc/_atBindingMixin.js.uncompressed.js':[
32,
],
'project:dojo-1.8.1/dojox/mvc/parserExtension.js.uncompressed.js':[
36,
64,
64,
],
'project:dojo-1.8.1/dojox/rails.js.uncompressed.js':[
82,
],
'project:dojo-1.8.1/dojox/robot/recorder.js.uncompressed.js':[
419,
420,
428,
429,
],
'project:dojo-1.8.1/dojox/rpc/JsonRest.js.uncompressed.js':[
44,
110,
124,
],
'project:dojo-1.8.1/dojox/secure/DOM.js.uncompressed.js':[
228,
],
'project:dojo-1.8.1/dojox/secure/fromJson.js.uncompressed.js':[
102,
],
'project:dojo-1.8.1/dojox/secure/sandbox.js.uncompressed.js':[
56,
233,
247,
299,
],
'project:dojo-1.8.1/dojox/sketch/DoubleArrowAnnotation.js.uncompressed.js':[
105,
],
'project:dojo-1.8.1/dojox/sketch/Figure.js.uncompressed.js':[
408,
],
'project:dojo-1.8.1/dojox/sketch/SingleArrowAnnotation.js.uncompressed.js':[
111,
120,
],
'project:dojo-1.8.1/dojox/sketch/UnderlineAnnotation.js.uncompressed.js':[
117,
],
'project:dojo-1.8.1/dojox/socket/Reconnect.js.uncompressed.js':[
22,
],
'project:dojo-1.8.1/dojox/storage/WhatWGStorageProvider.js.uncompressed.js':[
47,
],
'project:dojo-1.8.1/dojox/string/BidiComplex.js.uncompressed.js':[
287,
],
'project:dojo-1.8.1/dojox/string/BidiEngine.js.uncompressed.js':[
753,
1089,
1091,
1132,
1206,
],
'project:dojo-1.8.1/dojox/string/sprintf.js.uncompressed.js':[
18,
],
'project:dojo-1.8.1/dojox/testing/DocTest.js.uncompressed.js':[
69,
],
'project:dojo-1.8.1/dojox/timing/Sequence.js.uncompressed.js':[
65,
],
'project:dojo-1.8.1/dojox/timing/Streamer.js.uncompressed.js':[
35,
],
'project:dojo-1.8.1/dojox/timing/ThreadPool.js.uncompressed.js':[
60,
],
'project:dojo-1.8.1/dojox/widget/FeedPortlet.js.uncompressed.js':[
163,
235,
240,
251,
],
'project:dojo-1.8.1/dojox/widget/MultiSelectCalendar.js.uncompressed.js':[
903,
],
'project:dojo-1.8.1/dojox/widget/Pager.js.uncompressed.js':[
192,
],
'project:dojo-1.8.1/dojox/widget/RollingList.js.uncompressed.js':[
331,
],
'project:dojo-1.8.1/dojox/widget/Rotator.js.uncompressed.js':[
116,
],
'project:dojo-1.8.1/dojox/widget/Selection.js.uncompressed.js':[
106,
],
'project:dojo-1.8.1/dojox/wire/ml/util.js.uncompressed.js':[
70,
],
'project:dojo-1.8.1/dojox/xmpp/RosterService.js.uncompressed.js':[
119,
],
'project:ecmascript6/Ghost/core/client/tests/acceptance/authentication-test.js':[
40,
78,
134,
],
'project:ecmascript6/Ghost/core/client/tests/acceptance/posts/post-test.js':[
29,
56,
],
'project:ecmascript6/Ghost/core/client/tests/acceptance/settings/navigation-test.js':[
36,
49,
],
'project:ecmascript6/Ghost/core/client/tests/acceptance/settings/tags-test.js':[
68,
81,
],
'project:ecmascript6/Ghost/core/client/tests/acceptance/setup-test.js':[
28,
],
'project:ecmascript6/Ghost/core/client/tests/acceptance/team-test.js':[
38,
52,
67,
75,
239,
],
'project:ecmascript6/Ghost/core/test/utils/index.js':[
49,
],
'project:ecmascript6/di.js/chrome-extension/visualize/injectors/app.js':[
412,
],
'project:ecmascript6/di.js/chrome-extension/visualize/lib/angular.js':[
225,
5390,
5753,
17256,
],
'project:ecmascript6/di.js/chrome-extension/visualize/lib/d3.v3.js':[
1427,
],
'project:ecmascript6/di.js/example/angular-loader/traceur.js':[
16,
857,
898,
904,
2724,
2731,
2732,
2736,
2737,
2741,
2742,
2743,
2746,
2747,
2749,
2753,
2754,
2755,
2757,
2762,
2763,
2767,
2771,
2772,
2775,
2778,
2780,
2781,
2785,
2788,
2789,
2790,
2791,
2794,
2795,
2798,
2801,
2803,
2804,
2808,
2811,
5120,
5124,
5143,
5148,
5151,
5171,
5174,
5202,
5205,
5206,
5207,
5210,
5211,
6161,
6173,
6855,
6858,
6859,
6869,
6871,
6872,
6873,
6876,
6877,
6878,
6882,
6883,
6884,
6885,
6894,
6896,
6900,
6901,
6902,
6908,
6909,
6910,
6911,
6918,
6920,
6922,
6928,
6930,
6931,
6932,
6933,
6937,
7634,
7636,
7647,
7650,
7653,
7656,
7658,
7671,
7675,
7678,
7679,
7684,
7692,
7696,
7702,
7704,
7706,
7708,
8634,
8635,
8639,
8642,
8643,
8644,
8651,
8652,
8653,
8654,
8655,
8656,
8658,
8660,
8665,
8666,
8667,
8668,
8669,
8670,
8672,
8673,
8674,
8675,
8676,
8677,
8678,
8682,
8686,
8690,
8697,
8704,
8705,
8706,
8709,
8717,
8719,
8720,
8724,
8725,
8727,
8728,
8729,
8732,
8733,
8734,
8735,
8736,
9519,
9520,
9521,
9524,
9527,
9528,
9531,
9532,
9556,
9560,
9563,
9566,
9585,
9605,
9609,
9624,
9627,
9633,
9636,
9641,
9647,
9656,
11979,
11980,
11981,
11992,
11999,
12398,
12404,
12520,
12571,
12712,
13108,
13839,
14134,
14135,
14148,
15382,
15383,
15384,
15590,
15763,
15821,
15840,
15841,
16170,
16325,
16335,
16526,
16530,
16531,
16865,
16866,
16962,
17140,
17231,
17232,
17233,
17269,
17270,
17271,
17272,
17273,
17390,
17391,
17476,
17755,
17794,
17928,
],
'project:ecmascript6/di.js/gulpfile.js':[
64,
],
'project:ecmascript6/di.js/visualize/injectors/app.js':[
412,
],
'project:ecmascript6/di.js/visualize/lib/angular.js':[
225,
5390,
5753,
17256,
],
'project:ecmascript6/di.js/visualize/lib/d3.v3.js':[
1427,
],
'project:ecmascript6/http/test/ConnectionMock.spec.js':[
30,
68,
82,
95,
],
'project:ecmascript6/http/test/Http.spec.js':[
298,
],
'project:ecmascript6/http/test/XHRConnection.spec.js':[
178,
206,
],
'project:ecmascript6/reddit-mobile/assets/js/client.es6.js':[
102,
103,
224,
225,
],
'project:ecmascript6/reddit-mobile/src/server/config.es6.js':[
4,
],
'project:ecmascript6/reddit-mobile/src/server/console.es6.js':[
119,
120,
121,
122,
124,
],
'project:ecmascript6/reddit-mobile/src/server/oauth.es6.js':[
321,
345,
],
'project:ecmascript6/reddit-mobile/src/server/routes.es6.js':[
74,
],
'project:ecmascript6/router/third_party/brick/brick-1.0.1.byob.js':[
1559,
1559,
1565,
1565,
3600,
],
'project:ecmascript6/router/third_party/route-recognizer.js':[
306,
],
'project:ecmascript6/snoode/src/endpoints/v1.es6.js':[
181,
972,
],
'project:ecmascript6/templating/test/lib/compiler/compiler.spec.js':[
323,
],
'project:ecmascript6/watchtower.js/test/dirtychecking.spec.js':[
134,
181,
182,
363,
],
'project:ecmascript6/watchtower.js/test/observer.spec.js':[
145,
],
'project:ecmascript6/watchtower.js/test/watchgroup.spec.js':[
90,
243,
244,
245,
291,
305,
318,
330,
344,
425,
447,
507,
576,
],
'project:es5-shim-2.0.5.js':[
558,
],
'project:frameworks/wordpress/farbtastic.js':[
226,
226,
226,
],
'project:google-closure-library/cssom/iframe/style.js':[
784,
],
'project:google-closure-library/db/objectstore.js':[
99,
],
'project:google-closure-library/debug/devcss/devcss.js':[
410,
],
'project:google-closure-library/dom/annotate.js':[
146,
237,
],
'project:google-closure-library/dom/dom_test.js':[
146,
156,
182,
511,
533,
583,
],
'project:google-closure-library/editor/clicktoeditwrapper.js':[
329,
330,
],
'project:google-closure-library/editor/plugins/linkshortcutplugin.js':[
51,
],
'project:google-closure-library/editor/seamlessfield_test.js':[
313,
],
'project:google-closure-library/fs/entry.js':[
378,
],
'project:google-closure-library/graphics/svggraphics.js':[
673,
],
'project:google-closure-library/graphics/vmlgraphics.js':[
388,
],
'project:google-closure-library/i18n/numberformat.js':[
201,
],
'project:google-closure-library/labs/net/xhr.js':[
44,
46,
],
'project:google-closure-library/net/iframeio.js':[
1093,
],
'project:google-closure-library/object/object.js':[
140,
324,
],
'project:google-closure-library/proto2/textformatserializer.js':[
66,
],
'project:google-closure-library/proto2/textformatserializer_test.js':[
255,
],
'project:google-closure-library/structs/pool.js':[
99,
],
'project:google-closure-library/testing/propertyreplacer.js':[
116,
],
'project:google-closure-library/testing/testcase.js':[
127,
],
'project:google-closure-library/testing/ui/rendererasserts.js':[
51,
],
'project:google-closure-library/tweak/tweakui.js':[
119,
],
'project:google-closure-library/ui/charpicker.js':[
622,
],
'project:google-closure-library/ui/drilldownrow.js':[
377,
],
'project:google-closure-library/ui/emoji/emojipalette.js':[
184,
],
'project:google-closure-library/ui/media/mp3.js':[
208,
],
'project:google-closure-library/ui/media/picasa.js':[
156,
],
'project:google-closure-library/ui/scrollfloater.js':[
262,
288,
],
'project:google-closure-library/ui/sliderbase.js':[
1116,
],
'project:google-closure-library/useragent/platform.js':[
31,
],
'project:jquery-1.7.2.js':[
544,
1050,
1320,
1370,
1375,
1538,
2911,
3265,
3609,
4716,
],
'project:jshint-2012.06.15.js':[
753,
1044,
2324,
2551,
3371,
],
'project:jstorage-0.3.0.js':[
294,
],
'project:knockout-2.1.0.debug.js':[
627,
2271,
3108,
3108,
],
'project:mootools-core-1.4.5-full-nocompat.js':[
60,
78,
],
'project:ocanvas-2.2.2.js':[
2050,
2051,
2502,
2502,
2502,
2592,
],
'project:open-layers-2.12/OpenLayers/Control/ScaleLine.js':[
96,
],
'project:open-layers-2.12/OpenLayers/Control/WMSGetFeatureInfo.js':[
450,
450,
],
'project:open-layers-2.12/OpenLayers/Events.js':[
292,
],
'project:open-layers-2.12/OpenLayers/Format/CQL.js':[
21,
],
'project:open-layers-2.12/OpenLayers/Format/GML/v3.js':[
139,
],
'project:open-layers-2.12/OpenLayers/Format/KML.js':[
372,
372,
372,
],
'project:open-layers-2.12/OpenLayers/Format/OGCExceptionReport.js':[
64,
],
'project:open-layers-2.12/OpenLayers/Format/SLD/v1.js':[
566,
],
'project:open-layers-2.12/OpenLayers/Format/Text.js':[
97,
97,
97,
97,
],
'project:open-layers-2.12/OpenLayers/Format/WFSCapabilities/v1.js':[
59,
],
'project:open-layers-2.12/OpenLayers/Format/WKT.js':[
98,
98,
],
'project:open-layers-2.12/OpenLayers/Format/WMC/v1.js':[
1088,
],
'project:open-layers-2.12/OpenLayers/Format/WMSGetFeatureInfo.js':[
77,
],
'project:open-layers-2.12/OpenLayers/Format/WMTSCapabilities.js':[
96,
],
'project:open-layers-2.12/OpenLayers/Geometry/LineString.js':[
194,
],
'project:open-layers-2.12/OpenLayers/Geometry/LinearRing.js':[
300,
],
'project:open-layers-2.12/OpenLayers/Handler/Polygon.js':[
188,
],
'project:open-layers-2.12/OpenLayers/Layer/ArcGISCache.js':[
409,
],
'project:open-layers-2.12/OpenLayers/Layer/WMTS.js':[
417,
],
'project:open-layers-2.12/OpenLayers/Layer/WorldWind.js':[
68,
],
'project:open-layers-2.12/OpenLayers/Map.js':[
1786,
],
'project:open-layers-2.12/OpenLayers/Protocol/WFS/v1.js':[
393,
],
'project:open-layers-2.12/OpenLayers/Style.js':[
163,
],
'project:open-layers-2.12/OpenLayers/Tile/Image/IFrame.js':[
161,
],
'project:open-layers-2.12/OpenLayers/Util.js':[
848,
],
'project:open-layers-2.12/Rico/Color.js':[
80,
],
'project:open-layers-2.12/deprecated.js':[
594,
5357,
5358,
5359,
],
'project:paper-0.22.js':[
2440,
4773,
5034,
5436,
7758,
7758,
7758,
7758,
7758,
7759,
7759,
7759,
7759,
7759,
],
'project:processing-1.3.6.js':[
1273,
1298,
1309,
1310,
1316,
1360,
1937,
1938,
2505,
2505,
5482,
5489,
5896,
6569,
6828,
6828,
6916,
6917,
7027,
7035,
7379,
7380,
9041,
9049,
9049,
9326,
],
'project:prototype-1.7.js':[
2228,
2384,
3218,
3254,
3997,
3997,
],
'project:qunit-1.8.0.js':[
1089,
],
'project:scriptaculous-1.9.0/controls.js':[
430,
],
'project:scriptaculous-1.9.0/unittest.js':[
236,
],
'project:sizzle-1.8.2.js':[
107,
109,
1433,
],
'project:yui-3.7.3/anim-base/anim-base.js':[
535,
536,
],
'project:yui-3.7.3/anim-shape/anim-shape.js':[
38,
39,
40,
41,
42,
43,
44,
45,
46,
144,
],
'project:yui-3.7.3/calendar-base/calendar-base.js':[
40,
43,
47,
1019,
],
'project:yui-3.7.3/calendar/calendar.js':[
28,
36,
],
'project:yui-3.7.3/calendarnavigator/calendarnavigator.js':[
16,
],
'project:yui-3.7.3/charts-base/charts-base.js':[
10846,
14337,
16098,
],
'project:yui-3.7.3/datatable-base-deprecated/datatable-base-deprecated.js':[
22,
23,
24,
25,
26,
27,
28,
29,
1524,
],
'project:yui-3.7.3/datatype-date-format/datatype-date-format.js':[
256,
256,
],
'project:yui-3.7.3/dom-screen/dom-screen.js':[
26,
],
'project:yui-3.7.3/dom-style-ie/dom-style-ie.js':[
27,
78,
121,
],
'project:yui-3.7.3/dom-style/dom-style.js':[
28,
],
'project:yui-3.7.3/editor-base/editor-base.js':[
156,
],
'project:yui-3.7.3/editor-selection/editor-selection.js':[
157,
163,
243,
],
'project:yui-3.7.3/event-flick/event-flick.js':[
144,
],
'project:yui-3.7.3/event-valuechange/event-valuechange.js':[
349,
],
'project:yui-3.7.3/file-html5/file-html5.js':[
22,
],
'project:yui-3.7.3/gesture-simulate/gesture-simulate.js':[
261,
],
'project:yui-3.7.3/get-nodejs/get-nodejs.js':[
151,
],
'project:yui-3.7.3/get-nodejs/get.js':[
151,
],
'project:yui-3.7.3/get/get.js':[
1000,
],
'project:yui-3.7.3/graphics-canvas/graphics-canvas.js':[
454,
575,
597,
1396,
],
'project:yui-3.7.3/graphics-svg/graphics-svg.js':[
662,
],
'project:yui-3.7.3/graphics-vml/graphics-vml.js':[
16,
],
'project:yui-3.7.3/handlebars-compiler/handlebars-compiler.js':[
163,
373,
439,
514,
1092,
1133,
1720,
],
'project:yui-3.7.3/highlight-accentfold/highlight-accentfold.js':[
46,
],
'project:yui-3.7.3/node-base/node-base.js':[
1156,
],
'project:yui-3.7.3/node-core/node-core.js':[
35,
37,
1120,
],
'project:yui-3.7.3/router/router.js':[
20,
],
'project:yui-3.7.3/scrollview-base/scrollview-base.js':[
17,
32,
33,
805,
808,
],
'project:yui-3.7.3/scrollview-list/scrollview-list.js':[
19,
20,
],
'project:yui-3.7.3/scrollview-paginator/scrollview-paginator.js':[
24,
25,
28,
160,
163,
],
'project:yui-3.7.3/scrollview-scrollbars/scrollview-scrollbars.js':[
33,
34,
281,
521,
],
'project:yui-3.7.3/selector-css2/selector-css2.js':[
71,
325,
],
'project:yui-3.7.3/selector-css3/selector-css3.js':[
31,
],
'project:yui-3.7.3/simpleyui/simpleyui.js':[
861,
950,
4835,
7576,
7915,
7966,
8009,
8217,
12012,
12014,
13097,
14728,
18525,
19281,
19535,
19685,
],
'project:yui-3.7.3/swf/swf.js':[
15,
],
'project:yui-3.7.3/tabview-base/tabview-base.js':[
12,
],
'project:yui-3.7.3/tabview/tabview.js':[
18,
196,
],
'project:yui-3.7.3/test/test.js':[
1135,
1321,
],
'project:yui-3.7.3/transition/transition.js':[
21,
],
'project:yui-3.7.3/uploader-deprecated/uploader-deprecated.js':[
20,
],
'project:yui-3.7.3/uploader-flash/uploader-flash.js':[
24,
],
'project:yui-3.7.3/uploader-html5/uploader-html5.js':[
251,
],
'project:yui-3.7.3/uploader-queue/uploader-queue.js':[
17,
18,
19,
20,
21,
22,
23,
24,
25,
],
'project:yui-3.7.3/widget-autohide/widget-autohide.js':[
19,
20,
21,
22,
33,
164,
],
'project:yui-3.7.3/widget-modality/widget-modality.js':[
20,
],
'project:yui-3.7.3/yui-base/yui-base.js':[
861,
950,
4835,
],
'project:yui-3.7.3/yui-core/yui-core.js':[
861,
950,
],
'project:yui-3.7.3/yui-nodejs/yui-nodejs.js':[
861,
950,
3986,
],
'project:yui-3.7.3/yui/yui.js':[
861,
950,
4835,
],
}
