{
'project:dojo-1.8.1/dojox/calendar/CalendarBase.js.uncompressed.js':[
536,
954,
],
'project:dojo-1.8.1/dojox/calendar/ViewBase.js.uncompressed.js':[
2683,
],
'project:dojo-1.8.1/dojox/dgauges/MultiLinearScaler.js.uncompressed.js':[
31,
],
'project:dojo-1.8.1/dojox/form/TriStateCheckBox.js.uncompressed.js':[
37,
43,
],
'project:dojo-1.8.1/dojox/form/uploader/plugins/Flash.js.uncompressed.js':[
286,
],
'project:dojo-1.8.1/dojox/grid/TreeGrid.js.uncompressed.js':[
262,
],
'project:dojo-1.8.1/dojox/grid/enhanced/nls/EnhancedGrid.js.uncompressed.js':[
28,
],
'project:dojo-1.8.1/dojox/grid/enhanced/nls/Filter.js.uncompressed.js':[
101,
],
'project:dojo-1.8.1/dojox/grid/enhanced/nls/Pagination.js.uncompressed.js':[
36,
],
'project:dojo-1.8.1/dojox/highlight/languages/groovy.js.uncompressed.js':[
13,
14,
16,
],
'project:dojo-1.8.1/dojox/highlight/languages/java.js.uncompressed.js':[
13,
14,
16,
],
'project:dojo-1.8.1/dojox/highlight/languages/pygments/javascript.js.uncompressed.js':[
21,
],
'project:dojo-1.8.1/dojox/mdnd/adapter/DndFromDojo.js.uncompressed.js':[
23,
],
'project:dojo-1.8.1/dojox/widget/FilePicker.js.uncompressed.js':[
22,
],
'project:ecmascript6/react-router/karma.conf.js':[
39,
],
'project:ecmascript6/reddit-mobile/src/server/console.es6.js':[
333,
],
'project:paper-0.22.js':[
258,
],
'project:scriptaculous-1.9.0/effects.js':[
718,
],
'project:scriptaculous-1.9.0/unittest.js':[
456,
],
}
