{
'project:dojo-1.8.1/dijit/_editor/RichText.js.uncompressed.js':[
2003,
],
'project:dojo-1.8.1/dijit/_editor/_Plugin.js.uncompressed.js':[
157,
],
'project:dojo-1.8.1/dijit/_editor/plugins/AlwaysShowToolbar.js.uncompressed.js':[
39,
],
'project:dojo-1.8.1/dijit/_editor/plugins/ViewSource.js.uncompressed.js':[
293,
412,
],
'project:dojo-1.8.1/dijit/dijit-all.js.uncompressed.js':[
3837,
3848,
13610,
21633,
],
'project:dojo-1.8.1/dijit/tree/ForestStoreModel.js.uncompressed.js':[
186,
197,
],
'project:dojo-1.8.1/dojo/_firebug/firebug.js.uncompressed.js':[
231,
565,
],
'project:dojo-1.8.1/dojo/data/ItemFileReadStore.js.uncompressed.js':[
932,
],
'project:dojo-1.8.1/dojo/data/ItemFileWriteStore.js.uncompressed.js':[
513,
],
'project:dojo-1.8.1/dojo/dojo.js.uncompressed.js':[
1685,
1837,
1839,
],
'project:dojo-1.8.1/dojo/io/script.js.uncompressed.js':[
143,
],
'project:dojo-1.8.1/dojo/request/iframe.js.uncompressed.js':[
113,
],
'project:dojo-1.8.1/dojox/app/controllers/HistoryHash.js.uncompressed.js':[
172,
200,
209,
230,
],
'project:dojo-1.8.1/dojox/app/main.js.uncompressed.js':[
307,
],
'project:dojo-1.8.1/dojox/av/_Media.js.uncompressed.js':[
322,
332,
],
'project:dojo-1.8.1/dojox/av/widget/Status.js.uncompressed.js':[
73,
],
'project:dojo-1.8.1/dojox/calc/Grapher.js.uncompressed.js':[
102,
],
'project:dojo-1.8.1/dojox/charting/widget/Chart2D.js.uncompressed.js':[
11899,
13934,
15416,
],
'project:dojo-1.8.1/dojox/charting/widget/Legend.js.uncompressed.js':[
34,
],
'project:dojo-1.8.1/dojox/data/AndOrReadStore.js.uncompressed.js':[
223,
239,
],
'project:dojo-1.8.1/dojox/data/AtomReadStore.js.uncompressed.js':[
389,
398,
],
'project:dojo-1.8.1/dojox/data/FileStore.js.uncompressed.js':[
391,
],
'project:dojo-1.8.1/dojox/data/FlickrRestStore.js.uncompressed.js':[
328,
],
'project:dojo-1.8.1/dojox/data/JsonRestStore.js.uncompressed.js':[
113,
],
'project:dojo-1.8.1/dojox/data/XmlStore.js.uncompressed.js':[
1150,
],
'project:dojo-1.8.1/dojox/drawing/Drawing.js.uncompressed.js':[
131,
396,
518,
],
'project:dojo-1.8.1/dojox/drawing/manager/Anchors.js.uncompressed.js':[
402,
],
'project:dojo-1.8.1/dojox/drawing/manager/Stencil.js.uncompressed.js':[
63,
77,
114,
174,
184,
194,
412,
424,
434,
441,
],
'project:dojo-1.8.1/dojox/drawing/manager/Undo.js.uncompressed.js':[
39,
47,
],
'project:dojo-1.8.1/dojox/drawing/plugins/drawing/Silverlight.js.uncompressed.js':[
87,
123,
128,
],
'project:dojo-1.8.1/dojox/drawing/plugins/tools/Iconize.js.uncompressed.js':[
19,
26,
56,
86,
],
'project:dojo-1.8.1/dojox/drawing/plugins/tools/Pan.js.uncompressed.js':[
86,
],
'project:dojo-1.8.1/dojox/drawing/stencil/_Base.js.uncompressed.js':[
600,
],
'project:dojo-1.8.1/dojox/drawing/tools/Ellipse.js.uncompressed.js':[
57,
],
'project:dojo-1.8.1/dojox/drawing/tools/TextBlock.js.uncompressed.js':[
408,
426,
698,
752,
760,
773,
778,
],
'project:dojo-1.8.1/dojox/drawing/tools/custom/Axes.js.uncompressed.js':[
280,
],
'project:dojo-1.8.1/dojox/drawing/ui/Toolbar.js.uncompressed.js':[
59,
],
'project:dojo-1.8.1/dojox/drawing/util/typeset.js.uncompressed.js':[
54,
55,
],
'project:dojo-1.8.1/dojox/editor/plugins/AutoSave.js.uncompressed.js':[
368,
391,
],
'project:dojo-1.8.1/dojox/editor/plugins/AutoUrlLink.js.uncompressed.js':[
80,
],
'project:dojo-1.8.1/dojox/editor/plugins/LocalImage.js.uncompressed.js':[
283,
],
'project:dojo-1.8.1/dojox/editor/plugins/Save.js.uncompressed.js':[
97,
111,
125,
],
'project:dojo-1.8.1/dojox/editor/plugins/TablePlugins.js.uncompressed.js':[
310,
582,
1003,
],
'project:dojo-1.8.1/dojox/form/uploader/plugins/HTML5.js.uncompressed.js':[
100,
101,
],
'project:dojo-1.8.1/dojox/gantt/GanttChart.js.uncompressed.js':[
417,
419,
545,
547,
551,
],
'project:dojo-1.8.1/dojox/gantt/TabMenu.js.uncompressed.js':[
161,
172,
],
'project:dojo-1.8.1/dojox/gantt/contextMenuTab.js.uncompressed.js':[
272,
343,
],
'project:dojo-1.8.1/dojox/gfx.js.uncompressed.js':[
1031,
],
'project:dojo-1.8.1/dojox/gfx/renderer.js.uncompressed.js':[
69,
],
'project:dojo-1.8.1/dojox/grid/DataGrid.js.uncompressed.js':[
13785,
],
'project:dojo-1.8.1/dojox/grid/enhanced/plugins/Rearrange.js.uncompressed.js':[
413,
428,
445,
465,
],
'project:dojo-1.8.1/dojox/grid/enhanced/plugins/Search.js.uncompressed.js':[
91,
],
'project:dojo-1.8.1/dojox/grid/enhanced/plugins/_StoreLayer.js.uncompressed.js':[
382,
],
'project:dojo-1.8.1/dojox/help/_base.js.uncompressed.js':[
300,
],
'project:dojo-1.8.1/dojox/help/console.js.uncompressed.js':[
18,
23,
25,
45,
49,
63,
67,
72,
],
'project:dojo-1.8.1/dojox/html/styles.js.uncompressed.js':[
40,
44,
161,
],
'project:dojo-1.8.1/dojox/image/SlideShow.js.uncompressed.js':[
615,
],
'project:dojo-1.8.1/dojox/image/ThumbnailPicker.js.uncompressed.js':[
479,
],
'project:dojo-1.8.1/dojox/io/xhrMultiPart.js.uncompressed.js':[
135,
],
'project:dojo-1.8.1/dojox/lang/aspect/tracer.js.uncompressed.js':[
23,
25,
29,
],
'project:dojo-1.8.1/dojox/lang/docs.js.uncompressed.js':[
9,
],
'project:dojo-1.8.1/dojox/lang/observable.js.uncompressed.js':[
154,
157,
168,
],
'project:dojo-1.8.1/dojox/mobile.js.uncompressed.js':[
2084,
],
'project:dojo-1.8.1/dojox/mobile/View.js.uncompressed.js':[
324,
],
'project:dojo-1.8.1/dojox/mobile/app.js.uncompressed.js':[
2345,
2360,
2377,
2432,
2514,
2538,
6038,
6071,
7174,
8635,
8741,
8948,
10054,
13697,
13742,
],
'project:dojo-1.8.1/dojox/mobile/app/AlertDialog.js.uncompressed.js':[
100,
145,
],
'project:dojo-1.8.1/dojox/mobile/app/ImageView.js.uncompressed.js':[
228,
334,
541,
],
'project:dojo-1.8.1/dojox/mobile/app/ListSelector.js.uncompressed.js':[
98,
131,
],
'project:dojo-1.8.1/dojox/mobile/app/SceneController.js.uncompressed.js':[
67,
82,
99,
154,
],
'project:dojo-1.8.1/dojox/mobile/app/StageController.js.uncompressed.js':[
108,
],
'project:dojo-1.8.1/dojox/mobile/app/_base.js.uncompressed.js':[
60,
84,
],
'project:dojo-1.8.1/dojox/mobile/app/compat.js.uncompressed.js':[
123,
160,
],
'project:dojo-1.8.1/dojox/mobile/dh/HtmlContentHandler.js.uncompressed.js':[
54,
],
'project:dojo-1.8.1/dojox/mobile/dh/UrlDataSource.js.uncompressed.js':[
35,
],
'project:dojo-1.8.1/dojox/mobile/migrationAssist.js.uncompressed.js':[
167,
184,
194,
210,
221,
224,
228,
239,
248,
255,
261,
270,
281,
290,
319,
334,
337,
346,
350,
357,
361,
365,
372,
412,
418,
],
'project:dojo-1.8.1/dojox/mvc/_atBindingMixin.js.uncompressed.js':[
83,
95,
],
'project:dojo-1.8.1/dojox/mvc/sync.js.uncompressed.js':[
114,
120,
195,
227,
232,
240,
],
'project:dojo-1.8.1/dojox/robot/recorder.js.uncompressed.js':[
297,
],
'project:dojo-1.8.1/dojox/secure/DOM.js.uncompressed.js':[
197,
],
'project:dojo-1.8.1/dojox/sketch/DoubleArrowAnnotation.js.uncompressed.js':[
4,
],
'project:dojo-1.8.1/dojox/widget/FeedPortlet.js.uncompressed.js':[
328,
363,
408,
],
'project:dojo-1.8.1/dojox/widget/Portlet.js.uncompressed.js':[
159,
276,
],
'project:ecmascript6/Ghost/Gruntfile.js':[
509,
797,
799,
],
'project:ecmascript6/Ghost/core/server/ghost-server.js':[
122,
169,
175,
185,
187,
191,
209,
],
'project:ecmascript6/Ghost/core/server/middleware/ghost-busboy.js':[
53,
59,
66,
],
'project:ecmascript6/Ghost/core/server/models/plugins/include-count.js':[
64,
74,
],
'project:ecmascript6/Ghost/core/server/models/plugins/pagination.js':[
180,
],
'project:ecmascript6/Ghost/core/test/functional/base.js':[
337,
],
'project:ecmascript6/Ghost/core/test/functional/routes/admin_spec.js':[
50,
51,
],
'project:ecmascript6/Ghost/core/test/functional/routes/frontend_spec.js':[
47,
48,
],
'project:ecmascript6/Ghost/core/test/integration/api/api_configuration_spec.js':[
46,
66,
],
'project:ecmascript6/Ghost/core/test/unit/server_helpers/next_post_spec.js':[
58,
],
'project:ecmascript6/Ghost/core/test/unit/server_helpers/prev_post_spec.js':[
59,
],
'project:ecmascript6/di.js/chrome-extension/visualize/injectors/app.js':[
504,
],
'project:ecmascript6/di.js/example/angular-loader/loader.js':[
55,
58,
],
'project:ecmascript6/di.js/example/kitchen-di/skillet.js':[
6,
],
'project:ecmascript6/di.js/example/kitchen/coffee_maker.js':[
10,
15,
],
'project:ecmascript6/di.js/example/kitchen/dishwasher.js':[
8,
11,
],
'project:ecmascript6/di.js/example/kitchen/grinder.js':[
8,
],
'project:ecmascript6/di.js/example/kitchen/heater.js':[
8,
12,
],
'project:ecmascript6/di.js/example/kitchen/kitchen.js':[
12,
17,
],
'project:ecmascript6/di.js/example/kitchen/pump.js':[
9,
],
'project:ecmascript6/di.js/example/kitchen/skillet.js':[
4,
],
'project:ecmascript6/di.js/example/kitchen/stove.js':[
8,
12,
16,
],
'project:ecmascript6/di.js/example/node/engine.js':[
7,
],
'project:ecmascript6/di.js/example/node/main.js':[
7,
13,
15,
],
'project:ecmascript6/di.js/visualize/injectors/app.js':[
504,
],
'project:ecmascript6/ecmascript6-today/1-let.js':[
8,
17,
29,
],
'project:ecmascript6/ecmascript6-today/10-modules/in/main.js':[
3,
4,
],
'project:ecmascript6/ecmascript6-today/10-modules/js/main.js':[
8,
9,
],
'project:ecmascript6/ecmascript6-today/5-map.js':[
15,
19,
20,
21,
22,
23,
27,
30,
31,
],
'project:ecmascript6/ecmascript6-today/5-set.js':[
15,
16,
17,
20,
],
'project:ecmascript6/ecmascript6-today/6-destructuring.js':[
6,
10,
16,
36,
],
'project:ecmascript6/ecmascript6-today/7-rest-params/js/rest-spread.js':[
18,
22,
26,
],
'project:ecmascript6/ecmascript6-today/7-rest-params/rest-spread.js':[
5,
11,
29,
],
'project:ecmascript6/ecmascript6-today/8-iterators.js':[
8,
18,
25,
31,
41,
],
'project:ecmascript6/react-router/examples/server.js':[
28,
],
'project:ecmascript6/react-router/karma.conf.js':[
161,
162,
166,
172,
174,
175,
],
'project:ecmascript6/react-router/scripts/build.js':[
14,
],
'project:ecmascript6/reddit-mobile/index.js':[
62,
161,
187,
221,
235,
],
'project:ecmascript6/reddit-mobile/src/lib/errorLog.es6.js':[
33,
37,
],
'project:ecmascript6/reddit-mobile/src/server/console.es6.js':[
217,
261,
263,
],
'project:ecmascript6/reddit-mobile/src/server/routes.es6.js':[
40,
],
'project:ecmascript6/router/read-pkg-url.js':[
8,
],
'project:ecmascript6/router/third_party/brick/brick-1.0.1.byob.js':[
696,
747,
],
'project:ecmascript6/snoode/src/endpoints/v1.es6.js':[
175,
],
'project:ecmascript6/templating/scripts/read-pkg-url.js':[
8,
],
'project:google-closure-library/debug/console.js':[
196,
],
'project:ocanvas-2.2.2.js':[
464,
],
}
