{
'project:angular-1.0.3.js':[
1052,
1295,
1957,
2889,
2890,
3012,
3603,
3731,
3753,
4168,
4386,
4422,
4427,
4445,
4457,
5453,
10523,
11855,
12104,
12162,
12245,
12961,
13246,
13257,
13353,
13481,
13521,
13564,
13644,
14221,
14499,
],
'project:dojo-1.8.1/dijit/dijit.js.uncompressed.js':[
4973,
],
'project:dojo-1.8.1/dijit/form/_FormValueWidget.js.uncompressed.js':[
36,
],
'project:dojo-1.8.1/dojo/_base/html.js.uncompressed.js':[
141,
170,
],
'project:dojo-1.8.1/dojo/dojo.js.uncompressed.js':[
2642,
2690,
2736,
2746,
3562,
3591,
4130,
4167,
9868,
9901,
9997,
10027,
10057,
10092,
10134,
10182,
10287,
10319,
10371,
10382,
10397,
10441,
10517,
10601,
10625,
10764,
10857,
10873,
10912,
11001,
11012,
11102,
11154,
11232,
11333,
12705,
12720,
12740,
12791,
12801,
14726,
14937,
16311,
16326,
16378,
16436,
16478,
],
'project:dojo-1.8.1/dojo/dom-attr.js.uncompressed.js':[
45,
61,
100,
189,
200,
],
'project:dojo-1.8.1/dojo/dom-class.js.uncompressed.js':[
110,
125,
177,
235,
277,
],
'project:dojo-1.8.1/dojo/dom-construct.js.uncompressed.js':[
67,
119,
197,
298,
],
'project:dojo-1.8.1/dojo/dom-form.js.uncompressed.js':[
32,
80,
126,
136,
],
'project:dojo-1.8.1/dojo/dom-geometry.js.uncompressed.js':[
35,
65,
95,
130,
172,
220,
325,
357,
409,
420,
435,
479,
555,
],
'project:dojo-1.8.1/dojo/dom-prop.js.uncompressed.js':[
31,
55,
],
'project:dojo-1.8.1/dojo/dom-style.js.uncompressed.js':[
215,
248,
],
'project:dojo-1.8.1/dojo/io-query.js.uncompressed.js':[
12,
49,
],
'project:dojo-1.8.1/dojo/promise/Promise.js.uncompressed.js':[
13,
],
'project:dojo-1.8.1/dojo/promise/all.js.uncompressed.js':[
13,
],
'project:dojo-1.8.1/dojo/promise/first.js.uncompressed.js':[
13,
],
'project:dojo-1.8.1/dojo/request/util.js.uncompressed.js':[
10,
25,
45,
96,
106,
],
'project:dojo-1.8.1/dojo/request/watch.js.uncompressed.js':[
88,
],
'project:dojo-1.8.1/dojo/when.js.uncompressed.js':[
10,
],
'project:dojo-1.8.1/dojox/json/query.js.uncompressed.js':[
16,
],
'project:dojo-1.8.1/dojox/secure/DOM.js.uncompressed.js':[
257,
],
'project:ecmascript6/Ghost/Gruntfile.js':[
457,
],
'project:ecmascript6/Ghost/core/client/tests/unit/controllers/settings/navigation-test.js':[
98,
101,
122,
125,
152,
155,
],
'project:ecmascript6/Ghost/core/server/api/authentication.js':[
65,
120,
159,
206,
228,
240,
285,
],
'project:ecmascript6/Ghost/core/server/api/clients.js':[
26,
51,
],
'project:ecmascript6/Ghost/core/server/api/configuration.js':[
55,
63,
],
'project:ecmascript6/Ghost/core/server/api/index.js':[
38,
55,
102,
140,
141,
146,
168,
191,
192,
208,
211,
214,
],
'project:ecmascript6/Ghost/core/server/api/notifications.js':[
30,
52,
108,
120,
166,
178,
],
'project:ecmascript6/Ghost/core/server/api/posts.js':[
39,
81,
104,
123,
145,
170,
192,
211,
239,
],
'project:ecmascript6/Ghost/core/server/api/roles.js':[
31,
53,
],
'project:ecmascript6/Ghost/core/server/api/settings.js':[
301,
335,
383,
],
'project:ecmascript6/Ghost/core/server/api/tags.js':[
26,
56,
79,
93,
115,
130,
151,
169,
],
'project:ecmascript6/Ghost/core/server/api/themes.js':[
86,
147,
],
'project:ecmascript6/Ghost/core/server/api/users.js':[
22,
76,
108,
136,
151,
215,
238,
254,
283,
366,
376,
379,
434,
444,
473,
484,
522,
],
'project:ecmascript6/Ghost/core/server/api/utils.js':[
38,
44,
110,
146,
158,
168,
176,
185,
187,
199,
208,
211,
213,
218,
224,
235,
239,
248,
254,
],
'project:ecmascript6/Ghost/core/server/apps/dependencies.js':[
13,
],
'project:ecmascript6/Ghost/core/server/apps/sandbox.js':[
11,
20,
39,
],
'project:ecmascript6/Ghost/core/server/config/index.js':[
291,
],
'project:ecmascript6/Ghost/core/server/controllers/admin.js':[
13,
18,
20,
22,
26,
37,
39,
52,
57,
],
'project:ecmascript6/Ghost/core/server/controllers/frontend/channel-config.js':[
5,
],
'project:ecmascript6/Ghost/core/server/controllers/frontend/error.js':[
2,
],
'project:ecmascript6/Ghost/core/server/controllers/frontend/fetch-data.js':[
101,
],
'project:ecmascript6/Ghost/core/server/controllers/frontend/index.js':[
35,
45,
58,
72,
107,
114,
131,
167,
213,
],
'project:ecmascript6/Ghost/core/server/controllers/frontend/secure.js':[
5,
],
'project:ecmascript6/Ghost/core/server/data/import/index.js':[
16,
50,
71,
80,
168,
],
'project:ecmascript6/Ghost/core/server/data/import/utils.js':[
28,
41,
105,
138,
184,
213,
242,
269,
301,
],
'project:ecmascript6/Ghost/core/server/data/migration/builder.js':[
16,
20,
29,
38,
49,
],
'project:ecmascript6/Ghost/core/server/data/migration/fixtures/index.js':[
33,
42,
61,
73,
131,
170,
344,
],
'project:ecmascript6/Ghost/core/server/data/migration/fixtures/permissions/index.js':[
21,
],
'project:ecmascript6/Ghost/core/server/data/migration/index.js':[
32,
36,
44,
60,
61,
],
'project:ecmascript6/Ghost/core/server/data/schema/clients/mysql.js':[
13,
19,
25,
31,
41,
],
'project:ecmascript6/Ghost/core/server/data/schema/clients/pg.js':[
12,
18,
24,
33,
],
'project:ecmascript6/Ghost/core/server/data/schema/clients/sqlite3.js':[
12,
18,
26,
32,
],
'project:ecmascript6/Ghost/core/server/data/validation/index.js':[
19,
23,
27,
31,
37,
41,
89,
105,
119,
143,
146,
],
'project:ecmascript6/Ghost/core/server/data/xml/rss/index.js':[
28,
71,
72,
110,
123,
137,
176,
181,
186,
199,
212,
],
'project:ecmascript6/Ghost/core/server/data/xml/sitemap/handler.js':[
6,
8,
15,
19,
27,
],
'project:ecmascript6/Ghost/core/server/errors/index.js':[
188,
196,
238,
],
'project:ecmascript6/Ghost/core/server/helpers/get.js':[
92,
119,
140,
146,
159,
],
'project:ecmascript6/Ghost/core/server/i18n.js':[
23,
51,
84,
],
'project:ecmascript6/Ghost/core/server/middleware/auth-strategies.js':[
15,
17,
36,
38,
43,
],
'project:ecmascript6/Ghost/core/server/middleware/auth.js':[
72,
96,
143,
145,
167,
176,
],
'project:ecmascript6/Ghost/core/server/middleware/cache-control.js':[
12,
24,
],
'project:ecmascript6/Ghost/core/server/middleware/check-ssl.js':[
24,
40,
],
'project:ecmascript6/Ghost/core/server/middleware/decide-is-admin.js':[
11,
],
'project:ecmascript6/Ghost/core/server/middleware/ghost-busboy.js':[
26,
43,
52,
58,
65,
70,
74,
],
'project:ecmascript6/Ghost/core/server/middleware/index.js':[
50,
],
'project:ecmascript6/Ghost/core/server/middleware/oauth.js':[
12,
27,
29,
31,
43,
48,
57,
61,
65,
73,
98,
],
'project:ecmascript6/Ghost/core/server/middleware/private-blogging.js':[
19,
29,
30,
47,
58,
74,
79,
91,
99,
109,
117,
],
'project:ecmascript6/Ghost/core/server/middleware/redirect-to-setup.js':[
6,
11,
],
'project:ecmascript6/Ghost/core/server/middleware/serve-shared-file.js':[
17,
23,
],
'project:ecmascript6/Ghost/core/server/middleware/spam-prevention.js':[
21,
39,
60,
70,
85,
119,
139,
159,
160,
],
'project:ecmascript6/Ghost/core/server/middleware/static-theme.js':[
25,
],
'project:ecmascript6/Ghost/core/server/middleware/theme-handler.js':[
15,
28,
56,
66,
71,
91,
94,
119,
],
'project:ecmascript6/Ghost/core/server/middleware/uncapitalise.js':[
12,
],
'project:ecmascript6/Ghost/core/server/models/app-field.js':[
8,
],
'project:ecmascript6/Ghost/core/server/models/app-setting.js':[
8,
],
'project:ecmascript6/Ghost/core/server/models/app.js':[
8,
18,
24,
28,
37,
],
'project:ecmascript6/Ghost/core/server/models/base/index.js':[
56,
61,
68,
78,
79,
85,
89,
95,
106,
109,
122,
124,
135,
148,
153,
157,
171,
185,
190,
195,
206,
216,
229,
244,
247,
249,
277,
313,
329,
343,
348,
362,
380,
385,
398,
405,
411,
452,
457,
],
'project:ecmascript6/Ghost/core/server/models/base/token.js':[
10,
14,
20,
26,
33,
38,
46,
55,
67,
76,
],
'project:ecmascript6/Ghost/core/server/models/base/utils.js':[
9,
13,
21,
28,
35,
37,
43,
52,
58,
],
'project:ecmascript6/Ghost/core/server/models/client.js':[
8,
17,
],
'project:ecmascript6/Ghost/core/server/models/index.js':[
49,
52,
53,
57,
58,
],
'project:ecmascript6/Ghost/core/server/models/permission.js':[
10,
14,
18,
],
'project:ecmascript6/Ghost/core/server/models/plugins/access-rules.js':[
19,
32,
],
'project:ecmascript6/Ghost/core/server/models/plugins/filter.js':[
17,
77,
82,
83,
91,
128,
147,
],
'project:ecmascript6/Ghost/core/server/models/plugins/include-count.js':[
10,
27,
],
'project:ecmascript6/Ghost/core/server/models/plugins/pagination.js':[
36,
53,
68,
127,
136,
188,
],
'project:ecmascript6/Ghost/core/server/models/post.js':[
21,
29,
36,
41,
45,
53,
85,
93,
104,
146,
152,
171,
181,
256,
270,
274,
278,
282,
286,
290,
294,
310,
313,
317,
329,
370,
393,
412,
446,
453,
463,
473,
493,
497,
499,
514,
518,
528,
532,
533,
543,
549,
550,
551,
562,
573,
],
'project:ecmascript6/Ghost/core/server/models/role.js':[
14,
18,
27,
43,
54,
],
'project:ecmascript6/Ghost/core/server/models/settings.js':[
21,
22,
47,
54,
58,
75,
79,
92,
128,
152,
164,
165,
166,
169,
],
'project:ecmascript6/Ghost/core/server/models/tag.js':[
11,
15,
18,
21,
24,
29,
40,
46,
50,
61,
68,
72,
92,
106,
110,
111,
],
'project:ecmascript6/Ghost/core/server/models/user.js':[
41,
45,
48,
56,
70,
79,
90,
99,
108,
123,
137,
147,
151,
155,
159,
162,
166,
169,
173,
184,
222,
246,
301,
314,
321,
327,
336,
353,
371,
379,
384,
387,
391,
392,
404,
410,
422,
428,
436,
450,
502,
518,
524,
527,
537,
539,
544,
557,
571,
585,
605,
612,
618,
623,
624,
644,
677,
703,
719,
725,
738,
744,
756,
769,
773,
779,
784,
789,
807,
815,
816,
],
'project:ecmascript6/Ghost/core/server/routes/api.js':[
6,
],
'project:ecmascript6/Ghost/core/server/routes/frontend.js':[
9,
49,
52,
57,
76,
90,
98,
],
'project:ecmascript6/Ghost/core/server/update-check.js':[
105,
116,
121,
122,
123,
124,
134,
137,
142,
171,
172,
190,
207,
],
'project:ecmascript6/Ghost/core/server/utils/labs.js':[
4,
],
'project:ecmascript6/Ghost/core/server/utils/startup-check.js':[
19,
28,
44,
71,
100,
167,
],
'project:ecmascript6/Ghost/core/test/functional/base.js':[
150,
152,
156,
158,
163,
170,
178,
234,
243,
253,
271,
272,
334,
364,
434,
441,
446,
455,
456,
462,
464,
471,
478,
496,
512,
523,
],
'project:ecmascript6/Ghost/core/test/functional/client/about_test.js':[
6,
7,
12,
17,
22,
],
'project:ecmascript6/Ghost/core/test/functional/client/app_test.js':[
6,
7,
12,
76,
82,
111,
122,
127,
133,
152,
153,
158,
164,
169,
174,
181,
183,
187,
189,
193,
195,
197,
202,
215,
219,
225,
],
'project:ecmascript6/Ghost/core/test/functional/client/content_test.js':[
6,
11,
16,
34,
38,
43,
49,
53,
62,
],
'project:ecmascript6/Ghost/core/test/functional/client/editor_test.js':[
5,
13,
21,
29,
34,
41,
46,
61,
72,
86,
88,
96,
104,
112,
118,
126,
132,
136,
146,
156,
163,
164,
172,
196,
206,
212,
218,
226,
230,
252,
253,
267,
272,
282,
285,
294,
297,
302,
303,
317,
328,
338,
341,
350,
353,
358,
360,
367,
374,
379,
388,
402,
411,
421,
424,
432,
444,
454,
457,
464,
466,
469,
475,
480,
494,
503,
512,
518,
524,
525,
531,
535,
552,
554,
559,
560,
566,
576,
580,
590,
593,
602,
609,
615,
616,
624,
635,
641,
642,
648,
659,
676,
680,
688,
689,
695,
706,
723,
727,
],
'project:ecmascript6/Ghost/core/test/functional/client/psm_test.js':[
6,
7,
29,
34,
39,
59,
63,
72,
77,
97,
101,
110,
115,
128,
130,
134,
136,
141,
146,
174,
184,
189,
206,
211,
221,
228,
239,
246,
],
'project:ecmascript6/Ghost/core/test/functional/client/settings_test.js':[
10,
11,
16,
24,
25,
59,
66,
68,
73,
79,
80,
90,
99,
111,
121,
131,
],
'project:ecmascript6/Ghost/core/test/functional/client/signin_test.js':[
6,
8,
12,
25,
27,
33,
36,
42,
45,
49,
53,
59,
64,
67,
72,
78,
81,
86,
89,
95,
101,
104,
108,
111,
116,
119,
125,
131,
135,
142,
145,
151,
157,
161,
167,
174,
180,
187,
194,
197,
203,
210,
214,
221,
224,
230,
237,
241,
],
'project:ecmascript6/Ghost/core/test/functional/client/signout_test.js':[
5,
9,
14,
27,
],
'project:ecmascript6/Ghost/core/test/functional/client/signup_test.js':[
6,
],
'project:ecmascript6/Ghost/core/test/functional/client/team_test.js':[
10,
13,
15,
22,
30,
32,
36,
45,
46,
59,
60,
74,
75,
94,
99,
101,
105,
109,
110,
112,
120,
122,
126,
136,
139,
144,
150,
158,
164,
167,
172,
178,
186,
190,
195,
198,
203,
209,
216,
220,
226,
236,
237,
246,
250,
256,
261,
262,
267,
275,
280,
281,
286,
294,
299,
300,
305,
313,
],
'project:ecmascript6/Ghost/core/test/functional/routes/api/error_spec.js':[
35,
],
'project:ecmascript6/Ghost/core/test/functional/setup/setup_test.js':[
5,
6,
10,
15,
19,
26,
30,
35,
39,
44,
48,
64,
67,
72,
73,
78,
84,
87,
91,
94,
],
'project:ecmascript6/Ghost/core/test/integration/api/api_users_spec.js':[
29,
],
'project:ecmascript6/Ghost/core/test/integration/import_spec.js':[
664,
889,
1114,
1346,
],
'project:ecmascript6/Ghost/core/test/integration/model/model_users_spec.js':[
18,
35,
],
'project:ecmascript6/Ghost/core/test/unit/middleware/authentication_spec.js':[
29,
39,
49,
59,
70,
81,
],
'project:ecmascript6/Ghost/core/test/unit/rss_spec.js':[
34,
81,
122,
164,
193,
228,
285,
305,
323,
366,
378,
],
'project:ecmascript6/Ghost/core/test/utils/index.js':[
35,
44,
105,
136,
155,
188,
193,
207,
218,
232,
241,
263,
272,
294,
300,
315,
333,
370,
374,
381,
385,
391,
392,
398,
404,
405,
406,
407,
409,
410,
411,
412,
413,
416,
417,
418,
419,
420,
421,
422,
423,
424,
426,
427,
442,
449,
472,
487,
507,
528,
540,
546,
576,
],
'project:ecmascript6/di.js/chrome-extension/visualize/lib/angular.js':[
1513,
1881,
2641,
2711,
3815,
3816,
4165,
5207,
5477,
5505,
5632,
6125,
6411,
6448,
6453,
6494,
6516,
8408,
9200,
10284,
10304,
10375,
10385,
10616,
12290,
12506,
12547,
12555,
12558,
13092,
13097,
15151,
16701,
17017,
17021,
17022,
17080,
17204,
18284,
18493,
18843,
18854,
19112,
19393,
19542,
19587,
19723,
19732,
20173,
20505,
],
'project:ecmascript6/di.js/example/angular-loader/traceur.js':[
13003,
18239,
18247,
18257,
18260,
18266,
18272,
18288,
18294,
18319,
18333,
18378,
18399,
18433,
18454,
18471,
18521,
18535,
18579,
18591,
18607,
18645,
18662,
18722,
18731,
18756,
18778,
18801,
18849,
18908,
18922,
18934,
18953,
18968,
18979,
18982,
18995,
19002,
],
'project:ecmascript6/di.js/src/injector.js':[
154,
163,
],
'project:ecmascript6/di.js/src/providers.js':[
88,
],
'project:ecmascript6/di.js/visualize/lib/angular.js':[
1513,
1881,
2641,
2711,
3815,
3816,
4165,
5207,
5477,
5505,
5632,
6125,
6411,
6448,
6453,
6494,
6516,
8408,
9200,
10284,
10304,
10375,
10385,
10616,
12290,
12506,
12547,
12555,
12558,
13092,
13097,
15151,
16701,
17017,
17021,
17022,
17080,
17204,
18284,
18493,
18843,
18854,
19112,
19393,
19542,
19587,
19723,
19732,
20173,
20505,
],
'project:ecmascript6/http/lib/gulp/karma/index.js':[
5,
],
'project:ecmascript6/reddit-mobile/buildTasks/js.js':[
24,
],
'project:ecmascript6/reddit-mobile/buildTasks/less.js':[
14,
],
'project:ecmascript6/redux/examples/real-world/reducers/paginate.js':[
46,
],
'project:ecmascript6/redux/src/createStore.js':[
64,
],
'project:ecmascript6/redux/src/utils/combineReducers.js':[
111,
],
'project:ecmascript6/redux/test/createStore.spec.js':[
328,
],
'project:ecmascript6/snoode/src/endpoints/v1.es6.js':[
124,
],
'project:ecmascript6/watchtower.js/lib/gulp/karma/index.js':[
5,
],
'project:es5-shim-2.0.5.js':[
38,
221,
248,
277,
303,
334,
360,
386,
435,
483,
513,
562,
609,
669,
788,
849,
910,
],
'project:jquery-1.7.2.js':[
905,
],
'project:jshint-2012.06.15.js':[
1058,
],
'project:knockout-2.1.0.debug.js':[
957,
],
'project:processing-1.3.6.js':[
2784,
2929,
4632,
5205,
5220,
],
'project:underscore-1.3.3.js':[
480,
],
'project:yui-3.7.3/handlebars-compiler/handlebars-compiler.js':[
24,
29,
117,
120,
309,
413,
421,
424,
427,
433,
437,
511,
],
'project:yui-3.7.3/querystring-parse/querystring-parse.js':[
46,
],
}
