{
'project:angular-1.0.3.js':[
504,
3877,
],
'project:dojo-1.8.1/dijit/DropDownMenu.js.uncompressed.js':[
39,
],
'project:dojo-1.8.1/dijit/Editor.js.uncompressed.js':[
675,
],
'project:dojo-1.8.1/dijit/MenuBar.js.uncompressed.js':[
70,
],
'project:dojo-1.8.1/dijit/_CssStateMixin.js.uncompressed.js':[
83,
211,
],
'project:dojo-1.8.1/dijit/_WidgetBase.js.uncompressed.js':[
685,
],
'project:dojo-1.8.1/dijit/dijit-all.js.uncompressed.js':[
6214,
7148,
7159,
11111,
11146,
11168,
14898,
15647,
17947,
19313,
25485,
25697,
],
'project:dojo-1.8.1/dijit/dijit.js.uncompressed.js':[
1822,
2921,
3049,
],
'project:dojo-1.8.1/dijit/form/_AutoCompleterMixin.js.uncompressed.js':[
140,
],
'project:dojo-1.8.1/dijit/form/_TextBoxMixin.js.uncompressed.js':[
244,
255,
],
'project:dojo-1.8.1/dojo/Deferred.js.uncompressed.js':[
76,
],
'project:dojo-1.8.1/dojo/_base/connect.js.uncompressed.js':[
28,
],
'project:dojo-1.8.1/dojo/_base/html.js.uncompressed.js':[
381,
],
'project:dojo-1.8.1/dojo/_firebug/firebug.js.uncompressed.js':[
748,
],
'project:dojo-1.8.1/dojo/date.js.uncompressed.js':[
227,
262,
284,
],
'project:dojo-1.8.1/dojo/date/locale.js.uncompressed.js':[
122,
334,
],
'project:dojo-1.8.1/dojo/dnd/Manager.js.uncompressed.js':[
167,
],
'project:dojo-1.8.1/dojo/dojo.js.uncompressed.js':[
3802,
13980,
15319,
17364,
],
'project:dojo-1.8.1/dojo/on.js.uncompressed.js':[
358,
],
'project:dojo-1.8.1/dojo/store/util/SimpleQueryEngine.js.uncompressed.js':[
51,
],
'project:dojo-1.8.1/dojox/analytics/plugins/gestureEvents.js.uncompressed.js':[
65,
],
'project:dojo-1.8.1/dojox/analytics/plugins/mouseClick.js.uncompressed.js':[
18,
],
'project:dojo-1.8.1/dojox/analytics/plugins/touchPress.js.uncompressed.js':[
48,
],
'project:dojo-1.8.1/dojox/calendar/CalendarBase.js.uncompressed.js':[
501,
],
'project:dojo-1.8.1/dojox/calendar/HorizontalRenderer.js.uncompressed.js':[
64,
],
'project:dojo-1.8.1/dojox/calendar/Keyboard.js.uncompressed.js':[
253,
],
'project:dojo-1.8.1/dojox/calendar/LabelRenderer.js.uncompressed.js':[
28,
],
'project:dojo-1.8.1/dojox/calendar/MatrixView.js.uncompressed.js':[
2005,
],
'project:dojo-1.8.1/dojox/calendar/MobileHorizontalRenderer.js.uncompressed.js':[
61,
],
'project:dojo-1.8.1/dojox/calendar/MobileVerticalRenderer.js.uncompressed.js':[
32,
],
'project:dojo-1.8.1/dojox/calendar/MonthColumnView.js.uncompressed.js':[
461,
],
'project:dojo-1.8.1/dojox/calendar/SimpleColumnView.js.uncompressed.js':[
497,
979,
],
'project:dojo-1.8.1/dojox/calendar/Touch.js.uncompressed.js':[
191,
],
'project:dojo-1.8.1/dojox/calendar/VerticalRenderer.js.uncompressed.js':[
23,
],
'project:dojo-1.8.1/dojox/calendar/_RendererMixin.js.uncompressed.js':[
138,
],
'project:dojo-1.8.1/dojox/calendar/time.js.uncompressed.js':[
132,
],
'project:dojo-1.8.1/dojox/charting/Chart.js.uncompressed.js':[
634,
],
'project:dojo-1.8.1/dojox/charting/Element.js.uncompressed.js':[
208,
272,
],
'project:dojo-1.8.1/dojox/charting/axis2d/Default.js.uncompressed.js':[
642,
710,
],
'project:dojo-1.8.1/dojox/charting/widget/Chart2D.js.uncompressed.js':[
439,
457,
517,
2145,
2695,
3775,
6250,
6278,
11231,
13788,
13888,
14252,
14939,
15370,
17168,
17236,
19180,
19244,
20017,
],
'project:dojo-1.8.1/dojox/collections/BinaryTree.js.uncompressed.js':[
183,
],
'project:dojo-1.8.1/dojox/color/_base.js.uncompressed.js':[
115,
],
'project:dojo-1.8.1/dojox/data/AtomReadStore.js.uncompressed.js':[
470,
],
'project:dojo-1.8.1/dojox/data/ItemExplorer.js.uncompressed.js':[
341,
453,
],
'project:dojo-1.8.1/dojox/data/OpenSearchStore.js.uncompressed.js':[
297,
357,
],
'project:dojo-1.8.1/dojox/data/restListener.js.uncompressed.js':[
36,
],
'project:dojo-1.8.1/dojox/date/buddhist.js.uncompressed.js':[
38,
120,
145,
167,
],
'project:dojo-1.8.1/dojox/date/buddhist/locale.js.uncompressed.js':[
52,
199,
],
'project:dojo-1.8.1/dojox/date/hebrew.js.uncompressed.js':[
54,
127,
152,
174,
],
'project:dojo-1.8.1/dojox/date/hebrew/locale.js.uncompressed.js':[
67,
223,
],
'project:dojo-1.8.1/dojox/date/islamic.js.uncompressed.js':[
53,
128,
153,
175,
],
'project:dojo-1.8.1/dojox/date/islamic/locale.js.uncompressed.js':[
54,
200,
],
'project:dojo-1.8.1/dojox/date/posix.js.uncompressed.js':[
23,
],
'project:dojo-1.8.1/dojox/dgauges/GaugeBase.js.uncompressed.js':[
102,
],
'project:dojo-1.8.1/dojox/drawing/plugins/tools/Pan.js.uncompressed.js':[
56,
],
'project:dojo-1.8.1/dojox/drawing/tools/Path.js.uncompressed.js':[
61,
],
'project:dojo-1.8.1/dojox/drawing/tools/TextBlock.js.uncompressed.js':[
302,
713,
758,
],
'project:dojo-1.8.1/dojox/dtl.js.uncompressed.js':[
2674,
2709,
2731,
],
'project:dojo-1.8.1/dojox/dtl/dom.js.uncompressed.js':[
302,
],
'project:dojo-1.8.1/dojox/editor/plugins/NormalizeStyle.js.uncompressed.js':[
116,
138,
263,
303,
],
'project:dojo-1.8.1/dojox/editor/plugins/TablePlugins.js.uncompressed.js':[
551,
1195,
],
'project:dojo-1.8.1/dojox/editor/plugins/TextColor.js.uncompressed.js':[
198,
],
'project:dojo-1.8.1/dojox/editor/plugins/UploadImage.js.uncompressed.js':[
106,
],
'project:dojo-1.8.1/dojox/encoding/base64.js.uncompressed.js':[
22,
],
'project:dojo-1.8.1/dojox/form/manager/_NodeMixin.js.uncompressed.js':[
24,
32,
262,
],
'project:dojo-1.8.1/dojox/form/uploader/Base.js.uncompressed.js':[
74,
],
'project:dojo-1.8.1/dojox/gauges/_Gauge.js.uncompressed.js':[
149,
],
'project:dojo-1.8.1/dojox/geo/charting/widget/Map.js.uncompressed.js':[
156,
],
'project:dojo-1.8.1/dojox/geo/openlayers/Map.js.uncompressed.js':[
263,
],
'project:dojo-1.8.1/dojox/geo/openlayers/widget/Map.js.uncompressed.js':[
134,
],
'project:dojo-1.8.1/dojox/gesture/tap.js.uncompressed.js':[
102,
],
'project:dojo-1.8.1/dojox/gfx.js.uncompressed.js':[
885,
985,
],
'project:dojo-1.8.1/dojox/gfx/_base.js.uncompressed.js':[
883,
],
'project:dojo-1.8.1/dojox/gfx/_gfxBidiSupport.js.uncompressed.js':[
12,
],
'project:dojo-1.8.1/dojox/gfx/canvas.js.uncompressed.js':[
128,
192,
],
'project:dojo-1.8.1/dojox/gfx/gradutils.js.uncompressed.js':[
40,
68,
],
'project:dojo-1.8.1/dojox/gfx/matrix.js.uncompressed.js':[
377,
],
'project:dojo-1.8.1/dojox/gfx/path.js.uncompressed.js':[
117,
],
'project:dojo-1.8.1/dojox/gfx/renderer.js.uncompressed.js':[
23,
],
'project:dojo-1.8.1/dojox/gfx/shape.js.uncompressed.js':[
285,
972,
],
'project:dojo-1.8.1/dojox/gfx/silverlight.js.uncompressed.js':[
77,
273,
520,
754,
],
'project:dojo-1.8.1/dojox/gfx/svg.js.uncompressed.js':[
143,
],
'project:dojo-1.8.1/dojox/gfx/svg_attach.js.uncompressed.js':[
95,
],
'project:dojo-1.8.1/dojox/gfx/vml.js.uncompressed.js':[
83,
696,
1384,
],
'project:dojo-1.8.1/dojox/gfx/vml_attach.js.uncompressed.js':[
28,
56,
312,
],
'project:dojo-1.8.1/dojox/grid/DataGrid.js.uncompressed.js':[
2154,
3674,
3802,
11806,
],
'project:dojo-1.8.1/dojox/grid/enhanced/_FocusManager.js.uncompressed.js':[
292,
534,
599,
713,
],
'project:dojo-1.8.1/dojox/grid/enhanced/plugins/AutoScroll.js.uncompressed.js':[
105,
],
'project:dojo-1.8.1/dojox/grid/enhanced/plugins/DnD.js.uncompressed.js':[
207,
534,
877,
1002,
1022,
1049,
],
'project:dojo-1.8.1/dojox/grid/enhanced/plugins/GridSource.js.uncompressed.js':[
68,
],
'project:dojo-1.8.1/dojox/grid/enhanced/plugins/NestedSorting.js.uncompressed.js':[
578,
],
'project:dojo-1.8.1/dojox/grid/enhanced/plugins/Selector.js.uncompressed.js':[
81,
100,
345,
369,
784,
1048,
1116,
1174,
1281,
1457,
],
'project:dojo-1.8.1/dojox/html/ext-dojo/style.js.uncompressed.js':[
168,
],
'project:dojo-1.8.1/dojox/image/Lightbox.js.uncompressed.js':[
570,
],
'project:dojo-1.8.1/dojox/image/SlideShow.js.uncompressed.js':[
596,
],
'project:dojo-1.8.1/dojox/io/proxy/xip.js.uncompressed.js':[
319,
],
'project:dojo-1.8.1/dojox/lang/utils.js.uncompressed.js':[
9,
27,
87,
],
'project:dojo-1.8.1/dojox/layout/ExpandoPane.js.uncompressed.js':[
87,
],
'project:dojo-1.8.1/dojox/layout/GridContainerLite.js.uncompressed.js':[
604,
646,
],
'project:dojo-1.8.1/dojox/layout/ResizeHandle.js.uncompressed.js':[
128,
243,
],
'project:dojo-1.8.1/dojox/layout/RotatorContainer.js.uncompressed.js':[
282,
],
'project:dojo-1.8.1/dojox/layout/ext-dijit/layout/StackContainer-touch.js.uncompressed.js':[
17,
],
'project:dojo-1.8.1/dojox/mobile.js.uncompressed.js':[
4378,
],
'project:dojo-1.8.1/dojox/mobile/app.js.uncompressed.js':[
1788,
1799,
9086,
13142,
],
'project:dojo-1.8.1/dojox/mobile/app/ImageView.js.uncompressed.js':[
679,
],
'project:dojo-1.8.1/dojox/mobile/pageTurningUtils.js.uncompressed.js':[
136,
],
'project:dojo-1.8.1/dojox/secure/fromJson.js.uncompressed.js':[
135,
],
'project:dojo-1.8.1/dojox/sketch/Figure.js.uncompressed.js':[
410,
],
'project:dojo-1.8.1/dojox/string/BidiComplex.js.uncompressed.js':[
275,
],
'project:dojo-1.8.1/dojox/string/BidiEngine.js.uncompressed.js':[
839,
],
'project:dojo-1.8.1/dojox/treemap/GroupLabel.js.uncompressed.js':[
27,
],
'project:dojo-1.8.1/dojox/treemap/Keyboard.js.uncompressed.js':[
66,
],
'project:dojo-1.8.1/dojox/validate/creditCard.js.uncompressed.js':[
98,
],
'project:dojo-1.8.1/dojox/validate/isbn.js.uncompressed.js':[
16,
],
'project:dojo-1.8.1/dojox/widget/ColorPicker.js.uncompressed.js':[
380,
],
'project:dojo-1.8.1/dojox/widget/Pager.js.uncompressed.js':[
99,
118,
],
'project:dojo-1.8.1/dojox/widget/WizardPane.js.uncompressed.js':[
69,
],
'project:dojo-1.8.1/dojox/widget/_CalendarMonthYearView.js.uncompressed.js':[
45,
],
'project:dojo-1.8.1/dojox/widget/rotator/Controller.js.uncompressed.js':[
101,
170,
],
'project:dojo-1.8.1/dojox/xml/parser.js.uncompressed.js':[
113,
],
'project:dojo-1.8.1/dojox/xmpp/util.js.uncompressed.js':[
19,
56,
],
'project:dojo-1.8.1/dojox/xmpp/xmppSession.js.uncompressed.js':[
182,
437,
478,
],
'project:ecmascript6/Ghost/Gruntfile.js':[
309,
],
'project:ecmascript6/Ghost/core/client/app/controllers/setup/three.js':[
92,
],
'project:ecmascript6/Ghost/core/server/utils/downzero.js':[
31,
],
'project:ecmascript6/di.js/chrome-extension/visualize/lib/angular.js':[
737,
5665,
],
'project:ecmascript6/di.js/chrome-extension/visualize/lib/d3.v3.js':[
1632,
2137,
8205,
],
'project:ecmascript6/di.js/example/angular-loader/traceur.js':[
304,
330,
687,
1700,
2886,
2922,
2942,
2950,
2957,
2964,
2975,
5863,
5870,
5888,
5903,
5911,
5971,
6803,
8747,
8757,
8804,
8988,
9044,
9270,
9447,
10018,
10519,
10974,
11076,
11205,
11586,
11599,
11936,
12092,
12428,
13518,
16001,
16724,
16726,
],
'project:ecmascript6/di.js/visualize/lib/angular.js':[
737,
5665,
],
'project:ecmascript6/di.js/visualize/lib/d3.v3.js':[
1632,
2137,
8205,
],
'project:ecmascript6/expressionist.js/test/parser.spec.js':[
947,
],
'project:ecmascript6/reddit-mobile/index.js':[
181,
],
'project:ecmascript6/router/third_party/brick/brick-1.0.1.byob.js':[
329,
1308,
1348,
1761,
],
'project:ecmascript6/snoode/src/endpoints/v1.es6.js':[
430,
498,
998,
1159,
],
'project:frameworks/wordpress/customize-controls.js':[
25,
],
'project:frameworks/wordpress/nav-menu.js':[
295,
545,
],
'project:frameworks/wordpress/postbox.js':[
175,
],
'project:frameworks/wordpress/updates.js':[
531,
],
'project:google-closure-library/color/color.js':[
439,
],
'project:google-closure-library/crypt/hash32.js':[
111,
],
'project:google-closure-library/datasource/xmldatasource.js':[
71,
],
'project:google-closure-library/date/date.js':[
171,
],
'project:google-closure-library/dom/dom.js':[
883,
],
'project:google-closure-library/dom/dom_test.js':[
1099,
],
'project:google-closure-library/editor/plugins/basictextformatter.js':[
209,
506,
],
'project:google-closure-library/editor/plugins/headerformatter.js':[
71,
],
'project:google-closure-library/events/imehandler.js':[
322,
],
'project:google-closure-library/events/keycodes.js':[
271,
],
'project:google-closure-library/fx/draglistgroup.js':[
973,
],
'project:google-closure-library/gears/basestore.js':[
308,
344,
433,
],
'project:google-closure-library/graphics/canvaselement.js':[
404,
],
'project:google-closure-library/graphics/svggraphics.js':[
658,
],
'project:google-closure-library/graphics/vmlgraphics.js':[
797,
],
'project:google-closure-library/i18n/datetimeparse.js':[
780,
],
'project:google-closure-library/net/xhrio.js':[
993,
],
'project:google-closure-library/net/xhrmanager.js':[
282,
],
'project:google-closure-library/net/xpc/crosspagechannel.js':[
291,
],
'project:google-closure-library/net/xpc/nativemessagingtransport.js':[
366,
],
'project:google-closure-library/proto2/fielddescriptor.js':[
111,
],
'project:google-closure-library/proto2/textformatserializer.js':[
156,
669,
],
'project:google-closure-library/structs/quadtree.js':[
240,
350,
],
'project:google-closure-library/testing/asserts.js':[
75,
],
'project:google-closure-library/testing/multitestrunner.js':[
1404,
],
'project:google-closure-library/testing/testcase.js':[
570,
],
'project:google-closure-library/ui/ac/autocomplete.js':[
244,
],
'project:google-closure-library/ui/combobox.js':[
713,
],
'project:google-closure-library/ui/container.js':[
613,
],
'project:google-closure-library/ui/datepicker.js':[
1052,
],
'project:google-closure-library/ui/keyboardshortcuthandler.js':[
576,
],
'project:google-closure-library/ui/menuitemrenderer.js':[
91,
],
'project:google-closure-library/ui/offlineinstalldialog.js':[
878,
],
'project:google-closure-library/ui/palette.js':[
288,
],
'project:google-closure-library/ui/plaintextspellchecker.js':[
559,
],
'project:google-closure-library/ui/roundedpanel.js':[
351,
586,
],
'project:google-closure-library/ui/tabpane.js':[
451,
],
'project:google-closure-library/ui/tree/treecontrol.js':[
527,
],
'project:google-closure-library/ui/tree/typeahead.js':[
109,
],
'project:google-closure-library/ui/tristatemenuitem.js':[
139,
],
'project:jquery-1.7.2.js':[
4721,
],
'project:jshint-2012.06.15.js':[
1187,
1485,
1686,
1940,
2775,
2850,
],
'project:knockout-2.1.0.debug.js':[
1305,
1475,
1500,
2042,
3247,
],
'project:mootools-core-1.4.5-full-nocompat.js':[
1294,
4612,
5324,
5344,
5599,
],
'project:open-layers-2.12/OpenLayers/BaseTypes/Bounds.js':[
329,
],
'project:open-layers-2.12/OpenLayers/Control/Pan.js':[
80,
],
'project:open-layers-2.12/OpenLayers/Control/PanZoom.js':[
180,
],
'project:open-layers-2.12/OpenLayers/Events/buttonclick.js':[
140,
],
'project:open-layers-2.12/OpenLayers/Feature/Vector.js':[
335,
353,
],
'project:open-layers-2.12/OpenLayers/Filter/Comparison.js':[
118,
],
'project:open-layers-2.12/OpenLayers/Filter/Logical.js':[
74,
],
'project:open-layers-2.12/OpenLayers/Format/CQL.js':[
264,
],
'project:open-layers-2.12/OpenLayers/Format/Filter/v1.js':[
85,
],
'project:open-layers-2.12/OpenLayers/Format/GeoJSON.js':[
84,
],
'project:open-layers-2.12/OpenLayers/Format/KML.js':[
233,
],
'project:open-layers-2.12/OpenLayers/Format/OSM.js':[
452,
],
'project:open-layers-2.12/OpenLayers/Format/WFS.js':[
78,
],
'project:open-layers-2.12/OpenLayers/Format/XML.js':[
372,
721,
],
'project:open-layers-2.12/Rico/Color.js':[
174,
],
'project:open-layers-2.12/deprecated.js':[
1748,
3960,
],
'project:paper-0.22.js':[
3570,
3781,
4996,
7191,
7208,
7633,
7633,
7633,
7633,
7633,
7633,
],
'project:processing-1.3.6.js':[
3578,
4572,
7219,
7827,
8177,
8211,
8230,
],
'project:prototype-1.7.js':[
181,
186,
225,
232,
239,
4531,
],
'project:qunit-1.8.0.js':[
708,
],
'project:scriptaculous-1.9.0/controls.js':[
131,
],
'project:scriptaculous-1.9.0/effects.js':[
178,
770,
843,
],
'project:sizzle-1.8.2.js':[
660,
],
'project:underscore-1.3.3.js':[
697,
],
'project:yui-3.7.3/calendar-base/calendar-base.js':[
659,
1149,
],
'project:yui-3.7.3/calendar/calendar.js':[
189,
282,
],
'project:yui-3.7.3/charts-base/charts-base.js':[
7281,
],
'project:yui-3.7.3/charts-legend/charts-legend.js':[
199,
361,
549,
704,
793,
825,
],
'project:yui-3.7.3/datatable-body/datatable-body.js':[
222,
],
'project:yui-3.7.3/dd-ddm-base/dd-ddm-base.js':[
97,
270,
],
'project:yui-3.7.3/dial/dial.js':[
1045,
1076,
1095,
],
'project:yui-3.7.3/editor-base/editor-base.js':[
182,
596,
694,
],
'project:yui-3.7.3/editor-br/editor-br.js':[
80,
],
'project:yui-3.7.3/editor-para-ie/editor-para-ie.js':[
38,
],
'project:yui-3.7.3/editor-para/editor-para.js':[
39,
],
'project:yui-3.7.3/file-flash/file-flash.js':[
49,
],
'project:yui-3.7.3/file-html5/file-html5.js':[
90,
],
'project:yui-3.7.3/frame/frame.js':[
366,
],
'project:yui-3.7.3/gesture-simulate/gesture-simulate.js':[
1287,
],
'project:yui-3.7.3/graphics-svg/graphics-svg.js':[
693,
],
'project:yui-3.7.3/graphics-vml/graphics-vml.js':[
3468,
],
'project:yui-3.7.3/handlebars-compiler/handlebars-compiler.js':[
32,
240,
440,
],
'project:yui-3.7.3/io-base/io-base.js':[
672,
],
'project:yui-3.7.3/io-xdr/io-xdr.js':[
230,
],
'project:yui-3.7.3/node-menunav/node-menunav.js':[
1532,
2055,
],
'project:yui-3.7.3/simpleyui/simpleyui.js':[
17946,
],
'project:yui-3.7.3/slider-base/slider-base.js':[
312,
345,
366,
],
'project:yui-3.7.3/sortable/sortable.js':[
142,
],
'project:yui-3.7.3/test/test.js':[
415,
491,
570,
],
'project:yui-3.7.3/uploader-flash/uploader-flash.js':[
600,
],
'project:yui-3.7.3/uploader-html5/uploader-html5.js':[
354,
540,
],
'project:yui-3.7.3/yui-log-nodejs/yui-log-nodejs.js':[
59,
],
'project:yui-3.7.3/yui-nodejs/yui-nodejs.js':[
4631,
],
}
