{
'project:angular-1.0.3.js':[
0,
],
'project:backbone-0.9.2.js':[
0,
],
'project:dojo-1.8.1/dijit/Tree.js.uncompressed.js':[
0,
],
'project:dojo-1.8.1/dijit/_WidgetBase.js.uncompressed.js':[
0,
],
'project:dojo-1.8.1/dijit/_editor/RichText.js.uncompressed.js':[
0,
],
'project:dojo-1.8.1/dijit/dijit-all.js.uncompressed.js':[
0,
],
'project:dojo-1.8.1/dijit/dijit.js.uncompressed.js':[
0,
],
'project:dojo-1.8.1/dojo/_base/declare.js.uncompressed.js':[
0,
],
'project:dojo-1.8.1/dojo/_firebug/firebug.js.uncompressed.js':[
0,
],
'project:dojo-1.8.1/dojo/dojo.js.uncompressed.js':[
0,
],
'project:dojo-1.8.1/dojo/selector/acme.js.uncompressed.js':[
0,
],
'project:dojo-1.8.1/dojox/app/widgets/scrollable.js.uncompressed.js':[
0,
],
'project:dojo-1.8.1/dojox/atom/io/model.js.uncompressed.js':[
0,
],
'project:dojo-1.8.1/dojox/atom/widget/FeedEntryEditor.js.uncompressed.js':[
0,
],
'project:dojo-1.8.1/dojox/calendar/CalendarBase.js.uncompressed.js':[
0,
],
'project:dojo-1.8.1/dojox/calendar/MatrixView.js.uncompressed.js':[
0,
],
'project:dojo-1.8.1/dojox/calendar/MonthColumnView.js.uncompressed.js':[
0,
],
'project:dojo-1.8.1/dojox/calendar/SimpleColumnView.js.uncompressed.js':[
0,
],
'project:dojo-1.8.1/dojox/calendar/ViewBase.js.uncompressed.js':[
0,
],
'project:dojo-1.8.1/dojox/charting/Chart.js.uncompressed.js':[
0,
],
'project:dojo-1.8.1/dojox/charting/widget/Chart2D.js.uncompressed.js':[
0,
],
'project:dojo-1.8.1/dojox/data/XmlStore.js.uncompressed.js':[
0,
],
'project:dojo-1.8.1/dojox/drawing/stencil/_Base.js.uncompressed.js':[
0,
],
'project:dojo-1.8.1/dojox/dtl.js.uncompressed.js':[
0,
],
'project:dojo-1.8.1/dojox/dtl/dom.js.uncompressed.js':[
0,
],
'project:dojo-1.8.1/dojox/editor/plugins/SpellCheck.js.uncompressed.js':[
0,
],
'project:dojo-1.8.1/dojox/editor/plugins/TablePlugins.js.uncompressed.js':[
0,
],
'project:dojo-1.8.1/dojox/form/FileUploader.js.uncompressed.js':[
0,
],
'project:dojo-1.8.1/dojox/form/ListInput.js.uncompressed.js':[
0,
],
'project:dojo-1.8.1/dojox/gantt/GanttChart.js.uncompressed.js':[
0,
],
'project:dojo-1.8.1/dojox/gantt/GanttTaskControl.js.uncompressed.js':[
0,
],
'project:dojo-1.8.1/dojox/gfx.js.uncompressed.js':[
0,
],
'project:dojo-1.8.1/dojox/gfx/shape.js.uncompressed.js':[
0,
],
'project:dojo-1.8.1/dojox/gfx/vml.js.uncompressed.js':[
0,
],
'project:dojo-1.8.1/dojox/gfx3d/object.js.uncompressed.js':[
0,
],
'project:dojo-1.8.1/dojox/grid/DataGrid.js.uncompressed.js':[
0,
],
'project:dojo-1.8.1/dojox/grid/_Grid.js.uncompressed.js':[
0,
],
'project:dojo-1.8.1/dojox/grid/enhanced/plugins/DnD.js.uncompressed.js':[
0,
],
'project:dojo-1.8.1/dojox/grid/enhanced/plugins/Selector.js.uncompressed.js':[
0,
],
'project:dojo-1.8.1/dojox/grid/enhanced/plugins/filter/FilterDefDialog.js.uncompressed.js':[
0,
],
'project:dojo-1.8.1/dojox/jq.js.uncompressed.js':[
0,
],
'project:dojo-1.8.1/dojox/mobile.js.uncompressed.js':[
0,
],
'project:dojo-1.8.1/dojox/mobile/app.js.uncompressed.js':[
0,
],
'project:dojo-1.8.1/dojox/mobile/scrollable.js.uncompressed.js':[
0,
],
'project:dojo-1.8.1/dojox/string/BidiEngine.js.uncompressed.js':[
0,
],
'project:dojo-1.8.1/dojox/widget/RollingList.js.uncompressed.js':[
0,
],
'project:ecmascript6/Ghost/core/test/functional/routes/api/posts_spec.js':[
0,
],
'project:ecmascript6/Ghost/core/test/functional/routes/frontend_spec.js':[
0,
],
'project:ecmascript6/Ghost/core/test/integration/api/api_users_spec.js':[
0,
],
'project:ecmascript6/Ghost/core/test/integration/import_spec.js':[
0,
],
'project:ecmascript6/Ghost/core/test/unit/controllers/frontend/index_spec.js':[
0,
],
'project:ecmascript6/di.js/chrome-extension/visualize/lib/angular.js':[
0,
],
'project:ecmascript6/di.js/chrome-extension/visualize/lib/d3.v3.js':[
0,
],
'project:ecmascript6/di.js/example/angular-loader/traceur.js':[
0,
],
'project:ecmascript6/di.js/visualize/lib/angular.js':[
0,
],
'project:ecmascript6/di.js/visualize/lib/d3.v3.js':[
0,
],
'project:ecmascript6/router/third_party/brick/brick-1.0.1.byob.js':[
0,
],
'project:ecmascript6/snoode/src/endpoints/v1.es6.js':[
0,
],
'project:ecmascript6/watchtower.js/src/dirty_checking.js':[
0,
],
'project:frameworks/wordpress/customize-controls.js':[
0,
],
'project:frameworks/wordpress/customize-widgets.js':[
0,
],
'project:frameworks/wordpress/editor-expand.js':[
0,
],
'project:frameworks/wordpress/nav-menu.js':[
0,
],
'project:frameworks/wordpress/revisions.js':[
0,
],
'project:frameworks/wordpress/theme.js':[
0,
],
'project:google-closure-library/array/array.js':[
0,
],
'project:google-closure-library/base.js':[
0,
],
'project:google-closure-library/cssom/iframe/style.js':[
0,
],
'project:google-closure-library/date/date.js':[
0,
],
'project:google-closure-library/demos/graphics/tigerdata.js':[
0,
],
'project:google-closure-library/dom/dom.js':[
0,
],
'project:google-closure-library/dom/dom_test.js':[
0,
],
'project:google-closure-library/editor/field.js':[
0,
],
'project:google-closure-library/editor/plugins/basictextformatter.js':[
0,
],
'project:google-closure-library/editor/plugins/undoredo.js':[
0,
],
'project:google-closure-library/events/events.js':[
0,
],
'project:google-closure-library/fx/abstractdragdrop.js':[
0,
],
'project:google-closure-library/fx/draglistgroup.js':[
0,
],
'project:google-closure-library/i18n/charpickerdata.js':[
0,
],
'project:google-closure-library/i18n/datetimeparse.js':[
0,
],
'project:google-closure-library/i18n/datetimepatterns.js':[
0,
],
'project:google-closure-library/i18n/datetimepatternsext.js':[
0,
],
'project:google-closure-library/i18n/datetimesymbols.js':[
0,
],
'project:google-closure-library/i18n/datetimesymbolsext.js':[
0,
],
'project:google-closure-library/i18n/numberformatsymbols.js':[
0,
],
'project:google-closure-library/i18n/numberformatsymbolsext.js':[
0,
],
'project:google-closure-library/i18n/uchar.js':[
0,
],
'project:google-closure-library/locale/nativenameconstants.js':[
0,
],
'project:google-closure-library/module/modulemanager.js':[
0,
],
'project:google-closure-library/net/browserchannel.js':[
0,
],
'project:google-closure-library/net/channelrequest.js':[
0,
],
'project:google-closure-library/net/iframeio.js':[
0,
],
'project:google-closure-library/net/xhrio.js':[
0,
],
'project:google-closure-library/proto2/test.pb.js':[
0,
],
'project:google-closure-library/string/string.js':[
0,
],
'project:google-closure-library/style/style.js':[
0,
],
'project:google-closure-library/testing/asserts.js':[
0,
],
'project:google-closure-library/testing/multitestrunner.js':[
0,
],
'project:google-closure-library/testing/testcase.js':[
0,
],
'project:google-closure-library/ui/abstractspellchecker.js':[
0,
],
'project:google-closure-library/ui/ac/inputhandler.js':[
0,
],
'project:google-closure-library/ui/component.js':[
0,
],
'project:google-closure-library/ui/container.js':[
0,
],
'project:google-closure-library/ui/control.js':[
0,
],
'project:google-closure-library/ui/datepicker.js':[
0,
],
'project:google-closure-library/ui/dialog.js':[
0,
],
'project:google-closure-library/ui/editor/defaulttoolbar.js':[
0,
],
'project:google-closure-library/ui/editor/linkdialog.js':[
0,
],
'project:google-closure-library/ui/keyboardshortcuthandler.js':[
0,
],
'project:google-closure-library/ui/offlineinstalldialog.js':[
0,
],
'project:google-closure-library/ui/serverchart.js':[
0,
],
'project:google-closure-library/ui/sliderbase.js':[
0,
],
'project:google-closure-library/ui/tree/basenode.js':[
0,
],
'project:google-closure-library/uri/uri.js':[
0,
],
'project:google-closure-library/vec/mat3.js':[
0,
],
'project:google-closure-library/vec/mat4.js':[
0,
],
'project:google-closure-library/vec/matrix4.js':[
0,
],
'project:google-closure-library/webgl/webgl.js':[
0,
],
'project:jquery-1.7.2.js':[
0,
],
'project:jshint-2012.06.15.js':[
0,
],
'project:jstorage-0.3.0.js':[
0,
],
'project:knockout-2.1.0.debug.js':[
0,
],
'project:mootools-core-1.4.5-full-nocompat.js':[
0,
],
'project:ocanvas-2.2.2.js':[
0,
],
'project:open-layers-2.12/OpenLayers/Format/ArcXML.js':[
0,
],
'project:open-layers-2.12/OpenLayers/Format/KML.js':[
0,
],
'project:open-layers-2.12/OpenLayers/Format/SLD/v1.js':[
0,
],
'project:open-layers-2.12/OpenLayers/Format/WMC/v1.js':[
0,
],
'project:open-layers-2.12/OpenLayers/Layer.js':[
0,
],
'project:open-layers-2.12/OpenLayers/Layer/Grid.js':[
0,
],
'project:open-layers-2.12/OpenLayers/Layer/Vector.js':[
0,
],
'project:open-layers-2.12/OpenLayers/Map.js':[
0,
],
'project:open-layers-2.12/OpenLayers/Popup.js':[
0,
],
'project:open-layers-2.12/OpenLayers/Renderer/Elements.js':[
0,
],
'project:open-layers-2.12/OpenLayers/Renderer/SVG.js':[
0,
],
'project:open-layers-2.12/OpenLayers/Util.js':[
0,
],
'project:open-layers-2.12/deprecated.js':[
0,
],
'project:paper-0.22.js':[
0,
],
'project:processing-1.3.6.js':[
0,
],
'project:prototype-1.7.js':[
0,
],
'project:qunit-1.8.0.js':[
0,
],
'project:scriptaculous-1.9.0/effects.js':[
0,
],
'project:sizzle-1.8.2.js':[
0,
],
'project:underscore-1.3.3.js':[
0,
],
'project:yui-3.7.3/app-base/app-base.js':[
0,
],
'project:yui-3.7.3/attribute-core/attribute-core.js':[
0,
],
'project:yui-3.7.3/autocomplete-base/autocomplete-base.js':[
0,
],
'project:yui-3.7.3/calendar-base/calendar-base.js':[
0,
],
'project:yui-3.7.3/charts-base/charts-base.js':[
0,
],
'project:yui-3.7.3/charts-legend/charts-legend.js':[
0,
],
'project:yui-3.7.3/console/console.js':[
0,
],
'project:yui-3.7.3/datatable-base-deprecated/datatable-base-deprecated.js':[
0,
],
'project:yui-3.7.3/datatable-scroll/datatable-scroll.js':[
0,
],
'project:yui-3.7.3/dd-drag/dd-drag.js':[
0,
],
'project:yui-3.7.3/dial/dial.js':[
0,
],
'project:yui-3.7.3/event-base/event-base.js':[
0,
],
'project:yui-3.7.3/event-custom-base/event-custom-base.js':[
0,
],
'project:yui-3.7.3/frame/frame.js':[
0,
],
'project:yui-3.7.3/gesture-simulate/gesture-simulate.js':[
0,
],
'project:yui-3.7.3/get/get.js':[
0,
],
'project:yui-3.7.3/graphics-canvas/graphics-canvas.js':[
0,
],
'project:yui-3.7.3/graphics-svg/graphics-svg.js':[
0,
],
'project:yui-3.7.3/graphics-vml/graphics-vml.js':[
0,
],
'project:yui-3.7.3/graphics/graphics.js':[
0,
],
'project:yui-3.7.3/handlebars-compiler/handlebars-compiler.js':[
0,
],
'project:yui-3.7.3/io-base/io-base.js':[
0,
],
'project:yui-3.7.3/loader-base/loader-base.js':[
0,
],
'project:yui-3.7.3/loader-yui3/loader-yui3.js':[
0,
],
'project:yui-3.7.3/loader/loader.js':[
0,
],
'project:yui-3.7.3/model-list/model-list.js':[
0,
],
'project:yui-3.7.3/node-base/node-base.js':[
0,
],
'project:yui-3.7.3/node-core/node-core.js':[
0,
],
'project:yui-3.7.3/node-focusmanager/node-focusmanager.js':[
0,
],
'project:yui-3.7.3/node-menunav/node-menunav.js':[
0,
],
'project:yui-3.7.3/resize-base/resize-base.js':[
0,
],
'project:yui-3.7.3/router/router.js':[
0,
],
'project:yui-3.7.3/scrollview-base/scrollview-base.js':[
0,
],
'project:yui-3.7.3/simpleyui/simpleyui.js':[
0,
],
'project:yui-3.7.3/test/test.js':[
0,
],
'project:yui-3.7.3/uploader-flash/uploader-flash.js':[
0,
],
'project:yui-3.7.3/widget-base/widget-base.js':[
0,
],
'project:yui-3.7.3/widget-buttons/widget-buttons.js':[
0,
],
'project:yui-3.7.3/yui-base/yui-base.js':[
0,
],
'project:yui-3.7.3/yui-core/yui-core.js':[
0,
],
'project:yui-3.7.3/yui-nodejs/yui-nodejs.js':[
0,
],
'project:yui-3.7.3/yui/yui.js':[
0,
],
}
