{
'project:dojo-1.8.1/dijit/_editor/RichText.js.uncompressed.js':[
240,
398,
616,
882,
905,
1366,
1710,
2080,
],
'project:dojo-1.8.1/dijit/_editor/_Plugin.js.uncompressed.js':[
157,
168,
171,
],
'project:dojo-1.8.1/dijit/_editor/html.js.uncompressed.js':[
176,
180,
],
'project:dojo-1.8.1/dijit/_editor/plugins/EnterKeyHandling.js.uncompressed.js':[
139,
168,
390,
],
'project:dojo-1.8.1/dijit/_editor/selection.js.uncompressed.js':[
14,
294,
],
'project:dojo-1.8.1/dijit/dijit-all.js.uncompressed.js':[
1662,
1666,
2744,
2773,
2995,
5511,
5512,
5513,
5573,
5656,
6147,
8806,
8833,
8852,
8854,
8874,
8876,
9280,
9816,
10827,
10917,
11017,
11847,
12005,
12223,
12489,
12512,
12973,
13317,
13687,
16479,
21633,
21644,
21647,
22310,
25510,
26685,
30397,
30677,
],
'project:dojo-1.8.1/dijit/dijit.js.uncompressed.js':[
3552,
6284,
6314,
],
'project:dojo-1.8.1/dijit/form/DropDownButton.js.uncompressed.js':[
46,
],
'project:dojo-1.8.1/dijit/form/TimeTextBox.js.uncompressed.js':[
43,
],
'project:dojo-1.8.1/dijit/form/_AutoCompleterMixin.js.uncompressed.js':[
73,
],
'project:dojo-1.8.1/dijit/form/_FormSelectWidget.js.uncompressed.js':[
593,
],
'project:dojo-1.8.1/dijit/form/_Spinner.js.uncompressed.js':[
101,
],
'project:dojo-1.8.1/dijit/layout/SplitContainer.js.uncompressed.js':[
25,
26,
27,
87,
170,
],
'project:dojo-1.8.1/dojo/AdapterRegistry.js.uncompressed.js':[
91,
],
'project:dojo-1.8.1/dojo/NodeList-dom.js.uncompressed.js':[
27,
270,
294,
301,
362,
384,
388,
430,
],
'project:dojo-1.8.1/dojo/_base/Color.js.uncompressed.js':[
25,
],
'project:dojo-1.8.1/dojo/_base/NodeList.js.uncompressed.js':[
76,
84,
88,
97,
],
'project:dojo-1.8.1/dojo/_base/connect.js.uncompressed.js':[
66,
],
'project:dojo-1.8.1/dojo/_base/kernel.js.uncompressed.js':[
12,
77,
],
'project:dojo-1.8.1/dojo/_base/url.js.uncompressed.js':[
17,
],
'project:dojo-1.8.1/dojo/_base/xhr.js.uncompressed.js':[
114,
415,
667,
],
'project:dojo-1.8.1/dojo/back.js.uncompressed.js':[
119,
177,
178,
179,
240,
],
'project:dojo-1.8.1/dojo/behavior.js.uncompressed.js':[
44,
246,
],
'project:dojo-1.8.1/dojo/cookie.js.uncompressed.js':[
59,
],
'project:dojo-1.8.1/dojo/date.js.uncompressed.js':[
33,
133,
],
'project:dojo-1.8.1/dojo/date/locale.js.uncompressed.js':[
147,
],
'project:dojo-1.8.1/dojo/dnd/autoscroll.js.uncompressed.js':[
52,
79,
98,
100,
120,
122,
],
'project:dojo-1.8.1/dojo/dojo.js.uncompressed.js':[
129,
3828,
3893,
4149,
4188,
4596,
4839,
4863,
4870,
4931,
4953,
4957,
4999,
5400,
5403,
7963,
8101,
8554,
8561,
8786,
9307,
9608,
9783,
10550,
13210,
13511,
13763,
14303,
14311,
14315,
14324,
14365,
17234,
17402,
],
'project:dojo-1.8.1/dojo/dom-geometry.js.uncompressed.js':[
588,
],
'project:dojo-1.8.1/dojo/dom-style.js.uncompressed.js':[
130,
],
'project:dojo-1.8.1/dojo/dom.js.uncompressed.js':[
6,
144,
],
'project:dojo-1.8.1/dojo/fx/Toggler.js.uncompressed.js':[
47,
50,
52,
],
'project:dojo-1.8.1/dojo/html.js.uncompressed.js':[
175,
],
'project:dojo-1.8.1/dojo/io-query.js.uncompressed.js':[
31,
70,
],
'project:dojo-1.8.1/dojo/parser.js.uncompressed.js':[
368,
398,
],
'project:dojo-1.8.1/dojo/query.js.uncompressed.js':[
319,
322,
],
'project:dojo-1.8.1/dojo/ready.js.uncompressed.js':[
37,
],
'project:dojo-1.8.1/dojo/selector/acme.js.uncompressed.js':[
415,
422,
647,
1168,
1469,
],
'project:dojo-1.8.1/dojox/analytics/_base.js.uncompressed.js':[
42,
104,
],
'project:dojo-1.8.1/dojox/atom/io/model.js.uncompressed.js':[
1043,
1125,
],
'project:dojo-1.8.1/dojox/av/FLVideo.js.uncompressed.js':[
310,
],
'project:dojo-1.8.1/dojox/charting/DataChart.js.uncompressed.js':[
4,
181,
268,
276,
480,
],
'project:dojo-1.8.1/dojox/data/ClientFilter.js.uncompressed.js':[
133,
],
'project:dojo-1.8.1/dojox/data/ItemExplorer.js.uncompressed.js':[
484,
],
'project:dojo-1.8.1/dojox/date/buddhist.js.uncompressed.js':[
14,
],
'project:dojo-1.8.1/dojox/date/buddhist/Date.js.uncompressed.js':[
256,
],
'project:dojo-1.8.1/dojox/date/hebrew/numerals.js.uncompressed.js':[
71,
],
'project:dojo-1.8.1/dojox/date/islamic/Date.js.uncompressed.js':[
276,
],
'project:dojo-1.8.1/dojox/date/islamic/locale.js.uncompressed.js':[
192,
],
'project:dojo-1.8.1/dojox/drawing/Drawing.js.uncompressed.js':[
134,
295,
333,
],
'project:dojo-1.8.1/dojox/drawing/annotations/Label.js.uncompressed.js':[
108,
],
'project:dojo-1.8.1/dojox/drawing/manager/Anchors.js.uncompressed.js':[
304,
412,
],
'project:dojo-1.8.1/dojox/drawing/manager/Stencil.js.uncompressed.js':[
125,
628,
],
'project:dojo-1.8.1/dojox/drawing/stencil/Text.js.uncompressed.js':[
31,
],
'project:dojo-1.8.1/dojox/drawing/stencil/_Base.js.uncompressed.js':[
283,
362,
493,
958,
1062,
],
'project:dojo-1.8.1/dojox/drawing/tools/Line.js.uncompressed.js':[
53,
55,
],
'project:dojo-1.8.1/dojox/drawing/tools/TextBlock.js.uncompressed.js':[
25,
213,
225,
],
'project:dojo-1.8.1/dojox/drawing/tools/custom/Vector.js.uncompressed.js':[
96,
98,
],
'project:dojo-1.8.1/dojox/dtl.js.uncompressed.js':[
154,
2480,
2580,
],
'project:dojo-1.8.1/dojox/dtl/_base.js.uncompressed.js':[
152,
],
'project:dojo-1.8.1/dojox/editor/plugins/LocalImage.js.uncompressed.js':[
2,
3,
16,
],
'project:dojo-1.8.1/dojox/editor/plugins/TablePlugins.js.uncompressed.js':[
62,
65,
393,
998,
1072,
],
'project:dojo-1.8.1/dojox/embed/Flash.js.uncompressed.js':[
459,
],
'project:dojo-1.8.1/dojox/flash/_base.js.uncompressed.js':[
153,
170,
684,
],
'project:dojo-1.8.1/dojox/form/BusyButton.js.uncompressed.js':[
89,
],
'project:dojo-1.8.1/dojox/form/FileInput.js.uncompressed.js':[
24,
],
'project:dojo-1.8.1/dojox/form/FileInputAuto.js.uncompressed.js':[
48,
],
'project:dojo-1.8.1/dojox/form/FileUploader.js.uncompressed.js':[
584,
1116,
],
'project:dojo-1.8.1/dojox/form/TimeSpinner.js.uncompressed.js':[
25,
],
'project:dojo-1.8.1/dojox/form/Uploader.js.uncompressed.js':[
216,
],
'project:dojo-1.8.1/dojox/form/uploader/plugins/Flash.js.uncompressed.js':[
232,
],
'project:dojo-1.8.1/dojox/fx/Shadow.js.uncompressed.js':[
94,
],
'project:dojo-1.8.1/dojox/fx/_base.js.uncompressed.js':[
187,
],
'project:dojo-1.8.1/dojox/fx/style.js.uncompressed.js':[
44,
199,
],
'project:dojo-1.8.1/dojox/gantt/GanttChart.js.uncompressed.js':[
1,
731,
],
'project:dojo-1.8.1/dojox/gesture/Base.js.uncompressed.js':[
180,
],
'project:dojo-1.8.1/dojox/gfx/VectorText.js.uncompressed.js':[
627,
],
'project:dojo-1.8.1/dojox/gfx/path.js.uncompressed.js':[
214,
],
'project:dojo-1.8.1/dojox/gfx/svg.js.uncompressed.js':[
136,
],
'project:dojo-1.8.1/dojox/gfx/vml.js.uncompressed.js':[
799,
],
'project:dojo-1.8.1/dojox/gfx3d/object.js.uncompressed.js':[
18,
251,
322,
918,
1074,
1185,
1190,
1192,
],
'project:dojo-1.8.1/dojox/gfx3d/scheduler.js.uncompressed.js':[
102,
],
'project:dojo-1.8.1/dojox/grid/DataGrid.js.uncompressed.js':[
399,
426,
445,
447,
467,
469,
603,
668,
1072,
1133,
3227,
9199,
],
'project:dojo-1.8.1/dojox/grid/_Scroller.js.uncompressed.js':[
336,
],
'project:dojo-1.8.1/dojox/grid/_View.js.uncompressed.js':[
106,
171,
575,
636,
],
'project:dojo-1.8.1/dojox/grid/cells/_base.js.uncompressed.js':[
336,
],
'project:dojo-1.8.1/dojox/grid/cells/dijit.js.uncompressed.js':[
234,
],
'project:dojo-1.8.1/dojox/grid/enhanced/plugins/filter/FilterLayer.js.uncompressed.js':[
360,
],
'project:dojo-1.8.1/dojox/highlight/widget/Code.js.uncompressed.js':[
60,
78,
],
'project:dojo-1.8.1/dojox/html/styles.js.uncompressed.js':[
221,
],
'project:dojo-1.8.1/dojox/image/Lightbox.js.uncompressed.js':[
74,
110,
158,
286,
],
'project:dojo-1.8.1/dojox/image/MagnifierLite.js.uncompressed.js':[
39,
],
'project:dojo-1.8.1/dojox/image/SlideShow.js.uncompressed.js':[
122,
171,
187,
521,
],
'project:dojo-1.8.1/dojox/image/ThumbnailPicker.js.uncompressed.js':[
19,
134,
172,
372,
388,
],
'project:dojo-1.8.1/dojox/json/query.js.uncompressed.js':[
222,
],
'project:dojo-1.8.1/dojox/layout/ExpandoPane.js.uncompressed.js':[
41,
45,
],
'project:dojo-1.8.1/dojox/layout/FloatingPane.js.uncompressed.js':[
126,
],
'project:dojo-1.8.1/dojox/layout/RadioGroup.js.uncompressed.js':[
15,
87,
186,
291,
],
'project:dojo-1.8.1/dojox/layout/ResizeHandle.js.uncompressed.js':[
131,
],
'project:dojo-1.8.1/dojox/layout/ScrollPane.js.uncompressed.js':[
10,
],
'project:dojo-1.8.1/dojox/layout/dnd/PlottedDnd.js.uncompressed.js':[
199,
480,
],
'project:dojo-1.8.1/dojox/rpc/OfflineRest.js.uncompressed.js':[
206,
],
'project:dojo-1.8.1/dojox/secure/capability.js.uncompressed.js':[
114,
],
'project:dojo-1.8.1/dojox/sketch/_Plugin.js.uncompressed.js':[
65,
69,
],
'project:dojo-1.8.1/dojox/sql/_base.js.uncompressed.js':[
381,
],
'project:dojo-1.8.1/dojox/storage/FlashStorageProvider.js.uncompressed.js':[
71,
181,
],
'project:dojo-1.8.1/dojox/storage/WhatWGStorageProvider.js.uncompressed.js':[
83,
119,
],
'project:dojo-1.8.1/dojox/storage/manager.js.uncompressed.js':[
5,
89,
95,
166,
223,
],
'project:dojo-1.8.1/dojox/string/BidiComplex.js.uncompressed.js':[
13,
287,
],
'project:dojo-1.8.1/dojox/uuid/generateTimeBasedUuid.js.uncompressed.js':[
188,
],
'project:dojo-1.8.1/dojox/validate/check.js.uncompressed.js':[
6,
],
'project:dojo-1.8.1/dojox/validate/regexp.js.uncompressed.js':[
24,
],
'project:dojo-1.8.1/dojox/widget/ColorPicker.js.uncompressed.js':[
235,
],
'project:dojo-1.8.1/dojox/widget/DataPresentation.js.uncompressed.js':[
160,
783,
],
'project:dojo-1.8.1/dojox/widget/FisheyeLite.js.uncompressed.js':[
130,
],
'project:dojo-1.8.1/dojox/widget/Loader.js.uncompressed.js':[
64,
65,
],
'project:dojo-1.8.1/dojox/widget/MultiSelectCalendar.js.uncompressed.js':[
947,
],
'project:dojo-1.8.1/dojox/widget/Pager.js.uncompressed.js':[
296,
],
'project:dojo-1.8.1/dojox/widget/SortList.js.uncompressed.js':[
39,
80,
118,
],
'project:dojo-1.8.1/dojox/xml/parser.js.uncompressed.js':[
76,
],
'project:dojo-1.8.1/dojox/xmpp/ChatService.js.uncompressed.js':[
93,
94,
],
'project:dojo-1.8.1/dojox/xmpp/TransportSession.js.uncompressed.js':[
204,
485,
],
'project:dojo-1.8.1/dojox/xmpp/sasl.js.uncompressed.js':[
152,
],
'project:ecmascript6/react-router/modules/isActive.js':[
40,
],
'project:ecmascript6/sonar-web/src/main/js/apps/issues/models/issues.js':[
52,
],
'project:ecmascript6/sonar-web/src/main/js/components/issue/collections/issues.js':[
52,
],
'project:ecmascript6/sonar-web/src/main/js/components/issue/models/issue.js':[
80,
],
'project:mootools-core-1.4.5-full-nocompat.js':[
1921,
],
'project:open-layers-2.12/OpenLayers/Format/GML.js':[
144,
],
'project:open-layers-2.12/OpenLayers/Format/OWSCommon/v1.js':[
231,
],
'project:open-layers-2.12/OpenLayers/Layer/Text.js':[
177,
180,
],
'project:open-layers-2.12/OpenLayers/Map.js':[
2050,
],
'project:open-layers-2.12/deprecated.js':[
1000,
],
'project:yui-3.7.3/dataschema-text/dataschema-text.js':[
164,
],
'project:yui-3.7.3/dataschema-xml/dataschema-xml.js':[
160,
],
'project:yui-3.7.3/datatable-base/datatable-base.js':[
320,
363,
412,
478,
487,
],
'project:yui-3.7.3/datatable-message/datatable-message.js':[
134,
],
'project:yui-3.7.3/datatable-scroll-deprecated/datatable-scroll-deprecated.js':[
329,
394,
],
'project:yui-3.7.3/datatable-scroll/datatable-scroll.js':[
408,
866,
],
'project:yui-3.7.3/datatable-sort/datatable-sort.js':[
497,
498,
513,
702,
],
'project:yui-3.7.3/event-key/event-key.js':[
52,
69,
74,
84,
],
'project:yui-3.7.3/recordset-base/recordset-base.js':[
599,
],
}
