{
'project:angular-1.0.3.js':[
7,
],
'project:dojo-1.8.1/dojo/Deferred.js.uncompressed.js':[
8,
],
'project:dojo-1.8.1/dojo/Evented.js.uncompressed.js':[
5,
],
'project:dojo-1.8.1/dojo/aspect.js.uncompressed.js':[
6,
],
'project:dojo-1.8.1/dojo/dojo.js.uncompressed.js':[
3321,
5085,
6746,
10759,
12848,
13912,
14667,
14717,
14964,
16981,
],
'project:dojo-1.8.1/dojo/json.js.uncompressed.js':[
2,
],
'project:dojo-1.8.1/dojo/on.js.uncompressed.js':[
3,
],
'project:dojo-1.8.1/dojo/promise/Promise.js.uncompressed.js':[
4,
],
'project:dojo-1.8.1/dojo/promise/all.js.uncompressed.js':[
6,
],
'project:dojo-1.8.1/dojo/promise/first.js.uncompressed.js':[
6,
],
'project:dojo-1.8.1/dojo/promise/tracer.js.uncompressed.js':[
6,
],
'project:dojo-1.8.1/dojo/query.js.uncompressed.js':[
4,
],
'project:dojo-1.8.1/dojo/selector/_loader.js.uncompressed.js':[
4,
],
'project:dojo-1.8.1/dojo/selector/lite.js.uncompressed.js':[
2,
],
'project:dojo-1.8.1/dojo/when.js.uncompressed.js':[
5,
],
'project:ecmascript6/Ghost/core/shared/ghost-url.js':[
2,
],
'project:ecmascript6/di.js/chrome-extension/visualize/lib/angular.js':[
6,
],
'project:ecmascript6/di.js/example/angular-loader/traceur.js':[
2,
493,
611,
674,
846,
1014,
1062,
1234,
1667,
1727,
1747,
2071,
2295,
2680,
2716,
3037,
4901,
5068,
5102,
6017,
6057,
6098,
6108,
6657,
6703,
6826,
7623,
8387,
8446,
8554,
8574,
8585,
8606,
8619,
9508,
11730,
11740,
11766,
11842,
11857,
11909,
11952,
11963,
12199,
12229,
12360,
12371,
12384,
12397,
12453,
12519,
12544,
12709,
12743,
12867,
12934,
12963,
12980,
13020,
13075,
13103,
13137,
13464,
13507,
13539,
13569,
13668,
13804,
14034,
14081,
14126,
14185,
14485,
14515,
14532,
14606,
14635,
14708,
14728,
14758,
14785,
14846,
14863,
14887,
14908,
14924,
14937,
14986,
15557,
15575,
15676,
15758,
15786,
15813,
15911,
16099,
16127,
16160,
16349,
16366,
16407,
16519,
16567,
16767,
16812,
16836,
16848,
16934,
16959,
16990,
17012,
17059,
17106,
17138,
17221,
17346,
17367,
17388,
17409,
17445,
17822,
17911,
18001,
18066,
18081,
19079,
19099,
],
'project:ecmascript6/di.js/visualize/lib/angular.js':[
6,
],
'project:ecmascript6/ecmascript6-today/10-modules/js/circle.js':[
4,
],
'project:ecmascript6/ecmascript6-today/10-modules/js/main.js':[
4,
],
'project:ecmascript6/reddit-mobile/buildTasks/assets.js':[
1,
],
'project:ecmascript6/reddit-mobile/buildTasks/clean.js':[
1,
],
'project:ecmascript6/reddit-mobile/buildTasks/icons.js':[
1,
],
'project:ecmascript6/reddit-mobile/buildTasks/js.js':[
1,
],
'project:ecmascript6/reddit-mobile/buildTasks/less.js':[
1,
],
'project:ecmascript6/reddit-mobile/buildTasks/utils/notify.js':[
1,
],
'project:ecmascript6/reddit-mobile/buildTasks/watcher.js':[
1,
],
'project:ecmascript6/reddit-mobile/gulpfile.js':[
1,
],
'project:ecmascript6/reddit-mobile/index.js':[
1,
],
'project:ecmascript6/reddit-mobile/src/lib/savedReply.es6.js':[
1,
],
'project:ecmascript6/redux/webpack.config.base.js':[
1,
],
'project:ecmascript6/redux/webpack.config.development.js':[
1,
],
'project:ecmascript6/redux/webpack.config.production.js':[
1,
],
'project:ecmascript6/router/third_party/route-recognizer.js':[
2,
],
'project:frameworks/wordpress/editor-expand.js':[
2,
],
'project:frameworks/wordpress/svg-painter.js':[
9,
],
'project:jshint-2012.06.15.js':[
235,
],
'project:ocanvas-2.2.2.js':[
5926,
],
}
