{
'project:dojo-1.8.1/dojox/jq.js.uncompressed.js':[
342,
617,
690,
1849,
],
'project:ecmascript6/Ghost/core/client/app/components/gh-ed-preview.js':[
48,
],
'project:ecmascript6/Ghost/core/client/app/components/gh-posts-list-item.js':[
67,
],
'project:ecmascript6/Ghost/core/client/app/controllers/post-settings-menu.js':[
108,
],
'project:ecmascript6/sonar-web/src/main/js/apps/account/app.js':[
7,
],
'project:ecmascript6/sonar-web/src/main/js/apps/coding-rules/confirm-dialog.js':[
22,
],
'project:ecmascript6/sonar-web/src/main/js/apps/coding-rules/rule/custom-rule-creation-view.js':[
101,
],
'project:ecmascript6/sonar-web/src/main/js/apps/dashboard/app.js':[
23,
24,
25,
69,
],
'project:ecmascript6/sonar-web/src/main/js/components/common/file-upload.js':[
17,
],
'project:ecmascript6/sonar-web/src/main/js/components/common/modals.js':[
55,
],
'project:ecmascript6/sonar-web/src/main/js/components/issue/issue-view.js':[
69,
189,
],
'project:ecmascript6/sonar-web/src/main/js/components/navigator/filters/choice-filters.js':[
58,
],
'project:ecmascript6/sonar-web/src/main/js/components/navigator/filters/filter-bar.js':[
40,
],
'project:ecmascript6/sonar-web/src/main/js/libs/application.js':[
24,
85,
152,
159,
169,
],
'project:ecmascript6/templating/test/example/greet.spec.js':[
28,
37,
38,
],
'project:ecmascript6/templating/test/example/ngmodel.spec.js':[
18,
26,
],
'project:ecmascript6/templating/test/example/tab.spec.js':[
45,
],
'project:frameworks/wordpress/color-picker.js':[
91,
112,
],
'project:frameworks/wordpress/common.js':[
113,
153,
154,
176,
212,
550,
],
'project:frameworks/wordpress/custom-background.js':[
5,
],
'project:frameworks/wordpress/customize-controls.js':[
1019,
1082,
2704,
2705,
2707,
2708,
2709,
2915,
],
'project:frameworks/wordpress/customize-widgets.js':[
221,
637,
1069,
],
'project:frameworks/wordpress/dashboard.js':[
5,
6,
66,
97,
97,
137,
138,
],
'project:frameworks/wordpress/edit-comments.js':[
8,
8,
8,
16,
16,
17,
41,
41,
41,
132,
179,
184,
278,
333,
333,
361,
361,
361,
363,
448,
472,
559,
578,
],
'project:frameworks/wordpress/farbtastic.js':[
25,
],
'project:frameworks/wordpress/gallery.js':[
25,
],
'project:frameworks/wordpress/image-edit.js':[
25,
56,
75,
75,
76,
170,
202,
202,
305,
305,
306,
335,
335,
344,
345,
455,
457,
509,
509,
518,
527,
527,
542,
542,
544,
],
'project:frameworks/wordpress/inline-edit-post.js':[
8,
8,
42,
120,
120,
190,
322,
],
'project:frameworks/wordpress/inline-edit-tax.js':[
8,
48,
99,
],
'project:frameworks/wordpress/language-chooser.js':[
3,
4,
],
'project:frameworks/wordpress/link.js':[
33,
40,
42,
],
'project:frameworks/wordpress/media-gallery.js':[
4,
],
'project:frameworks/wordpress/media-upload.js':[
40,
],
'project:frameworks/wordpress/media.js':[
7,
52,
],
'project:frameworks/wordpress/nav-menu.js':[
73,
81,
90,
100,
110,
121,
137,
152,
169,
184,
257,
281,
384,
426,
427,
569,
611,
858,
877,
965,
1020,
1021,
1092,
1125,
1214,
],
'project:frameworks/wordpress/password-strength-meter.js':[
31,
],
'project:frameworks/wordpress/plugin-install.js':[
7,
],
'project:frameworks/wordpress/post.js':[
70,
106,
229,
459,
483,
525,
526,
709,
711,
713,
736,
812,
812,
],
'project:frameworks/wordpress/postbox.js':[
143,
146,
173,
],
'project:frameworks/wordpress/revisions.js':[
37,
909,
910,
1011,
],
'project:frameworks/wordpress/svg-painter.js':[
10,
],
'project:frameworks/wordpress/tags-box.js':[
58,
59,
72,
108,
109,
156,
],
'project:frameworks/wordpress/tags.js':[
6,
],
'project:frameworks/wordpress/theme.js':[
1475,
1705,
],
'project:frameworks/wordpress/user-profile.js':[
35,
],
'project:frameworks/wordpress/widgets.js':[
11,
13,
36,
418,
],
'project:frameworks/wordpress/word-count.js':[
16,
],
'project:google-closure-library/dom/dom_test.js':[
35,
76,
144,
180,
370,
371,
372,
432,
449,
450,
451,
452,
453,
474,
481,
496,
530,
624,
633,
646,
655,
668,
688,
708,
714,
715,
806,
1323,
],
'project:jquery-1.7.2.js':[
37,
1969,
2336,
2398,
3265,
5450,
5816,
5974,
6020,
6253,
9189,
],
'project:scriptaculous-1.9.0/sound.js':[
29,
],
'project:scriptaculous-1.9.0/unittest.js':[
425,
],
}
