{
'project:dojo-1.8.1/dijit/_editor/RichText.js.uncompressed.js':[
996,
997,
],
'project:dojo-1.8.1/dijit/dijit-all.js.uncompressed.js':[
12603,
12604,
18486,
26688,
26689,
26975,
30060,
],
'project:dojo-1.8.1/dijit/dijit.js.uncompressed.js':[
3460,
],
'project:dojo-1.8.1/dijit/form/Select.js.uncompressed.js':[
175,
],
'project:dojo-1.8.1/dijit/form/_FormSelectWidget.js.uncompressed.js':[
596,
597,
],
'project:dojo-1.8.1/dijit/form/_ToggleButtonMixin.js.uncompressed.js':[
45,
],
'project:dojo-1.8.1/dijit/layout/StackContainer.js.uncompressed.js':[
300,
],
'project:dojo-1.8.1/dijit/typematic.js.uncompressed.js':[
129,
],
'project:dojo-1.8.1/dojo/AdapterRegistry.js.uncompressed.js':[
35,
],
'project:dojo-1.8.1/dojox/analytics/plugins/mouseOver.js.uncompressed.js':[
5,
],
'project:dojo-1.8.1/dojox/calc/Grapher.js.uncompressed.js':[
359,
],
'project:dojo-1.8.1/dojox/calendar/MatrixView.js.uncompressed.js':[
1896,
],
'project:dojo-1.8.1/dojox/calendar/MonthColumnView.js.uncompressed.js':[
1169,
],
'project:dojo-1.8.1/dojox/charting/Element.js.uncompressed.js':[
117,
123,
141,
187,
193,
],
'project:dojo-1.8.1/dojox/charting/widget/Chart2D.js.uncompressed.js':[
19089,
19095,
19113,
19159,
19165,
],
'project:dojo-1.8.1/dojox/data/QueryReadStore.js.uncompressed.js':[
223,
],
'project:dojo-1.8.1/dojox/drawing/ui/Toolbar.js.uncompressed.js':[
203,
216,
],
'project:dojo-1.8.1/dojox/dtl/dom.js.uncompressed.js':[
427,
],
'project:dojo-1.8.1/dojox/editor/plugins/SpellCheck.js.uncompressed.js':[
793,
948,
],
'project:dojo-1.8.1/dojox/flash/_base.js.uncompressed.js':[
729,
],
'project:dojo-1.8.1/dojox/form/BusyButton.js.uncompressed.js':[
99,
],
'project:dojo-1.8.1/dojox/form/CheckedMultiSelect.js.uncompressed.js':[
64,
83,
],
'project:dojo-1.8.1/dojox/form/ListInput.js.uncompressed.js':[
667,
],
'project:dojo-1.8.1/dojox/fx/text.js.uncompressed.js':[
31,
],
'project:dojo-1.8.1/dojox/grid/DataGrid.js.uncompressed.js':[
970,
992,
],
'project:dojo-1.8.1/dojox/grid/_Selector.js.uncompressed.js':[
216,
],
'project:dojo-1.8.1/dojox/grid/_View.js.uncompressed.js':[
473,
495,
],
'project:dojo-1.8.1/dojox/help/_base.js.uncompressed.js':[
172,
],
'project:dojo-1.8.1/dojox/mobile/app.js.uncompressed.js':[
8332,
],
'project:dojo-1.8.1/dojox/storage/AirDBStorageProvider.js.uncompressed.js':[
73,
77,
100,
130,
145,
168,
207,
],
'project:dojo-1.8.1/dojox/storage/AirEncryptedLocalStorageProvider.js.uncompressed.js':[
45,
49,
77,
97,
112,
149,
183,
],
'project:dojo-1.8.1/dojox/storage/AirFileStorageProvider.js.uncompressed.js':[
48,
52,
83,
115,
131,
159,
193,
],
'project:dojo-1.8.1/dojox/storage/BehaviorStorageProvider.js.uncompressed.js':[
159,
],
'project:dojo-1.8.1/dojox/storage/CookieStorageProvider.js.uncompressed.js':[
125,
],
'project:dojo-1.8.1/dojox/storage/FlashStorageProvider.js.uncompressed.js':[
27,
],
'project:dojo-1.8.1/dojox/storage/GearsStorageProvider.js.uncompressed.js':[
37,
],
'project:dojo-1.8.1/dojox/storage/LocalStorageProvider.js.uncompressed.js':[
132,
],
'project:dojo-1.8.1/dojox/storage/WhatWGStorageProvider.js.uncompressed.js':[
32,
58,
106,
152,
168,
188,
201,
220,
259,
],
'project:dojo-1.8.1/dojox/storage/manager.js.uncompressed.js':[
85,
172,
],
'project:dojo-1.8.1/dojox/string/BidiEngine.js.uncompressed.js':[
449,
460,
],
'project:dojo-1.8.1/dojox/widget/MultiSelectCalendar.js.uncompressed.js':[
803,
],
'project:dojo-1.8.1/dojox/xmpp/RosterService.js.uncompressed.js':[
185,
210,
],
'project:ecmascript6/Ghost/core/client/app/services/ajax.js':[
27,
],
'project:ecmascript6/Ghost/core/client/app/utils/isNumber.js':[
7,
],
'project:ecmascript6/Ghost/core/server/config/url.js':[
85,
],
'project:ecmascript6/Ghost/core/server/data/migration/index.js':[
73,
],
'project:ecmascript6/Ghost/core/server/helpers/body_class.js':[
20,
],
'project:ecmascript6/Ghost/core/server/helpers/has.js':[
17,
18,
48,
49,
],
'project:ecmascript6/Ghost/core/server/helpers/post_class.js':[
17,
18,
],
'project:ecmascript6/Ghost/core/server/mail/index.js':[
69,
],
'project:ecmascript6/Ghost/core/test/functional/base.js':[
26,
],
'project:ecmascript6/di.js/example/angular-loader/traceur.js':[
1154,
],
'project:ecmascript6/expressionist.js/test/parser.spec.js':[
31,
56,
56,
57,
57,
61,
61,
62,
62,
63,
63,
69,
70,
73,
73,
74,
74,
75,
80,
80,
384,
658,
658,
],
'project:ecmascript6/react-router/karma.conf.js':[
110,
111,
],
'project:ecmascript6/router/third_party/brick/brick-1.0.1.byob.js':[
1658,
2137,
],
'project:frameworks/wordpress/customize-controls.js':[
20,
],
'project:frameworks/wordpress/image-edit.js':[
132,
414,
],
'project:frameworks/wordpress/tags-box.js':[
112,
],
'project:google-closure-library/dom/forms.js':[
180,
],
'project:google-closure-library/events/eventhandler.js':[
124,
],
'project:google-closure-library/events/events.js':[
843,
861,
873,
],
'project:google-closure-library/fx/abstractdragdrop.js':[
375,
],
'project:google-closure-library/net/jsloader.js':[
166,
],
'project:google-closure-library/tweak/tweak.js':[
144,
],
'project:google-closure-library/ui/hovercard.js':[
94,
],
'project:google-closure-library/ui/menubutton.js':[
300,
],
'project:google-closure-library/ui/zippy.js':[
105,
],
'project:jquery-1.7.2.js':[
3892,
4354,
],
'project:mootools-core-1.4.5-full-nocompat.js':[
2214,
],
'project:ocanvas-2.2.2.js':[
2111,
],
'project:open-layers-2.12/OpenLayers/Control/GetFeature.js':[
385,
390,
410,
449,
],
'project:open-layers-2.12/OpenLayers/Control/ZoomBox.js':[
93,
],
'project:open-layers-2.12/OpenLayers/Events.js':[
215,
310,
861,
],
'project:open-layers-2.12/OpenLayers/Filter/Logical.js':[
77,
85,
],
'project:open-layers-2.12/OpenLayers/Format/Context.js':[
139,
148,
],
'project:open-layers-2.12/OpenLayers/Format/GeoJSON.js':[
277,
],
'project:open-layers-2.12/OpenLayers/Format/WMC/v1.js':[
1134,
1168,
],
'project:open-layers-2.12/OpenLayers/Format/WMSCapabilities/v1.js':[
273,
278,
281,
],
'project:open-layers-2.12/OpenLayers/Layer/MapGuide.js':[
182,
],
'project:open-layers-2.12/OpenLayers/Layer/MapServer.js':[
52,
],
'project:open-layers-2.12/OpenLayers/Renderer/Elements.js':[
587,
763,
],
'project:open-layers-2.12/OpenLayers/Strategy/Fixed.js':[
50,
],
'project:open-layers-2.12/OpenLayers/Style.js':[
182,
190,
],
'project:open-layers-2.12/Rico/Corner.js':[
287,
],
'project:open-layers-2.12/deprecated.js':[
281,
],
'project:paper-0.22.js':[
223,
],
'project:prototype-1.7.js':[
1431,
3001,
4267,
],
'project:scriptaculous-1.9.0/controls.js':[
864,
866,
],
'project:scriptaculous-1.9.0/effects.js':[
417,
],
'project:scriptaculous-1.9.0/slider.js':[
40,
],
'project:yui-3.7.3/button/button.js':[
173,
],
'project:yui-3.7.3/event-base-ie/event-base-ie.js':[
157,
],
'project:yui-3.7.3/event-base/event-base.js':[
219,
],
'project:yui-3.7.3/io-form/io-form.js':[
33,
],
'project:yui-3.7.3/scrollview-paginator/scrollview-paginator.js':[
337,
],
'project:yui-3.7.3/simpleyui/simpleyui.js':[
2134,
14947,
],
'project:yui-3.7.3/view-node-map/view-node-map.js':[
64,
],
'project:yui-3.7.3/yui-base/yui-base.js':[
2134,
],
'project:yui-3.7.3/yui-core/yui-core.js':[
2134,
],
'project:yui-3.7.3/yui-nodejs/yui-nodejs.js':[
2134,
],
'project:yui-3.7.3/yui/yui.js':[
2134,
],
}
