{
'project:amplify-1.1.0.js':[
404,
],
'project:angular-1.0.3.js':[
68,
999,
1501,
1605,
1676,
1961,
1962,
2138,
2180,
2196,
2208,
2279,
2644,
2676,
2769,
2877,
2880,
3174,
3300,
3303,
3713,
3714,
3979,
3991,
3998,
4016,
4178,
4178,
4446,
4455,
4788,
4788,
4799,
4809,
5416,
5648,
5975,
5988,
6013,
6031,
6042,
6051,
6060,
6088,
6090,
6170,
6277,
6405,
6451,
7225,
7226,
7268,
7712,
7747,
8099,
9856,
10802,
13421,
13650,
14244,
14293,
14350,
14351,
14353,
14401,
14408,
14412,
14415,
14418,
14431,
14437,
],
'project:backbone-0.9.2.js':[
95,
119,
152,
160,
166,
191,
193,
247,
249,
273,
300,
321,
328,
462,
510,
511,
560,
589,
595,
595,
616,
629,
640,
718,
739,
740,
811,
869,
895,
1225,
1319,
],
'project:dojo-1.8.1/dijit/BackgroundIframe.js.uncompressed.js':[
67,
],
'project:dojo-1.8.1/dijit/Tree.js.uncompressed.js':[
275,
319,
870,
941,
975,
],
'project:dojo-1.8.1/dijit/_KeyNavContainer.js.uncompressed.js':[
51,
],
'project:dojo-1.8.1/dijit/_TemplatedMixin.js.uncompressed.js':[
275,
282,
],
'project:dojo-1.8.1/dijit/_Widget.js.uncompressed.js':[
282,
],
'project:dojo-1.8.1/dijit/_WidgetBase.js.uncompressed.js':[
415,
788,
812,
900,
],
'project:dojo-1.8.1/dijit/_WidgetsInTemplateMixin.js.uncompressed.js':[
33,
],
'project:dojo-1.8.1/dijit/_editor/RichText.js.uncompressed.js':[
358,
463,
463,
1174,
],
'project:dojo-1.8.1/dijit/_editor/_Plugin.js.uncompressed.js':[
284,
],
'project:dojo-1.8.1/dijit/_editor/plugins/EnterKeyHandling.js.uncompressed.js':[
364,
],
'project:dojo-1.8.1/dijit/_editor/plugins/LinkDialog.js.uncompressed.js':[
120,
120,
],
'project:dojo-1.8.1/dijit/a11y.js.uncompressed.js':[
15,
67,
],
'project:dojo-1.8.1/dijit/dijit-all.js.uncompressed.js':[
2969,
6534,
10943,
10952,
11965,
12070,
12070,
12781,
14935,
16126,
17197,
18786,
18786,
19442,
20623,
20928,
21760,
22446,
22880,
23291,
23293,
23320,
24402,
26840,
26841,
30840,
31536,
31580,
32131,
32202,
32236,
],
'project:dojo-1.8.1/dijit/dijit.js.uncompressed.js':[
319,
353,
503,
555,
1552,
1925,
1949,
2037,
2523,
2660,
3285,
3346,
3643,
4008,
4668,
4669,
4762,
5479,
5486,
5969,
6757,
6913,
7254,
],
'project:dojo-1.8.1/dijit/form/Select.js.uncompressed.js':[
40,
41,
],
'project:dojo-1.8.1/dijit/form/ValidationTextBox.js.uncompressed.js':[
27,
],
'project:dojo-1.8.1/dijit/form/_AutoCompleterMixin.js.uncompressed.js':[
460,
],
'project:dojo-1.8.1/dijit/form/_FormMixin.js.uncompressed.js':[
107,
],
'project:dojo-1.8.1/dijit/layout/BorderContainer.js.uncompressed.js':[
103,
105,
132,
],
'project:dojo-1.8.1/dijit/layout/ContentPane.js.uncompressed.js':[
396,
],
'project:dojo-1.8.1/dijit/layout/_LayoutWidget.js.uncompressed.js':[
129,
],
'project:dojo-1.8.1/dijit/place.js.uncompressed.js':[
272,
273,
366,
],
'project:dojo-1.8.1/dijit/popup.js.uncompressed.js':[
317,
],
'project:dojo-1.8.1/dijit/registry.js.uncompressed.js':[
80,
],
'project:dojo-1.8.1/dijit/tree/ObjectStoreModel.js.uncompressed.js':[
77,
],
'project:dojo-1.8.1/dijit/typematic.js.uncompressed.js':[
15,
],
'project:dojo-1.8.1/dojo/Deferred.js.uncompressed.js':[
192,
192,
217,
219,
219,
],
'project:dojo-1.8.1/dojo/NodeList-dom.js.uncompressed.js':[
501,
],
'project:dojo-1.8.1/dojo/NodeList-manipulate.js.uncompressed.js':[
24,
76,
184,
193,
227,
500,
551,
629,
675,
],
'project:dojo-1.8.1/dojo/NodeList-traverse.js.uncompressed.js':[
38,
],
'project:dojo-1.8.1/dojo/Stateful.js.uncompressed.js':[
38,
],
'project:dojo-1.8.1/dojo/_base/Deferred.js.uncompressed.js':[
160,
175,
],
'project:dojo-1.8.1/dojo/_base/array.js.uncompressed.js':[
9,
],
'project:dojo-1.8.1/dojo/_base/connect.js.uncompressed.js':[
84,
],
'project:dojo-1.8.1/dojo/_base/declare.js.uncompressed.js':[
455,
478,
],
'project:dojo-1.8.1/dojo/_base/fx.js.uncompressed.js':[
383,
],
'project:dojo-1.8.1/dojo/_base/kernel.js.uncompressed.js':[
153,
],
'project:dojo-1.8.1/dojo/_base/lang.js.uncompressed.js':[
30,
34,
191,
],
'project:dojo-1.8.1/dojo/_base/loader.js.uncompressed.js':[
105,
144,
237,
417,
508,
624,
658,
741,
],
'project:dojo-1.8.1/dojo/_base/unload.js.uncompressed.js':[
33,
],
'project:dojo-1.8.1/dojo/_base/url.js.uncompressed.js':[
108,
],
'project:dojo-1.8.1/dojo/_base/window.js.uncompressed.js':[
104,
],
'project:dojo-1.8.1/dojo/_firebug/firebug.js.uncompressed.js':[
1090,
],
'project:dojo-1.8.1/dojo/back.js.uncompressed.js':[
105,
105,
],
'project:dojo-1.8.1/dojo/behavior.js.uncompressed.js':[
226,
],
'project:dojo-1.8.1/dojo/date.js.uncompressed.js':[
59,
68,
],
'project:dojo-1.8.1/dojo/dnd/Mover.js.uncompressed.js':[
26,
],
'project:dojo-1.8.1/dojo/dojo.js.uncompressed.js':[
148,
154,
350,
653,
653,
884,
916,
964,
965,
1062,
1088,
1104,
1139,
1441,
1544,
1582,
1640,
2320,
2844,
3197,
3204,
3226,
3234,
3969,
4377,
4392,
5070,
5834,
5874,
6070,
6109,
6202,
6382,
6473,
6589,
6623,
6706,
7364,
7387,
8095,
8373,
8373,
9151,
9174,
9329,
9354,
9388,
9399,
9425,
9433,
9441,
9626,
9834,
9950,
10392,
11310,
11913,
12117,
12121,
12278,
13852,
14096,
14096,
14121,
14123,
14123,
14692,
14871,
15144,
15385,
15633,
16168,
17420,
],
'project:dojo-1.8.1/dojo/dom-construct.js.uncompressed.js':[
275,
],
'project:dojo-1.8.1/dojo/dom-geometry.js.uncompressed.js':[
430,
],
'project:dojo-1.8.1/dojo/dom-style.js.uncompressed.js':[
181,
297,
],
'project:dojo-1.8.1/dojo/dom.js.uncompressed.js':[
138,
],
'project:dojo-1.8.1/dojo/fx.js.uncompressed.js':[
71,
],
'project:dojo-1.8.1/dojo/has.js.uncompressed.js':[
45,
85,
],
'project:dojo-1.8.1/dojo/html.js.uncompressed.js':[
311,
],
'project:dojo-1.8.1/dojo/i18n.js.uncompressed.js':[
82,
435,
442,
464,
472,
],
'project:dojo-1.8.1/dojo/io/iframe.js.uncompressed.js':[
87,
],
'project:dojo-1.8.1/dojo/keys.js.uncompressed.js':[
6,
],
'project:dojo-1.8.1/dojo/on.js.uncompressed.js':[
183,
424,
],
'project:dojo-1.8.1/dojo/parser.js.uncompressed.js':[
53,
841,
],
'project:dojo-1.8.1/dojo/request/notify.js.uncompressed.js':[
73,
],
'project:dojo-1.8.1/dojo/request/registry.js.uncompressed.js':[
63,
],
'project:dojo-1.8.1/dojo/request/watch.js.uncompressed.js':[
22,
],
'project:dojo-1.8.1/dojo/selector/_loader.js.uncompressed.js':[
29,
],
'project:dojo-1.8.1/dojo/selector/acme.js.uncompressed.js':[
234,
234,
1012,
1035,
1190,
1215,
1249,
1260,
1286,
1294,
1302,
1487,
],
'project:dojo-1.8.1/dojo/store/DataStore.js.uncompressed.js':[
103,
106,
],
'project:dojo-1.8.1/dojo/store/JsonRest.js.uncompressed.js':[
183,
],
'project:dojo-1.8.1/dojo/store/Memory.js.uncompressed.js':[
93,
],
'project:dojo-1.8.1/dojo/store/Observable.js.uncompressed.js':[
64,
123,
],
'project:dojo-1.8.1/dojo/store/util/SimpleQueryEngine.js.uncompressed.js':[
88,
],
'project:dojo-1.8.1/dojo/string.js.uncompressed.js':[
30,
],
'project:dojo-1.8.1/dojo/touch.js.uncompressed.js':[
216,
],
'project:dojo-1.8.1/dojox/analytics/plugins/dojo.js.uncompressed.js':[
5,
],
'project:dojo-1.8.1/dojox/analytics/plugins/gestureEvents.js.uncompressed.js':[
7,
],
'project:dojo-1.8.1/dojox/analytics/plugins/idle.js.uncompressed.js':[
6,
],
'project:dojo-1.8.1/dojox/analytics/plugins/mouseClick.js.uncompressed.js':[
5,
],
'project:dojo-1.8.1/dojox/analytics/plugins/mouseOver.js.uncompressed.js':[
4,
],
'project:dojo-1.8.1/dojox/analytics/plugins/touchMove.js.uncompressed.js':[
5,
],
'project:dojo-1.8.1/dojox/analytics/plugins/touchPress.js.uncompressed.js':[
5,
],
'project:dojo-1.8.1/dojox/analytics/plugins/window.js.uncompressed.js':[
5,
],
'project:dojo-1.8.1/dojox/app/controllers/Layout.js.uncompressed.js':[
139,
],
'project:dojo-1.8.1/dojox/app/widgets/Container.js.uncompressed.js':[
97,
],
'project:dojo-1.8.1/dojox/calc/Standard.js.uncompressed.js':[
157,
178,
],
'project:dojo-1.8.1/dojox/calc/_Executor.js.uncompressed.js':[
115,
],
'project:dojo-1.8.1/dojox/charting/Chart3D.js.uncompressed.js':[
75,
],
'project:dojo-1.8.1/dojox/charting/widget/Chart2D.js.uncompressed.js':[
1351,
1776,
2302,
2314,
2330,
2336,
2344,
2347,
4490,
5348,
5569,
6204,
6388,
6618,
7640,
7692,
8849,
8850,
8943,
9262,
9858,
13994,
16237,
16244,
19747,
20120,
20144,
20232,
],
'project:dojo-1.8.1/dojox/data/ItemExplorer.js.uncompressed.js':[
29,
78,
98,
102,
219,
],
'project:dojo-1.8.1/dojox/data/JsonRestStore.js.uncompressed.js':[
207,
348,
],
'project:dojo-1.8.1/dojox/data/PersevereStore.js.uncompressed.js':[
33,
93,
98,
],
'project:dojo-1.8.1/dojox/data/ServiceStore.js.uncompressed.js':[
161,
],
'project:dojo-1.8.1/dojox/data/StoreExplorer.js.uncompressed.js':[
136,
138,
140,
163,
170,
],
'project:dojo-1.8.1/dojox/date/php.js.uncompressed.js':[
48,
],
'project:dojo-1.8.1/dojox/date/timezone.js.uncompressed.js':[
439,
521,
538,
],
'project:dojo-1.8.1/dojox/drawing/stencil/_Base.js.uncompressed.js':[
618,
618,
886,
],
'project:dojo-1.8.1/dojox/drawing/tools/custom/Vector.js.uncompressed.js':[
166,
182,
],
'project:dojo-1.8.1/dojox/drawing/ui/Toolbar.js.uncompressed.js':[
216,
216,
],
'project:dojo-1.8.1/dojox/drawing/util/common.js.uncompressed.js':[
65,
],
'project:dojo-1.8.1/dojox/dtl.js.uncompressed.js':[
225,
391,
657,
672,
687,
846,
1036,
1115,
1119,
1131,
1251,
1258,
1365,
1411,
1471,
1839,
1855,
2008,
2036,
2146,
2506,
2515,
],
'project:dojo-1.8.1/dojox/dtl/Context.js.uncompressed.js':[
43,
50,
],
'project:dojo-1.8.1/dojox/dtl/_DomTemplated.js.uncompressed.js':[
89,
],
'project:dojo-1.8.1/dojox/dtl/_Templated.js.uncompressed.js':[
75,
120,
122,
],
'project:dojo-1.8.1/dojox/dtl/_base.js.uncompressed.js':[
223,
389,
655,
670,
685,
],
'project:dojo-1.8.1/dojox/dtl/contrib/data.js.uncompressed.js':[
102,
],
'project:dojo-1.8.1/dojox/dtl/contrib/dijit.js.uncompressed.js':[
22,
31,
80,
],
'project:dojo-1.8.1/dojox/dtl/contrib/dom.js.uncompressed.js':[
34,
158,
],
'project:dojo-1.8.1/dojox/dtl/dom.js.uncompressed.js':[
59,
69,
150,
172,
181,
204,
274,
309,
326,
396,
448,
530,
729,
826,
903,
],
'project:dojo-1.8.1/dojox/dtl/filter/lists.js.uncompressed.js':[
34,
],
'project:dojo-1.8.1/dojox/dtl/filter/misc.js.uncompressed.js':[
55,
55,
],
'project:dojo-1.8.1/dojox/dtl/filter/strings.js.uncompressed.js':[
258,
],
'project:dojo-1.8.1/dojox/dtl/tag/loader.js.uncompressed.js':[
131,
210,
214,
226,
],
'project:dojo-1.8.1/dojox/dtl/tag/logic.js.uncompressed.js':[
21,
37,
190,
218,
],
'project:dojo-1.8.1/dojox/dtl/tag/misc.js.uncompressed.js':[
20,
66,
126,
],
'project:dojo-1.8.1/dojox/dtl/utils/date.js.uncompressed.js':[
59,
],
'project:dojo-1.8.1/dojox/editor/plugins/AutoSave.js.uncompressed.js':[
248,
261,
295,
],
'project:dojo-1.8.1/dojox/editor/plugins/AutoUrlLink.js.uncompressed.js':[
159,
165,
],
'project:dojo-1.8.1/dojox/editor/plugins/FindReplace.js.uncompressed.js':[
453,
],
'project:dojo-1.8.1/dojox/editor/plugins/InsertAnchor.js.uncompressed.js':[
71,
],
'project:dojo-1.8.1/dojox/editor/plugins/LocalImage.js.uncompressed.js':[
120,
193,
],
'project:dojo-1.8.1/dojox/editor/plugins/SpellCheck.js.uncompressed.js':[
579,
580,
582,
633,
],
'project:dojo-1.8.1/dojox/editor/plugins/TablePlugins.js.uncompressed.js':[
394,
],
'project:dojo-1.8.1/dojox/embed/Quicktime.js.uncompressed.js':[
196,
227,
],
'project:dojo-1.8.1/dojox/encoding/compression/lzw.js.uncompressed.js':[
25,
38,
],
'project:dojo-1.8.1/dojox/form/CheckedMultiSelect.js.uncompressed.js':[
137,
138,
],
'project:dojo-1.8.1/dojox/form/Manager.js.uncompressed.js':[
22,
],
'project:dojo-1.8.1/dojox/form/MultiComboBox.js.uncompressed.js':[
55,
],
'project:dojo-1.8.1/dojox/form/uploader/FileList.js.uncompressed.js':[
100,
],
'project:dojo-1.8.1/dojox/gantt/GanttChart.js.uncompressed.js':[
103,
],
'project:dojo-1.8.1/dojox/gantt/GanttTaskControl.js.uncompressed.js':[
163,
192,
421,
422,
488,
771,
801,
806,
886,
],
'project:dojo-1.8.1/dojox/gfx/canvas.js.uncompressed.js':[
532,
532,
534,
534,
537,
537,
551,
551,
564,
577,
596,
597,
655,
656,
669,
670,
683,
684,
],
'project:dojo-1.8.1/dojox/gfx/decompose.js.uncompressed.js':[
66,
67,
68,
69,
100,
],
'project:dojo-1.8.1/dojox/gfx/matrix.js.uncompressed.js':[
8,
],
'project:dojo-1.8.1/dojox/gfx/path.js.uncompressed.js':[
148,
148,
152,
152,
159,
159,
165,
171,
179,
179,
187,
187,
201,
201,
463,
],
'project:dojo-1.8.1/dojox/gfx/shape.js.uncompressed.js':[
27,
],
'project:dojo-1.8.1/dojox/gfx/vml.js.uncompressed.js':[
857,
858,
867,
980,
981,
990,
991,
],
'project:dojo-1.8.1/dojox/grid/DataGrid.js.uncompressed.js':[
32,
182,
234,
602,
670,
671,
726,
919,
1884,
2257,
2281,
2369,
2885,
3413,
4897,
5388,
6195,
6554,
7036,
7044,
7051,
7058,
7068,
7086,
7102,
7110,
7120,
7120,
7160,
7162,
7209,
7228,
7254,
7254,
7270,
7285,
7300,
7885,
7892,
8241,
8242,
8346,
8347,
8366,
8371,
8420,
8425,
8628,
8637,
8660,
8740,
8744,
8752,
8787,
8790,
8791,
8808,
8809,
8818,
8819,
8840,
9405,
9414,
9433,
9434,
9435,
9520,
9555,
9620,
9629,
10439,
12306,
12319,
14005,
],
'project:dojo-1.8.1/dojox/grid/LazyTreeGrid.js.uncompressed.js':[
106,
115,
125,
],
'project:dojo-1.8.1/dojox/grid/TreeGrid.js.uncompressed.js':[
797,
904,
],
'project:dojo-1.8.1/dojox/grid/TreeSelection.js.uncompressed.js':[
96,
],
'project:dojo-1.8.1/dojox/grid/_Builder.js.uncompressed.js':[
138,
139,
243,
244,
263,
268,
317,
322,
525,
534,
557,
637,
641,
649,
684,
687,
688,
705,
706,
715,
716,
737,
],
'project:dojo-1.8.1/dojox/grid/_FocusManager.js.uncompressed.js':[
248,
261,
],
'project:dojo-1.8.1/dojox/grid/_Grid.js.uncompressed.js':[
520,
1011,
],
'project:dojo-1.8.1/dojox/grid/_Layout.js.uncompressed.js':[
34,
43,
62,
63,
64,
149,
184,
249,
258,
],
'project:dojo-1.8.1/dojox/grid/_TreeView.js.uncompressed.js':[
232,
],
'project:dojo-1.8.1/dojox/grid/_View.js.uncompressed.js':[
105,
173,
174,
229,
422,
],
'project:dojo-1.8.1/dojox/grid/_ViewManager.js.uncompressed.js':[
37,
45,
52,
59,
69,
87,
103,
111,
121,
121,
161,
163,
210,
229,
255,
255,
271,
286,
301,
],
'project:dojo-1.8.1/dojox/grid/enhanced/_FocusManager.js.uncompressed.js':[
351,
355,
],
'project:dojo-1.8.1/dojox/grid/enhanced/plugins/Printer.js.uncompressed.js':[
184,
],
'project:dojo-1.8.1/dojox/grid/enhanced/plugins/filter/FilterDefDialog.js.uncompressed.js':[
156,
228,
734,
737,
1190,
],
'project:dojo-1.8.1/dojox/help/_base.js.uncompressed.js':[
33,
65,
85,
184,
226,
248,
271,
278,
361,
384,
400,
448,
],
'project:dojo-1.8.1/dojox/help/console.js.uncompressed.js':[
47,
],
'project:dojo-1.8.1/dojox/highlight/languages/css.js.uncompressed.js':[
4,
],
'project:dojo-1.8.1/dojox/html/ext-dojo/style.js.uncompressed.js':[
379,
],
'project:dojo-1.8.1/dojox/io/httpParse.js.uncompressed.js':[
61,
],
'project:dojo-1.8.1/dojox/io/scriptFrame.js.uncompressed.js':[
23,
],
'project:dojo-1.8.1/dojox/io/xhrPlugins.js.uncompressed.js':[
7,
7,
],
'project:dojo-1.8.1/dojox/jq.js.uncompressed.js':[
856,
1107,
1390,
1737,
],
'project:dojo-1.8.1/dojox/json/query.js.uncompressed.js':[
87,
],
'project:dojo-1.8.1/dojox/json/ref.js.uncompressed.js':[
13,
78,
133,
],
'project:dojo-1.8.1/dojox/json/schema.js.uncompressed.js':[
90,
],
'project:dojo-1.8.1/dojox/lang/aspect.js.uncompressed.js':[
33,
34,
80,
81,
99,
102,
113,
116,
],
'project:dojo-1.8.1/dojox/lang/aspect/memoizer.js.uncompressed.js':[
11,
11,
15,
16,
17,
26,
26,
30,
31,
32,
],
'project:dojo-1.8.1/dojox/lang/aspect/memoizerGuard.js.uncompressed.js':[
9,
],
'project:dojo-1.8.1/dojox/lang/functional/array.js.uncompressed.js':[
83,
],
'project:dojo-1.8.1/dojox/lang/functional/lambda.js.uncompressed.js':[
122,
],
'project:dojo-1.8.1/dojox/lang/functional/scan.js.uncompressed.js':[
30,
42,
58,
64,
72,
75,
],
'project:dojo-1.8.1/dojox/lang/typed.js.uncompressed.js':[
116,
],
'project:dojo-1.8.1/dojox/math/BigInteger-ext.js.uncompressed.js':[
123,
126,
],
'project:dojo-1.8.1/dojox/math/BigInteger.js.uncompressed.js':[
189,
192,
215,
222,
223,
224,
225,
226,
],
'project:dojo-1.8.1/dojox/math/stats.js.uncompressed.js':[
121,
],
'project:dojo-1.8.1/dojox/mobile.js.uncompressed.js':[
243,
2536,
3441,
4108,
4481,
4505,
4593,
5431,
],
'project:dojo-1.8.1/dojox/mobile/Switch.js.uncompressed.js':[
69,
],
'project:dojo-1.8.1/dojox/mobile/app.js.uncompressed.js':[
2051,
2053,
2135,
2794,
3682,
4783,
5924,
6269,
6531,
8038,
8090,
8218,
10357,
10358,
10451,
10773,
12400,
12872,
13245,
13269,
13357,
],
'project:dojo-1.8.1/dojox/mobile/parser.js.uncompressed.js':[
30,
32,
114,
],
'project:dojo-1.8.1/dojox/mvc/ModelRefController.js.uncompressed.js':[
97,
],
'project:dojo-1.8.1/dojox/mvc/StatefulModel.js.uncompressed.js':[
237,
],
'project:dojo-1.8.1/dojox/mvc/StatefulSeries.js.uncompressed.js':[
70,
],
'project:dojo-1.8.1/dojox/mvc/WidgetList.js.uncompressed.js':[
20,
156,
159,
173,
200,
207,
],
'project:dojo-1.8.1/dojox/mvc/_atBindingMixin.js.uncompressed.js':[
81,
243,
],
'project:dojo-1.8.1/dojox/mvc/sync.js.uncompressed.js':[
124,
237,
],
'project:dojo-1.8.1/dojox/rpc/JsonRest.js.uncompressed.js':[
52,
329,
329,
352,
],
'project:dojo-1.8.1/dojox/rpc/Rest.js.uncompressed.js':[
41,
],
'project:dojo-1.8.1/dojox/rpc/Service.js.uncompressed.js':[
35,
74,
],
'project:dojo-1.8.1/dojox/secure/DOM.js.uncompressed.js':[
89,
],
'project:dojo-1.8.1/dojox/secure/fromJson.js.uncompressed.js':[
160,
183,
],
'project:dojo-1.8.1/dojox/secure/sandbox.js.uncompressed.js':[
17,
165,
],
'project:dojo-1.8.1/dojox/socket.js.uncompressed.js':[
120,
179,
],
'project:dojo-1.8.1/dojox/socket/Reconnect.js.uncompressed.js':[
26,
],
'project:dojo-1.8.1/dojox/storage/FlashStorageProvider.js.uncompressed.js':[
79,
],
'project:dojo-1.8.1/dojox/storage/GearsStorageProvider.js.uncompressed.js':[
56,
],
'project:dojo-1.8.1/dojox/treemap/TreeMap.js.uncompressed.js':[
242,
],
'project:dojo-1.8.1/dojox/treemap/_utils.js.uncompressed.js':[
29,
],
'project:dojo-1.8.1/dojox/widget/Dialog.js.uncompressed.js':[
103,
],
'project:dojo-1.8.1/dojox/widget/FeedPortlet.js.uncompressed.js':[
165,
241,
],
'project:dojo-1.8.1/dojox/widget/RollingList.js.uncompressed.js':[
216,
241,
557,
847,
],
'project:dojo-1.8.1/dojox/widget/Rotator.js.uncompressed.js':[
140,
171,
172,
],
'project:dojo-1.8.1/dojox/widget/_CalendarView.js.uncompressed.js':[
48,
],
'project:ecmascript6/Ghost/core/client/app/utils/ghost-paths.js':[
13,
],
'project:ecmascript6/di.js/chrome-extension/visualize/dag/dag.js':[
6,
7,
],
'project:ecmascript6/di.js/chrome-extension/visualize/lib/angular.js':[
227,
1404,
1451,
2118,
2233,
2647,
2648,
2878,
2920,
2998,
3536,
3541,
3574,
3665,
3803,
3806,
4345,
4497,
4500,
5459,
5460,
5578,
5850,
5874,
6134,
6137,
6495,
6514,
8165,
8165,
8176,
8200,
8786,
9149,
9538,
9960,
9973,
9998,
10015,
10017,
10031,
10042,
10051,
10060,
10088,
10090,
10138,
11744,
11788,
12190,
13415,
14399,
15523,
19220,
19741,
20196,
20250,
20330,
20342,
20406,
20413,
20417,
20420,
20424,
20437,
20443,
],
'project:ecmascript6/di.js/chrome-extension/visualize/lib/d3.v3.js':[
83,
85,
95,
97,
152,
152,
156,
249,
294,
294,
294,
387,
430,
438,
511,
512,
514,
515,
534,
535,
610,
611,
646,
730,
752,
752,
754,
765,
774,
775,
816,
820,
843,
844,
846,
861,
888,
895,
932,
933,
936,
937,
937,
968,
970,
1002,
1022,
1022,
1028,
1189,
1192,
1195,
1198,
1406,
1412,
1412,
1466,
1468,
1470,
1520,
1520,
1543,
1546,
1644,
1665,
1665,
1665,
1862,
1862,
1862,
1973,
2009,
2094,
2094,
2097,
2127,
2181,
2192,
2196,
2226,
2241,
2242,
2360,
2360,
2360,
2422,
2422,
2427,
2427,
2427,
2441,
2493,
2507,
2507,
2519,
2559,
2572,
2581,
2581,
2581,
2581,
2583,
2584,
2585,
2598,
2611,
2616,
2617,
2618,
2632,
2663,
2671,
2685,
2744,
2744,
2781,
2798,
2816,
2816,
2858,
2875,
2875,
2889,
2889,
2929,
2929,
2952,
3075,
3075,
3075,
3075,
3151,
3221,
3224,
3232,
3232,
3240,
3248,
3349,
3349,
3443,
3443,
3450,
3450,
3460,
3460,
3460,
3460,
3471,
3471,
3554,
3554,
3554,
3554,
3554,
3554,
3567,
3567,
3580,
3582,
3582,
3616,
3616,
3622,
3730,
3730,
3765,
3789,
3796,
3796,
3800,
3800,
3813,
3839,
3855,
3860,
3878,
3891,
3891,
4021,
4046,
4053,
4053,
4054,
4054,
4074,
4081,
4099,
4115,
4121,
4143,
4154,
4160,
4168,
4177,
4180,
4183,
4203,
4261,
4264,
4313,
4968,
4968,
4971,
4971,
4993,
5008,
5008,
5020,
5054,
5077,
5080,
5090,
5160,
5161,
5170,
5210,
5217,
5340,
5340,
5340,
5382,
5479,
5484,
5490,
5611,
5674,
5685,
5686,
5689,
5691,
5695,
5706,
5709,
5721,
5722,
5784,
5793,
5829,
5898,
5917,
5985,
5989,
5989,
5996,
6033,
6035,
6080,
6082,
6222,
6279,
6304,
6392,
6396,
6399,
6418,
6436,
6512,
6512,
6539,
6555,
6555,
6598,
6616,
6664,
6671,
6682,
6722,
6787,
7038,
7072,
7072,
7104,
7118,
7157,
7246,
7360,
7361,
7361,
7411,
7438,
7478,
7484,
7489,
7541,
7620,
7620,
7620,
7681,
7682,
7682,
7730,
7848,
7928,
7930,
7930,
7946,
7949,
7951,
7963,
7965,
7985,
8002,
8004,
8010,
8012,
8049,
8051,
8080,
8095,
8103,
8121,
8129,
8131,
8142,
8166,
8517,
8701,
8705,
8785,
8812,
8813,
8975,
8980,
8985,
8990,
8995,
9000,
9005,
9019,
9024,
9027,
9027,
9036,
9041,
9046,
9051,
9056,
9061,
9066,
9070,
9071,
],
'project:ecmascript6/di.js/example/angular-loader/traceur.js':[
118,
509,
590,
2988,
2989,
4936,
5045,
5053,
6714,
6740,
7089,
7734,
8965,
8991,
8995,
9021,
10519,
10772,
11673,
11923,
12217,
12339,
12343,
12445,
13796,
14321,
14357,
14375,
15186,
15187,
15190,
15282,
15721,
15749,
17632,
18147,
18767,
],
'project:ecmascript6/di.js/visualize/dag/dag.js':[
6,
7,
],
'project:ecmascript6/di.js/visualize/lib/angular.js':[
227,
1404,
1451,
2118,
2233,
2647,
2648,
2878,
2920,
2998,
3536,
3541,
3574,
3665,
3803,
3806,
4345,
4497,
4500,
5459,
5460,
5578,
5850,
5874,
6134,
6137,
6495,
6514,
8165,
8165,
8176,
8200,
8786,
9149,
9538,
9960,
9973,
9998,
10015,
10017,
10031,
10042,
10051,
10060,
10088,
10090,
10138,
11744,
11788,
12190,
13415,
14399,
15523,
19220,
19741,
20196,
20250,
20330,
20342,
20406,
20413,
20417,
20420,
20424,
20437,
20443,
],
'project:ecmascript6/di.js/visualize/lib/d3.v3.js':[
83,
85,
95,
97,
152,
152,
156,
249,
294,
294,
294,
387,
430,
438,
511,
512,
514,
515,
534,
535,
610,
611,
646,
730,
752,
752,
754,
765,
774,
775,
816,
820,
843,
844,
846,
861,
888,
895,
932,
933,
936,
937,
937,
968,
970,
1002,
1022,
1022,
1028,
1189,
1192,
1195,
1198,
1406,
1412,
1412,
1466,
1468,
1470,
1520,
1520,
1543,
1546,
1644,
1665,
1665,
1665,
1862,
1862,
1862,
1973,
2009,
2094,
2094,
2097,
2127,
2181,
2192,
2196,
2226,
2241,
2242,
2360,
2360,
2360,
2422,
2422,
2427,
2427,
2427,
2441,
2493,
2507,
2507,
2519,
2559,
2572,
2581,
2581,
2581,
2581,
2583,
2584,
2585,
2598,
2611,
2616,
2617,
2618,
2632,
2663,
2671,
2685,
2744,
2744,
2781,
2798,
2816,
2816,
2858,
2875,
2875,
2889,
2889,
2929,
2929,
2952,
3075,
3075,
3075,
3075,
3151,
3221,
3224,
3232,
3232,
3240,
3248,
3349,
3349,
3443,
3443,
3450,
3450,
3460,
3460,
3460,
3460,
3471,
3471,
3554,
3554,
3554,
3554,
3554,
3554,
3567,
3567,
3580,
3582,
3582,
3616,
3616,
3622,
3730,
3730,
3765,
3789,
3796,
3796,
3800,
3800,
3813,
3839,
3855,
3860,
3878,
3891,
3891,
4021,
4046,
4053,
4053,
4054,
4054,
4074,
4081,
4099,
4115,
4121,
4143,
4154,
4160,
4168,
4177,
4180,
4183,
4203,
4261,
4264,
4313,
4968,
4968,
4971,
4971,
4993,
5008,
5008,
5020,
5054,
5077,
5080,
5090,
5160,
5161,
5170,
5210,
5217,
5340,
5340,
5340,
5382,
5479,
5484,
5490,
5611,
5674,
5685,
5686,
5689,
5691,
5695,
5706,
5709,
5721,
5722,
5784,
5793,
5829,
5898,
5917,
5985,
5989,
5989,
5996,
6033,
6035,
6080,
6082,
6222,
6279,
6304,
6392,
6396,
6399,
6418,
6436,
6512,
6512,
6539,
6555,
6555,
6598,
6616,
6664,
6671,
6682,
6722,
6787,
7038,
7072,
7072,
7104,
7118,
7157,
7246,
7360,
7361,
7361,
7411,
7438,
7478,
7484,
7489,
7541,
7620,
7620,
7620,
7681,
7682,
7682,
7730,
7848,
7928,
7930,
7930,
7946,
7949,
7951,
7963,
7965,
7985,
8002,
8004,
8010,
8012,
8049,
8051,
8080,
8095,
8103,
8121,
8129,
8131,
8142,
8166,
8517,
8701,
8705,
8785,
8812,
8813,
8975,
8980,
8985,
8990,
8995,
9000,
9005,
9019,
9024,
9027,
9027,
9036,
9041,
9046,
9051,
9056,
9061,
9066,
9070,
9071,
],
'project:ecmascript6/expressionist.js/test/parser.spec.js':[
75,
75,
80,
80,
80,
80,
877,
],
'project:ecmascript6/http/lib/gulp/karma/background.js':[
3,
4,
],
'project:ecmascript6/router/src/navigationInstruction.js':[
17,
],
'project:ecmascript6/router/third_party/brick/brick-1.0.1.byob.js':[
86,
183,
244,
310,
452,
503,
671,
910,
1010,
1111,
1129,
1254,
1488,
1579,
1698,
1698,
1704,
1704,
1710,
1710,
2901,
],
'project:ecmascript6/router/third_party/route-recognizer.js':[
98,
102,
158,
191,
193,
366,
],
'project:ecmascript6/watchtower.js/lib/gulp/karma/background.js':[
3,
4,
],
'project:ecmascript6/watchtower.js/src/dirty_checking.js':[
1043,
1044,
],
'project:ecmascript6/watchtower.js/src/linked_list.js':[
167,
],
'project:es5-shim-2.0.5.js':[
173,
],
'project:frameworks/wordpress/customize-controls.js':[
1841,
1846,
2136,
2702,
],
'project:frameworks/wordpress/editor-expand.js':[
180,
],
'project:frameworks/wordpress/farbtastic.js':[
16,
],
'project:frameworks/wordpress/gallery.js':[
142,
],
'project:frameworks/wordpress/image-edit.js':[
557,
615,
],
'project:frameworks/wordpress/post.js':[
176,
176,
462,
917,
],
'project:frameworks/wordpress/theme.js':[
434,
459,
521,
],
'project:google-closure-library/array/array.js':[
611,
744,
1212,
],
'project:google-closure-library/base.js':[
184,
210,
250,
257,
434,
885,
],
'project:google-closure-library/cssom/cssom.js':[
399,
],
'project:google-closure-library/cssom/iframe/style.js':[
142,
143,
574,
793,
815,
],
'project:google-closure-library/datasource/datasource.js':[
344,
],
'project:google-closure-library/datasource/xmldatasource.js':[
99,
125,
],
'project:google-closure-library/debug/devcss/devcss.js':[
109,
118,
382,
412,
414,
416,
428,
],
'project:google-closure-library/debug/logbuffer.js':[
106,
],
'project:google-closure-library/debug/logger.js':[
285,
669,
683,
],
'project:google-closure-library/demos/xpc/xpcdemo.js':[
182,
299,
],
'project:google-closure-library/dom/browserrange/ierange.js':[
363,
],
'project:google-closure-library/dom/dom.js':[
99,
248,
266,
],
'project:google-closure-library/dom/dom_test.js':[
751,
782,
],
'project:google-closure-library/dom/forms.js':[
69,
94,
109,
156,
174,
315,
380,
402,
406,
],
'project:google-closure-library/dom/nodeoffset.js':[
78,
96,
],
'project:google-closure-library/dom/textrange.js':[
278,
293,
300,
307,
314,
],
'project:google-closure-library/dom/viewportsizemonitor.js':[
96,
],
'project:google-closure-library/editor/field.js':[
1454,
],
'project:google-closure-library/editor/plugins/basictextformatter.js':[
446,
],
'project:google-closure-library/editor/plugins/enterhandler.js':[
507,
],
'project:google-closure-library/editor/plugins/tableeditor.js':[
355,
356,
],
'project:google-closure-library/editor/seamlessfield.js':[
248,
323,
],
'project:google-closure-library/editor/table.js':[
89,
96,
111,
136,
167,
207,
237,
257,
319,
394,
550,
],
'project:google-closure-library/events/actioneventwrapper.js':[
122,
125,
],
'project:google-closure-library/events/events.js':[
686,
],
'project:google-closure-library/fs/entry.js':[
421,
],
'project:google-closure-library/fx/abstractdragdrop.js':[
282,
335,
423,
424,
442,
452,
453,
682,
695,
727,
751,
980,
1067,
],
'project:google-closure-library/fx/dragdropgroup.js':[
88,
],
'project:google-closure-library/gears/gears.js':[
42,
50,
63,
68,
132,
140,
142,
161,
165,
],
'project:google-closure-library/graphics/ext/element.js':[
732,
],
'project:google-closure-library/i18n/datetimeparse.js':[
988,
],
'project:google-closure-library/json/json.js':[
266,
],
'project:google-closure-library/labs/structs/map.js':[
106,
],
'project:google-closure-library/labs/structs/multimap.js':[
86,
],
'project:google-closure-library/math/rangeset.js':[
112,
121,
144,
169,
192,
211,
235,
254,
291,
318,
],
'project:google-closure-library/memoize/memoize.js':[
49,
52,
],
'project:google-closure-library/net/cookies.js':[
192,
343,
],
'project:google-closure-library/net/crossdomainrpc.js':[
480,
],
'project:google-closure-library/net/xmlhttpfactory.js':[
53,
],
'project:google-closure-library/net/xpc/crosspagechannel.js':[
58,
],
'project:google-closure-library/net/xpc/iframepollingtransport.js':[
618,
],
'project:google-closure-library/object/object.js':[
352,
413,
],
'project:google-closure-library/spell/spellcheck.js':[
375,
],
'project:google-closure-library/string/string.js':[
610,
841,
864,
],
'project:google-closure-library/structs/map.js':[
180,
],
'project:google-closure-library/style/style.js':[
436,
590,
660,
1338,
1347,
],
'project:google-closure-library/testing/benchmarks/jsbinarysizebutton.js':[
48,
50,
51,
52,
],
'project:google-closure-library/testing/multitestrunner.js':[
528,
],
'project:google-closure-library/tweak/entries.js':[
156,
971,
],
'project:google-closure-library/tweak/registry.js':[
150,
274,
],
'project:google-closure-library/tweak/tweakui.js':[
321,
473,
585,
],
'project:google-closure-library/ui/abstractspellchecker.js':[
547,
808,
],
'project:google-closure-library/ui/ac/arraymatcher.js':[
121,
],
'project:google-closure-library/ui/colormenubutton.js':[
160,
],
'project:google-closure-library/ui/component.js':[
443,
524,
],
'project:google-closure-library/ui/container.js':[
275,
817,
],
'project:google-closure-library/ui/control.js':[
301,
],
'project:google-closure-library/ui/controlrenderer.js':[
449,
468,
],
'project:google-closure-library/ui/dialog.js':[
543,
545,
548,
550,
760,
1242,
1323,
1361,
],
'project:google-closure-library/ui/editor/defaulttoolbar.js':[
315,
1056,
],
'project:google-closure-library/ui/editor/toolbarfactory.js':[
248,
],
'project:google-closure-library/ui/equation/texpane.js':[
195,
195,
],
'project:google-closure-library/ui/filteredmenu.js':[
148,
149,
426,
],
'project:google-closure-library/ui/hsvpalette.js':[
282,
284,
286,
288,
290,
294,
],
'project:google-closure-library/ui/keyboardshortcuthandler.js':[
572,
575,
],
'project:google-closure-library/ui/offlineinstalldialog.js':[
268,
],
'project:google-closure-library/ui/offlinestatuscard.js':[
272,
273,
274,
275,
277,
278,
],
'project:google-closure-library/ui/ratings.js':[
402,
],
'project:google-closure-library/ui/registry.js':[
42,
132,
],
'project:google-closure-library/ui/select.js':[
321,
],
'project:google-closure-library/ui/tabbar.js':[
264,
273,
],
'project:google-closure-library/ui/tabpane.js':[
262,
312,
334,
429,
],
'project:google-closure-library/ui/tooltip.js':[
291,
470,
507,
765,
],
'project:google-closure-library/ui/tree/typeahead.js':[
234,
290,
],
'project:google-closure-library/uri/uri.js':[
78,
1155,
1365,
],
'project:google-closure-library/useragent/useragent.js':[
151,
471,
497,
],
'project:jquery-1.7.2.js':[
364,
2199,
2674,
2714,
2764,
2818,
2863,
2914,
3028,
3803,
4149,
4299,
4350,
6466,
6636,
6727,
6728,
6758,
7117,
7493,
7496,
8520,
8662,
8694,
8803,
],
'project:jstorage-0.3.0.js':[
33,
],
'project:knockout-2.1.0.debug.js':[
18,
343,
344,
1552,
1854,
],
'project:mootools-core-1.4.5-full-nocompat.js':[
200,
1519,
2008,
2027,
2033,
2090,
2092,
2109,
2137,
2137,
2194,
2223,
2286,
2297,
2353,
2373,
2381,
2386,
2816,
2844,
3184,
3188,
3192,
3405,
3641,
3650,
4398,
4698,
4836,
4848,
],
'project:ocanvas-2.2.2.js':[
3637,
3641,
3650,
3654,
3659,
3663,
3667,
3672,
3676,
3680,
3685,
3716,
3720,
3725,
3733,
3749,
3750,
3755,
3760,
3765,
3766,
3766,
3777,
3779,
3781,
],
'project:open-layers-2.12/OpenLayers/Format/WMSGetFeatureInfo.js':[
217,
],
'project:open-layers-2.12/OpenLayers/Layer/ArcGISCache.js':[
370,
],
'project:open-layers-2.12/OpenLayers/Renderer/Canvas.js':[
272,
],
'project:open-layers-2.12/OpenLayers/Request/XMLHttpRequest.js':[
301,
309,
336,
],
'project:open-layers-2.12/OpenLayers/Tween.js':[
302,
318,
],
'project:open-layers-2.12/deprecated.js':[
450,
],
'project:paper-0.22.js':[
111,
147,
205,
332,
1875,
1883,
2114,
2118,
2600,
2602,
3073,
4063,
4178,
4180,
4182,
4431,
4436,
5835,
6020,
6426,
6584,
6754,
6806,
6806,
6863,
7633,
7633,
7633,
7633,
7633,
7633,
7633,
7633,
7633,
7633,
7633,
7633,
7633,
7633,
7633,
7633,
7633,
7633,
7633,
7633,
7633,
7633,
7633,
7633,
7633,
7633,
7633,
7633,
7633,
7633,
7633,
7633,
7633,
7633,
7633,
7633,
7633,
7633,
7633,
7633,
7633,
7633,
7633,
7633,
7633,
7633,
7633,
7633,
7633,
7633,
7633,
7633,
7633,
7633,
7633,
7633,
7633,
7633,
7633,
7633,
7633,
7633,
7633,
7633,
7633,
7633,
7721,
7722,
7728,
7729,
],
'project:processing-1.3.6.js':[
1503,
4102,
4500,
],
'project:prototype-1.7.js':[
436,
558,
629,
855,
1163,
1242,
1763,
2302,
2309,
2316,
2323,
2546,
2571,
2572,
2724,
3108,
3126,
3138,
3150,
3164,
4134,
4263,
4995,
5014,
5977,
5978,
],
'project:scriptaculous-1.9.0/controls.js':[
333,
],
'project:scriptaculous-1.9.0/dragdrop.js':[
307,
],
'project:scriptaculous-1.9.0/effects.js':[
990,
],
'project:sizzle-1.8.2.js':[
61,
210,
234,
236,
253,
266,
312,
313,
349,
391,
463,
547,
551,
553,
714,
743,
744,
1001,
1030,
1034,
1040,
1041,
1050,
1052,
1054,
1151,
1214,
1215,
1225,
1226,
1260,
1266,
1286,
1311,
1321,
1336,
1350,
1441,
1458,
1461,
1463,
1579,
],
'project:underscore-1.3.3.js':[
181,
190,
195,
232,
244,
283,
291,
295,
295,
485,
507,
510,
576,
741,
753,
902,
],
'project:yui-3.7.3/anim-easing/anim-easing.js':[
57,
70,
100,
113,
130,
165,
236,
239,
261,
278,
298,
300,
300,
329,
331,
333,
],
'project:yui-3.7.3/app-base/app-base.js':[
157,
384,
786,
],
'project:yui-3.7.3/app-transitions-native/app-transitions-native.js':[
199,
],
'project:yui-3.7.3/autocomplete-base/autocomplete-base.js':[
193,
343,
716,
],
'project:yui-3.7.3/autocomplete-list/autocomplete-list.js':[
333,
],
'project:yui-3.7.3/autocomplete-sources/autocomplete-sources.js':[
108,
171,
308,
],
'project:yui-3.7.3/datatable-base-deprecated/datatable-base-deprecated.js':[
1696,
],
'project:yui-3.7.3/datatable-body/datatable-body.js':[
430,
817,
],
'project:yui-3.7.3/datatable-head/datatable-head.js':[
195,
],
'project:yui-3.7.3/dom-attrs/dom-attrs.js':[
158,
],
'project:yui-3.7.3/dom-base/dom-base.js':[
162,
],
'project:yui-3.7.3/dom-core/dom-core.js':[
200,
243,
370,
],
'project:yui-3.7.3/event-delegate/event-delegate.js':[
128,
129,
],
'project:yui-3.7.3/event-synthetic/event-synthetic.js':[
296,
],
'project:yui-3.7.3/event-valuechange/event-valuechange.js':[
178,
],
'project:yui-3.7.3/get/get.js':[
519,
607,
635,
1009,
1016,
1017,
1028,
1033,
1177,
1177,
],
'project:yui-3.7.3/highlight-accentfold/highlight-accentfold.js':[
98,
],
'project:yui-3.7.3/history-base/history-base.js':[
571,
572,
],
'project:yui-3.7.3/history-html5/history-html5.js':[
77,
],
'project:yui-3.7.3/lazy-model-list/lazy-model-list.js':[
200,
201,
293,
347,
348,
],
'project:yui-3.7.3/model-list/model-list.js':[
184,
330,
595,
745,
746,
834,
932,
1094,
],
'project:yui-3.7.3/model-sync-rest/model-sync-rest.js':[
303,
455,
],
'project:yui-3.7.3/model/model.js':[
277,
278,
405,
513,
605,
752,
],
'project:yui-3.7.3/node-core/node-core.js':[
222,
],
'project:yui-3.7.3/pjax-base/pjax-base.js':[
204,
205,
207,
208,
266,
278,
],
'project:yui-3.7.3/recordset-base/recordset-base.js':[
604,
],
'project:yui-3.7.3/router/router.js':[
654,
664,
702,
1158,
1242,
],
'project:yui-3.7.3/selector-css2/selector-css2.js':[
132,
132,
166,
181,
343,
344,
],
'project:yui-3.7.3/selector-native/selector-native.js':[
106,
113,
148,
263,
311,
315,
],
'project:yui-3.7.3/shim-plugin/shim-plugin.js':[
62,
],
'project:yui-3.7.3/simpleyui/simpleyui.js':[
1978,
2328,
2700,
3786,
3787,
4354,
4442,
4470,
4844,
4851,
4852,
4863,
4868,
5012,
5012,
6675,
6718,
6845,
7026,
8902,
8909,
8944,
9059,
9107,
9111,
12199,
16535,
16536,
18836,
19342,
19342,
19376,
19391,
19553,
19554,
20089,
20152,
],
'project:yui-3.7.3/slider-base/slider-base.js':[
439,
],
'project:yui-3.7.3/stylesheet/stylesheet.js':[
503,
],
'project:yui-3.7.3/swfdetect/swfdetect.js':[
40,
41,
],
'project:yui-3.7.3/transition-timer/transition-timer.js':[
68,
131,
],
'project:yui-3.7.3/transition/transition.js':[
332,
],
'project:yui-3.7.3/view-node-map/view-node-map.js':[
40,
64,
],
'project:yui-3.7.3/view/view.js':[
135,
139,
141,
210,
],
'project:yui-3.7.3/widget-buttons/widget-buttons.js':[
373,
376,
377,
378,
414,
464,
735,
797,
848,
886,
894,
897,
984,
],
'project:yui-3.7.3/yui-base/yui-base.js':[
1978,
2328,
2700,
3786,
3787,
4354,
4442,
4470,
4844,
4851,
4852,
4863,
4868,
5012,
5012,
],
'project:yui-3.7.3/yui-core/yui-core.js':[
1978,
2328,
2700,
3786,
3787,
],
'project:yui-3.7.3/yui-nodejs/yui-nodejs.js':[
1978,
2328,
2700,
3786,
3787,
],
'project:yui-3.7.3/yui/yui.js':[
1978,
2328,
2700,
3786,
3787,
4354,
4442,
4470,
4844,
4851,
4852,
4863,
4868,
5012,
5012,
],
}
