{
'project:dojo-1.8.1/dijit/dijit.js.uncompressed.js':[
6408,
],
'project:dojo-1.8.1/dojo/_base/fx.js.uncompressed.js':[
584,
],
'project:dojo-1.8.1/dojo/dojo.js.uncompressed.js':[
2521,
],
'project:dojo-1.8.1/dojo/parser.js.uncompressed.js':[
492,
],
'project:dojo-1.8.1/dojox/embed/Quicktime.js.uncompressed.js':[
52,
218,
],
'project:dojo-1.8.1/dojox/mvc/_atBindingMixin.js.uncompressed.js':[
10,
14,
],
'project:dojo-1.8.1/dojox/mvc/sync.js.uncompressed.js':[
55,
],
'project:ecmascript6/di.js/chrome-extension/visualize/lib/d3.v3.js':[
1076,
],
'project:ecmascript6/di.js/visualize/lib/d3.v3.js':[
1076,
],
'project:ecmascript6/reddit-mobile/index.js':[
128,
137,
],
'project:ecmascript6/router/third_party/brick/brick-1.0.1.byob.js':[
414,
443,
450,
460,
476,
479,
490,
498,
512,
517,
531,
540,
545,
548,
553,
560,
567,
],
'project:google-closure-library/net/crossdomainrpc.js':[
743,
],
'project:google-closure-library/proto2/message.js':[
338,
],
'project:google-closure-library/testing/mock.js':[
173,
],
'project:google-closure-library/tweak/tweakui.js':[
169,
],
'project:google-closure-library/useragent/adobereader.js':[
32,
],
'project:open-layers-2.12/OpenLayers/BaseTypes/Date.js':[
44,
],
'project:open-layers-2.12/OpenLayers/Format/JSON.js':[
126,
],
'project:open-layers-2.12/OpenLayers/Util.js':[
279,
],
'project:paper-0.22.js':[
2108,
4851,
],
'project:prototype-1.7.js':[
5495,
],
'project:yui-3.7.3/test/test.js':[
2948,
],
}
